/home/anki/Anki/movidius-tools/mdk_13.08.0_general/tools/00.50.35.1/linux32/sparc-elf-4.4.2/bin/sparc-elf-ld: mode sparcleon
./output/obj/Board.o
./output/obj/DrvCif.o
./output/obj/DrvCpr.o
./output/obj/DrvDdr.o
./output/obj/DrvGpio.o
./output/obj/DrvHsdio.o
./output/obj/DrvI2c.o
./output/obj/DrvI2cMaster.o
./output/obj/DrvI2s.o
./output/obj/DrvIcb.o
./output/obj/DrvL2Cache.o
./output/obj/DrvLcd.o
./output/obj/DrvPwm.o
./output/obj/DrvRegUtils.o
./output/obj/DrvSpi.o
./output/obj/DrvSvu.o
./output/obj/DrvSvuDebug.o
./output/obj/DrvTimer.o
./output/obj/DrvUart.o
./output/obj/DrvVcs.o
./output/obj/brdMv0153.o
./output/obj/brdMv0155.o
./output/obj/brdMv0155DCard.o
./output/obj/brdMv0160DCard.o
./output/obj/brdMv0161DCard.o
./output/obj/brdMv0162.o
./output/obj/brdMv0163.o
./output/obj/brdMv0163DCard.o
./output/obj/brdMv0167DCard.o
./output/obj/brdMv0171.o
./output/obj/brdMv0171DCard.o
./output/obj/brdMv0172DCard.o
./output/obj/brdMv0174DCard.o
./output/obj/brdMv0177DCard.o
./output/obj/icEeprom.o
./output/obj/icMipiTC358746.o
./output/obj/icPllCDCE913.o
./output/obj/icRegulatorLT3906.o
./output/obj/math_consts.o
./output/obj/memcpy_fast.o
./output/obj/memset_fast.o
./output/obj/puts.o
./output/obj/strtol.o
./output/obj/swcCrc.o
./output/obj/swcL2Cache.o
./output/obj/swcLedControl.o
./output/obj/swcLeonMath.o
./output/obj/swcLeonUtils.o
./output/obj/swcMemoryTransfer.o
./output/obj/swcRandom.o
./output/obj/swcShaveLoader.o
./output/obj/swcSliceUtils.o
./output/obj/swcTestUtils.o
./output/obj/asinf_acosf.o
./output/obj/crt0.o
./output/obj/expf_exp2f_exp10f.o
./output/obj/frexpf.o
./output/obj/ldexpf.o
./output/obj/logf_log2f_log10f.o
./output/obj/memmap.o
./output/obj/misc.o
./output/obj/modff_ceilf_floorf.o
./output/obj/mp_rom.o
./output/obj/sinf_cosf.o
./output/obj/stdio.xprintf.o
./output/obj/string.memchr_strchr.o
./output/obj/string.memcmp_strncmp_strcmp.o
./output/obj/string.memmove_memcpy.o
./output/obj/string.memset.o
./output/obj/string.strcat_strncat.o
./output/obj/string.strcpy_strncpy.o
./output/obj/string.strcspn_strlen.o
./output/obj/string.strrchr.o
./output/obj/string.strspn.o
./output/obj/string.strstr.o
./output/obj/sysbss.o
./output/obj/tanf.o
./output/obj/traps.o
./output/obj/app_config.o
./output/obj/main.o
./output/obj/array2d.o
./output/obj/binomialFilter.o
./output/obj/computeCharacteristicScale.o
./output/obj/dasLight.o
./output/obj/downsampleByFactor.o
./output/obj/fixedLengthList.o
./output/obj/matlabInterface.o
./output/obj/memory.o
./output/obj/movidius_visionBenchmarks.o
./output/obj/point.o
./output/obj/traceBoundary.o
./output/obj/utilities.o
./output/obj/visionBenchmarks.o
./output/obj/shave_common.sym.o

Discarded input sections

 .text          0x00000000        0x0 ./output/obj/Board.o
 .data          0x00000000        0x0 ./output/obj/Board.o
 .bss           0x00000000        0x0 ./output/obj/Board.o
 .text.BoardGetDIPSwitchState
                0x00000000        0x0 ./output/obj/Board.o
 .text.BoardGetButtonState
                0x00000000        0x0 ./output/obj/Board.o
 .text.BoardInitialise
                0x00000000        0x0 ./output/obj/Board.o
 .rodata.brdMv0153GpioCfgDefault
                0x00000000        0x0 ./output/obj/Board.o
 .bss.gAppDevHndls
                0x00000000        0x0 ./output/obj/Board.o
 .comment       0x00000000        0x0 ./output/obj/Board.o
 .eh_frame      0x00000000        0x0 ./output/obj/Board.o
 .text          0x00000000        0x0 ./output/obj/DrvCif.o
 .data          0x00000000        0x0 ./output/obj/DrvCif.o
 .bss           0x00000000        0x0 ./output/obj/DrvCif.o
 .text.GreatestCommonDivisor
                0x00000000        0x0 ./output/obj/DrvCif.o
 .text.DrvCifSetCsc
                0x00000000        0x0 ./output/obj/DrvCif.o
 .text.DrvCifGetCsc
                0x00000000        0x0 ./output/obj/DrvCif.o
 .text.DrvCifSetCrc
                0x00000000        0x0 ./output/obj/DrvCif.o
 .text.DrvCifGetCrc
                0x00000000        0x0 ./output/obj/DrvCif.o
 .text.DrvCifDma3Cfg
                0x00000000        0x0 ./output/obj/DrvCif.o
 .text.DrvCifDma3CfgPP
                0x00000000        0x0 ./output/obj/DrvCif.o
 .text.DrvCifDma2Cfg
                0x00000000        0x0 ./output/obj/DrvCif.o
 .text.DrvCifDma2CfgPP
                0x00000000        0x0 ./output/obj/DrvCif.o
 .text.DrvCifDma1Cfg
                0x00000000        0x0 ./output/obj/DrvCif.o
 .text.DrvCifDma1CfgPP
                0x00000000        0x0 ./output/obj/DrvCif.o
 .text.DrvCifDma0Cfg
                0x00000000        0x0 ./output/obj/DrvCif.o
 .text.DrvCifDma0CfgPP
                0x00000000        0x0 ./output/obj/DrvCif.o
 .text.DrvCifTimingCfg
                0x00000000        0x0 ./output/obj/DrvCif.o
 .text.DrvCifInOutCfg
                0x00000000        0x0 ./output/obj/DrvCif.o
 .text.DrvCifCtrlCfg
                0x00000000        0x0 ./output/obj/DrvCif.o
 .text.DrvCifPwm0Ctrl
[...]
Memory Configuration

Name             Origin             Length             Attributes
*default*        0x00000000         0xffffffff

Linker script and memory map

                0xa0000000                __NEXT_FREE_CMX_SLICE = 0xa0000000
                0xa0000000                . = __NEXT_FREE_CMX_SLICE
                0x90100000                . = __LRAM

.sys.traps      0x90100000      0x1d4
 *(.sys.text.traps)
 .sys.text.traps
                0x90100000      0x1d4 ./output/obj/traps.o
                0x90100000                traphandler

.sys.text       0x901001d4       0xe4
 *(.sys.text.start)
 .sys.text.start
                0x901001d4       0xe4 ./output/obj/crt0.o
                0x9010027c                exit
                0x901001d4                start

.text           0x901002b8     0x46e8
 *(.text*)
 .text.DrvCprAuxClocksEnable
                0x901002b8       0x88 ./output/obj/DrvCpr.o
                0x901002b8                DrvCprAuxClocksEnable
 .text.DrvCprAuxClockArrayConfig
                0x90100340       0x3c ./output/obj/DrvCpr.o
                0x90100340                DrvCprAuxClockArrayConfig
 .text.calculateSystemClockKhz
                0x9010037c       0xa4 ./output/obj/DrvCpr.o
 .text.DrvCprGetClockFreqKhz
                0x90100420       0xfc ./output/obj/DrvCpr.o
                0x90100420                DrvCprGetClockFreqKhz
 .text.notifySystemClockChange
                0x9010051c       0x64 ./output/obj/DrvCpr.o
 .text.DrvCprPllBypass
                0x90100580       0x48 ./output/obj/DrvCpr.o
                0x90100580                DrvCprPllBypass
 .text.DrvCprSysDeviceAction
                0x901005c8       0x90 ./output/obj/DrvCpr.o
                0x901005c8                DrvCprSysDeviceAction
 .text.DrvCprInit
                0x90100658       0x64 ./output/obj/DrvCpr.o
                0x90100658                DrvCprInit
 .text.T.21     0x901006bc      0x23c ./output/obj/DrvCpr.o
 .text.setupSystemClk
                0x901008f8      0x18c ./output/obj/DrvCpr.o
 .text.DrvCprSetupClocks
                0x90100a84      0x11c ./output/obj/DrvCpr.o
                0x90100a84                DrvCprSetupClocks
 .text.DrvDdrNotifyClockChange
                0x90100ba0      0x24c ./output/obj/DrvDdr.o
                0x90100ba0                DrvDdrNotifyClockChange
 .text.basicDdrInit
                0x90100dec      0x124 ./output/obj/DrvDdr.o
 .text.DrvDdrInitialise
                0x90100f10      0x14c ./output/obj/DrvDdr.o
                0x90100f10                DrvDdrInitialise
 .text.DrvIcbEnableIrq
                0x9010105c       0x34 ./output/obj/DrvIcb.o
                0x9010105c                DrvIcbEnableIrq
 .text.DrvIcbDisableIrq
                0x90101090       0x34 ./output/obj/DrvIcb.o
                0x90101090                DrvIcbDisableIrq
 .text.DrvIcbSetIrqHandler
                0x901010c4       0x20 ./output/obj/DrvIcb.o
                0x901010c4                DrvIcbSetIrqHandler
 .text.DrvIcbIrqClear
                0x901010e4       0x2c ./output/obj/DrvIcb.o
                0x901010e4                DrvIcbIrqClear
 .text.DrvIcbConfigureIrq
                0x90101110       0xa8 ./output/obj/DrvIcb.o
                0x90101110                DrvIcbConfigureIrq
 .text.DrvIcbSetupIrq
                0x901011b8       0x44 ./output/obj/DrvIcb.o
                0x901011b8                DrvIcbSetupIrq
 .text.PartitionUtil
                0x901011fc       0x68 ./output/obj/DrvL2Cache.o
                0x901011fc                PartitionUtil
 .text.DrvL2CachePartitionInvalidate
                0x90101264       0x14 ./output/obj/DrvL2Cache.o
                0x90101264                DrvL2CachePartitionInvalidate
 .text.DrvL2CacheSetupPartition
                0x90101278       0x24 ./output/obj/DrvL2Cache.o
                0x90101278                DrvL2CacheSetupPartition
 .text.DrvL2CacheAllocateSetPartitions
                0x9010129c       0xa4 ./output/obj/DrvL2Cache.o
                0x9010129c                DrvL2CacheAllocateSetPartitions
 .text.DrvRegWaitForBitsSetAll
                0x90101340       0x50 ./output/obj/DrvRegUtils.o
                0x90101340                DrvRegWaitForBitsSetAll
 .text.DrvRegWaitForBitsSetAny
                0x90101390       0x4c ./output/obj/DrvRegUtils.o
                0x90101390                DrvRegWaitForBitsSetAny
 .text.DrvSvuEnablePerformanceCounter
                0x901013dc      0x104 ./output/obj/DrvSvu.o
                0x901013dc                DrvSvuEnablePerformanceCounter
 .text.DrvSvuGetPerformanceCounter0
                0x901014e0       0x24 ./output/obj/DrvSvu.o
                0x901014e0                DrvSvuGetPerformanceCounter0
 .text.DrvSvuGetPerformanceCounter1
                0x90101504       0x24 ./output/obj/DrvSvu.o
                0x90101504                DrvSvuGetPerformanceCounter1
 .text.setupTickCounterIrq
                0x90101528       0x4c ./output/obj/DrvTimer.o
 .text.update64BitTicksCounter
                0x90101574       0x5c ./output/obj/DrvTimer.o
 .text.DrvTimerGetSysTicks64
                0x901015d0       0x6c ./output/obj/DrvTimer.o
                0x901015d0                DrvTimerGetSysTicks64
 .text.SleepMicro
                0x9010163c       0x68 ./output/obj/DrvTimer.o
                0x9010163c                SleepMicro
 .text.DrvTimerElapsedTicks
                0x901016a4       0x24 ./output/obj/DrvTimer.o
                0x901016a4                DrvTimerElapsedTicks
 .text.DrvTimerStart
                0x901016c8       0x18 ./output/obj/DrvTimer.o
                0x901016c8                DrvTimerStart
 .text.DrvTimerTimeout
                0x901016e0       0x44 ./output/obj/DrvTimer.o
                0x901016e0                DrvTimerTimeout
 .text.DrvTimerTimeoutInitUs
                0x90101724       0x48 ./output/obj/DrvTimer.o
                0x90101724                DrvTimerTimeoutInitUs
 .text.DrvTimerInit
                0x9010176c       0x84 ./output/obj/DrvTimer.o
                0x9010176c                DrvTimerInit
 .text.DrvApbUartVcsPutChar
                0x901017f0       0x1c ./output/obj/DrvUart.o
                0x901017f0                DrvApbUartVcsPutChar
 .text.DrvApbUartPutChar
                0x9010180c       0x64 ./output/obj/DrvUart.o
                0x9010180c                DrvApbUartPutChar
 .text.swcLongLongToDouble
                0x90101870       0x54 ./output/obj/swcLeonMath.o
                0x90101870                swcLongLongToDouble
 .text.swcShaveProfInit
                0x901018c4       0x24 ./output/obj/swcTestUtils.o
                0x901018c4                swcShaveProfInit
 .text.swcShaveProfStopGathering
                0x901018e8       0x8c ./output/obj/swcTestUtils.o
                0x901018e8                swcShaveProfStopGathering
 .text.swcShaveProfStartGathering
                0x90101974       0xb0 ./output/obj/swcTestUtils.o
                0x90101974                swcShaveProfStartGathering
 .text.swcLeonSetPIL
                0x90101a24       0x24 ./output/obj/traps.o
                0x90101a24                swcLeonSetPIL
 .text.swcLeonDisableTraps
                0x90101a48       0x18 ./output/obj/traps.o
                0x90101a48                swcLeonDisableTraps
 .text.swcLeonEnableTraps
                0x90101a60       0x18 ./output/obj/traps.o
                0x90101a60                swcLeonEnableTraps
 .text.initClocksAndMemory
                0x90101a78       0x7c ./output/obj/app_config.o
                0x90101a78                initClocksAndMemory
 .text.main     0x90101af4       0xdc ./output/obj/main.o
                0x90101af4                main
 .text._ZN4Anki8Embedded8Array_u8C1Ev
                0x90101bd0       0x18 ./output/obj/array2d.o
                0x90101bd0                Anki::Embedded::Array_u8::Array_u8()
 .text._ZNK4Anki8Embedded8Array_u88get_sizeEi
                0x90101be8       0x1c ./output/obj/array2d.o
                0x90101be8                Anki::Embedded::Array_u8::get_size(int) const
 .text._ZNK4Anki8Embedded8Array_u810get_strideEv
                0x90101c04        0x8 ./output/obj/array2d.o
                0x90101c04                Anki::Embedded::Array_u8::get_stride() const
 .text._ZN4Anki8Embedded9Array_u323SetEj
                0x90101c0c       0x7c ./output/obj/array2d.o
                0x90101c0c                Anki::Embedded::Array_u32::Set(unsigned int)
 .text._ZNK4Anki8Embedded15Array_Point_s168get_sizeEi
                0x90101c88       0x1c ./output/obj/array2d.o
                0x90101c88                Anki::Embedded::Array_Point_s16::get_size(int) const
 .text._ZNK4Anki8Embedded8Array_u87IsValidEv
                0x90101ca4       0xd8 ./output/obj/array2d.o
                0x90101ca4                Anki::Embedded::Array_u8::IsValid() const
 .text._ZN4Anki8Embedded8Array_u810initializeEiiPvib
                0x90101d7c      0x164 ./output/obj/array2d.o
                0x90101d7c                Anki::Embedded::Array_u8::initialize(int, int, void*, int, bool)
 .text._ZN4Anki8Embedded8Array_u8C1EiiRNS0_11MemoryStackEb
                0x90101ee0       0xa8 ./output/obj/array2d.o
                0x90101ee0                Anki::Embedded::Array_u8::Array_u8(int, int, Anki::Embedded::MemoryStack&, bool)
 .text._ZNK4Anki8Embedded15Array_Point_s167IsValidEv
                0x90101f88       0xdc ./output/obj/array2d.o
                0x90101f88                Anki::Embedded::Array_Point_s16::IsValid() const
 .text._ZNK4Anki8Embedded9Array_u327IsValidEv
                0x90102064       0xdc ./output/obj/array2d.o
                0x90102064                Anki::Embedded::Array_u32::IsValid() const
 .text._ZN4Anki8Embedded15Array_Point_s1610initializeEiiPvib
                0x90102140      0x16c ./output/obj/array2d.o
                0x90102140                Anki::Embedded::Array_Point_s16::initialize(int, int, void*, int, bool)
 .text._ZN4Anki8Embedded15Array_Point_s16C2EiiRNS0_11MemoryStackEb
                0x901022ac       0xb0 ./output/obj/array2d.o
                0x901022ac                Anki::Embedded::Array_Point_s16::Array_Point_s16(int, int, Anki::Embedded::MemoryStack&, bool)
 .text._ZN4Anki8Embedded9Array_u3210initializeEiiPvib
                0x9010235c      0x16c ./output/obj/array2d.o
                0x9010235c                Anki::Embedded::Array_u32::initialize(int, int, void*, int, bool)
 .text._ZN4Anki8Embedded9Array_u32C1EiiRNS0_11MemoryStackEb
                0x901024c8       0xb0 ./output/obj/array2d.o
                0x901024c8                Anki::Embedded::Array_u32::Array_u32(int, int, Anki::Embedded::MemoryStack&, bool)
 .text._ZN4Anki8Embedded14BinomialFilterERKNS0_8Array_u8ERS1_NS0_11MemoryStackE
                0x90102578      0x520 ./output/obj/binomialFilter.o
                0x90102578                Anki::Embedded::BinomialFilter(Anki::Embedded::Array_u8 const&, Anki::Embedded::Array_u8&, Anki::Embedded::MemoryStack)
 .text._ZN4Anki8Embedded31ComputeCharacteristicScaleImageERKNS0_8Array_u8EiRNS0_9Array_u32ENS0_11MemoryStackE
                0x90102a98      0xadc ./output/obj/computeCharacteristicScale.o
                0x90102a98                Anki::Embedded::ComputeCharacteristicScaleImage(Anki::Embedded::Array_u8 const&, int, Anki::Embedded::Array_u32&, Anki::Embedded::MemoryStack)
 .text._DAS_Logf
                0x90103574       0xc4 ./output/obj/dasLight.o
                0x90103574                _DAS_Logf
 .text._ZN4Anki8Embedded18DownsampleByFactorERKNS0_8Array_u8EiRS1_
                0x90103638       0xd0 ./output/obj/downsampleByFactor.o
                0x90103638                Anki::Embedded::DownsampleByFactor(Anki::Embedded::Array_u8 const&, int, Anki::Embedded::Array_u8&)
 .text._ZN4Anki8Embedded25FixedLengthList_Point_s165ClearEv
                0x90103708        0x8 ./output/obj/fixedLengthList.o
                0x90103708                Anki::Embedded::FixedLengthList_Point_s16::Clear()
 .text._ZN4Anki8Embedded25FixedLengthList_Point_s16C1EiRNS0_11MemoryStackEb
                0x90103710       0x28 ./output/obj/fixedLengthList.o
                0x90103710                Anki::Embedded::FixedLengthList_Point_s16::FixedLengthList_Point_s16(int, Anki::Embedded::MemoryStack&, bool)
 .text._ZNK4Anki8Embedded25FixedLengthList_Point_s167IsValidEv
                0x90103738       0x34 ./output/obj/fixedLengthList.o
                0x90103738                Anki::Embedded::FixedLengthList_Point_s16::IsValid() const
 .text._ZN4Anki8Embedded25FixedLengthList_Point_s168PushBackERKNS0_9Point_s16E
                0x9010376c       0x58 ./output/obj/fixedLengthList.o
                0x9010376c                Anki::Embedded::FixedLengthList_Point_s16::PushBack(Anki::Embedded::Point_s16 const&)
 .text._ZN4Anki8Embedded11MemoryStackC1EPvi
                0x901037c4       0x10 ./output/obj/memory.o
                0x901037c4                Anki::Embedded::MemoryStack::MemoryStack(void*, int)
 .text._ZN4Anki8Embedded11MemoryStackC1ERKS1_
                0x901037d4       0x1c ./output/obj/memory.o
                0x901037d4                Anki::Embedded::MemoryStack::MemoryStack(Anki::Embedded::MemoryStack const&)
 .text._ZN4Anki8Embedded11MemoryStack7IsValidEv
                0x901037f0       0x4c ./output/obj/memory.o
                0x901037f0                Anki::Embedded::MemoryStack::IsValid()
 .text._ZN4Anki8Embedded11MemoryStack8AllocateEiPi
                0x9010383c       0xbc ./output/obj/memory.o
                0x9010383c                Anki::Embedded::MemoryStack::Allocate(int, int*)
 .text.PrintTime
                0x901038f8       0xe0 ./output/obj/movidius_visionBenchmarks.o
                0x901038f8                PrintTime
 .text.RUN_ALL_BENCHMARKS
                0x901039d8      0x124 ./output/obj/movidius_visionBenchmarks.o
                0x901039d8                RUN_ALL_BENCHMARKS
 .text._ZN4Anki8Embedded9Point_s16C1Ess
                0x90103afc        0xc ./output/obj/point.o
                0x90103afc                Anki::Embedded::Point_s16::Point_s16(short, short)
 .text._ZN4Anki8Embedded9Point_s16C1ERKS1_
                0x90103b08       0x14 ./output/obj/point.o
                0x90103b08                Anki::Embedded::Point_s16::Point_s16(Anki::Embedded::Point_s16 const&)
 .text._ZNK4Anki8Embedded9Point_s16eqERKS1_
                0x90103b1c       0x38 ./output/obj/point.o
                0x90103b1c                Anki::Embedded::Point_s16::operator==(Anki::Embedded::Point_s16 const&) const
 .text._ZNK4Anki8Embedded9Point_s16plERKS1_
                0x90103b54       0x30 ./output/obj/point.o
                0x90103b54                Anki::Embedded::Point_s16::operator+(Anki::Embedded::Point_s16 const&) const
 .text._ZN4Anki8Embedded13TraceBoundaryERKNS0_8Array_u8ERKNS0_9Point_s16ENS0_17BoundaryDirectionERNS0_25FixedLengthList_Point_s16E
                0x90103b84      0x494 ./output/obj/traceBoundary.o
                0x90103b84                Anki::Embedded::TraceBoundary(Anki::Embedded::Array_u8 const&, Anki::Embedded::Point_s16 const&, Anki::Embedded::BoundaryDirection, Anki::Embedded::FixedLengthList_Point_s16&)
 .text._ZN4Anki8Embedded4Log2Ej
                0x90104018       0x28 ./output/obj/utilities.o
                0x90104018                Anki::Embedded::Log2(unsigned int)
 .text._ZN4Anki8Embedded4Log2Ey
                0x90104040       0x50 ./output/obj/utilities.o
                0x90104040                Anki::Embedded::Log2(unsigned long long)
 .text.BenchmarkTraceBoundary
                0x90104090      0x438 ./output/obj/visionBenchmarks.o
                0x90104090                BenchmarkTraceBoundary
 .text.BenchmarkComputeCharacteristicScale
                0x901044c8      0x198 ./output/obj/visionBenchmarks.o
                0x901044c8                BenchmarkComputeCharacteristicScale
 .text.BenchmarkDownsampleByFactor
                0x90104660      0x1ac ./output/obj/visionBenchmarks.o
                0x90104660                BenchmarkDownsampleByFactor
 .text.BenchmarkBinomialFilter
                0x9010480c      0x194 ./output/obj/visionBenchmarks.o
                0x9010480c                BenchmarkBinomialFilter

.sys.rodata     0x901049a0        0x4
 *(.sys.rodata*)
 .sys.rodata.4  0x901049a0        0x4 ./output/obj/sysbss.o
                0x901049a0                __fsr_default

.rodata         0x901049a8      0x598
 *(.rodata*)
 .rodata.str1.8
                0x901049a8       0xd6 ./output/obj/DrvCpr.o
                                 0xd8 (size before relaxing)
 *fill*         0x90104a7e        0x2 00
 .rodata.auxClkDividerLookupWOffset
                0x90104a80       0x18 ./output/obj/DrvCpr.o
 .rodata.str1.8
                0x90104a98       0x5e ./output/obj/DrvDdr.o
                                 0xa0 (size before relaxing)
 *fill*         0x90104af6        0x2 00
 .rodata.str1.8
                0x90104af8       0xa6 ./output/obj/DrvIcb.o
                                 0xe0 (size before relaxing)
 *fill*         0x90104b9e        0x2 00
 .rodata.cst8   0x90104ba0        0x8 ./output/obj/swcLeonMath.o
 .rodata.str1.8
                0x90104ba8       0x30 ./output/obj/main.o
 .rodata.str1.8
                0x90104bd8       0x12 ./output/obj/dasLight.o
                                 0x18 (size before relaxing)
 *fill*         0x90104bea        0x6 00
 .rodata.str1.8
                0x90104bf0       0xa9 ./output/obj/memory.o
                                 0xb0 (size before relaxing)
 *fill*         0x90104c99        0x7 00
 .rodata._ZZN4Anki8Embedded11MemoryStack7IsValidEvE19__PRETTY_FUNCTION__
                0x90104ca0       0x30 ./output/obj/memory.o
 .rodata._ZZN4Anki8Embedded11MemoryStack8AllocateEiPiE19__PRETTY_FUNCTION__
                0x90104cd0       0x38 ./output/obj/memory.o
 .rodata.str1.8
                0x90104d08       0x87 ./output/obj/movidius_visionBenchmarks.o
                                 0x88 (size before relaxing)
 *fill*         0x90104d8f        0x1 00
 .rodata.cst8   0x90104d90       0x10 ./output/obj/movidius_visionBenchmarks.o
                                 0x18 (size before relaxing)
 .rodata.str1.8
                0x90104da0      0x108 ./output/obj/visionBenchmarks.o
                                0x110 (size before relaxing)
 .rodata._ZZ22BenchmarkTraceBoundaryE19__PRETTY_FUNCTION__
                0x90104ea8       0x20 ./output/obj/visionBenchmarks.o
 .rodata._ZZ35BenchmarkComputeCharacteristicScaleE19__PRETTY_FUNCTION__
                0x90104ec8       0x30 ./output/obj/visionBenchmarks.o
 .rodata._ZZ27BenchmarkDownsampleByFactorE19__PRETTY_FUNCTION__
                0x90104ef8       0x28 ./output/obj/visionBenchmarks.o
 .rodata._ZZ23BenchmarkBinomialFilterE19__PRETTY_FUNCTION__
                0x90104f20       0x20 ./output/obj/visionBenchmarks.o

.data           0x90104f40       0x80
 *(.data*)
 .data.partitions_configuration
                0x90104f40       0x24 ./output/obj/DrvL2Cache.o
 .data.SVU_CTRL_ADDR
                0x90104f64       0x20 ./output/obj/DrvSvu.o
                0x90104f64                SVU_CTRL_ADDR
 .data.auxClkCfg180_180
                0x90104f84       0x18 ./output/obj/app_config.o
                0x90104f84                auxClkCfg180_180
 *fill*         0x90104f9c        0x4 00
 .data.appClockConfig180_180
                0x90104fa0       0x20 ./output/obj/app_config.o
                0x90104fa0                appClockConfig180_180

.bss            0x90104fc0       0xd0
                0x90104fc0                . = ALIGN (0x8)
                0x90104fc0                __bss_start = .
 *(.bss*)
 .bss.cprState  0x90104fc0       0x1c ./output/obj/DrvCpr.o
 .bss.pGlobalSysclockKhz
                0x90104fdc        0x4 ./output/obj/DrvCpr.o
                0x90104fdc                pGlobalSysclockKhz
 .bss.timCfg    0x90104fe0       0x8c ./output/obj/DrvTimer.o
 .bss._ZN4Anki8EmbeddedL7offsetsE
                0x9010506c       0x20 ./output/obj/traceBoundary.o
 *(COMMON)
                0x90105090                . = ALIGN (0x8)
 *fill*         0x9010508c        0x4 00
                0x90105090                __bss_end = .
                0x90105090                __EMPTY_RAM = ALIGN (0x4)

.init_text      0x90105090        0x0
 *(.init_text*)
                0x90105090                __init_text_end = ALIGN (0x4)
                0x90107f40                . = ((__LRAM + 0x8000) - 0xc0)

.sys.bss        0x90107f40       0xc0
                0x90107f40                . = ALIGN (0x8)
                0x90107f40                __sys_bss_start = .
 *(.sys.bss*)
 .sys.bss.4     0x90107f40       0xbc ./output/obj/sysbss.o
                0x90107f40                __irq_table
                0x90108000                . = ALIGN (0x8)
 *fill*         0x90107ffc        0x4 00
                0x90108000                __sys_bss_end = .
                0x00000001                ASSERT ((__bss_end < __sys_bss_start), LRAM content overflows 32KB)
                0x90108000                __RAM_TOP = (__LRAM + 0x8000)
                [0x00000e00]                __MIN_STACK_SIZE = DEFINED (__MIN_STACK_SIZE)?__MIN_STACK_SIZE:0xe00
                [0x00000400]                __MIN_INIT_STACK_SIZE = DEFINED (__MIN_INIT_STACK_SIZE)?__MIN_INIT_STACK_SIZE:0x400
                0x00002eb0                __STACK_SIZE = ABSOLUTE ((__sys_bss_start - __bss_end))
                0x00000001                ASSERT ((__STACK_SIZE > __MIN_STACK_SIZE), Leon Code + data too big. Stack space left is smaller than the required minimum (3.5 KB)!)
                0x00002eb0                __INIT_STACK_SIZE = ABSOLUTE ((__sys_bss_start - __init_text_end))
                0x00000001                ASSERT ((__INIT_STACK_SIZE > __MIN_INIT_STACK_SIZE), Stack available to the init code is smaller than the specified minimum (which by default is 1 KB)!)

/DISCARD/
 *(.stab .stabstr .comment .gnu.attributes)
 *(.stab .stabstr .comment)

.l2.mode        0x800f0000        0x4
 *(.l2.mode)
 .l2.mode       0x800f0000        0x4 ./output/obj/app_config.o
                0x800f0000                __l2_config

.cmx.ctrl       0xae000020        0x4
 *(.cmx.ctrl)
 .cmx.ctrl      0xae000020        0x4 ./output/obj/app_config.o
                0xae000020                __cmx_config

.winregs.S0     0x80140010       0x10
 *(.winregs.S0)
 .winregs.S0    0x80140010       0x10 ./output/obj/swcShaveLoader.o
                0x80140010                __wins_shave0

.winregs.S1     0x80150010       0x10
 *(.winregs.S1)
 .winregs.S1    0x80150010       0x10 ./output/obj/swcShaveLoader.o
                0x80150010                __wins_shave1

.winregs.S2     0x80160010       0x10
 *(.winregs.S2)
 .winregs.S2    0x80160010       0x10 ./output/obj/swcShaveLoader.o
                0x80160010                __wins_shave2

.winregs.S3     0x80170010       0x10
 *(.winregs.S3)
 .winregs.S3    0x80170010       0x10 ./output/obj/swcShaveLoader.o
                0x80170010                __wins_shave3

.winregs.S4     0x80180010       0x10
 *(.winregs.S4)
 .winregs.S4    0x80180010       0x10 ./output/obj/swcShaveLoader.o
                0x80180010                __wins_shave4

.winregs.S5     0x80190010       0x10
 *(.winregs.S5)
 .winregs.S5    0x80190010       0x10 ./output/obj/swcShaveLoader.o
                0x80190010                __wins_shave5

.winregs.S6     0x801a0010       0x10
 *(.winregs.S6)
 .winregs.S6    0x801a0010       0x10 ./output/obj/swcShaveLoader.o
                0x801a0010                __wins_shave6

.winregs.S7     0x801b0010       0x10
 *(.winregs.S7)
 .winregs.S7    0x801b0010       0x10 ./output/obj/swcShaveLoader.o
                0x801b0010                __wins_shave7
                0xae000020                . = 0xae000020

.cfg.cmx_layout
 *(.cmx.ctrl)
                0x800f0000                . = 0x800f0000

.cfg.l2_mode
 *(.l2.mode)
                0x40000000                . = 0x40000000

.ddr.text
 *(.ddr.text*)

.ddr.rodata
 *(.ddr.rodata*)

.ddr.data
 *(.ddr.data*)

.ddr.bss        0x40000000    0x186a0
                0x40000000                __ddr_bss_start = ALIGN (0x8)
 *(.ddr.bss*)
 .ddr.bss       0x40000000    0x186a0 ./output/obj/visionBenchmarks.o
                0x400186a0                __ddr_bss_end = ALIGN (0x8)
                0x400186a0                __END_OF_L2_ACCESS_SECTIONS = ALIGN (0x4)
                0x480186a0                . = (__END_OF_L2_ACCESS_SECTIONS + 0x8000000)

.ddr_direct.text
 *(.ddr_direct.text*)

.ddr_direct.rodata
 *(.ddr_direct.rodata*)

.ddr_direct.data
 *(.ddr_direct.data*)

.ddr_direct.bss
                0x480186a0        0x0
                0x480186a0                __ddr_direct_bss_start = ALIGN (0x8)
 *(.ddr_direct.bss*)
                0x480186a0                __ddr_direct_bss_end = ALIGN (0x8)
                [0xa0000000]                __NEXT_FREE_CMX_SLICE = DEFINED (__NEXT_FREE_CMX_SLICE)?__NEXT_FREE_CMX_SLICE:0xa0000000
                0xa0000000                . = __NEXT_FREE_CMX_SLICE

.cmx.text
 *(.cmx.text*)

.cmx.rodata
 *(.cmx.rodata*)

.cmx.data
 *(.cmx.data*)

.cmx.bss        0xa0000000        0x0
                0xa0000000                __cmx_bss_start = ALIGN (0x8)
 *(.cmx.bss*)
                0xa0000000                __cmx_bss_end = ALIGN (0x8)
                [0x10008000]                __WinRegShave0_winC = DEFINED (__WinRegShave0_winC)?__WinRegShave0_winC:0x10008000
                [0x10000000]                __WinRegShave0_winD = DEFINED (__WinRegShave0_winD)?__WinRegShave0_winD:0x10000000
                [0x00000000]                __WinRegShave0_winE = DEFINED (__WinRegShave0_winE)?__WinRegShave0_winE:0x0
                [0x40000000]                __WinRegShave0_winF = DEFINED (__WinRegShave0_winF)?__WinRegShave0_winF:0x40000000
                [0x10028000]                __WinRegShave1_winC = DEFINED (__WinRegShave1_winC)?__WinRegShave1_winC:0x10028000
                [0x10020000]                __WinRegShave1_winD = DEFINED (__WinRegShave1_winD)?__WinRegShave1_winD:0x10020000
                [0x00000000]                __WinRegShave1_winE = DEFINED (__WinRegShave1_winE)?__WinRegShave1_winE:0x0
                [0x40000000]                __WinRegShave1_winF = DEFINED (__WinRegShave1_winF)?__WinRegShave1_winF:0x40000000
                [0x10048000]                __WinRegShave2_winC = DEFINED (__WinRegShave2_winC)?__WinRegShave2_winC:0x10048000
                [0x10040000]                __WinRegShave2_winD = DEFINED (__WinRegShave2_winD)?__WinRegShave2_winD:0x10040000
                [0x00000000]                __WinRegShave2_winE = DEFINED (__WinRegShave2_winE)?__WinRegShave2_winE:0x0
                [0x40000000]                __WinRegShave2_winF = DEFINED (__WinRegShave2_winF)?__WinRegShave2_winF:0x40000000
                [0x10068000]                __WinRegShave3_winC = DEFINED (__WinRegShave3_winC)?__WinRegShave3_winC:0x10068000
                [0x10060000]                __WinRegShave3_winD = DEFINED (__WinRegShave3_winD)?__WinRegShave3_winD:0x10060000
                [0x00000000]                __WinRegShave3_winE = DEFINED (__WinRegShave3_winE)?__WinRegShave3_winE:0x0
                [0x40000000]                __WinRegShave3_winF = DEFINED (__WinRegShave3_winF)?__WinRegShave3_winF:0x40000000
                [0x10088000]                __WinRegShave4_winC = DEFINED (__WinRegShave4_winC)?__WinRegShave4_winC:0x10088000
                [0x10080000]                __WinRegShave4_winD = DEFINED (__WinRegShave4_winD)?__WinRegShave4_winD:0x10080000
                [0x00000000]                __WinRegShave4_winE = DEFINED (__WinRegShave4_winE)?__WinRegShave4_winE:0x0
                [0x40000000]                __WinRegShave4_winF = DEFINED (__WinRegShave4_winF)?__WinRegShave4_winF:0x40000000
                [0x100a8000]                __WinRegShave5_winC = DEFINED (__WinRegShave5_winC)?__WinRegShave5_winC:0x100a8000
                [0x100a0000]                __WinRegShave5_winD = DEFINED (__WinRegShave5_winD)?__WinRegShave5_winD:0x100a0000
                [0x00000000]                __WinRegShave5_winE = DEFINED (__WinRegShave5_winE)?__WinRegShave5_winE:0x0
                [0x40000000]                __WinRegShave5_winF = DEFINED (__WinRegShave5_winF)?__WinRegShave5_winF:0x40000000
                [0x100c8000]                __WinRegShave6_winC = DEFINED (__WinRegShave6_winC)?__WinRegShave6_winC:0x100c8000
                [0x100c0000]                __WinRegShave6_winD = DEFINED (__WinRegShave6_winD)?__WinRegShave6_winD:0x100c0000
                [0x00000000]                __WinRegShave6_winE = DEFINED (__WinRegShave6_winE)?__WinRegShave6_winE:0x0
                [0x40000000]                __WinRegShave6_winF = DEFINED (__WinRegShave6_winF)?__WinRegShave6_winF:0x40000000
                [0x100e8000]                __WinRegShave7_winC = DEFINED (__WinRegShave7_winC)?__WinRegShave7_winC:0x100e8000
                [0x100e0000]                __WinRegShave7_winD = DEFINED (__WinRegShave7_winD)?__WinRegShave7_winD:0x100e0000
                [0x00000000]                __WinRegShave7_winE = DEFINED (__WinRegShave7_winE)?__WinRegShave7_winE:0x0
                [0x40000000]                __WinRegShave7_winF = DEFINED (__WinRegShave7_winF)?__WinRegShave7_winF:0x40000000

.debug
 *(.debug)

.line
 *(.line)

.debug_srcinfo
 *(.debug_srcinfo)

.debug_sfnames
 *(.debug_sfnames)

.debug_aranges  0x00000000     0x2218
 *(.debug_aranges)
 .debug_aranges
                0x00000000       0x30 ./output/obj/Board.o
 .debug_aranges
                0x00000030       0xe8 ./output/obj/DrvCif.o
 .debug_aranges
                0x00000118       0x78 ./output/obj/DrvCpr.o
 .debug_aranges
                0x00000190       0x30 ./output/obj/DrvDdr.o
 .debug_aranges
                0x000001c0      0x138 ./output/obj/DrvGpio.o
 .debug_aranges
                0x000002f8       0xf8 ./output/obj/DrvHsdio.o
 .debug_aranges
                0x000003f0      0x1e8 ./output/obj/DrvI2c.o
 .debug_aranges
                0x000005d8       0xa8 ./output/obj/DrvI2cMaster.o
 .debug_aranges
                0x00000680       0x70 ./output/obj/DrvI2s.o
 .debug_aranges
                0x000006f0       0x60 ./output/obj/DrvIcb.o
 .debug_aranges
                0x00000750       0x70 ./output/obj/DrvL2Cache.o
 .debug_aranges
                0x000007c0       0xf8 ./output/obj/DrvLcd.o
 .debug_aranges
                0x000008b8       0x38 ./output/obj/DrvPwm.o
 .debug_aranges
                0x000008f0       0x40 ./output/obj/DrvRegUtils.o
 .debug_aranges
                0x00000930      0x138 ./output/obj/DrvSpi.o
 .debug_aranges
                0x00000a68       0xc8 ./output/obj/DrvSvu.o
 .debug_aranges
                0x00000b30      0x128 ./output/obj/DrvSvuDebug.o
 .debug_aranges
                0x00000c58       0xb0 ./output/obj/DrvTimer.o
 .debug_aranges
                0x00000d08       0x70 ./output/obj/DrvUart.o
 .debug_aranges
                0x00000d78       0x70 ./output/obj/brdMv0153.o
 .debug_aranges
                0x00000de8       0x68 ./output/obj/brdMv0155.o
 .debug_aranges
                0x00000e50       0x20 ./output/obj/brdMv0155DCard.o
 .debug_aranges
                0x00000e70       0x20 ./output/obj/brdMv0160DCard.o
 .debug_aranges
                0x00000e90       0x20 ./output/obj/brdMv0161DCard.o
 .debug_aranges
                0x00000eb0       0x30 ./output/obj/brdMv0162.o
 .debug_aranges
                0x00000ee0       0x50 ./output/obj/brdMv0163.o
 .debug_aranges
                0x00000f30       0x20 ./output/obj/brdMv0163DCard.o
 .debug_aranges
                0x00000f50       0x20 ./output/obj/brdMv0167DCard.o
 .debug_aranges
                0x00000f70       0x50 ./output/obj/brdMv0171.o
 .debug_aranges
                0x00000fc0       0x20 ./output/obj/brdMv0171DCard.o
 .debug_aranges
                0x00000fe0       0x28 ./output/obj/brdMv0172DCard.o
 .debug_aranges
                0x00001008       0x20 ./output/obj/brdMv0174DCard.o
 .debug_aranges
                0x00001028       0x28 ./output/obj/brdMv0177DCard.o
 .debug_aranges
                0x00001050       0x28 ./output/obj/icEeprom.o
 .debug_aranges
                0x00001078       0x80 ./output/obj/icMipiTC358746.o
 .debug_aranges
                0x000010f8       0x20 ./output/obj/icPllCDCE913.o
 .debug_aranges
                0x00001118       0x38 ./output/obj/icRegulatorLT3906.o
 .debug_aranges
                0x00001150       0x20 ./output/obj/memcpy_fast.o
 .debug_aranges
                0x00001170       0x20 ./output/obj/memset_fast.o
 .debug_aranges
                0x00001190       0x20 ./output/obj/puts.o
 .debug_aranges
                0x000011b0       0x28 ./output/obj/strtol.o
 .debug_aranges
                0x000011d8       0x20 ./output/obj/swcCrc.o
 .debug_aranges
                0x000011f8       0x28 ./output/obj/swcL2Cache.o
 .debug_aranges
                0x00001220       0x50 ./output/obj/swcLedControl.o
 .debug_aranges
                0x00001270       0x38 ./output/obj/swcLeonMath.o
 .debug_aranges
                0x000012a8       0x60 ./output/obj/swcLeonUtils.o
 .debug_aranges
                0x00001308       0x28 ./output/obj/swcMemoryTransfer.o
 .debug_aranges
                0x00001330       0x38 ./output/obj/swcRandom.o
 .debug_aranges
                0x00001368       0xd0 ./output/obj/swcShaveLoader.o
 .debug_aranges
                0x00001438       0x88 ./output/obj/swcSliceUtils.o
 .debug_aranges
                0x000014c0       0x50 ./output/obj/swcTestUtils.o
 .debug_aranges
                0x00001510       0x20 ./output/obj/asinf_acosf.o
 .debug_aranges
                0x00001530       0x20 ./output/obj/crt0.o
 .debug_aranges
                0x00001550       0x20 ./output/obj/expf_exp2f_exp10f.o
 .debug_aranges
                0x00001570       0x20 ./output/obj/frexpf.o
 .debug_aranges
                0x00001590       0x20 ./output/obj/ldexpf.o
 .debug_aranges
                0x000015b0       0x20 ./output/obj/logf_log2f_log10f.o
 .debug_aranges
                0x000015d0       0x20 ./output/obj/misc.o
 .debug_aranges
                0x000015f0       0x20 ./output/obj/modff_ceilf_floorf.o
 .debug_aranges
                0x00001610       0x20 ./output/obj/sinf_cosf.o
 .debug_aranges
                0x00001630       0x20 ./output/obj/stdio.xprintf.o
 .debug_aranges
                0x00001650       0x20 ./output/obj/string.memchr_strchr.o
 .debug_aranges
                0x00001670       0x20 ./output/obj/string.memcmp_strncmp_strcmp.o
 .debug_aranges
                0x00001690       0x20 ./output/obj/string.memmove_memcpy.o
 .debug_aranges
                0x000016b0       0x20 ./output/obj/string.memset.o
 .debug_aranges
                0x000016d0       0x20 ./output/obj/string.strcat_strncat.o
 .debug_aranges
                0x000016f0       0x20 ./output/obj/string.strcpy_strncpy.o
 .debug_aranges
                0x00001710       0x20 ./output/obj/string.strcspn_strlen.o
 .debug_aranges
                0x00001730       0x20 ./output/obj/string.strrchr.o
 .debug_aranges
                0x00001750       0x20 ./output/obj/string.strspn.o
 .debug_aranges
                0x00001770       0x20 ./output/obj/string.strstr.o
 .debug_aranges
                0x00001790       0x20 ./output/obj/tanf.o
 .debug_aranges
                0x000017b0       0x40 ./output/obj/traps.o
 .debug_aranges
                0x000017f0       0x20 ./output/obj/app_config.o
 .debug_aranges
                0x00001810       0x28 ./output/obj/main.o
 .debug_aranges
                0x00001838      0x520 ./output/obj/array2d.o
 .debug_aranges
                0x00001d58       0x20 ./output/obj/binomialFilter.o
 .debug_aranges
                0x00001d78       0x20 ./output/obj/computeCharacteristicScale.o
 .debug_aranges
                0x00001d98       0x28 ./output/obj/dasLight.o
 .debug_aranges
                0x00001dc0       0x20 ./output/obj/downsampleByFactor.o
 .debug_aranges
                0x00001de0       0x78 ./output/obj/fixedLengthList.o
 .debug_aranges
                0x00001e58       0x70 ./output/obj/memory.o
 .debug_aranges
                0x00001ec8       0x28 ./output/obj/movidius_visionBenchmarks.o
 .debug_aranges
                0x00001ef0      0x298 ./output/obj/point.o
 .debug_aranges
                0x00002188       0x28 ./output/obj/traceBoundary.o
 .debug_aranges
                0x000021b0       0x30 ./output/obj/utilities.o
 .debug_aranges
                0x000021e0       0x38 ./output/obj/visionBenchmarks.o

.debug_ranges   0x00000000     0x4af8
 *(.debug_ranges)
 .debug_ranges  0x00000000       0x28 ./output/obj/Board.o
 .debug_ranges  0x00000028       0xe0 ./output/obj/DrvCif.o
 .debug_ranges  0x00000108       0x70 ./output/obj/DrvCpr.o
 .debug_ranges  0x00000178       0x40 ./output/obj/DrvDdr.o
 .debug_ranges  0x000001b8      0x338 ./output/obj/DrvGpio.o
 .debug_ranges  0x000004f0       0xf0 ./output/obj/DrvHsdio.o
 .debug_ranges  0x000005e0      0x200 ./output/obj/DrvI2c.o
 .debug_ranges  0x000007e0      0x318 ./output/obj/DrvI2cMaster.o
 .debug_ranges  0x00000af8       0x68 ./output/obj/DrvI2s.o
 .debug_ranges  0x00000b60       0x58 ./output/obj/DrvIcb.o
 .debug_ranges  0x00000bb8       0x80 ./output/obj/DrvL2Cache.o
 .debug_ranges  0x00000c38       0xf0 ./output/obj/DrvLcd.o
 .debug_ranges  0x00000d28       0x30 ./output/obj/DrvPwm.o
 .debug_ranges  0x00000d58       0x38 ./output/obj/DrvRegUtils.o
 .debug_ranges  0x00000d90      0x130 ./output/obj/DrvSpi.o
 .debug_ranges  0x00000ec0       0xc0 ./output/obj/DrvSvu.o
 .debug_ranges  0x00000f80      0x138 ./output/obj/DrvSvuDebug.o
 .debug_ranges  0x000010b8       0xd0 ./output/obj/DrvTimer.o
 .debug_ranges  0x00001188       0x68 ./output/obj/DrvUart.o
 .debug_ranges  0x000011f0       0x68 ./output/obj/brdMv0153.o
 .debug_ranges  0x00001258       0x60 ./output/obj/brdMv0155.o
 .debug_ranges  0x000012b8       0x18 ./output/obj/brdMv0155DCard.o
 .debug_ranges  0x000012d0       0x18 ./output/obj/brdMv0160DCard.o
 .debug_ranges  0x000012e8       0x18 ./output/obj/brdMv0161DCard.o
 .debug_ranges  0x00001300       0x28 ./output/obj/brdMv0162.o
 .debug_ranges  0x00001328       0x48 ./output/obj/brdMv0163.o
 .debug_ranges  0x00001370       0x18 ./output/obj/brdMv0163DCard.o
 .debug_ranges  0x00001388       0x18 ./output/obj/brdMv0167DCard.o
 .debug_ranges  0x000013a0       0x48 ./output/obj/brdMv0171.o
 .debug_ranges  0x000013e8       0x18 ./output/obj/brdMv0171DCard.o
 .debug_ranges  0x00001400       0x20 ./output/obj/brdMv0172DCard.o
 .debug_ranges  0x00001420       0x18 ./output/obj/brdMv0174DCard.o
 .debug_ranges  0x00001438       0x20 ./output/obj/brdMv0177DCard.o
 .debug_ranges  0x00001458       0x20 ./output/obj/icEeprom.o
 .debug_ranges  0x00001478       0x98 ./output/obj/icMipiTC358746.o
 .debug_ranges  0x00001510       0x18 ./output/obj/icPllCDCE913.o
 .debug_ranges  0x00001528       0x30 ./output/obj/icRegulatorLT3906.o
 .debug_ranges  0x00001558       0x18 ./output/obj/memcpy_fast.o
 .debug_ranges  0x00001570       0x18 ./output/obj/memset_fast.o
 .debug_ranges  0x00001588       0x18 ./output/obj/puts.o
 .debug_ranges  0x000015a0       0x20 ./output/obj/strtol.o
 .debug_ranges  0x000015c0       0x18 ./output/obj/swcCrc.o
 .debug_ranges  0x000015d8       0x20 ./output/obj/swcL2Cache.o
 .debug_ranges  0x000015f8       0x48 ./output/obj/swcLedControl.o
 .debug_ranges  0x00001640       0x30 ./output/obj/swcLeonMath.o
 .debug_ranges  0x00001670       0x98 ./output/obj/swcLeonUtils.o
 .debug_ranges  0x00001708       0x20 ./output/obj/swcMemoryTransfer.o
 .debug_ranges  0x00001728       0x30 ./output/obj/swcRandom.o
 .debug_ranges  0x00001758       0xc8 ./output/obj/swcShaveLoader.o
 .debug_ranges  0x00001820       0x80 ./output/obj/swcSliceUtils.o
 .debug_ranges  0x000018a0       0x48 ./output/obj/swcTestUtils.o
 .debug_ranges  0x000018e8       0x38 ./output/obj/traps.o
 .debug_ranges  0x00001920       0x18 ./output/obj/app_config.o
 .debug_ranges  0x00001938       0x20 ./output/obj/main.o
 .debug_ranges  0x00001958     0x1ef0 ./output/obj/array2d.o
 .debug_ranges  0x00003848      0x270 ./output/obj/binomialFilter.o
 .debug_ranges  0x00003ab8      0x600 ./output/obj/computeCharacteristicScale.o
 .debug_ranges  0x000040b8       0x20 ./output/obj/dasLight.o
 .debug_ranges  0x000040d8       0x88 ./output/obj/downsampleByFactor.o
 .debug_ranges  0x00004160       0xb8 ./output/obj/fixedLengthList.o
 .debug_ranges  0x00004218       0xd0 ./output/obj/memory.o
 .debug_ranges  0x000042e8       0x50 ./output/obj/movidius_visionBenchmarks.o
 .debug_ranges  0x00004338      0x440 ./output/obj/point.o
 .debug_ranges  0x00004778       0xf0 ./output/obj/traceBoundary.o
 .debug_ranges  0x00004868       0x28 ./output/obj/utilities.o
 .debug_ranges  0x00004890      0x268 ./output/obj/visionBenchmarks.o

.debug_pubnames
                0x00000000     0x6013
 *(.debug_pubnames)
 .debug_pubnames
                0x00000000       0x86 ./output/obj/Board.o
 .debug_pubnames
                0x00000086      0x232 ./output/obj/DrvCif.o
 .debug_pubnames
                0x000002b8       0xeb ./output/obj/DrvCpr.o
 .debug_pubnames
                0x000003a3       0x43 ./output/obj/DrvDdr.o
 .debug_pubnames
                0x000003e6      0x2df ./output/obj/DrvGpio.o
 .debug_pubnames
                0x000006c5      0x215 ./output/obj/DrvHsdio.o
 .debug_pubnames
                0x000008da      0x377 ./output/obj/DrvI2c.o
 .debug_pubnames
                0x00000c51       0xe7 ./output/obj/DrvI2cMaster.o
 .debug_pubnames
                0x00000d38      0x16e ./output/obj/DrvI2s.o
 .debug_pubnames
                0x00000ea6       0xcb ./output/obj/DrvIcb.o
 .debug_pubnames
                0x00000f71      0x164 ./output/obj/DrvL2Cache.o
 .debug_pubnames
                0x000010d5      0x215 ./output/obj/DrvLcd.o
 .debug_pubnames
                0x000012ea       0x55 ./output/obj/DrvPwm.o
 .debug_pubnames
                0x0000133f       0x94 ./output/obj/DrvRegUtils.o
 .debug_pubnames
                0x000013d3      0x21d ./output/obj/DrvSpi.o
 .debug_pubnames
                0x000015f0      0x24c ./output/obj/DrvSvu.o
 .debug_pubnames
                0x0000183c      0x2c5 ./output/obj/DrvSvuDebug.o
 .debug_pubnames
                0x00001b01      0x132 ./output/obj/DrvTimer.o
 .debug_pubnames
                0x00001c33      0x102 ./output/obj/DrvUart.o
 .debug_pubnames
                0x00001d35      0x104 ./output/obj/brdMv0153.o
 .debug_pubnames
                0x00001e39      0x10b ./output/obj/brdMv0155.o
 .debug_pubnames
                0x00001f44       0x48 ./output/obj/brdMv0155DCard.o
 .debug_pubnames
                0x00001f8c       0x48 ./output/obj/brdMv0160DCard.o
 .debug_pubnames
                0x00001fd4       0x48 ./output/obj/brdMv0161DCard.o
 .debug_pubnames
                0x0000201c       0x79 ./output/obj/brdMv0162.o
 .debug_pubnames
                0x00002095       0xef ./output/obj/brdMv0163.o
 .debug_pubnames
                0x00002184       0x48 ./output/obj/brdMv0163DCard.o
 .debug_pubnames
                0x000021cc       0x4f ./output/obj/brdMv0167DCard.o
 .debug_pubnames
                0x0000221b       0xc9 ./output/obj/brdMv0171.o
 .debug_pubnames
                0x000022e4       0x48 ./output/obj/brdMv0171DCard.o
 .debug_pubnames
                0x0000232c       0x85 ./output/obj/brdMv0172DCard.o
 .debug_pubnames
                0x000023b1       0x65 ./output/obj/brdMv0174DCard.o
 .debug_pubnames
                0x00002416       0x99 ./output/obj/brdMv0177DCard.o
 .debug_pubnames
                0x000024af       0x35 ./output/obj/icEeprom.o
 .debug_pubnames
                0x000024e4      0x20b ./output/obj/icMipiTC358746.o
 .debug_pubnames
                0x000026ef       0x2c ./output/obj/icPllCDCE913.o
 .debug_pubnames
                0x0000271b       0x43 ./output/obj/icRegulatorLT3906.o
 .debug_pubnames
                0x0000275e       0x21 ./output/obj/math_consts.o
 .debug_pubnames
                0x0000277f       0x24 ./output/obj/memcpy_fast.o
 .debug_pubnames
                0x000027a3       0x24 ./output/obj/memset_fast.o
 .debug_pubnames
                0x000027c7       0x21 ./output/obj/puts.o
 .debug_pubnames
                0x000027e8       0x26 ./output/obj/strtol.o
 .debug_pubnames
                0x0000280e       0x23 ./output/obj/swcCrc.o
 .debug_pubnames
                0x00002831       0x2e ./output/obj/swcL2Cache.o
 .debug_pubnames
                0x0000285f       0x97 ./output/obj/swcLedControl.o
 .debug_pubnames
                0x000028f6       0x56 ./output/obj/swcLeonMath.o
 .debug_pubnames
                0x0000294c       0xdc ./output/obj/swcLeonUtils.o
 .debug_pubnames
                0x00002a28       0x37 ./output/obj/swcMemoryTransfer.o
 .debug_pubnames
                0x00002a5f       0x68 ./output/obj/swcRandom.o
 .debug_pubnames
                0x00002ac7      0x29b ./output/obj/swcShaveLoader.o
 .debug_pubnames
                0x00002d62      0x184 ./output/obj/swcSliceUtils.o
 .debug_pubnames
                0x00002ee6       0xb0 ./output/obj/swcTestUtils.o
 .debug_pubnames
                0x00002f96       0x7a ./output/obj/app_config.o
 .debug_pubnames
                0x00003010       0x39 ./output/obj/main.o
 .debug_pubnames
                0x00003049     0x1b91 ./output/obj/array2d.o
 .debug_pubnames
                0x00004bda       0x35 ./output/obj/binomialFilter.o
 .debug_pubnames
                0x00004c0f       0x46 ./output/obj/computeCharacteristicScale.o
 .debug_pubnames
                0x00004c55       0x2d ./output/obj/dasLight.o
 .debug_pubnames
                0x00004c82       0x39 ./output/obj/downsampleByFactor.o
 .debug_pubnames
                0x00004cbb      0x31a ./output/obj/fixedLengthList.o
 .debug_pubnames
                0x00004fd5      0x20b ./output/obj/memory.o
 .debug_pubnames
                0x000051e0       0x37 ./output/obj/movidius_visionBenchmarks.o
 .debug_pubnames
                0x00005217      0xcd2 ./output/obj/point.o
 .debug_pubnames
                0x00005ee9       0x34 ./output/obj/traceBoundary.o
 .debug_pubnames
                0x00005f1d       0x65 ./output/obj/utilities.o
 .debug_pubnames
                0x00005f82       0x91 ./output/obj/visionBenchmarks.o

.debug_info     0x00000000    0x23b83
 *(.debug_info .gnu.linkonce.wi.*)
 .debug_info    0x00000000      0x479 ./output/obj/Board.o
 .debug_info    0x00000479      0xb8b ./output/obj/DrvCif.o
 .debug_info    0x00001004      0x88e ./output/obj/DrvCpr.o
 .debug_info    0x00001892      0x277 ./output/obj/DrvDdr.o
 .debug_info    0x00001b09      0xd33 ./output/obj/DrvGpio.o
 .debug_info    0x0000283c      0xafb ./output/obj/DrvHsdio.o
 .debug_info    0x00003337     0x1b24 ./output/obj/DrvI2c.o
 .debug_info    0x00004e5b     0x12b3 ./output/obj/DrvI2cMaster.o
 .debug_info    0x0000610e      0x766 ./output/obj/DrvI2s.o
 .debug_info    0x00006874      0x2a1 ./output/obj/DrvIcb.o
 .debug_info    0x00006b15      0x3b2 ./output/obj/DrvL2Cache.o
 .debug_info    0x00006ec7      0xbff ./output/obj/DrvLcd.o
 .debug_info    0x00007ac6      0x2e3 ./output/obj/DrvPwm.o
 .debug_info    0x00007da9      0x274 ./output/obj/DrvRegUtils.o
 .debug_info    0x0000801d      0xcf2 ./output/obj/DrvSpi.o
 .debug_info    0x00008d0f      0x6b9 ./output/obj/DrvSvu.o
 .debug_info    0x000093c8      0xc0b ./output/obj/DrvSvuDebug.o
 .debug_info    0x00009fd3      0x73d ./output/obj/DrvTimer.o
 .debug_info    0x0000a710      0x30c ./output/obj/DrvUart.o
 .debug_info    0x0000aa1c        0x0 ./output/obj/DrvVcs.o
 .debug_info    0x0000aa1c      0xae7 ./output/obj/brdMv0153.o
 .debug_info    0x0000b503      0x7fe ./output/obj/brdMv0155.o
 .debug_info    0x0000bd01      0x164 ./output/obj/brdMv0155DCard.o
 .debug_info    0x0000be65      0x164 ./output/obj/brdMv0160DCard.o
 .debug_info    0x0000bfc9      0x164 ./output/obj/brdMv0161DCard.o
 .debug_info    0x0000c12d      0x5b6 ./output/obj/brdMv0162.o
 .debug_info    0x0000c6e3      0x7ab ./output/obj/brdMv0163.o
 .debug_info    0x0000ce8e      0x164 ./output/obj/brdMv0163DCard.o
 .debug_info    0x0000cff2      0x13d ./output/obj/brdMv0167DCard.o
 .debug_info    0x0000d12f      0x7aa ./output/obj/brdMv0171.o
 .debug_info    0x0000d8d9      0x164 ./output/obj/brdMv0171DCard.o
 .debug_info    0x0000da3d      0x20c ./output/obj/brdMv0172DCard.o
 .debug_info    0x0000dc49      0x470 ./output/obj/brdMv0174DCard.o
 .debug_info    0x0000e0b9      0x5a9 ./output/obj/brdMv0177DCard.o
 .debug_info    0x0000e662      0x5b8 ./output/obj/icEeprom.o
 .debug_info    0x0000ec1a      0xb8e ./output/obj/icMipiTC358746.o
 .debug_info    0x0000f7a8      0x41c ./output/obj/icPllCDCE913.o
 .debug_info    0x0000fbc4      0x663 ./output/obj/icRegulatorLT3906.o
 .debug_info    0x00010227       0x74 ./output/obj/math_consts.o
 .debug_info    0x0001029b       0xa5 ./output/obj/memcpy_fast.o
 .debug_info    0x00010340       0xf3 ./output/obj/memset_fast.o
 .debug_info    0x00010433       0x9e ./output/obj/puts.o
 .debug_info    0x000104d1      0x162 ./output/obj/strtol.o
 .debug_info    0x00010633      0x130 ./output/obj/swcCrc.o
 .debug_info    0x00010763      0x111 ./output/obj/swcL2Cache.o
 .debug_info    0x00010874      0x31a ./output/obj/swcLedControl.o
 .debug_info    0x00010b8e      0x17e ./output/obj/swcLeonMath.o
 .debug_info    0x00010d0c      0x43e ./output/obj/swcLeonUtils.o
 .debug_info    0x0001114a      0x120 ./output/obj/swcMemoryTransfer.o
 .debug_info    0x0001126a      0x1f2 ./output/obj/swcRandom.o
 .debug_info    0x0001145c      0xbb9 ./output/obj/swcShaveLoader.o
 .debug_info    0x00012015      0x773 ./output/obj/swcSliceUtils.o
 .debug_info    0x00012788      0x323 ./output/obj/swcTestUtils.o
 .debug_info    0x00012aab       0xbd ./output/obj/asinf_acosf.o
 .debug_info    0x00012b68       0xbf ./output/obj/crt0.o
 .debug_info    0x00012c27       0xc3 ./output/obj/expf_exp2f_exp10f.o
 .debug_info    0x00012cea       0xb8 ./output/obj/frexpf.o
 .debug_info    0x00012da2       0xb8 ./output/obj/ldexpf.o
 .debug_info    0x00012e5a       0xc3 ./output/obj/logf_log2f_log10f.o
 .debug_info    0x00012f1d       0xb6 ./output/obj/misc.o
 .debug_info    0x00012fd3       0xc4 ./output/obj/modff_ceilf_floorf.o
 .debug_info    0x00013097       0xbb ./output/obj/sinf_cosf.o
 .debug_info    0x00013152       0xbf ./output/obj/stdio.xprintf.o
 .debug_info    0x00013211       0xc6 ./output/obj/string.memchr_strchr.o
 .debug_info    0x000132d7       0xce ./output/obj/string.memcmp_strncmp_strcmp.o
 .debug_info    0x000133a5       0xc7 ./output/obj/string.memmove_memcpy.o
 .debug_info    0x0001346c       0xbf ./output/obj/string.memset.o
 .debug_info    0x0001352b       0xc7 ./output/obj/string.strcat_strncat.o
 .debug_info    0x000135f2       0xc7 ./output/obj/string.strcpy_strncpy.o
 .debug_info    0x000136b9       0xc7 ./output/obj/string.strcspn_strlen.o
 .debug_info    0x00013780       0xc0 ./output/obj/string.strrchr.o
 .debug_info    0x00013840       0xbf ./output/obj/string.strspn.o
 .debug_info    0x000138ff       0xbf ./output/obj/string.strstr.o
 .debug_info    0x000139be       0xb6 ./output/obj/tanf.o
 .debug_info    0x00013a74       0xbc ./output/obj/traps.o
 .debug_info    0x00013b30      0x283 ./output/obj/app_config.o
 .debug_info    0x00013db3      0x11c ./output/obj/main.o
 .debug_info    0x00013ecf     0x71d0 ./output/obj/array2d.o
 .debug_info    0x0001b09f     0x10fa ./output/obj/binomialFilter.o
 .debug_info    0x0001c199     0x15c1 ./output/obj/computeCharacteristicScale.o
 .debug_info    0x0001d75a      0x1f9 ./output/obj/dasLight.o
 .debug_info    0x0001d953      0x95c ./output/obj/downsampleByFactor.o
 .debug_info    0x0001e2af      0xbf7 ./output/obj/fixedLengthList.o
 .debug_info    0x0001eea6       0xbb ./output/obj/matlabInterface.o
 .debug_info    0x0001ef61      0x76e ./output/obj/memory.o
 .debug_info    0x0001f6cf      0x22d ./output/obj/movidius_visionBenchmarks.o
 .debug_info    0x0001f8fc     0x1bdc ./output/obj/point.o
 .debug_info    0x000214d8     0x10ad ./output/obj/traceBoundary.o
 .debug_info    0x00022585      0x1a8 ./output/obj/utilities.o
 .debug_info    0x0002272d     0x1456 ./output/obj/visionBenchmarks.o

.debug_abbrev   0x00000000     0x6f95
 *(.debug_abbrev)
 .debug_abbrev  0x00000000      0x105 ./output/obj/Board.o
 .debug_abbrev  0x00000105      0x181 ./output/obj/DrvCif.o
 .debug_abbrev  0x00000286      0x2a7 ./output/obj/DrvCpr.o
 .debug_abbrev  0x0000052d      0x18e ./output/obj/DrvDdr.o
 .debug_abbrev  0x000006bb      0x291 ./output/obj/DrvGpio.o
 .debug_abbrev  0x0000094c      0x180 ./output/obj/DrvHsdio.o
 .debug_abbrev  0x00000acc      0x340 ./output/obj/DrvI2c.o
 .debug_abbrev  0x00000e0c      0x380 ./output/obj/DrvI2cMaster.o
 .debug_abbrev  0x0000118c      0x153 ./output/obj/DrvI2s.o
 .debug_abbrev  0x000012df      0x125 ./output/obj/DrvIcb.o
 .debug_abbrev  0x00001404      0x1d0 ./output/obj/DrvL2Cache.o
 .debug_abbrev  0x000015d4      0x114 ./output/obj/DrvLcd.o
 .debug_abbrev  0x000016e8      0x10a ./output/obj/DrvPwm.o
 .debug_abbrev  0x000017f2       0xdf ./output/obj/DrvRegUtils.o
 .debug_abbrev  0x000018d1      0x228 ./output/obj/DrvSpi.o
 .debug_abbrev  0x00001af9      0x1cb ./output/obj/DrvSvu.o
 .debug_abbrev  0x00001cc4      0x203 ./output/obj/DrvSvuDebug.o
 .debug_abbrev  0x00001ec7      0x2d3 ./output/obj/DrvTimer.o
 .debug_abbrev  0x0000219a      0x14b ./output/obj/DrvUart.o
 .debug_abbrev  0x000022e5        0x1 ./output/obj/DrvVcs.o
 .debug_abbrev  0x000022e6      0x1de ./output/obj/brdMv0153.o
 .debug_abbrev  0x000024c4      0x1e4 ./output/obj/brdMv0155.o
 .debug_abbrev  0x000026a8       0xb4 ./output/obj/brdMv0155DCard.o
 .debug_abbrev  0x0000275c       0xb4 ./output/obj/brdMv0160DCard.o
 .debug_abbrev  0x00002810       0xb4 ./output/obj/brdMv0161DCard.o
 .debug_abbrev  0x000028c4      0x129 ./output/obj/brdMv0162.o
 .debug_abbrev  0x000029ed      0x17c ./output/obj/brdMv0163.o
 .debug_abbrev  0x00002b69       0xb4 ./output/obj/brdMv0163DCard.o
 .debug_abbrev  0x00002c1d       0xbb ./output/obj/brdMv0167DCard.o
 .debug_abbrev  0x00002cd8      0x17c ./output/obj/brdMv0171.o
 .debug_abbrev  0x00002e54       0xb4 ./output/obj/brdMv0171DCard.o
 .debug_abbrev  0x00002f08       0xd2 ./output/obj/brdMv0172DCard.o
 .debug_abbrev  0x00002fda       0xdd ./output/obj/brdMv0174DCard.o
 .debug_abbrev  0x000030b7      0x10c ./output/obj/brdMv0177DCard.o
 .debug_abbrev  0x000031c3      0x14c ./output/obj/icEeprom.o
 .debug_abbrev  0x0000330f      0x20b ./output/obj/icMipiTC358746.o
 .debug_abbrev  0x0000351a      0x12e ./output/obj/icPllCDCE913.o
 .debug_abbrev  0x00003648      0x157 ./output/obj/icRegulatorLT3906.o
 .debug_abbrev  0x0000379f       0x65 ./output/obj/math_consts.o
 .debug_abbrev  0x00003804       0x7a ./output/obj/memcpy_fast.o
 .debug_abbrev  0x0000387e       0xb2 ./output/obj/memset_fast.o
 .debug_abbrev  0x00003930       0x92 ./output/obj/puts.o
 .debug_abbrev  0x000039c2       0xd1 ./output/obj/strtol.o
 .debug_abbrev  0x00003a93       0xeb ./output/obj/swcCrc.o
 .debug_abbrev  0x00003b7e       0xc8 ./output/obj/swcL2Cache.o
 .debug_abbrev  0x00003c46      0x11d ./output/obj/swcLedControl.o
 .debug_abbrev  0x00003d63       0xd4 ./output/obj/swcLeonMath.o
 .debug_abbrev  0x00003e37      0x14a ./output/obj/swcLeonUtils.o
 .debug_abbrev  0x00003f81       0xb9 ./output/obj/swcMemoryTransfer.o
 .debug_abbrev  0x0000403a      0x129 ./output/obj/swcRandom.o
 .debug_abbrev  0x00004163      0x2c6 ./output/obj/swcShaveLoader.o
 .debug_abbrev  0x00004429      0x182 ./output/obj/swcSliceUtils.o
 .debug_abbrev  0x000045ab      0x165 ./output/obj/swcTestUtils.o
 .debug_abbrev  0x00004710       0x14 ./output/obj/asinf_acosf.o
 .debug_abbrev  0x00004724       0x14 ./output/obj/crt0.o
 .debug_abbrev  0x00004738       0x14 ./output/obj/expf_exp2f_exp10f.o
 .debug_abbrev  0x0000474c       0x14 ./output/obj/frexpf.o
 .debug_abbrev  0x00004760       0x14 ./output/obj/ldexpf.o
 .debug_abbrev  0x00004774       0x14 ./output/obj/logf_log2f_log10f.o
 .debug_abbrev  0x00004788       0x14 ./output/obj/misc.o
 .debug_abbrev  0x0000479c       0x14 ./output/obj/modff_ceilf_floorf.o
 .debug_abbrev  0x000047b0       0x14 ./output/obj/sinf_cosf.o
 .debug_abbrev  0x000047c4       0x14 ./output/obj/stdio.xprintf.o
 .debug_abbrev  0x000047d8       0x14 ./output/obj/string.memchr_strchr.o
 .debug_abbrev  0x000047ec       0x14 ./output/obj/string.memcmp_strncmp_strcmp.o
 .debug_abbrev  0x00004800       0x14 ./output/obj/string.memmove_memcpy.o
 .debug_abbrev  0x00004814       0x14 ./output/obj/string.memset.o
 .debug_abbrev  0x00004828       0x14 ./output/obj/string.strcat_strncat.o
 .debug_abbrev  0x0000483c       0x14 ./output/obj/string.strcpy_strncpy.o
 .debug_abbrev  0x00004850       0x14 ./output/obj/string.strcspn_strlen.o
 .debug_abbrev  0x00004864       0x14 ./output/obj/string.strrchr.o
 .debug_abbrev  0x00004878       0x14 ./output/obj/string.strspn.o
 .debug_abbrev  0x0000488c       0x14 ./output/obj/string.strstr.o
 .debug_abbrev  0x000048a0       0x14 ./output/obj/tanf.o
 .debug_abbrev  0x000048b4       0x12 ./output/obj/traps.o
 .debug_abbrev  0x000048c6      0x109 ./output/obj/app_config.o
 .debug_abbrev  0x000049cf       0xc9 ./output/obj/main.o
 .debug_abbrev  0x00004a98      0x539 ./output/obj/array2d.o
 .debug_abbrev  0x00004fd1      0x40c ./output/obj/binomialFilter.o
 .debug_abbrev  0x000053dd      0x447 ./output/obj/computeCharacteristicScale.o
 .debug_abbrev  0x00005824       0xf3 ./output/obj/dasLight.o
 .debug_abbrev  0x00005917      0x2d3 ./output/obj/downsampleByFactor.o
 .debug_abbrev  0x00005bea      0x381 ./output/obj/fixedLengthList.o
 .debug_abbrev  0x00005f6b       0x79 ./output/obj/matlabInterface.o
 .debug_abbrev  0x00005fe4      0x293 ./output/obj/memory.o
 .debug_abbrev  0x00006277      0x15b ./output/obj/movidius_visionBenchmarks.o
 .debug_abbrev  0x000063d2      0x224 ./output/obj/point.o
 .debug_abbrev  0x000065f6      0x47c ./output/obj/traceBoundary.o
 .debug_abbrev  0x00006a72       0xdd ./output/obj/utilities.o
 .debug_abbrev  0x00006b4f      0x446 ./output/obj/visionBenchmarks.o

.debug_line     0x00000000     0xd5b3
 *(.debug_line)
 .debug_line    0x00000000      0x2a0 ./output/obj/Board.o
 .debug_line    0x000002a0      0x39d ./output/obj/DrvCif.o
 .debug_line    0x0000063d      0x2fc ./output/obj/DrvCpr.o
 .debug_line    0x00000939      0x1fa ./output/obj/DrvDdr.o
 .debug_line    0x00000b33      0x5e8 ./output/obj/DrvGpio.o
 .debug_line    0x0000111b      0x34b ./output/obj/DrvHsdio.o
 .debug_line    0x00001466      0x8d2 ./output/obj/DrvI2c.o
 .debug_line    0x00001d38      0x536 ./output/obj/DrvI2cMaster.o
 .debug_line    0x0000226e      0x3a5 ./output/obj/DrvI2s.o
 .debug_line    0x00002613      0x1f5 ./output/obj/DrvIcb.o
 .debug_line    0x00002808      0x25a ./output/obj/DrvL2Cache.o
 .debug_line    0x00002a62      0x355 ./output/obj/DrvLcd.o
 .debug_line    0x00002db7      0x1a4 ./output/obj/DrvPwm.o
 .debug_line    0x00002f5b      0x1a9 ./output/obj/DrvRegUtils.o
 .debug_line    0x00003104      0x558 ./output/obj/DrvSpi.o
 .debug_line    0x0000365c      0x2c0 ./output/obj/DrvSvu.o
 .debug_line    0x0000391c      0x535 ./output/obj/DrvSvuDebug.o
 .debug_line    0x00003e51      0x398 ./output/obj/DrvTimer.o
 .debug_line    0x000041e9      0x234 ./output/obj/DrvUart.o
 .debug_line    0x0000441d        0x0 ./output/obj/DrvVcs.o
 .debug_line    0x0000441d      0x441 ./output/obj/brdMv0153.o
 .debug_line    0x0000485e      0x353 ./output/obj/brdMv0155.o
 .debug_line    0x00004bb1      0x1e7 ./output/obj/brdMv0155DCard.o
 .debug_line    0x00004d98      0x1e7 ./output/obj/brdMv0160DCard.o
 .debug_line    0x00004f7f      0x1e7 ./output/obj/brdMv0161DCard.o
 .debug_line    0x00005166      0x22e ./output/obj/brdMv0162.o
 .debug_line    0x00005394      0x319 ./output/obj/brdMv0163.o
 .debug_line    0x000056ad      0x1e7 ./output/obj/brdMv0163DCard.o
 .debug_line    0x00005894      0x1ef ./output/obj/brdMv0167DCard.o
 .debug_line    0x00005a83      0x312 ./output/obj/brdMv0171.o
 .debug_line    0x00005d95      0x1e7 ./output/obj/brdMv0171DCard.o
 .debug_line    0x00005f7c      0x2f0 ./output/obj/brdMv0172DCard.o
 .debug_line    0x0000626c      0x279 ./output/obj/brdMv0174DCard.o
 .debug_line    0x000064e5      0x3d8 ./output/obj/brdMv0177DCard.o
 .debug_line    0x000068bd      0x251 ./output/obj/icEeprom.o
 .debug_line    0x00006b0e      0x397 ./output/obj/icMipiTC358746.o
 .debug_line    0x00006ea5      0x179 ./output/obj/icPllCDCE913.o
 .debug_line    0x0000701e      0x274 ./output/obj/icRegulatorLT3906.o
 .debug_line    0x00007292       0x76 ./output/obj/math_consts.o
 .debug_line    0x00007308       0xe4 ./output/obj/memcpy_fast.o
 .debug_line    0x000073ec       0xad ./output/obj/memset_fast.o
 .debug_line    0x00007499       0x82 ./output/obj/puts.o
 .debug_line    0x0000751b       0xbc ./output/obj/strtol.o
 .debug_line    0x000075d7      0x13e ./output/obj/swcCrc.o
 .debug_line    0x00007715      0x184 ./output/obj/swcL2Cache.o
 .debug_line    0x00007899      0x267 ./output/obj/swcLedControl.o
 .debug_line    0x00007b00      0x123 ./output/obj/swcLeonMath.o
 .debug_line    0x00007c23      0x245 ./output/obj/swcLeonUtils.o
 .debug_line    0x00007e68      0x108 ./output/obj/swcMemoryTransfer.o
 .debug_line    0x00007f70      0x19b ./output/obj/swcRandom.o
 .debug_line    0x0000810b      0x496 ./output/obj/swcShaveLoader.o
 .debug_line    0x000085a1      0x24b ./output/obj/swcSliceUtils.o
 .debug_line    0x000087ec      0x286 ./output/obj/swcTestUtils.o
 .debug_line    0x00008a72       0xcc ./output/obj/asinf_acosf.o
 .debug_line    0x00008b3e       0xbc ./output/obj/crt0.o
 .debug_line    0x00008bfa       0xee ./output/obj/expf_exp2f_exp10f.o
 .debug_line    0x00008ce8       0x93 ./output/obj/frexpf.o
 .debug_line    0x00008d7b       0xa0 ./output/obj/ldexpf.o
 .debug_line    0x00008e1b       0xe5 ./output/obj/logf_log2f_log10f.o
 .debug_line    0x00008f00       0xdd ./output/obj/misc.o
 .debug_line    0x00008fdd       0xfd ./output/obj/modff_ceilf_floorf.o
 .debug_line    0x000090da       0xbe ./output/obj/sinf_cosf.o
 .debug_line    0x00009198      0x1d2 ./output/obj/stdio.xprintf.o
 .debug_line    0x0000936a       0xa4 ./output/obj/string.memchr_strchr.o
 .debug_line    0x0000940e       0xac ./output/obj/string.memcmp_strncmp_strcmp.o
 .debug_line    0x000094ba       0xa3 ./output/obj/string.memmove_memcpy.o
 .debug_line    0x0000955d       0x8f ./output/obj/string.memset.o
 .debug_line    0x000095ec       0xa7 ./output/obj/string.strcat_strncat.o
 .debug_line    0x00009693       0xa6 ./output/obj/string.strcpy_strncpy.o
 .debug_line    0x00009739       0xa5 ./output/obj/string.strcspn_strlen.o
 .debug_line    0x000097de       0x96 ./output/obj/string.strrchr.o
 .debug_line    0x00009874       0x99 ./output/obj/string.strspn.o
 .debug_line    0x0000990d       0x9a ./output/obj/string.strstr.o
 .debug_line    0x000099a7       0xb6 ./output/obj/tanf.o
 .debug_line    0x00009a5d      0x16a ./output/obj/traps.o
 .debug_line    0x00009bc7      0x19d ./output/obj/app_config.o
 .debug_line    0x00009d64      0x130 ./output/obj/main.o
 .debug_line    0x00009e94     0x17d9 ./output/obj/array2d.o
 .debug_line    0x0000b66d      0x2bd ./output/obj/binomialFilter.o
 .debug_line    0x0000b92a      0x4bc ./output/obj/computeCharacteristicScale.o
 .debug_line    0x0000bde6      0x12e ./output/obj/dasLight.o
 .debug_line    0x0000bf14      0x1bc ./output/obj/downsampleByFactor.o
 .debug_line    0x0000c0d0      0x233 ./output/obj/fixedLengthList.o
 .debug_line    0x0000c303       0xb9 ./output/obj/matlabInterface.o
 .debug_line    0x0000c3bc      0x212 ./output/obj/memory.o
 .debug_line    0x0000c5ce      0x20e ./output/obj/movidius_visionBenchmarks.o
 .debug_line    0x0000c7dc      0x7b4 ./output/obj/point.o
 .debug_line    0x0000cf90      0x240 ./output/obj/traceBoundary.o
 .debug_line    0x0000d1d0      0x12c ./output/obj/utilities.o
 .debug_line    0x0000d2fc      0x2b7 ./output/obj/visionBenchmarks.o

.debug_frame
 *(.debug_frame)

.debug_str      0x00000000     0xa88d
 *(.debug_str)
 .debug_str     0x00000000      0x696 ./output/obj/Board.o
                                0x6e1 (size before relaxing)
 .debug_str     0x00000696      0x4d9 ./output/obj/DrvCif.o
                                0x5b6 (size before relaxing)
 .debug_str     0x00000b6f      0x4f4 ./output/obj/DrvCpr.o
                                0x754 (size before relaxing)
 .debug_str     0x00001063      0x166 ./output/obj/DrvDdr.o
                                0x28b (size before relaxing)
 .debug_str     0x000011c9      0x3f7 ./output/obj/DrvGpio.o
                                0x53d (size before relaxing)
 .debug_str     0x000015c0      0x29c ./output/obj/DrvHsdio.o
                                0x379 (size before relaxing)
 .debug_str     0x0000185c      0x597 ./output/obj/DrvI2c.o
                                0x6e3 (size before relaxing)
 .debug_str     0x00001df3      0x516 ./output/obj/DrvI2cMaster.o
                                0xc3d (size before relaxing)
 .debug_str     0x00002309      0x2db ./output/obj/DrvI2s.o
                                0x3bd (size before relaxing)
 .debug_str     0x000025e4      0x116 ./output/obj/DrvIcb.o
                                0x200 (size before relaxing)
 .debug_str     0x000026fa      0x301 ./output/obj/DrvL2Cache.o
                                0x3d6 (size before relaxing)
 .debug_str     0x000029fb      0x2d2 ./output/obj/DrvLcd.o
                                0x3df (size before relaxing)
 .debug_str     0x00002ccd      0x1db ./output/obj/DrvPwm.o
                                0x2d2 (size before relaxing)
 .debug_str     0x00002ea8      0x135 ./output/obj/DrvRegUtils.o
                                0x21e (size before relaxing)
 .debug_str     0x00002fdd      0x319 ./output/obj/DrvSpi.o
                                0x475 (size before relaxing)
 .debug_str     0x000032f6      0x30a ./output/obj/DrvSvu.o
                                0x402 (size before relaxing)
 .debug_str     0x00003600      0x479 ./output/obj/DrvSvuDebug.o
                                0x5ad (size before relaxing)
 .debug_str     0x00003a79      0x35c ./output/obj/DrvTimer.o
                                0x4ae (size before relaxing)
 .debug_str     0x00003dd5      0x188 ./output/obj/DrvUart.o
                                0x2a5 (size before relaxing)
 .debug_str     0x00003f5d      0x4b2 ./output/obj/brdMv0153.o
                                0xbe0 (size before relaxing)
 .debug_str     0x0000440f      0x2c2 ./output/obj/brdMv0155.o
                                0x945 (size before relaxing)
 .debug_str     0x000046d1       0xb1 ./output/obj/brdMv0155DCard.o
                                0x1fc (size before relaxing)
 .debug_str     0x00004782       0x9e ./output/obj/brdMv0160DCard.o
                                0x1fc (size before relaxing)
 .debug_str     0x00004820       0x9e ./output/obj/brdMv0161DCard.o
                                0x1fc (size before relaxing)
 .debug_str     0x000048be      0x116 ./output/obj/brdMv0162.o
                                0x7bf (size before relaxing)
 .debug_str     0x000049d4      0x17a ./output/obj/brdMv0163.o
                                0x8ee (size before relaxing)
 .debug_str     0x00004b4e       0x9e ./output/obj/brdMv0163DCard.o
                                0x1fc (size before relaxing)
 .debug_str     0x00004bec       0xb4 ./output/obj/brdMv0167DCard.o
                                0x1d1 (size before relaxing)
 .debug_str     0x00004ca0      0x17a ./output/obj/brdMv0171.o
                                0x8ee (size before relaxing)
 .debug_str     0x00004e1a       0x9e ./output/obj/brdMv0171DCard.o
                                0x1fc (size before relaxing)
 .debug_str     0x00004eb8       0xd3 ./output/obj/brdMv0172DCard.o
                                0x27e (size before relaxing)
 .debug_str     0x00004f8b       0xb7 ./output/obj/brdMv0174DCard.o
                                0x701 (size before relaxing)
 .debug_str     0x00005042       0xe3 ./output/obj/brdMv0177DCard.o
                                0x804 (size before relaxing)
 .debug_str     0x00005125      0x151 ./output/obj/icEeprom.o
                                0x73c (size before relaxing)
 .debug_str     0x00005276      0x323 ./output/obj/icMipiTC358746.o
                                0x9bb (size before relaxing)
 .debug_str     0x00005599       0xd2 ./output/obj/icPllCDCE913.o
                                0x67e (size before relaxing)
 .debug_str     0x0000566b      0x145 ./output/obj/icRegulatorLT3906.o
                                0x7da (size before relaxing)
 .debug_str     0x000057b0       0x61 ./output/obj/math_consts.o
                                 0xba (size before relaxing)
 .debug_str     0x00005811       0x73 ./output/obj/memcpy_fast.o
                                0x103 (size before relaxing)
 .debug_str     0x00005884       0x6a ./output/obj/memset_fast.o
                                0x10b (size before relaxing)
 .debug_str     0x000058ee       0x6a ./output/obj/puts.o
                                 0xb5 (size before relaxing)
 .debug_str     0x00005958       0x77 ./output/obj/strtol.o
                                0x151 (size before relaxing)
 .debug_str     0x000059cf       0x9a ./output/obj/swcCrc.o
                                0x172 (size before relaxing)
 .debug_str     0x00005a69       0x98 ./output/obj/swcL2Cache.o
                                0x17b (size before relaxing)
 .debug_str     0x00005b01      0x12e ./output/obj/swcLedControl.o
                                0x25e (size before relaxing)
 .debug_str     0x00005c2f       0x97 ./output/obj/swcLeonMath.o
                                0x17a (size before relaxing)
 .debug_str     0x00005cc6      0x141 ./output/obj/swcLeonUtils.o
                                0x24d (size before relaxing)
 .debug_str     0x00005e07       0x85 ./output/obj/swcMemoryTransfer.o
                                0x15a (size before relaxing)
 .debug_str     0x00005e8c      0x115 ./output/obj/swcRandom.o
                                0x1f6 (size before relaxing)
 .debug_str     0x00005fa1      0x77b ./output/obj/swcShaveLoader.o
                                0x8b9 (size before relaxing)
 .debug_str     0x0000671c      0x24a ./output/obj/swcSliceUtils.o
                                0x329 (size before relaxing)
 .debug_str     0x00006966      0x1d1 ./output/obj/swcTestUtils.o
                                0x326 (size before relaxing)
 .debug_str     0x00006b37       0x68 ./output/obj/app_config.o
                                0x353 (size before relaxing)
 .debug_str     0x00006b9f       0x37 ./output/obj/main.o
                                0x13f (size before relaxing)
 .debug_str     0x00006bd6     0x266c ./output/obj/array2d.o
                               0x2798 (size before relaxing)
 .debug_str     0x00009242      0x35d ./output/obj/binomialFilter.o
                               0x1037 (size before relaxing)
 .debug_str     0x0000959f      0x44c ./output/obj/computeCharacteristicScale.o
                               0x118f (size before relaxing)
 .debug_str     0x000099eb      0x100 ./output/obj/dasLight.o
                                0x200 (size before relaxing)
 .debug_str     0x00009aeb       0xf7 ./output/obj/downsampleByFactor.o
                                0xaab (size before relaxing)
 .debug_str     0x00009be2      0x25a ./output/obj/fixedLengthList.o
                                0xca1 (size before relaxing)
 .debug_str     0x00009e3c       0x3d ./output/obj/matlabInterface.o
                                0x13d (size before relaxing)
 .debug_str     0x00009e79      0x149 ./output/obj/memory.o
                                0x60e (size before relaxing)
 .debug_str     0x00009fc2       0x79 ./output/obj/movidius_visionBenchmarks.o
                                0x234 (size before relaxing)
 .debug_str     0x0000a03b      0x45f ./output/obj/point.o
                                0x62d (size before relaxing)
 .debug_str     0x0000a49a      0x28d ./output/obj/traceBoundary.o
                               0x12fc (size before relaxing)
 .debug_str     0x0000a727       0xa8 ./output/obj/utilities.o
                                0x1a8 (size before relaxing)
 .debug_str     0x0000a7cf       0xbe ./output/obj/visionBenchmarks.o
                               0x15cd (size before relaxing)

.debug_loc      0x00000000     0xca76
 *(.debug_loc)
 .debug_loc     0x00000000       0x7b ./output/obj/Board.o
 .debug_loc     0x0000007b      0x435 ./output/obj/DrvCif.o
 .debug_loc     0x000004b0      0x575 ./output/obj/DrvCpr.o
 .debug_loc     0x00000a25      0x12c ./output/obj/DrvDdr.o
 .debug_loc     0x00000b51      0x754 ./output/obj/DrvGpio.o
 .debug_loc     0x000012a5      0x604 ./output/obj/DrvHsdio.o
 .debug_loc     0x000018a9     0x1506 ./output/obj/DrvI2c.o
 .debug_loc     0x00002daf      0xb41 ./output/obj/DrvI2cMaster.o
 .debug_loc     0x000038f0      0x2a3 ./output/obj/DrvI2s.o
 .debug_loc     0x00003b93      0x139 ./output/obj/DrvIcb.o
 .debug_loc     0x00003ccc       0xe2 ./output/obj/DrvL2Cache.o
 .debug_loc     0x00003dae      0x3da ./output/obj/DrvLcd.o
 .debug_loc     0x00004188      0x14c ./output/obj/DrvPwm.o
 .debug_loc     0x000042d4      0x178 ./output/obj/DrvRegUtils.o
 .debug_loc     0x0000444c      0xb70 ./output/obj/DrvSpi.o
 .debug_loc     0x00004fbc      0x348 ./output/obj/DrvSvu.o
 .debug_loc     0x00005304      0x810 ./output/obj/DrvSvuDebug.o
 .debug_loc     0x00005b14      0x395 ./output/obj/DrvTimer.o
 .debug_loc     0x00005ea9      0x188 ./output/obj/DrvUart.o
 .debug_loc     0x00006031      0x30f ./output/obj/brdMv0153.o
 .debug_loc     0x00006340      0x2e7 ./output/obj/brdMv0155.o
 .debug_loc     0x00006627       0x1e ./output/obj/brdMv0155DCard.o
 .debug_loc     0x00006645       0x1e ./output/obj/brdMv0160DCard.o
 .debug_loc     0x00006663       0x1e ./output/obj/brdMv0161DCard.o
 .debug_loc     0x00006681      0x124 ./output/obj/brdMv0162.o
 .debug_loc     0x000067a5      0x282 ./output/obj/brdMv0163.o
 .debug_loc     0x00006a27       0x1e ./output/obj/brdMv0163DCard.o
 .debug_loc     0x00006a45       0x1e ./output/obj/brdMv0167DCard.o
 .debug_loc     0x00006a63      0x282 ./output/obj/brdMv0171.o
 .debug_loc     0x00006ce5       0x1e ./output/obj/brdMv0171DCard.o
 .debug_loc     0x00006d03       0x3c ./output/obj/brdMv0172DCard.o
 .debug_loc     0x00006d3f       0x1e ./output/obj/brdMv0174DCard.o
 .debug_loc     0x00006d5d       0x4f ./output/obj/brdMv0177DCard.o
 .debug_loc     0x00006dac      0x3a1 ./output/obj/icEeprom.o
 .debug_loc     0x0000714d      0x5f5 ./output/obj/icMipiTC358746.o
 .debug_loc     0x00007742       0x4f ./output/obj/icPllCDCE913.o
 .debug_loc     0x00007791       0xdd ./output/obj/icRegulatorLT3906.o
 .debug_loc     0x0000786e       0xf1 ./output/obj/memcpy_fast.o
 .debug_loc     0x0000795f       0x86 ./output/obj/memset_fast.o
 .debug_loc     0x000079e5       0x4f ./output/obj/puts.o
 .debug_loc     0x00007a34      0x15e ./output/obj/strtol.o
 .debug_loc     0x00007b92       0x4f ./output/obj/swcCrc.o
 .debug_loc     0x00007be1       0x1e ./output/obj/swcL2Cache.o
 .debug_loc     0x00007bff      0x287 ./output/obj/swcLedControl.o
 .debug_loc     0x00007e86       0xca ./output/obj/swcLeonMath.o
 .debug_loc     0x00007f50      0x3b9 ./output/obj/swcLeonUtils.o
 .debug_loc     0x00008309       0x6d ./output/obj/swcMemoryTransfer.o
 .debug_loc     0x00008376      0x175 ./output/obj/swcRandom.o
 .debug_loc     0x000084eb      0x43e ./output/obj/swcShaveLoader.o
 .debug_loc     0x00008929      0x559 ./output/obj/swcSliceUtils.o
 .debug_loc     0x00008e82      0x14a ./output/obj/swcTestUtils.o
 .debug_loc     0x00008fcc       0x31 ./output/obj/app_config.o
 .debug_loc     0x00008ffd       0x3c ./output/obj/main.o
 .debug_loc     0x00009039     0x26a8 ./output/obj/array2d.o
 .debug_loc     0x0000b6e1      0x181 ./output/obj/binomialFilter.o
 .debug_loc     0x0000b862      0x57d ./output/obj/computeCharacteristicScale.o
 .debug_loc     0x0000bddf       0xe0 ./output/obj/dasLight.o
 .debug_loc     0x0000bebf       0x6d ./output/obj/downsampleByFactor.o
 .debug_loc     0x0000bf2c      0x18e ./output/obj/fixedLengthList.o
 .debug_loc     0x0000c0ba      0x12e ./output/obj/memory.o
 .debug_loc     0x0000c1e8       0x8b ./output/obj/movidius_visionBenchmarks.o
 .debug_loc     0x0000c273      0x471 ./output/obj/point.o
 .debug_loc     0x0000c6e4      0x161 ./output/obj/traceBoundary.o
 .debug_loc     0x0000c845       0x92 ./output/obj/utilities.o
 .debug_loc     0x0000c8d7      0x19f ./output/obj/visionBenchmarks.o

.debug_macinfo
 *(.debug_macinfo)

.debug_weaknames
 *(.debug_weaknames)

.debug_funcnames
 *(.debug_funcnames)

.debug_typenames
 *(.debug_typenames)

.debug_varnames
 *(.debug_varnames)
                0x00000000                . = 0x0

.stuff          0x00000000        0x0
 *(*)
 .rela.text.BoardGetDIPSwitchState
                0x00000000        0x0 ./output/obj/Board.o
 .rela.text.BoardGetButtonState
                0x00000000        0x0 ./output/obj/Board.o
 .rela.text.BoardInitialise
                0x00000000        0x0 ./output/obj/Board.o
 .rela.text.DrvCifSetMclkFrequency
                0x00000000        0x0 ./output/obj/Board.o
 .rela.text.DrvCifReset
                0x00000000        0x0 ./output/obj/Board.o
 .rela.text.DrvCifInit
                0x00000000        0x0 ./output/obj/Board.o
 .rela.text.calculateSystemClockKhz
                0x00000000        0x0 ./output/obj/Board.o
 .rela.text.DrvCprGetClockFreqKhz
                0x00000000        0x0 ./output/obj/Board.o
 .rela.text.notifySystemClockChange
                0x00000000        0x0 ./output/obj/Board.o
 .rela.text.DrvCprSysDeviceAction
                0x00000000        0x0 ./output/obj/Board.o
 .rela.text.DrvCprInit
                0x00000000        0x0 ./output/obj/Board.o
 .rela.text.setupSystemClk
                0x00000000        0x0 ./output/obj/Board.o
 .rela.text.DrvCprSetupClocks
                0x00000000        0x0 ./output/obj/Board.o
 .rela.text.DrvDdrInitialise
                0x00000000        0x0 ./output/obj/Board.o
 .rela.text.GpioPadSetArrayVal
                0x00000000        0x0 ./output/obj/Board.o
 .rela.text.GpioPadSetArrayArray
                0x00000000        0x0 ./output/obj/Board.o
 .rela.text.DrvGpioInitialiseRange
                0x00000000        0x0 ./output/obj/Board.o
 .rela.text.DrvGpioIrqConfig
                0x00000000        0x0 ./output/obj/Board.o
 .rela.text.SleepTicks
                0x00000000        0x0 ./output/obj/Board.o
 .rela.text.txAbrtIsr
                0x00000000        0x0 ./output/obj/Board.o
 .rela.text.rdReqIsr
                0x00000000        0x0 ./output/obj/Board.o
 .rela.text.drvIicBulkRead
                0x00000000        0x0 ./output/obj/Board.o
 .rela.text.drvIicBulkWrite
                0x00000000        0x0 ./output/obj/Board.o
 .rela.text.i2cmWaitForStatus
                0x00000000        0x0 ./output/obj/Board.o
 .rela.text.DrvI2cMInit
                0x00000000        0x0 ./output/obj/Board.o
 .rela.text.DrvIcbSetIrqHandler
                0x00000000        0x0 ./output/obj/Board.o
 .rela.text.DrvIcbConfigureIrq
                0x00000000        0x0 ./output/obj/Board.o
 .rela.text.DrvIcbSetupIrq
                0x00000000        0x0 ./output/obj/Board.o
 .rela.text.DrvL2CacheSetWinPartId
                0x00000000        0x0 ./output/obj/Board.o
 .rela.text.DrvLcdDummyInit
                0x00000000        0x0 ./output/obj/Board.o
 .rela.text.DrvPwmEnable
                0x00000000        0x0 ./output/obj/Board.o
 .rela.text.DrvPwmConfigure
                0x00000000        0x0 ./output/obj/Board.o
 .rela.text.DrvRegWaitForBitsClearAll
                0x00000000        0x0 ./output/obj/Board.o
 .rela.text.DrvRegWaitForBitsSetAll
                0x00000000        0x0 ./output/obj/Board.o
 .rela.text.DrvRegWaitForBitsSetAny
                0x00000000        0x0 ./output/obj/Board.o
 .rela.text.DrvSpiSlave
                0x00000000        0x0 ./output/obj/Board.o
 .rela.text.dcuDumpInstructionHistory
                0x00000000        0x0 ./output/obj/Board.o
 .rela.text.dcuDumpIDCFifoContents
                0x00000000        0x0 ./output/obj/Board.o
 .rela.text.getFreeTimer
                0x00000000        0x0 ./output/obj/Board.o
 .rela.text.timerCallAfterMicro
                0x00000000        0x0 ./output/obj/Board.o
 .rela.text.DrvTimerCallAfterMicro
                0x00000000        0x0 ./output/obj/Board.o
 .rela.text.DrvTimerIncrementAfterMicro
                0x00000000        0x0 ./output/obj/Board.o
 .rela.text.DrvTimerGetSysTicks64
                0x00000000        0x0 ./output/obj/Board.o
 .rela.text.DrvTimerUptimeMs
                0x00000000        0x0 ./output/obj/Board.o
 .rela.text.DrvTimerInit
                0x00000000        0x0 ./output/obj/Board.o
 .rela.text.brd153GetPcbRevison
                0x00000000        0x0 ./output/obj/Board.o
 .rela.text.commonI2CErrorHandler
                0x00000000        0x0 ./output/obj/Board.o
 .rela.text.brd153GetHdmiCecGpioNum
                0x00000000        0x0 ./output/obj/Board.o
 .rela.text.brd153CfgDaughterCardVoltages
                0x00000000        0x0 ./output/obj/Board.o
 .rela.text.brd153ExternalPllConfigure
                0x00000000        0x0 ./output/obj/Board.o
 .rela.text.brd153InitialiseLeds
                0x00000000        0x0 ./output/obj/Board.o
 .rela.text.brd155ReasignMipiBridgesI2cModule
                0x00000000        0x0 ./output/obj/Board.o
 .rela.text.brd155InitialiseMipiBridges
                0x00000000        0x0 ./output/obj/Board.o
 .rela.text.brdMv0155DcStartupVoltages
                0x00000000        0x0 ./output/obj/Board.o
 .rela.text.brdMv0160DcStartupVoltages
                0x00000000        0x0 ./output/obj/Board.o
 .rela.text.brdMv0161DcStartupVoltages
                0x00000000        0x0 ./output/obj/Board.o
 .rela.text.brd162InitialiseMipiBridges
                0x00000000        0x0 ./output/obj/Board.o
 .rela.text.brd163ReasignMipiBridgesI2cModule
                0x00000000        0x0 ./output/obj/Board.o
 .rela.text.brd163InitialiseMipiBridges
                0x00000000        0x0 ./output/obj/Board.o
 .rela.text.brdMv0163DcStartupVoltages
                0x00000000        0x0 ./output/obj/Board.o
 .rela.text.brd171ReasignMipiBridgesI2cModule
                0x00000000        0x0 ./output/obj/Board.o
 .rela.text.brd171InitialiseMipiBridges
                0x00000000        0x0 ./output/obj/Board.o
 .rela.text.brdMv0171DcStartupVoltages
                0x00000000        0x0 ./output/obj/Board.o
 .rela.text.brdMv0172DcStartupVoltages
                0x00000000        0x0 ./output/obj/Board.o
 .rela.text.brdMv0177DcStartupVoltages
                0x00000000        0x0 ./output/obj/Board.o
 .rela.text.brdMv0153ForMv0177Initialise
                0x00000000        0x0 ./output/obj/Board.o
 .rela.text.setReg
                0x00000000        0x0 ./output/obj/Board.o
 .rela.text.icTC358746AssignI2c
                0x00000000        0x0 ./output/obj/Board.o
 .rela.text.icTC358746UpdateSingleRegFields
                0x00000000        0x0 ./output/obj/Board.o
 .rela.text.icTC358746CheckMultipleRegFields
                0x00000000        0x0 ./output/obj/Board.o
 .rela.text.icTC358746CheckRegs
                0x00000000        0x0 ./output/obj/Board.o
 .rela.text.icTC358746GetRegs
                0x00000000        0x0 ./output/obj/Board.o
 .rela.text.icTC358746SetRegs
                0x00000000        0x0 ./output/obj/Board.o
 .rela.text.icPllCDCE913Configure
                0x00000000        0x0 ./output/obj/Board.o
 .rela.text.swcCalcCrc32
                0x00000000        0x0 ./output/obj/Board.o
 .rela.text.swcU32memsetU32
                0x00000000        0x0 ./output/obj/Board.o
 .rela.text.swcU32memcpy
                0x00000000        0x0 ./output/obj/Board.o
 .rela.text.swcRandBufferOp
                0x00000000        0x0 ./output/obj/Board.o
 .rela.text.swcSetShaveWindow
                0x00000000        0x0 ./output/obj/Board.o
 .rela.text.swcGetWinRegsShave
                0x00000000        0x0 ./output/obj/Board.o
 .rela.text.swcSetRegsCC
                0x00000000        0x0 ./output/obj/Board.o
 .rela.text.swcStartShaveAsync
                0x00000000        0x0 ./output/obj/Board.o
 .rela.winregs.S0
                0x00000000        0x0 ./output/obj/Board.o
 .rela.winregs.S1
                0x00000000        0x0 ./output/obj/Board.o
 .rela.winregs.S2
                0x00000000        0x0 ./output/obj/Board.o
 .rela.winregs.S3
                0x00000000        0x0 ./output/obj/Board.o
 .rela.winregs.S4
                0x00000000        0x0 ./output/obj/Board.o
 .rela.winregs.S5
                0x00000000        0x0 ./output/obj/Board.o
 .rela.winregs.S6
                0x00000000        0x0 ./output/obj/Board.o
 .rela.winregs.S7
                0x00000000        0x0 ./output/obj/Board.o
 .rela.text.swcShaveProfPrint
                0x00000000        0x0 ./output/obj/Board.o
 .rela.sys.text.start
                0x00000000        0x0 ./output/obj/Board.o
 .rela.text     0x00000000        0x0 ./output/obj/Board.o
 .rela.text.main
                0x00000000        0x0 ./output/obj/Board.o
 .rela.text._ZN4Anki8Embedded8Array_u8C1EiiRNS0_11MemoryStackEb
                0x00000000        0x0 ./output/obj/Board.o
 .rela.text._ZN4Anki8Embedded8Array_u8C2EiiRNS0_11MemoryStackEb
                0x00000000        0x0 ./output/obj/Board.o
 .rela.text._ZN4Anki8Embedded8Array_s8C1EiiRNS0_11MemoryStackEb
                0x00000000        0x0 ./output/obj/Board.o
 .rela.text._ZN4Anki8Embedded8Array_s8C2EiiRNS0_11MemoryStackEb
                0x00000000        0x0 ./output/obj/Board.o
 .rela.text._ZN4Anki8Embedded9Array_f32C1EiiRNS0_11MemoryStackEb
                0x00000000        0x0 ./output/obj/Board.o
 .rela.text._ZN4Anki8Embedded9Array_f32C2EiiRNS0_11MemoryStackEb
                0x00000000        0x0 ./output/obj/Board.o
 .rela.text._ZN4Anki8Embedded15Array_Point_s16C1EiiRNS0_11MemoryStackEb
                0x00000000        0x0 ./output/obj/Board.o
 .rela.text._ZN4Anki8Embedded15Array_Point_s16C2EiiRNS0_11MemoryStackEb
                0x00000000        0x0 ./output/obj/Board.o
 .rela.text._ZN4Anki8Embedded9Array_u32C1EiiRNS0_11MemoryStackEb
                0x00000000        0x0 ./output/obj/Board.o
 .rela.text._ZN4Anki8Embedded9Array_u32C2EiiRNS0_11MemoryStackEb
                0x00000000        0x0 ./output/obj/Board.o
 .rela.text._ZN4Anki8Embedded9Array_u16C1EiiRNS0_11MemoryStackEb
                0x00000000        0x0 ./output/obj/Board.o
 .rela.text._ZN4Anki8Embedded9Array_u16C2EiiRNS0_11MemoryStackEb
                0x00000000        0x0 ./output/obj/Board.o
 .rela.text._ZN4Anki8Embedded9Array_s32C1EiiRNS0_11MemoryStackEb
                0x00000000        0x0 ./output/obj/Board.o
 .rela.text._ZN4Anki8Embedded9Array_s32C2EiiRNS0_11MemoryStackEb
                0x00000000        0x0 ./output/obj/Board.o
 .rela.text._ZN4Anki8Embedded9Array_f64C1EiiRNS0_11MemoryStackEb
                0x00000000        0x0 ./output/obj/Board.o
 .rela.text._ZN4Anki8Embedded9Array_f64C2EiiRNS0_11MemoryStackEb
                0x00000000        0x0 ./output/obj/Board.o
 .rela.text._ZN4Anki8Embedded9Array_s16C1EiiRNS0_11MemoryStackEb
                0x00000000        0x0 ./output/obj/Board.o
 .rela.text._ZN4Anki8Embedded9Array_s16C2EiiRNS0_11MemoryStackEb
                0x00000000        0x0 ./output/obj/Board.o
 .rela.eh_frame
                0x00000000        0x0 ./output/obj/Board.o
 .rela.text._ZN4Anki8Embedded31ComputeCharacteristicScaleImageERKNS0_8Array_u8EiRNS0_9Array_u32ENS0_11MemoryStackE
                0x00000000        0x0 ./output/obj/Board.o
 .rela.text._ZN4Anki8Embedded25FixedLengthList_Point_s167PopBackEv
                0x00000000        0x0 ./output/obj/Board.o
 .rela.text.RUN_ALL_BENCHMARKS
                0x00000000        0x0 ./output/obj/Board.o
                0x00000001                ASSERT ((. == 0x0), .stuff section caught data! This means your application has sections placed nowhere which may be fatal!)
LOAD ./output/obj/Board.o
LOAD ./output/obj/DrvCif.o
LOAD ./output/obj/DrvCpr.o
LOAD ./output/obj/DrvDdr.o
LOAD ./output/obj/DrvGpio.o
LOAD ./output/obj/DrvHsdio.o
LOAD ./output/obj/DrvI2c.o
LOAD ./output/obj/DrvI2cMaster.o
LOAD ./output/obj/DrvI2s.o
LOAD ./output/obj/DrvIcb.o
LOAD ./output/obj/DrvL2Cache.o
LOAD ./output/obj/DrvLcd.o
LOAD ./output/obj/DrvPwm.o
LOAD ./output/obj/DrvRegUtils.o
LOAD ./output/obj/DrvSpi.o
LOAD ./output/obj/DrvSvu.o
LOAD ./output/obj/DrvSvuDebug.o
LOAD ./output/obj/DrvTimer.o
LOAD ./output/obj/DrvUart.o
LOAD ./output/obj/DrvVcs.o
LOAD ./output/obj/brdMv0153.o
LOAD ./output/obj/brdMv0155.o
LOAD ./output/obj/brdMv0155DCard.o
LOAD ./output/obj/brdMv0160DCard.o
LOAD ./output/obj/brdMv0161DCard.o
LOAD ./output/obj/brdMv0162.o
LOAD ./output/obj/brdMv0163.o
LOAD ./output/obj/brdMv0163DCard.o
LOAD ./output/obj/brdMv0167DCard.o
LOAD ./output/obj/brdMv0171.o
LOAD ./output/obj/brdMv0171DCard.o
LOAD ./output/obj/brdMv0172DCard.o
LOAD ./output/obj/brdMv0174DCard.o
LOAD ./output/obj/brdMv0177DCard.o
LOAD ./output/obj/icEeprom.o
LOAD ./output/obj/icMipiTC358746.o
LOAD ./output/obj/icPllCDCE913.o
LOAD ./output/obj/icRegulatorLT3906.o
LOAD ./output/obj/math_consts.o
LOAD ./output/obj/memcpy_fast.o
LOAD ./output/obj/memset_fast.o
LOAD ./output/obj/puts.o
LOAD ./output/obj/strtol.o
LOAD ./output/obj/swcCrc.o
LOAD ./output/obj/swcL2Cache.o
LOAD ./output/obj/swcLedControl.o
LOAD ./output/obj/swcLeonMath.o
LOAD ./output/obj/swcLeonUtils.o
LOAD ./output/obj/swcMemoryTransfer.o
LOAD ./output/obj/swcRandom.o
LOAD ./output/obj/swcShaveLoader.o
LOAD ./output/obj/swcSliceUtils.o
LOAD ./output/obj/swcTestUtils.o
LOAD ./output/obj/asinf_acosf.o
LOAD ./output/obj/crt0.o
LOAD ./output/obj/expf_exp2f_exp10f.o
LOAD ./output/obj/frexpf.o
LOAD ./output/obj/ldexpf.o
LOAD ./output/obj/logf_log2f_log10f.o
LOAD ./output/obj/memmap.o
LOAD ./output/obj/misc.o
LOAD ./output/obj/modff_ceilf_floorf.o
LOAD ./output/obj/mp_rom.o
LOAD ./output/obj/sinf_cosf.o
LOAD ./output/obj/stdio.xprintf.o
LOAD ./output/obj/string.memchr_strchr.o
LOAD ./output/obj/string.memcmp_strncmp_strcmp.o
LOAD ./output/obj/string.memmove_memcpy.o
LOAD ./output/obj/string.memset.o
LOAD ./output/obj/string.strcat_strncat.o
LOAD ./output/obj/string.strcpy_strncpy.o
LOAD ./output/obj/string.strcspn_strlen.o
LOAD ./output/obj/string.strrchr.o
LOAD ./output/obj/string.strspn.o
LOAD ./output/obj/string.strstr.o
LOAD ./output/obj/sysbss.o
LOAD ./output/obj/tanf.o
LOAD ./output/obj/traps.o
LOAD ./output/obj/app_config.o
LOAD ./output/obj/main.o
LOAD ./output/obj/array2d.o
LOAD ./output/obj/binomialFilter.o
LOAD ./output/obj/computeCharacteristicScale.o
LOAD ./output/obj/dasLight.o
LOAD ./output/obj/downsampleByFactor.o
LOAD ./output/obj/fixedLengthList.o
LOAD ./output/obj/matlabInterface.o
LOAD ./output/obj/memory.o
LOAD ./output/obj/movidius_visionBenchmarks.o
LOAD ./output/obj/point.o
LOAD ./output/obj/traceBoundary.o
LOAD ./output/obj/utilities.o
LOAD ./output/obj/visionBenchmarks.o
LOAD ./output/obj/shave_common.sym.o
OUTPUT(output/coretech-vision-benchmarks_leon.elf elf32-sparc)
