<!doctype html public "-//w3c//dtd html 4.0 transitional//en">
<html><head>
<title>Static Call Graph - [.\build\robot.axf]</title></head>
<body><HR>
<H1>Static Call Graph for image .\build\robot.axf</H1><HR>
<BR><P>#&#060CALLGRAPH&#062# ARM Linker, 5040049: Last Updated: Tue Mar 17 13:47:54 2015
<BR><P>
<H3>Maximum Stack Usage =       1552 bytes + Unknown(Functions without stacksize, Cycles, Untraceable Function Pointers)</H3><H3>
Call chain for Maximum Stack Depth:</H3>
DMA2_Stream1_IRQHandler &rArr; Anki::Cozmo::Robot::step_MainExecution() &rArr; Anki::Cozmo::TestModeController::Start(Anki::Cozmo::TestMode, int, int, int) &rArr; Anki::Cozmo::AnimationController::Play(int, unsigned) &rArr; Anki::Cozmo::Animation::Init() &rArr; Anki::Cozmo::Animation::SortKeyFrames() &rArr; Anki::Cozmo::Messages::SendText(const char*, ...) &rArr; Anki::Cozmo::Messages::SendText(const char*, std::__va_list) &rArr; __c89vsnprintf &rArr; _printf_char_common &rArr; __printf
<P>
<H3>
Functions with no stack information
</H3><UL>
 <LI><a href="#[17e]">__user_initial_stackheap</a>
</UL>
</UL>
<P>
<H3>
Mutually Recursive functions
</H3> <LI><a href="#[1d]">NMI_Handler</a>&nbsp;&nbsp;&nbsp;&rArr;&nbsp;&nbsp;&nbsp;<a href="#[1d]">NMI_Handler</a><BR>
 <LI><a href="#[1e]">HardFault_Handler</a>&nbsp;&nbsp;&nbsp;&rArr;&nbsp;&nbsp;&nbsp;<a href="#[1e]">HardFault_Handler</a><BR>
 <LI><a href="#[1f]">MemManage_Handler</a>&nbsp;&nbsp;&nbsp;&rArr;&nbsp;&nbsp;&nbsp;<a href="#[1f]">MemManage_Handler</a><BR>
 <LI><a href="#[20]">BusFault_Handler</a>&nbsp;&nbsp;&nbsp;&rArr;&nbsp;&nbsp;&nbsp;<a href="#[20]">BusFault_Handler</a><BR>
 <LI><a href="#[21]">UsageFault_Handler</a>&nbsp;&nbsp;&nbsp;&rArr;&nbsp;&nbsp;&nbsp;<a href="#[21]">UsageFault_Handler</a><BR>
 <LI><a href="#[22]">SVC_Handler</a>&nbsp;&nbsp;&nbsp;&rArr;&nbsp;&nbsp;&nbsp;<a href="#[22]">SVC_Handler</a><BR>
 <LI><a href="#[23]">DebugMon_Handler</a>&nbsp;&nbsp;&nbsp;&rArr;&nbsp;&nbsp;&nbsp;<a href="#[23]">DebugMon_Handler</a><BR>
 <LI><a href="#[24]">PendSV_Handler</a>&nbsp;&nbsp;&nbsp;&rArr;&nbsp;&nbsp;&nbsp;<a href="#[24]">PendSV_Handler</a><BR>
 <LI><a href="#[25]">SysTick_Handler</a>&nbsp;&nbsp;&nbsp;&rArr;&nbsp;&nbsp;&nbsp;<a href="#[25]">SysTick_Handler</a><BR>
 <LI><a href="#[38]">ADC_IRQHandler</a>&nbsp;&nbsp;&nbsp;&rArr;&nbsp;&nbsp;&nbsp;<a href="#[38]">ADC_IRQHandler</a><BR>
 <LI><a href="#[143]">_sys_exit</a>&nbsp;&nbsp;&nbsp;&rArr;&nbsp;&nbsp;&nbsp;<a href="#[143]">_sys_exit</a><BR>
</UL>
<P>
<H3>
Function Pointers
</H3><UL>
 <LI><a href="#[38]">ADC_IRQHandler</a> from startup_stm32f429_439xx.o(.text) referenced from startup_stm32f429_439xx.o(RESET)
 <LI><a href="#[20]">BusFault_Handler</a> from startup_stm32f429_439xx.o(.text) referenced from startup_stm32f429_439xx.o(RESET)
 <LI><a href="#[3a]">CAN1_RX0_IRQHandler</a> from startup_stm32f429_439xx.o(.text) referenced from startup_stm32f429_439xx.o(RESET)
 <LI><a href="#[3b]">CAN1_RX1_IRQHandler</a> from startup_stm32f429_439xx.o(.text) referenced from startup_stm32f429_439xx.o(RESET)
 <LI><a href="#[3c]">CAN1_SCE_IRQHandler</a> from startup_stm32f429_439xx.o(.text) referenced from startup_stm32f429_439xx.o(RESET)
 <LI><a href="#[39]">CAN1_TX_IRQHandler</a> from startup_stm32f429_439xx.o(.text) referenced from startup_stm32f429_439xx.o(RESET)
 <LI><a href="#[66]">CAN2_RX0_IRQHandler</a> from startup_stm32f429_439xx.o(.text) referenced from startup_stm32f429_439xx.o(RESET)
 <LI><a href="#[67]">CAN2_RX1_IRQHandler</a> from startup_stm32f429_439xx.o(.text) referenced from startup_stm32f429_439xx.o(RESET)
 <LI><a href="#[68]">CAN2_SCE_IRQHandler</a> from startup_stm32f429_439xx.o(.text) referenced from startup_stm32f429_439xx.o(RESET)
 <LI><a href="#[65]">CAN2_TX_IRQHandler</a> from startup_stm32f429_439xx.o(.text) referenced from startup_stm32f429_439xx.o(RESET)
 <LI><a href="#[75]">CRYP_IRQHandler</a> from startup_stm32f429_439xx.o(.text) referenced from startup_stm32f429_439xx.o(RESET)
 <LI><a href="#[74]">DCMI_IRQHandler</a> from startup_stm32f429_439xx.o(.text) referenced from startup_stm32f429_439xx.o(RESET)
 <LI><a href="#[31]">DMA1_Stream0_IRQHandler</a> from startup_stm32f429_439xx.o(.text) referenced from startup_stm32f429_439xx.o(RESET)
 <LI><a href="#[32]">DMA1_Stream1_IRQHandler</a> from startup_stm32f429_439xx.o(.text) referenced from startup_stm32f429_439xx.o(RESET)
 <LI><a href="#[33]">DMA1_Stream2_IRQHandler</a> from startup_stm32f429_439xx.o(.text) referenced from startup_stm32f429_439xx.o(RESET)
 <LI><a href="#[34]">DMA1_Stream3_IRQHandler</a> from startup_stm32f429_439xx.o(.text) referenced from startup_stm32f429_439xx.o(RESET)
 <LI><a href="#[35]">DMA1_Stream4_IRQHandler</a> from startup_stm32f429_439xx.o(.text) referenced from startup_stm32f429_439xx.o(RESET)
 <LI><a href="#[36]">DMA1_Stream5_IRQHandler</a> from startup_stm32f429_439xx.o(.text) referenced from startup_stm32f429_439xx.o(RESET)
 <LI><a href="#[37]">DMA1_Stream6_IRQHandler</a> from uart.o(i.DMA1_Stream6_IRQHandler) referenced from startup_stm32f429_439xx.o(RESET)
 <LI><a href="#[55]">DMA1_Stream7_IRQHandler</a> from startup_stm32f429_439xx.o(.text) referenced from startup_stm32f429_439xx.o(RESET)
 <LI><a href="#[80]">DMA2D_IRQHandler</a> from startup_stm32f429_439xx.o(.text) referenced from startup_stm32f429_439xx.o(RESET)
 <LI><a href="#[5e]">DMA2_Stream0_IRQHandler</a> from startup_stm32f429_439xx.o(.text) referenced from startup_stm32f429_439xx.o(RESET)
 <LI><a href="#[5f]">DMA2_Stream1_IRQHandler</a> from spi.o(i.DMA2_Stream1_IRQHandler) referenced from startup_stm32f429_439xx.o(RESET)
 <LI><a href="#[60]">DMA2_Stream2_IRQHandler</a> from startup_stm32f429_439xx.o(.text) referenced from startup_stm32f429_439xx.o(RESET)
 <LI><a href="#[61]">DMA2_Stream3_IRQHandler</a> from startup_stm32f429_439xx.o(.text) referenced from startup_stm32f429_439xx.o(RESET)
 <LI><a href="#[62]">DMA2_Stream4_IRQHandler</a> from startup_stm32f429_439xx.o(.text) referenced from startup_stm32f429_439xx.o(RESET)
 <LI><a href="#[6a]">DMA2_Stream5_IRQHandler</a> from startup_stm32f429_439xx.o(.text) referenced from startup_stm32f429_439xx.o(RESET)
 <LI><a href="#[6b]">DMA2_Stream6_IRQHandler</a> from spi.o(i.DMA2_Stream6_IRQHandler) referenced from startup_stm32f429_439xx.o(RESET)
 <LI><a href="#[6c]">DMA2_Stream7_IRQHandler</a> from startup_stm32f429_439xx.o(.text) referenced from startup_stm32f429_439xx.o(RESET)
 <LI><a href="#[23]">DebugMon_Handler</a> from startup_stm32f429_439xx.o(.text) referenced from startup_stm32f429_439xx.o(RESET)
 <LI><a href="#[63]">ETH_IRQHandler</a> from startup_stm32f429_439xx.o(.text) referenced from startup_stm32f429_439xx.o(RESET)
 <LI><a href="#[64]">ETH_WKUP_IRQHandler</a> from startup_stm32f429_439xx.o(.text) referenced from startup_stm32f429_439xx.o(RESET)
 <LI><a href="#[2c]">EXTI0_IRQHandler</a> from startup_stm32f429_439xx.o(.text) referenced from startup_stm32f429_439xx.o(RESET)
 <LI><a href="#[4e]">EXTI15_10_IRQHandler</a> from startup_stm32f429_439xx.o(.text) referenced from startup_stm32f429_439xx.o(RESET)
 <LI><a href="#[2d]">EXTI1_IRQHandler</a> from startup_stm32f429_439xx.o(.text) referenced from startup_stm32f429_439xx.o(RESET)
 <LI><a href="#[2e]">EXTI2_IRQHandler</a> from startup_stm32f429_439xx.o(.text) referenced from startup_stm32f429_439xx.o(RESET)
 <LI><a href="#[2f]">EXTI3_IRQHandler</a> from startup_stm32f429_439xx.o(.text) referenced from startup_stm32f429_439xx.o(RESET)
 <LI><a href="#[30]">EXTI4_IRQHandler</a> from startup_stm32f429_439xx.o(.text) referenced from startup_stm32f429_439xx.o(RESET)
 <LI><a href="#[3d]">EXTI9_5_IRQHandler</a> from startup_stm32f429_439xx.o(.text) referenced from startup_stm32f429_439xx.o(RESET)
 <LI><a href="#[2a]">FLASH_IRQHandler</a> from startup_stm32f429_439xx.o(.text) referenced from startup_stm32f429_439xx.o(RESET)
 <LI><a href="#[56]">FMC_IRQHandler</a> from startup_stm32f429_439xx.o(.text) referenced from startup_stm32f429_439xx.o(RESET)
 <LI><a href="#[77]">FPU_IRQHandler</a> from startup_stm32f429_439xx.o(.text) referenced from startup_stm32f429_439xx.o(RESET)
 <LI><a href="#[76]">HASH_RNG_IRQHandler</a> from startup_stm32f429_439xx.o(.text) referenced from startup_stm32f429_439xx.o(RESET)
 <LI><a href="#[1e]">HardFault_Handler</a> from startup_stm32f429_439xx.o(.text) referenced from startup_stm32f429_439xx.o(RESET)
 <LI><a href="#[46]">I2C1_ER_IRQHandler</a> from startup_stm32f429_439xx.o(.text) referenced from startup_stm32f429_439xx.o(RESET)
 <LI><a href="#[45]">I2C1_EV_IRQHandler</a> from startup_stm32f429_439xx.o(.text) referenced from startup_stm32f429_439xx.o(RESET)
 <LI><a href="#[48]">I2C2_ER_IRQHandler</a> from startup_stm32f429_439xx.o(.text) referenced from startup_stm32f429_439xx.o(RESET)
 <LI><a href="#[47]">I2C2_EV_IRQHandler</a> from startup_stm32f429_439xx.o(.text) referenced from startup_stm32f429_439xx.o(RESET)
 <LI><a href="#[6f]">I2C3_ER_IRQHandler</a> from startup_stm32f429_439xx.o(.text) referenced from startup_stm32f429_439xx.o(RESET)
 <LI><a href="#[6e]">I2C3_EV_IRQHandler</a> from startup_stm32f429_439xx.o(.text) referenced from startup_stm32f429_439xx.o(RESET)
 <LI><a href="#[7f]">LTDC_ER_IRQHandler</a> from startup_stm32f429_439xx.o(.text) referenced from startup_stm32f429_439xx.o(RESET)
 <LI><a href="#[7e]">LTDC_IRQHandler</a> from startup_stm32f429_439xx.o(.text) referenced from startup_stm32f429_439xx.o(RESET)
 <LI><a href="#[1f]">MemManage_Handler</a> from startup_stm32f429_439xx.o(.text) referenced from startup_stm32f429_439xx.o(RESET)
 <LI><a href="#[1d]">NMI_Handler</a> from startup_stm32f429_439xx.o(.text) referenced from startup_stm32f429_439xx.o(RESET)
 <LI><a href="#[69]">OTG_FS_IRQHandler</a> from startup_stm32f429_439xx.o(.text) referenced from startup_stm32f429_439xx.o(RESET)
 <LI><a href="#[50]">OTG_FS_WKUP_IRQHandler</a> from startup_stm32f429_439xx.o(.text) referenced from startup_stm32f429_439xx.o(RESET)
 <LI><a href="#[71]">OTG_HS_EP1_IN_IRQHandler</a> from startup_stm32f429_439xx.o(.text) referenced from startup_stm32f429_439xx.o(RESET)
 <LI><a href="#[70]">OTG_HS_EP1_OUT_IRQHandler</a> from startup_stm32f429_439xx.o(.text) referenced from startup_stm32f429_439xx.o(RESET)
 <LI><a href="#[73]">OTG_HS_IRQHandler</a> from startup_stm32f429_439xx.o(.text) referenced from startup_stm32f429_439xx.o(RESET)
 <LI><a href="#[72]">OTG_HS_WKUP_IRQHandler</a> from startup_stm32f429_439xx.o(.text) referenced from startup_stm32f429_439xx.o(RESET)
 <LI><a href="#[27]">PVD_IRQHandler</a> from startup_stm32f429_439xx.o(.text) referenced from startup_stm32f429_439xx.o(RESET)
 <LI><a href="#[24]">PendSV_Handler</a> from startup_stm32f429_439xx.o(.text) referenced from startup_stm32f429_439xx.o(RESET)
 <LI><a href="#[2b]">RCC_IRQHandler</a> from startup_stm32f429_439xx.o(.text) referenced from startup_stm32f429_439xx.o(RESET)
 <LI><a href="#[4f]">RTC_Alarm_IRQHandler</a> from startup_stm32f429_439xx.o(.text) referenced from startup_stm32f429_439xx.o(RESET)
 <LI><a href="#[29]">RTC_WKUP_IRQHandler</a> from startup_stm32f429_439xx.o(.text) referenced from startup_stm32f429_439xx.o(RESET)
 <LI><a href="#[1c]">Reset_Handler</a> from startup_stm32f429_439xx.o(.text) referenced from startup_stm32f429_439xx.o(RESET)
 <LI><a href="#[7d]">SAI1_IRQHandler</a> from startup_stm32f429_439xx.o(.text) referenced from startup_stm32f429_439xx.o(RESET)
 <LI><a href="#[57]">SDIO_IRQHandler</a> from startup_stm32f429_439xx.o(.text) referenced from startup_stm32f429_439xx.o(RESET)
 <LI><a href="#[49]">SPI1_IRQHandler</a> from startup_stm32f429_439xx.o(.text) referenced from startup_stm32f429_439xx.o(RESET)
 <LI><a href="#[4a]">SPI2_IRQHandler</a> from startup_stm32f429_439xx.o(.text) referenced from startup_stm32f429_439xx.o(RESET)
 <LI><a href="#[59]">SPI3_IRQHandler</a> from startup_stm32f429_439xx.o(.text) referenced from startup_stm32f429_439xx.o(RESET)
 <LI><a href="#[7a]">SPI4_IRQHandler</a> from startup_stm32f429_439xx.o(.text) referenced from startup_stm32f429_439xx.o(RESET)
 <LI><a href="#[7b]">SPI5_IRQHandler</a> from startup_stm32f429_439xx.o(.text) referenced from startup_stm32f429_439xx.o(RESET)
 <LI><a href="#[7c]">SPI6_IRQHandler</a> from startup_stm32f429_439xx.o(.text) referenced from startup_stm32f429_439xx.o(RESET)
 <LI><a href="#[22]">SVC_Handler</a> from startup_stm32f429_439xx.o(.text) referenced from startup_stm32f429_439xx.o(RESET)
 <LI><a href="#[25]">SysTick_Handler</a> from startup_stm32f429_439xx.o(.text) referenced from startup_stm32f429_439xx.o(RESET)
 <LI><a href="#[81]">SystemInit</a> from system_stm32f4xx.o(i.SystemInit) referenced from startup_stm32f429_439xx.o(.text)
 <LI><a href="#[28]">TAMP_STAMP_IRQHandler</a> from startup_stm32f429_439xx.o(.text) referenced from startup_stm32f429_439xx.o(RESET)
 <LI><a href="#[3e]">TIM1_BRK_TIM9_IRQHandler</a> from startup_stm32f429_439xx.o(.text) referenced from startup_stm32f429_439xx.o(RESET)
 <LI><a href="#[41]">TIM1_CC_IRQHandler</a> from startup_stm32f429_439xx.o(.text) referenced from startup_stm32f429_439xx.o(RESET)
 <LI><a href="#[40]">TIM1_TRG_COM_TIM11_IRQHandler</a> from lights.o(i.TIM1_TRG_COM_TIM11_IRQHandler) referenced from startup_stm32f429_439xx.o(RESET)
 <LI><a href="#[3f]">TIM1_UP_TIM10_IRQHandler</a> from startup_stm32f429_439xx.o(.text) referenced from startup_stm32f429_439xx.o(RESET)
 <LI><a href="#[42]">TIM2_IRQHandler</a> from startup_stm32f429_439xx.o(.text) referenced from startup_stm32f429_439xx.o(RESET)
 <LI><a href="#[43]">TIM3_IRQHandler</a> from startup_stm32f429_439xx.o(.text) referenced from startup_stm32f429_439xx.o(RESET)
 <LI><a href="#[44]">TIM4_IRQHandler</a> from startup_stm32f429_439xx.o(.text) referenced from startup_stm32f429_439xx.o(RESET)
 <LI><a href="#[58]">TIM5_IRQHandler</a> from startup_stm32f429_439xx.o(.text) referenced from startup_stm32f429_439xx.o(RESET)
 <LI><a href="#[5c]">TIM6_DAC_IRQHandler</a> from startup_stm32f429_439xx.o(.text) referenced from startup_stm32f429_439xx.o(RESET)
 <LI><a href="#[5d]">TIM7_IRQHandler</a> from startup_stm32f429_439xx.o(.text) referenced from startup_stm32f429_439xx.o(RESET)
 <LI><a href="#[51]">TIM8_BRK_TIM12_IRQHandler</a> from startup_stm32f429_439xx.o(.text) referenced from startup_stm32f429_439xx.o(RESET)
 <LI><a href="#[54]">TIM8_CC_IRQHandler</a> from startup_stm32f429_439xx.o(.text) referenced from startup_stm32f429_439xx.o(RESET)
 <LI><a href="#[53]">TIM8_TRG_COM_TIM14_IRQHandler</a> from startup_stm32f429_439xx.o(.text) referenced from startup_stm32f429_439xx.o(RESET)
 <LI><a href="#[52]">TIM8_UP_TIM13_IRQHandler</a> from startup_stm32f429_439xx.o(.text) referenced from startup_stm32f429_439xx.o(RESET)
 <LI><a href="#[5a]">UART4_IRQHandler</a> from startup_stm32f429_439xx.o(.text) referenced from startup_stm32f429_439xx.o(RESET)
 <LI><a href="#[5b]">UART5_IRQHandler</a> from startup_stm32f429_439xx.o(.text) referenced from startup_stm32f429_439xx.o(RESET)
 <LI><a href="#[78]">UART7_IRQHandler</a> from startup_stm32f429_439xx.o(.text) referenced from startup_stm32f429_439xx.o(RESET)
 <LI><a href="#[79]">UART8_IRQHandler</a> from startup_stm32f429_439xx.o(.text) referenced from startup_stm32f429_439xx.o(RESET)
 <LI><a href="#[4b]">USART1_IRQHandler</a> from startup_stm32f429_439xx.o(.text) referenced from startup_stm32f429_439xx.o(RESET)
 <LI><a href="#[4c]">USART2_IRQHandler</a> from startup_stm32f429_439xx.o(.text) referenced from startup_stm32f429_439xx.o(RESET)
 <LI><a href="#[4d]">USART3_IRQHandler</a> from startup_stm32f429_439xx.o(.text) referenced from startup_stm32f429_439xx.o(RESET)
 <LI><a href="#[6d]">USART6_IRQHandler</a> from startup_stm32f429_439xx.o(.text) referenced from startup_stm32f429_439xx.o(RESET)
 <LI><a href="#[21]">UsageFault_Handler</a> from startup_stm32f429_439xx.o(.text) referenced from startup_stm32f429_439xx.o(RESET)
 <LI><a href="#[26]">WWDG_IRQHandler</a> from startup_stm32f429_439xx.o(.text) referenced from startup_stm32f429_439xx.o(RESET)
 <LI><a href="#[99]">__default_new_handler()</a> from arm_newhandler_noexceptions.o(.text) referenced from new.o(i._Znwj)
 <LI><a href="#[87]">__default_terminate_handler()</a> from arm_exceptions_globs.o(.text) referenced from arm_exceptions_globs.o(.text)
 <LI><a href="#[90]">Anki::Cozmo::TestModeController::IMUTestUpdate()</a> from testmodecontroller.o(i._ZN4Anki5Cozmo18TestModeController13IMUTestUpdateEv) referenced from testmodecontroller.o(i._ZN4Anki5Cozmo18TestModeController5StartENS0_8TestModeEiii)
 <LI><a href="#[91]">Anki::Cozmo::TestModeController::AnimTestUpdate()</a> from testmodecontroller.o(i._ZN4Anki5Cozmo18TestModeController14AnimTestUpdateEv) referenced from testmodecontroller.o(i._ZN4Anki5Cozmo18TestModeController5StartENS0_8TestModeEiii)
 <LI><a href="#[8f]">Anki::Cozmo::TestModeController::HeadTestUpdate()</a> from testmodecontroller.o(i._ZN4Anki5Cozmo18TestModeController14HeadTestUpdateEv) referenced from testmodecontroller.o(i._ZN4Anki5Cozmo18TestModeController5StartENS0_8TestModeEiii)
 <LI><a href="#[8d]">Anki::Cozmo::TestModeController::LiftTestUpdate()</a> from testmodecontroller.o(i._ZN4Anki5Cozmo18TestModeController14LiftTestUpdateEv) referenced from testmodecontroller.o(i._ZN4Anki5Cozmo18TestModeController5StartENS0_8TestModeEiii)
 <LI><a href="#[93]">Anki::Cozmo::TestModeController::StopTestUpdate()</a> from testmodecontroller.o(i._ZN4Anki5Cozmo18TestModeController14StopTestUpdateEv) referenced from testmodecontroller.o(i._ZN4Anki5Cozmo18TestModeController5StartENS0_8TestModeEiii)
 <LI><a href="#[8c]">Anki::Cozmo::TestModeController::DriveTestUpdate()</a> from testmodecontroller.o(i._ZN4Anki5Cozmo18TestModeController15DriveTestUpdateEv) referenced from testmodecontroller.o(i._ZN4Anki5Cozmo18TestModeController5StartENS0_8TestModeEiii)
 <LI><a href="#[92]">Anki::Cozmo::TestModeController::LightTestUpdate()</a> from testmodecontroller.o(i._ZN4Anki5Cozmo18TestModeController15LightTestUpdateEv) referenced from testmodecontroller.o(i._ZN4Anki5Cozmo18TestModeController5StartENS0_8TestModeEiii)
 <LI><a href="#[89]">Anki::Cozmo::TestModeController::DockPathTestUpdate()</a> from testmodecontroller.o(i._ZN4Anki5Cozmo18TestModeController18DockPathTestUpdateEv) referenced from testmodecontroller.o(i._ZN4Anki5Cozmo18TestModeController5StartENS0_8TestModeEiii)
 <LI><a href="#[94]">Anki::Cozmo::TestModeController::MaxPowerTestUpdate()</a> from testmodecontroller.o(i._ZN4Anki5Cozmo18TestModeController18MaxPowerTestUpdateEv) referenced from testmodecontroller.o(i._ZN4Anki5Cozmo18TestModeController5StartENS0_8TestModeEiii)
 <LI><a href="#[95]">Anki::Cozmo::TestModeController::FaceTrackTestUpdate()</a> from testmodecontroller.o(i._ZN4Anki5Cozmo18TestModeController19FaceTrackTestUpdateEv) referenced from testmodecontroller.o(i._ZN4Anki5Cozmo18TestModeController5StartENS0_8TestModeEiii)
 <LI><a href="#[8e]">Anki::Cozmo::TestModeController::LiftToggleTestUpdate()</a> from testmodecontroller.o(i._ZN4Anki5Cozmo18TestModeController20LiftToggleTestUpdateEv) referenced from testmodecontroller.o(i._ZN4Anki5Cozmo18TestModeController5StartENS0_8TestModeEiii)
 <LI><a href="#[8a]">Anki::Cozmo::TestModeController::PathFollowTestUpdate()</a> from testmodecontroller.o(i._ZN4Anki5Cozmo18TestModeController20PathFollowTestUpdateEv) referenced from testmodecontroller.o(i._ZN4Anki5Cozmo18TestModeController5StartENS0_8TestModeEiii)
 <LI><a href="#[88]">Anki::Cozmo::TestModeController::PickAndPlaceTestUpdate()</a> from testmodecontroller.o(i._ZN4Anki5Cozmo18TestModeController22PickAndPlaceTestUpdateEv) referenced from testmodecontroller.o(i._ZN4Anki5Cozmo18TestModeController5StartENS0_8TestModeEiii)
 <LI><a href="#[8b]">Anki::Cozmo::TestModeController::PathFollowConvenienceFuncTestUpdate()</a> from testmodecontroller.o(i._ZN4Anki5Cozmo18TestModeController35PathFollowConvenienceFuncTestUpdateEv) referenced from testmodecontroller.o(i._ZN4Anki5Cozmo18TestModeController5StartENS0_8TestModeEiii)
 <LI><a href="#[1a]">Anki::Cozmo::HAL::UARTGetCharacter(unsigned)</a> from uart.o(i._ZN4Anki5Cozmo3HAL16UARTGetCharacterEj) referenced 2 times from uart.o(.data)
 <LI><a href="#[19]">Anki::Cozmo::HAL::UARTStartTransfer()</a> from uart.o(i._ZN4Anki5Cozmo3HAL17UARTStartTransferEv) referenced 2 times from uart.o(.data)
 <LI><a href="#[d7]">Anki::Cozmo::Messages::ProcessPingMessage(const unsigned char*)</a> from messages.o(i._ZN4Anki5Cozmo8Messages18ProcessPingMessageEPKh) referenced from messages.o(.constdata)
 <LI><a href="#[a3]">Anki::Cozmo::Messages::ProcessMoveHeadMessage(const unsigned char*)</a> from messages.o(i._ZN4Anki5Cozmo8Messages22ProcessMoveHeadMessageEPKh) referenced from messages.o(.constdata)
 <LI><a href="#[a2]">Anki::Cozmo::Messages::ProcessMoveLiftMessage(const unsigned char*)</a> from messages.o(i._ZN4Anki5Cozmo8Messages22ProcessMoveLiftMessageEPKh) referenced from messages.o(.constdata)
 <LI><a href="#[b1]">Anki::Cozmo::Messages::ProcessSyncTimeMessage(const unsigned char*)</a> from messages.o(i._ZN4Anki5Cozmo8Messages22ProcessSyncTimeMessageEPKh) referenced from messages.o(.constdata)
 <LI><a href="#[ab]">Anki::Cozmo::Messages::ProcessTrimPathMessage(const unsigned char*)</a> from messages.o(i._ZN4Anki5Cozmo8Messages22ProcessTrimPathMessageEPKh) referenced from messages.o(.constdata)
 <LI><a href="#[a7]">Anki::Cozmo::Messages::ProcessClearPathMessage(const unsigned char*)</a> from messages.o(i._ZN4Anki5Cozmo8Messages23ProcessClearPathMessageEPKh) referenced from messages.o(.constdata)
 <LI><a href="#[d5]">Anki::Cozmo::Messages::ProcessIMURequestMessage(const unsigned char*)</a> from messages.o(i._ZN4Anki5Cozmo8Messages24ProcessIMURequestMessageEPKh) referenced from messages.o(.constdata)
 <LI><a href="#[a0]">Anki::Cozmo::Messages::ProcessDriveWheelsMessage(const unsigned char*)</a> from messages.o(i._ZN4Anki5Cozmo8Messages25ProcessDriveWheelsMessageEPKh) referenced from messages.o(.constdata)
 <LI><a href="#[ac]">Anki::Cozmo::Messages::ProcessExecutePathMessage(const unsigned char*)</a> from messages.o(i._ZN4Anki5Cozmo8Messages25ProcessExecutePathMessageEPKh) referenced from messages.o(.constdata)
 <LI><a href="#[ae]">Anki::Cozmo::Messages::ProcessAbortDockingMessage(const unsigned char*)</a> from messages.o(i._ZN4Anki5Cozmo8Messages26ProcessAbortDockingMessageEPKh) referenced from messages.o(.constdata)
 <LI><a href="#[d6]">Anki::Cozmo::Messages::ProcessFaceTrackingMessage(const unsigned char*)</a> from messages.o(i._ZN4Anki5Cozmo8Messages26ProcessFaceTrackingMessageEPKh) referenced from messages.o(.constdata)
 <LI><a href="#[b3]">Anki::Cozmo::Messages::ProcessImageRequestMessage(const unsigned char*)</a> from messages.o(i._ZN4Anki5Cozmo8Messages26ProcessImageRequestMessageEPKh) referenced from messages.o(.constdata)
 <LI><a href="#[a5]">Anki::Cozmo::Messages::ProcessSetHeadAngleMessage(const unsigned char*)</a> from messages.o(i._ZN4Anki5Cozmo8Messages26ProcessSetHeadAngleMessageEPKh) referenced from messages.o(.constdata)
 <LI><a href="#[b5]">Anki::Cozmo::Messages::ProcessSetHeadlightMessage(const unsigned char*)</a> from messages.o(i._ZN4Anki5Cozmo8Messages26ProcessSetHeadlightMessageEPKh) referenced from messages.o(.constdata)
 <LI><a href="#[bb]">Anki::Cozmo::Messages::ProcessFaceDetectionMessage(const unsigned char*)</a> from messages.o(i._ZN4Anki5Cozmo8Messages27ProcessFaceDetectionMessageEPKh) referenced from messages.o(.constdata)
 <LI><a href="#[da]">Anki::Cozmo::Messages::ProcessFlashBlockIDsMessage(const unsigned char*)</a> from messages.o(i._ZN4Anki5Cozmo8Messages27ProcessFlashBlockIDsMessageEPKh) referenced from messages.o(.constdata)
 <LI><a href="#[bd]">Anki::Cozmo::Messages::ProcessPlayAnimationMessage(const unsigned char*)</a> from messages.o(i._ZN4Anki5Cozmo8Messages27ProcessPlayAnimationMessageEPKh) referenced from messages.o(.constdata)
 <LI><a href="#[a4]">Anki::Cozmo::Messages::ProcessSetLiftHeightMessage(const unsigned char*)</a> from messages.o(i._ZN4Anki5Cozmo8Messages27ProcessSetLiftHeightMessageEPKh) referenced from messages.o(.constdata)
 <LI><a href="#[b4]">Anki::Cozmo::Messages::ProcessStartTestModeMessage(const unsigned char*)</a> from messages.o(i._ZN4Anki5Cozmo8Messages27ProcessStartTestModeMessageEPKh) referenced from messages.o(.constdata)
 <LI><a href="#[a6]">Anki::Cozmo::Messages::ProcessStopAllMotorsMessage(const unsigned char*)</a> from messages.o(i._ZN4Anki5Cozmo8Messages27ProcessStopAllMotorsMessageEPKh) referenced from messages.o(.constdata)
 <LI><a href="#[bf]">Anki::Cozmo::Messages::ProcessAbortAnimationMessage(const unsigned char*)</a> from messages.o(i._ZN4Anki5Cozmo8Messages28ProcessAbortAnimationMessageEPKh) referenced from messages.o(.constdata)
 <LI><a href="#[ad]">Anki::Cozmo::Messages::ProcessDockWithObjectMessage(const unsigned char*)</a> from messages.o(i._ZN4Anki5Cozmo8Messages28ProcessDockWithObjectMessageEPKh) referenced from messages.o(.constdata)
 <LI><a href="#[d8]">Anki::Cozmo::Messages::ProcessPanAndTiltHeadMessage(const unsigned char*)</a> from messages.o(i._ZN4Anki5Cozmo8Messages28ProcessPanAndTiltHeadMessageEPKh) referenced from messages.o(.constdata)
 <LI><a href="#[db]">Anki::Cozmo::Messages::ProcessSetBlockLightsMessage(const unsigned char*)</a> from messages.o(i._ZN4Anki5Cozmo8Messages28ProcessSetBlockLightsMessageEPKh) referenced from messages.o(.constdata)
 <LI><a href="#[b2]">Anki::Cozmo::Messages::ProcessHeadAngleUpdateMessage(const unsigned char*)</a> from messages.o(i._ZN4Anki5Cozmo8Messages29ProcessHeadAngleUpdateMessageEPKh) referenced from messages.o(.constdata)
 <LI><a href="#[b6]">Anki::Cozmo::Messages::ProcessSetDefaultLightsMessage(const unsigned char*)</a> from messages.o(i._ZN4Anki5Cozmo8Messages30ProcessSetDefaultLightsMessageEPKh) referenced from messages.o(.constdata)
 <LI><a href="#[b9]">Anki::Cozmo::Messages::ProcessDockingErrorSignalMessage(const unsigned char*)</a> from messages.o(i._ZN4Anki5Cozmo8Messages32ProcessDockingErrorSignalMessageEPKh) referenced from messages.o(.constdata)
 <LI><a href="#[af]">Anki::Cozmo::Messages::ProcessPlaceObjectOnGroundMessage(const unsigned char*)</a> from messages.o(i._ZN4Anki5Cozmo8Messages33ProcessPlaceObjectOnGroundMessageEPKh) referenced from messages.o(.constdata)
 <LI><a href="#[bc]">Anki::Cozmo::Messages::ProcessSetFaceDetectParamsMessage(const unsigned char*)</a> from messages.o(i._ZN4Anki5Cozmo8Messages33ProcessSetFaceDetectParamsMessageEPKh) referenced from messages.o(.constdata)
 <LI><a href="#[a9]">Anki::Cozmo::Messages::ProcessAppendPathSegmentArcMessage(const unsigned char*)</a> from messages.o(i._ZN4Anki5Cozmo8Messages34ProcessAppendPathSegmentArcMessageEPKh) referenced from messages.o(.constdata)
 <LI><a href="#[c0]">Anki::Cozmo::Messages::ProcessClearCannedAnimationMessage(const unsigned char*)</a> from messages.o(i._ZN4Anki5Cozmo8Messages34ProcessClearCannedAnimationMessageEPKh) referenced from messages.o(.constdata)
 <LI><a href="#[a1]">Anki::Cozmo::Messages::ProcessDriveWheelsCurvatureMessage(const unsigned char*)</a> from messages.o(i._ZN4Anki5Cozmo8Messages34ProcessDriveWheelsCurvatureMessageEPKh) referenced from messages.o(.constdata)
 <LI><a href="#[b0]">Anki::Cozmo::Messages::ProcessAbsLocalizationUpdateMessage(const unsigned char*)</a> from messages.o(i._ZN4Anki5Cozmo8Messages35ProcessAbsLocalizationUpdateMessageEPKh) referenced from messages.o(.constdata)
 <LI><a href="#[a8]">Anki::Cozmo::Messages::ProcessAppendPathSegmentLineMessage(const unsigned char*)</a> from messages.o(i._ZN4Anki5Cozmo8Messages35ProcessAppendPathSegmentLineMessageEPKh) referenced from messages.o(.constdata)
 <LI><a href="#[ba]">Anki::Cozmo::Messages::ProcessSetVisionSystemParamsMessage(const unsigned char*)</a> from messages.o(i._ZN4Anki5Cozmo8Messages35ProcessSetVisionSystemParamsMessageEPKh) referenced from messages.o(.constdata)
 <LI><a href="#[d9]">Anki::Cozmo::Messages::ProcessClientConnectionStatusMessage(const unsigned char*)</a> from messages.o(i._ZN4Anki5Cozmo8Messages36ProcessClientConnectionStatusMessageEPKh) referenced from messages.o(.constdata)
 <LI><a href="#[b7]">Anki::Cozmo::Messages::ProcessSetHeadControllerGainsMessage(const unsigned char*)</a> from messages.o(i._ZN4Anki5Cozmo8Messages36ProcessSetHeadControllerGainsMessageEPKh) referenced from messages.o(.constdata)
 <LI><a href="#[b8]">Anki::Cozmo::Messages::ProcessSetLiftControllerGainsMessage(const unsigned char*)</a> from messages.o(i._ZN4Anki5Cozmo8Messages36ProcessSetLiftControllerGainsMessageEPKh) referenced from messages.o(.constdata)
 <LI><a href="#[cb]">Anki::Cozmo::Messages::ProcessAddAnimKeyFrame_HoldPoseMessage(const unsigned char*)</a> from messages.o(i._ZN4Anki5Cozmo8Messages38ProcessAddAnimKeyFrame_HoldPoseMessageEPKh) referenced from messages.o(.constdata)
 <LI><a href="#[c9]">Anki::Cozmo::Messages::ProcessAddAnimKeyFrame_DriveLineMessage(const unsigned char*)</a> from messages.o(i._ZN4Anki5Cozmo8Messages39ProcessAddAnimKeyFrame_DriveLineMessageEPKh) referenced from messages.o(.constdata)
 <LI><a href="#[cc]">Anki::Cozmo::Messages::ProcessAddAnimKeyFrame_PlaySoundMessage(const unsigned char*)</a> from messages.o(i._ZN4Anki5Cozmo8Messages39ProcessAddAnimKeyFrame_PlaySoundMessageEPKh) referenced from messages.o(.constdata)
 <LI><a href="#[ce]">Anki::Cozmo::Messages::ProcessAddAnimKeyFrame_StopSoundMessage(const unsigned char*)</a> from messages.o(i._ZN4Anki5Cozmo8Messages39ProcessAddAnimKeyFrame_StopSoundMessageEPKh) referenced from messages.o(.constdata)
 <LI><a href="#[aa]">Anki::Cozmo::Messages::ProcessAppendPathSegmentPointTurnMessage(const unsigned char*)</a> from messages.o(i._ZN4Anki5Cozmo8Messages40ProcessAppendPathSegmentPointTurnMessageEPKh) referenced from messages.o(.constdata)
 <LI><a href="#[be]">Anki::Cozmo::Messages::ProcessTransitionToStateAnimationMessage(const unsigned char*)</a> from messages.o(i._ZN4Anki5Cozmo8Messages40ProcessTransitionToStateAnimationMessageEPKh) referenced from messages.o(.constdata)
 <LI><a href="#[c4]">Anki::Cozmo::Messages::ProcessAddAnimKeyFrame_StopHeadNodMessage(const unsigned char*)</a> from messages.o(i._ZN4Anki5Cozmo8Messages41ProcessAddAnimKeyFrame_StopHeadNodMessageEPKh) referenced from messages.o(.constdata)
 <LI><a href="#[c8]">Anki::Cozmo::Messages::ProcessAddAnimKeyFrame_StopLiftNodMessage(const unsigned char*)</a> from messages.o(i._ZN4Anki5Cozmo8Messages41ProcessAddAnimKeyFrame_StopLiftNodMessageEPKh) referenced from messages.o(.constdata)
 <LI><a href="#[ca]">Anki::Cozmo::Messages::ProcessAddAnimKeyFrame_TurnInPlaceMessage(const unsigned char*)</a> from messages.o(i._ZN4Anki5Cozmo8Messages41ProcessAddAnimKeyFrame_TurnInPlaceMessageEPKh) referenced from messages.o(.constdata)
 <LI><a href="#[c1]">Anki::Cozmo::Messages::ProcessAddAnimKeyFrame_SetHeadAngleMessage(const unsigned char*)</a> from messages.o(i._ZN4Anki5Cozmo8Messages42ProcessAddAnimKeyFrame_SetHeadAngleMessageEPKh) referenced from messages.o(.constdata)
 <LI><a href="#[c3]">Anki::Cozmo::Messages::ProcessAddAnimKeyFrame_StartHeadNodMessage(const unsigned char*)</a> from messages.o(i._ZN4Anki5Cozmo8Messages42ProcessAddAnimKeyFrame_StartHeadNodMessageEPKh) referenced from messages.o(.constdata)
 <LI><a href="#[c7]">Anki::Cozmo::Messages::ProcessAddAnimKeyFrame_StartLiftNodMessage(const unsigned char*)</a> from messages.o(i._ZN4Anki5Cozmo8Messages42ProcessAddAnimKeyFrame_StartLiftNodMessageEPKh) referenced from messages.o(.constdata)
 <LI><a href="#[cd]">Anki::Cozmo::Messages::ProcessAddAnimKeyFrame_WaitForSoundMessage(const unsigned char*)</a> from messages.o(i._ZN4Anki5Cozmo8Messages42ProcessAddAnimKeyFrame_WaitForSoundMessageEPKh) referenced from messages.o(.constdata)
 <LI><a href="#[c2]">Anki::Cozmo::Messages::ProcessAddAnimKeyFrame_HoldHeadAngleMessage(const unsigned char*)</a> from messages.o(i._ZN4Anki5Cozmo8Messages43ProcessAddAnimKeyFrame_HoldHeadAngleMessageEPKh) referenced from messages.o(.constdata)
 <LI><a href="#[c5]">Anki::Cozmo::Messages::ProcessAddAnimKeyFrame_SetLiftHeightMessage(const unsigned char*)</a> from messages.o(i._ZN4Anki5Cozmo8Messages43ProcessAddAnimKeyFrame_SetLiftHeightMessageEPKh) referenced from messages.o(.constdata)
 <LI><a href="#[cf]">Anki::Cozmo::Messages::ProcessAddAnimKeyFrame_StartBlinkingMessage(const unsigned char*)</a> from messages.o(i._ZN4Anki5Cozmo8Messages43ProcessAddAnimKeyFrame_StartBlinkingMessageEPKh) referenced from messages.o(.constdata)
 <LI><a href="#[c6]">Anki::Cozmo::Messages::ProcessAddAnimKeyFrame_HoldLiftHeightMessage(const unsigned char*)</a> from messages.o(i._ZN4Anki5Cozmo8Messages44ProcessAddAnimKeyFrame_HoldLiftHeightMessageEPKh) referenced from messages.o(.constdata)
 <LI><a href="#[d3]">Anki::Cozmo::Messages::ProcessAddAnimKeyFrame_StopEyeAnimationMessage(const unsigned char*)</a> from messages.o(i._ZN4Anki5Cozmo8Messages46ProcessAddAnimKeyFrame_StopEyeAnimationMessageEPKh) referenced from messages.o(.constdata)
 <LI><a href="#[d4]">Anki::Cozmo::Messages::ProcessAddAnimKeyFrame_TriggerAnimationMessage(const unsigned char*)</a> from messages.o(i._ZN4Anki5Cozmo8Messages46ProcessAddAnimKeyFrame_TriggerAnimationMessageEPKh) referenced from messages.o(.constdata)
 <LI><a href="#[d1]">Anki::Cozmo::Messages::ProcessAddAnimKeyFrame_StartFlashingEyesMessage(const unsigned char*)</a> from messages.o(i._ZN4Anki5Cozmo8Messages47ProcessAddAnimKeyFrame_StartFlashingEyesMessageEPKh) referenced from messages.o(.constdata)
 <LI><a href="#[d2]">Anki::Cozmo::Messages::ProcessAddAnimKeyFrame_StartSpinningEyesMessage(const unsigned char*)</a> from messages.o(i._ZN4Anki5Cozmo8Messages47ProcessAddAnimKeyFrame_StartSpinningEyesMessageEPKh) referenced from messages.o(.constdata)
 <LI><a href="#[d0]">Anki::Cozmo::Messages::ProcessAddAnimKeyFrame_SetEyeShapeAndColorMessage(const unsigned char*)</a> from messages.o(i._ZN4Anki5Cozmo8Messages49ProcessAddAnimKeyFrame_SetEyeShapeAndColorMessageEPKh) referenced from messages.o(.constdata)
 <LI><a href="#[96]">Anki::Cozmo::Messages::SendText(const char*, std::__va_list)</a> from messages.o(i._ZN4Anki5Cozmo8Messages8SendTextEPKcSt9__va_list) referenced from cozmobot.o(i._ZN4Anki5Cozmo5Robot4InitEv)
 <LI><a href="#[97]">Anki::Cozmo::Animation::Track::Track()</a> from animation.o(i._ZN4Anki5Cozmo9Animation5TrackC1Ev) referenced from animation.o(i._ZN4Anki5Cozmo9AnimationC1Ev)
 <LI><a href="#[9d]">Anki::Cozmo::Animation::Animation()</a> from animation.o(i._ZN4Anki5Cozmo9AnimationC1Ev) referenced from animationcontroller.o(i.__sti___23_animationController_cpp_e8cc3375)
 <LI><a href="#[9b]">Anki::Mailbox&lang;Anki::Cozmo::Messages::FaceDetection&rang;::Mailbox()</a> from messages.o(t._ZN4Anki7MailboxINS_5Cozmo8Messages13FaceDetectionEEC1Ev) referenced from messages.o(i.__sti___12_messages_cpp_0235eab8)
 <LI><a href="#[9e]">Anki::Embedded::Point&lang;float&rang;::Point()</a> from offboardvisionsystem.o(t._ZN4Anki8Embedded5PointIfEC1Ev) referenced from offboardvisionsystem.o(i.__sti___24_offboardVisionSystem_cpp_b6ff7547)
 <LI><a href="#[9f]">Anki::Embedded::Point3&lang;float&rang;::Point3()</a> from offboardvisionsystem.o(t._ZN4Anki8Embedded6Point3IfEC1Ev) referenced from offboardvisionsystem.o(i.__sti___24_offboardVisionSystem_cpp_b6ff7547)
 <LI><a href="#[98]">Anki::Planning::PathSegment::PathSegment()</a> from path.o(i._ZN4Anki8Planning11PathSegmentC1Ev) referenced from path.o(i._ZN4Anki8Planning18GenerateDubinsPathERNS0_4PathEffffffffffffPf)
 <LI><a href="#[98]">Anki::Planning::PathSegment::PathSegment()</a> from path.o(i._ZN4Anki8Planning11PathSegmentC1Ev) referenced from path.o(i._ZN4Anki8Planning4PathC1Ev)
 <LI><a href="#[9c]">Anki::Planning::Path::~Path()</a> from path.o(i._ZN4Anki8Planning4PathD1Ev) referenced from pathfollower.o(i.__sti___16_pathFollower_cpp_b5ce3046)
 <LI><a href="#[9a]">__rw::__rw_locale_vector&lang;__rw::__rw_cat*&rang;::~__rw_locale_vector()</a> from rwcats.o(t._ZN4__rw18__rw_locale_vectorIPNS_8__rw_catEED1Ev) referenced from rwcats.o(i.__sti___10_rwcats_cpp_64e8068e)
 <LI><a href="#[104]">__main</a> from __main.o(!!!main) referenced from startup_stm32f429_439xx.o(.text)
 <LI><a href="#[e5]">__sti___10_blocks_cpp_b9277415</a> from blocks.o(i.__sti___10_blocks_cpp_b9277415) referenced from blocks.o(.init_array)
 <LI><a href="#[dd]">__sti___10_lights_cpp_bdf0f37f</a> from lights.o(i.__sti___10_lights_cpp_bdf0f37f) referenced from lights.o(.init_array)
 <LI><a href="#[102]">__sti___10_locale_cpp_ff99fc7b</a> from locale.o(i.__sti___10_locale_cpp_ff99fc7b) referenced from locale.o(.init_array)
 <LI><a href="#[df]">__sti___10_motors_cpp_b251b376</a> from motors.o(i.__sti___10_motors_cpp_b251b376) referenced from motors.o(.init_array)
 <LI><a href="#[103]">__sti___10_rwcats_cpp_64e8068e</a> from rwcats.o(i.__sti___10_rwcats_cpp_64e8068e) referenced from rwcats.o(.init_array)
 <LI><a href="#[e6]">__sti___11_battery_cpp_5ced7e3b</a> from battery.o(i.__sti___11_battery_cpp_5ced7e3b) referenced from battery.o(.init_array)
 <LI><a href="#[e1]">__sti___11_startup_cpp_5c656aa9</a> from startup.o(i.__sti___11_startup_cpp_5c656aa9) referenced from startup.o(.init_array)
 <LI><a href="#[e7]">__sti___12_cozmoBot_cpp_fcd62337</a> from cozmobot.o(i.__sti___12_cozmoBot_cpp_fcd62337) referenced from cozmobot.o(.init_array)
 <LI><a href="#[fc]">__sti___12_keyFrame_cpp_a2e5f0e7</a> from keyframe.o(i.__sti___12_keyFrame_cpp_a2e5f0e7) referenced from keyframe.o(.init_array)
 <LI><a href="#[ed]">__sti___12_messages_cpp_0235eab8</a> from messages.o(i.__sti___12_messages_cpp_0235eab8) referenced from messages.o(.init_array)
 <LI><a href="#[fb]">__sti___13_animation_cpp_38b7b398</a> from animation.o(i.__sti___13_animation_cpp_38b7b398) referenced from animation.o(.init_array)
 <LI><a href="#[f6]">__sti___13_imuFilter_cpp_873cf2e8</a> from imufilter.o(i.__sti___13_imuFilter_cpp_873cf2e8) referenced from imufilter.o(.init_array)
 <LI><a href="#[ff]">__sti___13_trig_fast_cpp_21420f07</a> from trig_fast.o(i.__sti___13_trig_fast_cpp_21420f07) referenced from trig_fast.o(.init_array)
 <LI><a href="#[e4]">__sti___13_usb_radio_cpp_bde5bef1</a> from usb_radio.o(i.__sti___13_usb_radio_cpp_bde5bef1) referenced from usb_radio.o(.init_array)
 <LI><a href="#[100]">__sti___13_utilities_cpp_61c45304</a> from utilities.o(i.__sti___13_utilities_cpp_61c45304) referenced from utilities.o(.init_array)
 <LI><a href="#[f8]">__sti___15_proxSensors_cpp_d6c7b5b3</a> from proxsensors.o(i.__sti___15_proxSensors_cpp_d6c7b5b3) referenced from proxsensors.o(.init_array)
 <LI><a href="#[fe]">__sti___16_benchmarking_cpp_4a8bcdb9</a> from benchmarking.o(i.__sti___16_benchmarking_cpp_4a8bcdb9) referenced from benchmarking.o(.init_array)
 <LI><a href="#[ec]">__sti___16_localization_cpp_1cac3972</a> from localization.o(i.__sti___16_localization_cpp_1cac3972) referenced from localization.o(.init_array)
 <LI><a href="#[ee]">__sti___16_pathFollower_cpp_b5ce3046</a> from pathfollower.o(i.__sti___16_pathFollower_cpp_b5ce3046) referenced from pathfollower.o(.init_array)
 <LI><a href="#[fa]">__sti___17_eyeController_cpp_8860946f</a> from eyecontroller.o(i.__sti___17_eyeController_cpp_8860946f) referenced from eyecontroller.o(.init_array)
 <LI><a href="#[e9]">__sti___18_gripController_cpp</a> from gripcontroller.o(i.__sti___18_gripController_cpp) referenced from gripcontroller.o(.init_array)
 <LI><a href="#[ea]">__sti___18_headController_cpp_d23a1f8e</a> from headcontroller.o(i.__sti___18_headController_cpp_d23a1f8e) referenced from headcontroller.o(.init_array)
 <LI><a href="#[eb]">__sti___18_liftController_cpp_265a82b9</a> from liftcontroller.o(i.__sti___18_liftController_cpp_265a82b9) referenced from liftcontroller.o(.init_array)
 <LI><a href="#[f0]">__sti___19_speedController_cpp_183f1a36</a> from speedcontroller.o(i.__sti___19_speedController_cpp_183f1a36) referenced from speedcontroller.o(.init_array)
 <LI><a href="#[f5]">__sti___19_wheelController_cpp_bcff47de</a> from wheelcontroller.o(i.__sti___19_wheelController_cpp_bcff47de) referenced from wheelcontroller.o(.init_array)
 <LI><a href="#[f4]">__sti___20_visionParameters_cpp_491d0e6b</a> from visionparameters.o(i.__sti___20_visionParameters_cpp_491d0e6b) referenced from visionparameters.o(.init_array)
 <LI><a href="#[e8]">__sti___21_dockingController_cpp_90697494</a> from dockingcontroller.o(i.__sti___21_dockingController_cpp_90697494) referenced from dockingcontroller.o(.init_array)
 <LI><a href="#[f3]">__sti___21_visionDebugStream_cpp_7de1fc27</a> from visiondebugstream.o(i.__sti___21_visionDebugStream_cpp_7de1fc27) referenced from visiondebugstream.o(.init_array)
 <LI><a href="#[f1]">__sti___22_steeringController_cpp_8d9ca2e6</a> from steeringcontroller.o(i.__sti___22_steeringController_cpp_8d9ca2e6) referenced from steeringcontroller.o(.init_array)
 <LI><a href="#[f2]">__sti___22_testModeController_cpp_d0b2da69</a> from testmodecontroller.o(i.__sti___22_testModeController_cpp_d0b2da69) referenced from testmodecontroller.o(.init_array)
 <LI><a href="#[f7]">__sti___23_animationController_cpp_e8cc3375</a> from animationcontroller.o(i.__sti___23_animationController_cpp_e8cc3375) referenced from animationcontroller.o(.init_array)
 <LI><a href="#[fd]">__sti___24_offboardVisionSystem_cpp_b6ff7547</a> from offboardvisionsystem.o(i.__sti___24_offboardVisionSystem_cpp_b6ff7547) referenced from offboardvisionsystem.o(.init_array)
 <LI><a href="#[f9]">__sti___26_faceTrackingController_cpp_9c07dc23</a> from facetrackingcontroller.o(i.__sti___26_faceTrackingController_cpp_9c07dc23) referenced from facetrackingcontroller.o(.init_array)
 <LI><a href="#[ef]">__sti___26_pickAndPlaceController_cpp_cf406342</a> from pickandplacecontroller.o(i.__sti___26_pickAndPlaceController_cpp_cf406342) referenced from pickandplacecontroller.o(.init_array)
 <LI><a href="#[dc]">__sti___7_imu_cpp_fa0e53e7</a> from imu.o(i.__sti___7_imu_cpp_fa0e53e7) referenced from imu.o(.init_array)
 <LI><a href="#[e0]">__sti___7_spi_cpp_2ddf8692</a> from spi.o(i.__sti___7_spi_cpp_2ddf8692) referenced from spi.o(.init_array)
 <LI><a href="#[101]">__sti___8_char_cpp_a3dc957a</a> from char.o(i.__sti___8_char_cpp_a3dc957a) referenced from char.o(.init_array)
 <LI><a href="#[de]">__sti___8_main_cpp_7a2c016d</a> from main.o(i.__sti___8_main_cpp_7a2c016d) referenced from main.o(.init_array)
 <LI><a href="#[e3]">__sti___8_uart_cpp_ae57ec1a</a> from uart.o(i.__sti___8_uart_cpp_ae57ec1a) referenced from uart.o(.init_array)
 <LI><a href="#[e2]">__sti___9_timer_cpp_03dbb631</a> from timer.o(i.__sti___9_timer_cpp_03dbb631) referenced from timer.o(.init_array)
 <LI><a href="#[86]">_get_lc_ctype</a> from lc_ctype_c.o(locale$$code) referenced from rt_ctype_table.o(.text)
 <LI><a href="#[84]">_printf_input_char</a> from _printf_char_common.o(.text) referenced from _printf_char_common.o(.text)
 <LI><a href="#[83]">_snputc</a> from _snputc.o(.text) referenced from c89vsnprintf.o(.text)
 <LI><a href="#[85]">fputc</a> from uart.o(i.fputc) referenced from _printf_char_file.o(.text)
 <LI><a href="#[1b]">vprintf</a> from vprintf.o(.text) referenced 2 times from utilities_shared.o(.data)
</UL>
<P>
<H3>
Global Symbols
</H3>
<P><STRONG><a name="[104]"></a>__main</STRONG> (Thumb, 8 bytes, Stack size 0 bytes, __main.o(!!!main))
<BR><BR>[Calls]<UL><LI><a href="#[107]">&gt;&gt;</a>&nbsp;&nbsp;&nbsp;__rt_entry
<LI><a href="#[106]">&gt;&gt;</a>&nbsp;&nbsp;&nbsp;__scatterload
</UL>

<P><STRONG><a name="[106]"></a>__scatterload</STRONG> (Thumb, 0 bytes, Stack size unknown bytes, __scatter.o(!!!scatter))
<BR><BR>[Called By]<UL><LI><a href="#[104]">&gt;&gt;</a>&nbsp;&nbsp;&nbsp;__main
</UL>

<P><STRONG><a name="[108]"></a>__scatterload_rt2</STRONG> (Thumb, 44 bytes, Stack size unknown bytes, __scatter.o(!!!scatter), UNUSED)
<BR><BR>[Calls]<UL><LI><a href="#[107]">&gt;&gt;</a>&nbsp;&nbsp;&nbsp;__rt_entry
</UL>

<P><STRONG><a name="[2b3]"></a>__scatterload_rt2_thumb_only</STRONG> (Thumb, 0 bytes, Stack size unknown bytes, __scatter.o(!!!scatter), UNUSED)

<P><STRONG><a name="[2b4]"></a>__scatterload_null</STRONG> (Thumb, 0 bytes, Stack size unknown bytes, __scatter.o(!!!scatter), UNUSED)

<P><STRONG><a name="[2b5]"></a>__decompress</STRONG> (Thumb, 100 bytes, Stack size unknown bytes, __dclz77c.o(!!dclz77c), UNUSED)

<P><STRONG><a name="[2b6]"></a>__decompress2</STRONG> (Thumb, 0 bytes, Stack size unknown bytes, __dclz77c.o(!!dclz77c), UNUSED)

<P><STRONG><a name="[2b7]"></a>__scatterload_zeroinit</STRONG> (Thumb, 28 bytes, Stack size unknown bytes, __scatter_zi.o(!!handler_zi), UNUSED)

<P><STRONG><a name="[109]"></a>_printf_n</STRONG> (Thumb, 0 bytes, Stack size unknown bytes, _printf_n.o(.ARM.Collect$$_printf_percent$$00000001))
<BR><BR>[Calls]<UL><LI><a href="#[10a]">&gt;&gt;</a>&nbsp;&nbsp;&nbsp;_printf_charcount
</UL>

<P><STRONG><a name="[152]"></a>_printf_percent</STRONG> (Thumb, 0 bytes, Stack size unknown bytes, _printf_percent.o(.ARM.Collect$$_printf_percent$$00000000))
<BR><BR>[Called By]<UL><LI><a href="#[150]">&gt;&gt;</a>&nbsp;&nbsp;&nbsp;__printf
</UL>

<P><STRONG><a name="[10b]"></a>_printf_p</STRONG> (Thumb, 0 bytes, Stack size unknown bytes, _printf_p.o(.ARM.Collect$$_printf_percent$$00000002))
<BR><BR>[Stack]<UL><LI>Max Depth = 64 + Unknown Stack Size
<LI>Call Chain = _printf_p &rArr; _printf_hex_ptr &rArr; _printf_longlong_hex &rArr; _printf_int_common &rArr; _printf_post_padding
</UL>
<BR>[Calls]<UL><LI><a href="#[10c]">&gt;&gt;</a>&nbsp;&nbsp;&nbsp;_printf_hex_ptr
</UL>

<P><STRONG><a name="[10d]"></a>_printf_f</STRONG> (Thumb, 0 bytes, Stack size unknown bytes, _printf_f.o(.ARM.Collect$$_printf_percent$$00000003))
<BR><BR>[Stack]<UL><LI>Max Depth = 320 + Unknown Stack Size
<LI>Call Chain = _printf_f &rArr; _printf_fp_dec &rArr; _printf_fp_dec_real &rArr; _fp_digits &rArr; _btod_etento &rArr; _btod_emul &rArr; _e2e
</UL>
<BR>[Calls]<UL><LI><a href="#[10e]">&gt;&gt;</a>&nbsp;&nbsp;&nbsp;_printf_fp_dec
</UL>

<P><STRONG><a name="[10f]"></a>_printf_e</STRONG> (Thumb, 0 bytes, Stack size unknown bytes, _printf_e.o(.ARM.Collect$$_printf_percent$$00000004))
<BR><BR>[Stack]<UL><LI>Max Depth = 320 + Unknown Stack Size
<LI>Call Chain = _printf_e &rArr; _printf_fp_dec &rArr; _printf_fp_dec_real &rArr; _fp_digits &rArr; _btod_etento &rArr; _btod_emul &rArr; _e2e
</UL>
<BR>[Calls]<UL><LI><a href="#[10e]">&gt;&gt;</a>&nbsp;&nbsp;&nbsp;_printf_fp_dec
</UL>

<P><STRONG><a name="[110]"></a>_printf_g</STRONG> (Thumb, 0 bytes, Stack size unknown bytes, _printf_g.o(.ARM.Collect$$_printf_percent$$00000005))
<BR><BR>[Stack]<UL><LI>Max Depth = 320 + Unknown Stack Size
<LI>Call Chain = _printf_g &rArr; _printf_fp_dec &rArr; _printf_fp_dec_real &rArr; _fp_digits &rArr; _btod_etento &rArr; _btod_emul &rArr; _e2e
</UL>
<BR>[Calls]<UL><LI><a href="#[10e]">&gt;&gt;</a>&nbsp;&nbsp;&nbsp;_printf_fp_dec
</UL>

<P><STRONG><a name="[111]"></a>_printf_a</STRONG> (Thumb, 0 bytes, Stack size unknown bytes, _printf_a.o(.ARM.Collect$$_printf_percent$$00000006))
<BR><BR>[Stack]<UL><LI>Max Depth = 112 + Unknown Stack Size
<LI>Call Chain = _printf_a &rArr; _printf_fp_hex &rArr; _printf_fp_hex_real &rArr; _printf_fp_infnan &rArr; _printf_post_padding
</UL>
<BR>[Calls]<UL><LI><a href="#[112]">&gt;&gt;</a>&nbsp;&nbsp;&nbsp;_printf_fp_hex
</UL>

<P><STRONG><a name="[2b8]"></a>_printf_ll</STRONG> (Thumb, 0 bytes, Stack size unknown bytes, _printf_ll.o(.ARM.Collect$$_printf_percent$$00000007))

<P><STRONG><a name="[113]"></a>_printf_i</STRONG> (Thumb, 0 bytes, Stack size unknown bytes, _printf_i.o(.ARM.Collect$$_printf_percent$$00000008))
<BR><BR>[Stack]<UL><LI>Max Depth = 72 + Unknown Stack Size
<LI>Call Chain = _printf_i &rArr; _printf_int_dec &rArr; _printf_int_common &rArr; _printf_post_padding
</UL>
<BR>[Calls]<UL><LI><a href="#[114]">&gt;&gt;</a>&nbsp;&nbsp;&nbsp;_printf_int_dec
</UL>

<P><STRONG><a name="[115]"></a>_printf_d</STRONG> (Thumb, 0 bytes, Stack size unknown bytes, _printf_d.o(.ARM.Collect$$_printf_percent$$00000009))
<BR><BR>[Stack]<UL><LI>Max Depth = 72 + Unknown Stack Size
<LI>Call Chain = _printf_d &rArr; _printf_int_dec &rArr; _printf_int_common &rArr; _printf_post_padding
</UL>
<BR>[Calls]<UL><LI><a href="#[114]">&gt;&gt;</a>&nbsp;&nbsp;&nbsp;_printf_int_dec
</UL>

<P><STRONG><a name="[116]"></a>_printf_u</STRONG> (Thumb, 0 bytes, Stack size unknown bytes, _printf_u.o(.ARM.Collect$$_printf_percent$$0000000A))
<BR><BR>[Stack]<UL><LI>Max Depth = 72 + Unknown Stack Size
<LI>Call Chain = _printf_u &rArr; _printf_int_dec &rArr; _printf_int_common &rArr; _printf_post_padding
</UL>
<BR>[Calls]<UL><LI><a href="#[114]">&gt;&gt;</a>&nbsp;&nbsp;&nbsp;_printf_int_dec
</UL>

<P><STRONG><a name="[117]"></a>_printf_o</STRONG> (Thumb, 0 bytes, Stack size unknown bytes, _printf_o.o(.ARM.Collect$$_printf_percent$$0000000B))
<BR><BR>[Stack]<UL><LI>Max Depth = 64 + Unknown Stack Size
<LI>Call Chain = _printf_o &rArr; _printf_int_oct &rArr; _printf_longlong_oct &rArr; _printf_int_common &rArr; _printf_post_padding
</UL>
<BR>[Calls]<UL><LI><a href="#[118]">&gt;&gt;</a>&nbsp;&nbsp;&nbsp;_printf_int_oct
</UL>

<P><STRONG><a name="[119]"></a>_printf_x</STRONG> (Thumb, 0 bytes, Stack size unknown bytes, _printf_x.o(.ARM.Collect$$_printf_percent$$0000000C))
<BR><BR>[Stack]<UL><LI>Max Depth = 80 + Unknown Stack Size
<LI>Call Chain = _printf_x &rArr; _printf_int_hex &rArr; _printf_longlong_hex &rArr; _printf_int_common &rArr; _printf_post_padding
</UL>
<BR>[Calls]<UL><LI><a href="#[11a]">&gt;&gt;</a>&nbsp;&nbsp;&nbsp;_printf_int_hex
</UL>

<P><STRONG><a name="[11b]"></a>_printf_lli</STRONG> (Thumb, 0 bytes, Stack size unknown bytes, _printf_lli.o(.ARM.Collect$$_printf_percent$$0000000D))
<BR><BR>[Stack]<UL><LI>Max Depth = 72 + Unknown Stack Size
<LI>Call Chain = _printf_lli &rArr; _printf_longlong_dec &rArr; _printf_int_common &rArr; _printf_post_padding
</UL>
<BR>[Calls]<UL><LI><a href="#[11c]">&gt;&gt;</a>&nbsp;&nbsp;&nbsp;_printf_longlong_dec
</UL>

<P><STRONG><a name="[11d]"></a>_printf_lld</STRONG> (Thumb, 0 bytes, Stack size unknown bytes, _printf_lld.o(.ARM.Collect$$_printf_percent$$0000000E))
<BR><BR>[Stack]<UL><LI>Max Depth = 72 + Unknown Stack Size
<LI>Call Chain = _printf_lld &rArr; _printf_longlong_dec &rArr; _printf_int_common &rArr; _printf_post_padding
</UL>
<BR>[Calls]<UL><LI><a href="#[11c]">&gt;&gt;</a>&nbsp;&nbsp;&nbsp;_printf_longlong_dec
</UL>

<P><STRONG><a name="[11e]"></a>_printf_llu</STRONG> (Thumb, 0 bytes, Stack size unknown bytes, _printf_llu.o(.ARM.Collect$$_printf_percent$$0000000F))
<BR><BR>[Stack]<UL><LI>Max Depth = 72 + Unknown Stack Size
<LI>Call Chain = _printf_llu &rArr; _printf_longlong_dec &rArr; _printf_int_common &rArr; _printf_post_padding
</UL>
<BR>[Calls]<UL><LI><a href="#[11c]">&gt;&gt;</a>&nbsp;&nbsp;&nbsp;_printf_longlong_dec
</UL>

<P><STRONG><a name="[11f]"></a>_printf_llo</STRONG> (Thumb, 0 bytes, Stack size unknown bytes, _printf_llo.o(.ARM.Collect$$_printf_percent$$00000010))
<BR><BR>[Stack]<UL><LI>Max Depth = 56 + Unknown Stack Size
<LI>Call Chain = _printf_llo &rArr; _printf_ll_oct &rArr; _printf_longlong_oct &rArr; _printf_int_common &rArr; _printf_post_padding
</UL>
<BR>[Calls]<UL><LI><a href="#[120]">&gt;&gt;</a>&nbsp;&nbsp;&nbsp;_printf_ll_oct
</UL>

<P><STRONG><a name="[121]"></a>_printf_llx</STRONG> (Thumb, 0 bytes, Stack size unknown bytes, _printf_llx.o(.ARM.Collect$$_printf_percent$$00000011))
<BR><BR>[Stack]<UL><LI>Max Depth = 64 + Unknown Stack Size
<LI>Call Chain = _printf_llx &rArr; _printf_ll_hex &rArr; _printf_longlong_hex &rArr; _printf_int_common &rArr; _printf_post_padding
</UL>
<BR>[Calls]<UL><LI><a href="#[122]">&gt;&gt;</a>&nbsp;&nbsp;&nbsp;_printf_ll_hex
</UL>

<P><STRONG><a name="[2b9]"></a>_printf_l</STRONG> (Thumb, 0 bytes, Stack size unknown bytes, _printf_l.o(.ARM.Collect$$_printf_percent$$00000012))

<P><STRONG><a name="[123]"></a>_printf_c</STRONG> (Thumb, 0 bytes, Stack size unknown bytes, _printf_c.o(.ARM.Collect$$_printf_percent$$00000013))
<BR><BR>[Stack]<UL><LI>Max Depth = 40 + Unknown Stack Size
<LI>Call Chain = _printf_c &rArr; _printf_char &rArr; _printf_cs_common &rArr; _printf_str &rArr; _printf_post_padding
</UL>
<BR>[Calls]<UL><LI><a href="#[124]">&gt;&gt;</a>&nbsp;&nbsp;&nbsp;_printf_char
</UL>

<P><STRONG><a name="[125]"></a>_printf_s</STRONG> (Thumb, 0 bytes, Stack size unknown bytes, _printf_s.o(.ARM.Collect$$_printf_percent$$00000014))
<BR><BR>[Stack]<UL><LI>Max Depth = 40 + Unknown Stack Size
<LI>Call Chain = _printf_s &rArr; _printf_string &rArr; _printf_cs_common &rArr; _printf_str &rArr; _printf_post_padding
</UL>
<BR>[Calls]<UL><LI><a href="#[126]">&gt;&gt;</a>&nbsp;&nbsp;&nbsp;_printf_string
</UL>

<P><STRONG><a name="[127]"></a>_printf_lc</STRONG> (Thumb, 0 bytes, Stack size unknown bytes, _printf_lc.o(.ARM.Collect$$_printf_percent$$00000015))
<BR><BR>[Stack]<UL><LI>Max Depth = 88 + Unknown Stack Size
<LI>Call Chain = _printf_lc &rArr; _printf_wchar &rArr; _printf_lcs_common &rArr; _printf_wctomb &rArr; _wcrtomb &rArr; __rt_ctype_table
</UL>
<BR>[Calls]<UL><LI><a href="#[128]">&gt;&gt;</a>&nbsp;&nbsp;&nbsp;_printf_wchar
</UL>

<P><STRONG><a name="[129]"></a>_printf_ls</STRONG> (Thumb, 0 bytes, Stack size unknown bytes, _printf_ls.o(.ARM.Collect$$_printf_percent$$00000016))
<BR><BR>[Stack]<UL><LI>Max Depth = 88 + Unknown Stack Size
<LI>Call Chain = _printf_ls &rArr; _printf_wstring &rArr; _printf_lcs_common &rArr; _printf_wctomb &rArr; _wcrtomb &rArr; __rt_ctype_table
</UL>
<BR>[Calls]<UL><LI><a href="#[12a]">&gt;&gt;</a>&nbsp;&nbsp;&nbsp;_printf_wstring
</UL>

<P><STRONG><a name="[2ba]"></a>_printf_percent_end</STRONG> (Thumb, 0 bytes, Stack size unknown bytes, _printf_percent_end.o(.ARM.Collect$$_printf_percent$$00000017))

<P><STRONG><a name="[13c]"></a>__rt_lib_init</STRONG> (Thumb, 0 bytes, Stack size unknown bytes, libinit.o(.ARM.Collect$$libinit$$00000000))
<BR><BR>[Called By]<UL><LI><a href="#[13b]">&gt;&gt;</a>&nbsp;&nbsp;&nbsp;__rt_entry_li
</UL>

<P><STRONG><a name="[12b]"></a>__rt_lib_init_fp_1</STRONG> (Thumb, 0 bytes, Stack size unknown bytes, libinit2.o(.ARM.Collect$$libinit$$00000001))
<BR><BR>[Calls]<UL><LI><a href="#[12c]">&gt;&gt;</a>&nbsp;&nbsp;&nbsp;_fp_init
</UL>

<P><STRONG><a name="[12d]"></a>__rt_lib_init_heap_2</STRONG> (Thumb, 0 bytes, Stack size unknown bytes, libinit2.o(.ARM.Collect$$libinit$$00000003))
<BR><BR>[Stack]<UL><LI>Max Depth = 56 + Unknown Stack Size
<LI>Call Chain = __rt_lib_init_heap_2 &rArr; _init_alloc &rArr; __rt_SIGRTMEM &rArr; __rt_SIGRTMEM_inner &rArr; __default_signal_display
</UL>
<BR>[Calls]<UL><LI><a href="#[12e]">&gt;&gt;</a>&nbsp;&nbsp;&nbsp;_init_alloc
</UL>

<P><STRONG><a name="[2bb]"></a>__rt_lib_init_heap_1</STRONG> (Thumb, 0 bytes, Stack size unknown bytes, libinit2.o(.ARM.Collect$$libinit$$00000008))

<P><STRONG><a name="[12f]"></a>__rt_lib_init_rand_2</STRONG> (Thumb, 0 bytes, Stack size unknown bytes, libinit2.o(.ARM.Collect$$libinit$$0000000B))
<BR><BR>[Stack]<UL><LI>Max Depth = 8 + Unknown Stack Size
<LI>Call Chain = __rt_lib_init_rand_2 &rArr; _rand_init &rArr; srand
</UL>
<BR>[Calls]<UL><LI><a href="#[130]">&gt;&gt;</a>&nbsp;&nbsp;&nbsp;_rand_init
</UL>

<P><STRONG><a name="[2bc]"></a>__rt_lib_init_user_alloc_1</STRONG> (Thumb, 0 bytes, Stack size unknown bytes, libinit2.o(.ARM.Collect$$libinit$$0000000A))

<P><STRONG><a name="[131]"></a>__rt_lib_init_lc_common</STRONG> (Thumb, 0 bytes, Stack size unknown bytes, libinit2.o(.ARM.Collect$$libinit$$0000000D))
<BR><BR>[Calls]<UL><LI><a href="#[132]">&gt;&gt;</a>&nbsp;&nbsp;&nbsp;__rt_locale
</UL>

<P><STRONG><a name="[2bd]"></a>__rt_lib_init_rand_1</STRONG> (Thumb, 0 bytes, Stack size unknown bytes, libinit2.o(.ARM.Collect$$libinit$$0000000C))

<P><STRONG><a name="[2be]"></a>__rt_lib_init_lc_collate_1</STRONG> (Thumb, 0 bytes, Stack size unknown bytes, libinit2.o(.ARM.Collect$$libinit$$0000000F))

<P><STRONG><a name="[133]"></a>__rt_lib_init_lc_ctype_2</STRONG> (Thumb, 0 bytes, Stack size unknown bytes, libinit2.o(.ARM.Collect$$libinit$$00000010))
<BR><BR>[Stack]<UL><LI>Max Depth = 8 + Unknown Stack Size
<LI>Call Chain = __rt_lib_init_lc_ctype_2 &rArr; _get_lc_ctype
</UL>
<BR>[Calls]<UL><LI><a href="#[86]">&gt;&gt;</a>&nbsp;&nbsp;&nbsp;_get_lc_ctype
</UL>

<P><STRONG><a name="[2bf]"></a>__rt_lib_init_lc_ctype_1</STRONG> (Thumb, 0 bytes, Stack size unknown bytes, libinit2.o(.ARM.Collect$$libinit$$00000011))

<P><STRONG><a name="[2c0]"></a>__rt_lib_init_lc_monetary_1</STRONG> (Thumb, 0 bytes, Stack size unknown bytes, libinit2.o(.ARM.Collect$$libinit$$00000013))

<P><STRONG><a name="[134]"></a>__rt_lib_init_lc_numeric_2</STRONG> (Thumb, 0 bytes, Stack size unknown bytes, libinit2.o(.ARM.Collect$$libinit$$00000014))
<BR><BR>[Stack]<UL><LI>Max Depth = 8 + Unknown Stack Size
<LI>Call Chain = __rt_lib_init_lc_numeric_2 &rArr; _get_lc_numeric
</UL>
<BR>[Calls]<UL><LI><a href="#[135]">&gt;&gt;</a>&nbsp;&nbsp;&nbsp;_get_lc_numeric
</UL>

<P><STRONG><a name="[2c1]"></a>__rt_lib_init_alloca_1</STRONG> (Thumb, 0 bytes, Stack size unknown bytes, libinit2.o(.ARM.Collect$$libinit$$0000002C))

<P><STRONG><a name="[2c2]"></a>__rt_lib_init_argv_1</STRONG> (Thumb, 0 bytes, Stack size unknown bytes, libinit2.o(.ARM.Collect$$libinit$$0000002A))

<P><STRONG><a name="[2c3]"></a>__rt_lib_init_atexit_1</STRONG> (Thumb, 0 bytes, Stack size unknown bytes, libinit2.o(.ARM.Collect$$libinit$$00000019))

<P><STRONG><a name="[2c4]"></a>__rt_lib_init_clock_1</STRONG> (Thumb, 0 bytes, Stack size unknown bytes, libinit2.o(.ARM.Collect$$libinit$$0000001F))

<P><STRONG><a name="[136]"></a>__rt_lib_init_cpp_2</STRONG> (Thumb, 0 bytes, Stack size unknown bytes, libinit2.o(.ARM.Collect$$libinit$$0000002F))
<BR><BR>[Stack]<UL><LI>Max Depth = 16 + Unknown Stack Size
<LI>Call Chain = __rt_lib_init_cpp_2 &rArr; __cpp_initialize__aeabi_
</UL>
<BR>[Calls]<UL><LI><a href="#[105]">&gt;&gt;</a>&nbsp;&nbsp;&nbsp;__cpp_initialize__aeabi_
</UL>

<P><STRONG><a name="[2c5]"></a>__rt_lib_init_exceptions_1</STRONG> (Thumb, 0 bytes, Stack size unknown bytes, libinit2.o(.ARM.Collect$$libinit$$0000002E))

<P><STRONG><a name="[2c6]"></a>__rt_lib_init_fp_trap_1</STRONG> (Thumb, 0 bytes, Stack size unknown bytes, libinit2.o(.ARM.Collect$$libinit$$0000001D))

<P><STRONG><a name="[2c7]"></a>__rt_lib_init_getenv_1</STRONG> (Thumb, 0 bytes, Stack size unknown bytes, libinit2.o(.ARM.Collect$$libinit$$00000021))

<P><STRONG><a name="[2c8]"></a>__rt_lib_init_lc_numeric_1</STRONG> (Thumb, 0 bytes, Stack size unknown bytes, libinit2.o(.ARM.Collect$$libinit$$00000015))

<P><STRONG><a name="[2c9]"></a>__rt_lib_init_lc_time_1</STRONG> (Thumb, 0 bytes, Stack size unknown bytes, libinit2.o(.ARM.Collect$$libinit$$00000017))

<P><STRONG><a name="[2ca]"></a>__rt_lib_init_signal_1</STRONG> (Thumb, 0 bytes, Stack size unknown bytes, libinit2.o(.ARM.Collect$$libinit$$0000001B))

<P><STRONG><a name="[2cb]"></a>__rt_lib_init_stdio_1</STRONG> (Thumb, 0 bytes, Stack size unknown bytes, libinit2.o(.ARM.Collect$$libinit$$00000023))

<P><STRONG><a name="[2cc]"></a>__rt_lib_init_cpp_1</STRONG> (Thumb, 0 bytes, Stack size unknown bytes, libinit2.o(.ARM.Collect$$libinit$$00000030))

<P><STRONG><a name="[2cd]"></a>__rt_lib_init_return</STRONG> (Thumb, 0 bytes, Stack size unknown bytes, libinit2.o(.ARM.Collect$$libinit$$00000031))

<P><STRONG><a name="[141]"></a>__rt_lib_shutdown</STRONG> (Thumb, 0 bytes, Stack size unknown bytes, libshutdown.o(.ARM.Collect$$libshutdown$$00000000))
<BR><BR>[Called By]<UL><LI><a href="#[154]">&gt;&gt;</a>&nbsp;&nbsp;&nbsp;abort
<LI><a href="#[140]">&gt;&gt;</a>&nbsp;&nbsp;&nbsp;__rt_exit_ls
</UL>

<P><STRONG><a name="[137]"></a>__rt_lib_shutdown_cpp_1</STRONG> (Thumb, 0 bytes, Stack size unknown bytes, libshutdown2.o(.ARM.Collect$$libshutdown$$00000001))
<BR><BR>[Stack]<UL><LI>Max Depth = 40 + Unknown Stack Size
<LI>Call Chain = __rt_lib_shutdown_cpp_1 &rArr; __cxa_finalize &rArr; free
</UL>
<BR>[Calls]<UL><LI><a href="#[138]">&gt;&gt;</a>&nbsp;&nbsp;&nbsp;__cxa_finalize
</UL>

<P><STRONG><a name="[2ce]"></a>__rt_lib_shutdown_fp_trap_1</STRONG> (Thumb, 0 bytes, Stack size unknown bytes, libshutdown2.o(.ARM.Collect$$libshutdown$$00000006))

<P><STRONG><a name="[2cf]"></a>__rt_lib_shutdown_heap_1</STRONG> (Thumb, 0 bytes, Stack size unknown bytes, libshutdown2.o(.ARM.Collect$$libshutdown$$0000000E))

<P><STRONG><a name="[2d0]"></a>__rt_lib_shutdown_return</STRONG> (Thumb, 0 bytes, Stack size unknown bytes, libshutdown2.o(.ARM.Collect$$libshutdown$$0000000F))

<P><STRONG><a name="[2d1]"></a>__rt_lib_shutdown_signal_1</STRONG> (Thumb, 0 bytes, Stack size unknown bytes, libshutdown2.o(.ARM.Collect$$libshutdown$$00000009))

<P><STRONG><a name="[2d2]"></a>__rt_lib_shutdown_stdio_1</STRONG> (Thumb, 0 bytes, Stack size unknown bytes, libshutdown2.o(.ARM.Collect$$libshutdown$$00000003))

<P><STRONG><a name="[2d3]"></a>__rt_lib_shutdown_user_alloc_1</STRONG> (Thumb, 0 bytes, Stack size unknown bytes, libshutdown2.o(.ARM.Collect$$libshutdown$$0000000B))

<P><STRONG><a name="[107]"></a>__rt_entry</STRONG> (Thumb, 0 bytes, Stack size unknown bytes, rtentry.o(.ARM.Collect$$rtentry$$00000000))
<BR><BR>[Called By]<UL><LI><a href="#[104]">&gt;&gt;</a>&nbsp;&nbsp;&nbsp;__main
<LI><a href="#[108]">&gt;&gt;</a>&nbsp;&nbsp;&nbsp;__scatterload_rt2
</UL>

<P><STRONG><a name="[2d4]"></a>__rt_entry_presh_1</STRONG> (Thumb, 0 bytes, Stack size unknown bytes, rtentry2.o(.ARM.Collect$$rtentry$$00000002))

<P><STRONG><a name="[139]"></a>__rt_entry_sh</STRONG> (Thumb, 0 bytes, Stack size unknown bytes, rtentry4.o(.ARM.Collect$$rtentry$$00000004))
<BR><BR>[Stack]<UL><LI>Max Depth = 8 + Unknown Stack Size
<LI>Call Chain = __rt_entry_sh &rArr; __user_setup_stackheap
</UL>
<BR>[Calls]<UL><LI><a href="#[13a]">&gt;&gt;</a>&nbsp;&nbsp;&nbsp;__user_setup_stackheap
</UL>

<P><STRONG><a name="[13b]"></a>__rt_entry_li</STRONG> (Thumb, 0 bytes, Stack size unknown bytes, rtentry2.o(.ARM.Collect$$rtentry$$0000000A))
<BR><BR>[Calls]<UL><LI><a href="#[13c]">&gt;&gt;</a>&nbsp;&nbsp;&nbsp;__rt_lib_init
</UL>

<P><STRONG><a name="[2d5]"></a>__rt_entry_postsh_1</STRONG> (Thumb, 0 bytes, Stack size unknown bytes, rtentry2.o(.ARM.Collect$$rtentry$$00000009))

<P><STRONG><a name="[13d]"></a>__rt_entry_main</STRONG> (Thumb, 0 bytes, Stack size unknown bytes, rtentry2.o(.ARM.Collect$$rtentry$$0000000D))
<BR><BR>[Stack]<UL><LI>Max Depth = 1544 + Unknown Stack Size
<LI>Call Chain = __rt_entry_main &rArr; main &rArr; Anki::Cozmo::Robot::step_MainExecution() &rArr; Anki::Cozmo::TestModeController::Start(Anki::Cozmo::TestMode, int, int, int) &rArr; Anki::Cozmo::AnimationController::Play(int, unsigned) &rArr; Anki::Cozmo::Animation::Init() &rArr; Anki::Cozmo::Animation::SortKeyFrames() &rArr; Anki::Cozmo::Messages::SendText(const char*, ...) &rArr; Anki::Cozmo::Messages::SendText(const char*, std::__va_list) &rArr; __c89vsnprintf &rArr; _printf_char_common &rArr; __printf
</UL>
<BR>[Calls]<UL><LI><a href="#[13e]">&gt;&gt;</a>&nbsp;&nbsp;&nbsp;main
<LI><a href="#[13f]">&gt;&gt;</a>&nbsp;&nbsp;&nbsp;exit
</UL>

<P><STRONG><a name="[2d6]"></a>__rt_entry_postli_1</STRONG> (Thumb, 0 bytes, Stack size unknown bytes, rtentry2.o(.ARM.Collect$$rtentry$$0000000C))

<P><STRONG><a name="[17f]"></a>__rt_exit</STRONG> (Thumb, 0 bytes, Stack size unknown bytes, rtexit.o(.ARM.Collect$$rtexit$$00000000))
<BR><BR>[Called By]<UL><LI><a href="#[13f]">&gt;&gt;</a>&nbsp;&nbsp;&nbsp;exit
</UL>

<P><STRONG><a name="[140]"></a>__rt_exit_ls</STRONG> (Thumb, 0 bytes, Stack size unknown bytes, rtexit2.o(.ARM.Collect$$rtexit$$00000003))
<BR><BR>[Calls]<UL><LI><a href="#[141]">&gt;&gt;</a>&nbsp;&nbsp;&nbsp;__rt_lib_shutdown
</UL>

<P><STRONG><a name="[2d7]"></a>__rt_exit_prels_1</STRONG> (Thumb, 0 bytes, Stack size unknown bytes, rtexit2.o(.ARM.Collect$$rtexit$$00000002))

<P><STRONG><a name="[142]"></a>__rt_exit_exit</STRONG> (Thumb, 0 bytes, Stack size unknown bytes, rtexit2.o(.ARM.Collect$$rtexit$$00000004))
<BR><BR>[Calls]<UL><LI><a href="#[143]">&gt;&gt;</a>&nbsp;&nbsp;&nbsp;_sys_exit
</UL>

<P><STRONG><a name="[282]"></a>rand</STRONG> (Thumb, 48 bytes, Stack size 0 bytes, rand.o(.emb_text))
<BR><BR>[Called By]<UL><LI><a href="#[281]">&gt;&gt;</a>&nbsp;&nbsp;&nbsp;Anki::Embedded::RandS32(int, int)
</UL>

<P><STRONG><a name="[1c]"></a>Reset_Handler</STRONG> (Thumb, 8 bytes, Stack size 0 bytes, startup_stm32f429_439xx.o(.text))
<BR>[Address Reference Count : 1]<UL><LI> startup_stm32f429_439xx.o(RESET)
</UL>
<P><STRONG><a name="[2d8]"></a>_maybe_terminate_alloc</STRONG> (Thumb, 0 bytes, Stack size 0 bytes, maybetermalloc1.o(.emb_text), UNUSED)

<P><STRONG><a name="[1d]"></a>NMI_Handler</STRONG> (Thumb, 2 bytes, Stack size 0 bytes, startup_stm32f429_439xx.o(.text))
<BR><BR>[Calls]<UL><LI><a href="#[1d]">&gt;&gt;</a>&nbsp;&nbsp;&nbsp;NMI_Handler
</UL>
<BR>[Called By]<UL><LI><a href="#[1d]">&gt;&gt;</a>&nbsp;&nbsp;&nbsp;NMI_Handler
</UL>
<BR>[Address Reference Count : 1]<UL><LI> startup_stm32f429_439xx.o(RESET)
</UL>
<P><STRONG><a name="[1e]"></a>HardFault_Handler</STRONG> (Thumb, 2 bytes, Stack size 0 bytes, startup_stm32f429_439xx.o(.text))
<BR><BR>[Calls]<UL><LI><a href="#[1e]">&gt;&gt;</a>&nbsp;&nbsp;&nbsp;HardFault_Handler
</UL>
<BR>[Called By]<UL><LI><a href="#[1e]">&gt;&gt;</a>&nbsp;&nbsp;&nbsp;HardFault_Handler
</UL>
<BR>[Address Reference Count : 1]<UL><LI> startup_stm32f429_439xx.o(RESET)
</UL>
<P><STRONG><a name="[1f]"></a>MemManage_Handler</STRONG> (Thumb, 2 bytes, Stack size 0 bytes, startup_stm32f429_439xx.o(.text))
<BR><BR>[Calls]<UL><LI><a href="#[1f]">&gt;&gt;</a>&nbsp;&nbsp;&nbsp;MemManage_Handler
</UL>
<BR>[Called By]<UL><LI><a href="#[1f]">&gt;&gt;</a>&nbsp;&nbsp;&nbsp;MemManage_Handler
</UL>
<BR>[Address Reference Count : 1]<UL><LI> startup_stm32f429_439xx.o(RESET)
</UL>
<P><STRONG><a name="[20]"></a>BusFault_Handler</STRONG> (Thumb, 2 bytes, Stack size 0 bytes, startup_stm32f429_439xx.o(.text))
<BR><BR>[Calls]<UL><LI><a href="#[20]">&gt;&gt;</a>&nbsp;&nbsp;&nbsp;BusFault_Handler
</UL>
<BR>[Called By]<UL><LI><a href="#[20]">&gt;&gt;</a>&nbsp;&nbsp;&nbsp;BusFault_Handler
</UL>
<BR>[Address Reference Count : 1]<UL><LI> startup_stm32f429_439xx.o(RESET)
</UL>
<P><STRONG><a name="[21]"></a>UsageFault_Handler</STRONG> (Thumb, 2 bytes, Stack size 0 bytes, startup_stm32f429_439xx.o(.text))
<BR><BR>[Calls]<UL><LI><a href="#[21]">&gt;&gt;</a>&nbsp;&nbsp;&nbsp;UsageFault_Handler
</UL>
<BR>[Called By]<UL><LI><a href="#[21]">&gt;&gt;</a>&nbsp;&nbsp;&nbsp;UsageFault_Handler
</UL>
<BR>[Address Reference Count : 1]<UL><LI> startup_stm32f429_439xx.o(RESET)
</UL>
<P><STRONG><a name="[22]"></a>SVC_Handler</STRONG> (Thumb, 2 bytes, Stack size 0 bytes, startup_stm32f429_439xx.o(.text))
<BR><BR>[Calls]<UL><LI><a href="#[22]">&gt;&gt;</a>&nbsp;&nbsp;&nbsp;SVC_Handler
</UL>
<BR>[Called By]<UL><LI><a href="#[22]">&gt;&gt;</a>&nbsp;&nbsp;&nbsp;SVC_Handler
</UL>
<BR>[Address Reference Count : 1]<UL><LI> startup_stm32f429_439xx.o(RESET)
</UL>
<P><STRONG><a name="[23]"></a>DebugMon_Handler</STRONG> (Thumb, 2 bytes, Stack size 0 bytes, startup_stm32f429_439xx.o(.text))
<BR><BR>[Calls]<UL><LI><a href="#[23]">&gt;&gt;</a>&nbsp;&nbsp;&nbsp;DebugMon_Handler
</UL>
<BR>[Called By]<UL><LI><a href="#[23]">&gt;&gt;</a>&nbsp;&nbsp;&nbsp;DebugMon_Handler
</UL>
<BR>[Address Reference Count : 1]<UL><LI> startup_stm32f429_439xx.o(RESET)
</UL>
<P><STRONG><a name="[24]"></a>PendSV_Handler</STRONG> (Thumb, 2 bytes, Stack size 0 bytes, startup_stm32f429_439xx.o(.text))
<BR><BR>[Calls]<UL><LI><a href="#[24]">&gt;&gt;</a>&nbsp;&nbsp;&nbsp;PendSV_Handler
</UL>
<BR>[Called By]<UL><LI><a href="#[24]">&gt;&gt;</a>&nbsp;&nbsp;&nbsp;PendSV_Handler
</UL>
<BR>[Address Reference Count : 1]<UL><LI> startup_stm32f429_439xx.o(RESET)
</UL>
<P><STRONG><a name="[25]"></a>SysTick_Handler</STRONG> (Thumb, 2 bytes, Stack size 0 bytes, startup_stm32f429_439xx.o(.text))
<BR><BR>[Calls]<UL><LI><a href="#[25]">&gt;&gt;</a>&nbsp;&nbsp;&nbsp;SysTick_Handler
</UL>
<BR>[Called By]<UL><LI><a href="#[25]">&gt;&gt;</a>&nbsp;&nbsp;&nbsp;SysTick_Handler
</UL>
<BR>[Address Reference Count : 1]<UL><LI> startup_stm32f429_439xx.o(RESET)
</UL>
<P><STRONG><a name="[38]"></a>ADC_IRQHandler</STRONG> (Thumb, 0 bytes, Stack size 0 bytes, startup_stm32f429_439xx.o(.text))
<BR><BR>[Calls]<UL><LI><a href="#[38]">&gt;&gt;</a>&nbsp;&nbsp;&nbsp;ADC_IRQHandler
</UL>
<BR>[Called By]<UL><LI><a href="#[38]">&gt;&gt;</a>&nbsp;&nbsp;&nbsp;ADC_IRQHandler
</UL>
<BR>[Address Reference Count : 1]<UL><LI> startup_stm32f429_439xx.o(RESET)
</UL>
<P><STRONG><a name="[3a]"></a>CAN1_RX0_IRQHandler</STRONG> (Thumb, 0 bytes, Stack size 0 bytes, startup_stm32f429_439xx.o(.text))
<BR>[Address Reference Count : 1]<UL><LI> startup_stm32f429_439xx.o(RESET)
</UL>
<P><STRONG><a name="[3b]"></a>CAN1_RX1_IRQHandler</STRONG> (Thumb, 0 bytes, Stack size 0 bytes, startup_stm32f429_439xx.o(.text))
<BR>[Address Reference Count : 1]<UL><LI> startup_stm32f429_439xx.o(RESET)
</UL>
<P><STRONG><a name="[3c]"></a>CAN1_SCE_IRQHandler</STRONG> (Thumb, 0 bytes, Stack size 0 bytes, startup_stm32f429_439xx.o(.text))
<BR>[Address Reference Count : 1]<UL><LI> startup_stm32f429_439xx.o(RESET)
</UL>
<P><STRONG><a name="[39]"></a>CAN1_TX_IRQHandler</STRONG> (Thumb, 0 bytes, Stack size 0 bytes, startup_stm32f429_439xx.o(.text))
<BR>[Address Reference Count : 1]<UL><LI> startup_stm32f429_439xx.o(RESET)
</UL>
<P><STRONG><a name="[66]"></a>CAN2_RX0_IRQHandler</STRONG> (Thumb, 0 bytes, Stack size 0 bytes, startup_stm32f429_439xx.o(.text))
<BR>[Address Reference Count : 1]<UL><LI> startup_stm32f429_439xx.o(RESET)
</UL>
<P><STRONG><a name="[67]"></a>CAN2_RX1_IRQHandler</STRONG> (Thumb, 0 bytes, Stack size 0 bytes, startup_stm32f429_439xx.o(.text))
<BR>[Address Reference Count : 1]<UL><LI> startup_stm32f429_439xx.o(RESET)
</UL>
<P><STRONG><a name="[68]"></a>CAN2_SCE_IRQHandler</STRONG> (Thumb, 0 bytes, Stack size 0 bytes, startup_stm32f429_439xx.o(.text))
<BR>[Address Reference Count : 1]<UL><LI> startup_stm32f429_439xx.o(RESET)
</UL>
<P><STRONG><a name="[65]"></a>CAN2_TX_IRQHandler</STRONG> (Thumb, 0 bytes, Stack size 0 bytes, startup_stm32f429_439xx.o(.text))
<BR>[Address Reference Count : 1]<UL><LI> startup_stm32f429_439xx.o(RESET)
</UL>
<P><STRONG><a name="[75]"></a>CRYP_IRQHandler</STRONG> (Thumb, 0 bytes, Stack size 0 bytes, startup_stm32f429_439xx.o(.text))
<BR>[Address Reference Count : 1]<UL><LI> startup_stm32f429_439xx.o(RESET)
</UL>
<P><STRONG><a name="[74]"></a>DCMI_IRQHandler</STRONG> (Thumb, 0 bytes, Stack size 0 bytes, startup_stm32f429_439xx.o(.text))
<BR>[Address Reference Count : 1]<UL><LI> startup_stm32f429_439xx.o(RESET)
</UL>
<P><STRONG><a name="[31]"></a>DMA1_Stream0_IRQHandler</STRONG> (Thumb, 0 bytes, Stack size 0 bytes, startup_stm32f429_439xx.o(.text))
<BR>[Address Reference Count : 1]<UL><LI> startup_stm32f429_439xx.o(RESET)
</UL>
<P><STRONG><a name="[32]"></a>DMA1_Stream1_IRQHandler</STRONG> (Thumb, 0 bytes, Stack size 0 bytes, startup_stm32f429_439xx.o(.text))
<BR>[Address Reference Count : 1]<UL><LI> startup_stm32f429_439xx.o(RESET)
</UL>
<P><STRONG><a name="[33]"></a>DMA1_Stream2_IRQHandler</STRONG> (Thumb, 0 bytes, Stack size 0 bytes, startup_stm32f429_439xx.o(.text))
<BR>[Address Reference Count : 1]<UL><LI> startup_stm32f429_439xx.o(RESET)
</UL>
<P><STRONG><a name="[34]"></a>DMA1_Stream3_IRQHandler</STRONG> (Thumb, 0 bytes, Stack size 0 bytes, startup_stm32f429_439xx.o(.text))
<BR>[Address Reference Count : 1]<UL><LI> startup_stm32f429_439xx.o(RESET)
</UL>
<P><STRONG><a name="[35]"></a>DMA1_Stream4_IRQHandler</STRONG> (Thumb, 0 bytes, Stack size 0 bytes, startup_stm32f429_439xx.o(.text))
<BR>[Address Reference Count : 1]<UL><LI> startup_stm32f429_439xx.o(RESET)
</UL>
<P><STRONG><a name="[36]"></a>DMA1_Stream5_IRQHandler</STRONG> (Thumb, 0 bytes, Stack size 0 bytes, startup_stm32f429_439xx.o(.text))
<BR>[Address Reference Count : 1]<UL><LI> startup_stm32f429_439xx.o(RESET)
</UL>
<P><STRONG><a name="[55]"></a>DMA1_Stream7_IRQHandler</STRONG> (Thumb, 0 bytes, Stack size 0 bytes, startup_stm32f429_439xx.o(.text))
<BR>[Address Reference Count : 1]<UL><LI> startup_stm32f429_439xx.o(RESET)
</UL>
<P><STRONG><a name="[80]"></a>DMA2D_IRQHandler</STRONG> (Thumb, 0 bytes, Stack size 0 bytes, startup_stm32f429_439xx.o(.text))
<BR>[Address Reference Count : 1]<UL><LI> startup_stm32f429_439xx.o(RESET)
</UL>
<P><STRONG><a name="[5e]"></a>DMA2_Stream0_IRQHandler</STRONG> (Thumb, 0 bytes, Stack size 0 bytes, startup_stm32f429_439xx.o(.text))
<BR>[Address Reference Count : 1]<UL><LI> startup_stm32f429_439xx.o(RESET)
</UL>
<P><STRONG><a name="[60]"></a>DMA2_Stream2_IRQHandler</STRONG> (Thumb, 0 bytes, Stack size 0 bytes, startup_stm32f429_439xx.o(.text))
<BR>[Address Reference Count : 1]<UL><LI> startup_stm32f429_439xx.o(RESET)
</UL>
<P><STRONG><a name="[61]"></a>DMA2_Stream3_IRQHandler</STRONG> (Thumb, 0 bytes, Stack size 0 bytes, startup_stm32f429_439xx.o(.text))
<BR>[Address Reference Count : 1]<UL><LI> startup_stm32f429_439xx.o(RESET)
</UL>
<P><STRONG><a name="[62]"></a>DMA2_Stream4_IRQHandler</STRONG> (Thumb, 0 bytes, Stack size 0 bytes, startup_stm32f429_439xx.o(.text))
<BR>[Address Reference Count : 1]<UL><LI> startup_stm32f429_439xx.o(RESET)
</UL>
<P><STRONG><a name="[6a]"></a>DMA2_Stream5_IRQHandler</STRONG> (Thumb, 0 bytes, Stack size 0 bytes, startup_stm32f429_439xx.o(.text))
<BR>[Address Reference Count : 1]<UL><LI> startup_stm32f429_439xx.o(RESET)
</UL>
<P><STRONG><a name="[6c]"></a>DMA2_Stream7_IRQHandler</STRONG> (Thumb, 0 bytes, Stack size 0 bytes, startup_stm32f429_439xx.o(.text))
<BR>[Address Reference Count : 1]<UL><LI> startup_stm32f429_439xx.o(RESET)
</UL>
<P><STRONG><a name="[63]"></a>ETH_IRQHandler</STRONG> (Thumb, 0 bytes, Stack size 0 bytes, startup_stm32f429_439xx.o(.text))
<BR>[Address Reference Count : 1]<UL><LI> startup_stm32f429_439xx.o(RESET)
</UL>
<P><STRONG><a name="[64]"></a>ETH_WKUP_IRQHandler</STRONG> (Thumb, 0 bytes, Stack size 0 bytes, startup_stm32f429_439xx.o(.text))
<BR>[Address Reference Count : 1]<UL><LI> startup_stm32f429_439xx.o(RESET)
</UL>
<P><STRONG><a name="[2c]"></a>EXTI0_IRQHandler</STRONG> (Thumb, 0 bytes, Stack size 0 bytes, startup_stm32f429_439xx.o(.text))
<BR>[Address Reference Count : 1]<UL><LI> startup_stm32f429_439xx.o(RESET)
</UL>
<P><STRONG><a name="[4e]"></a>EXTI15_10_IRQHandler</STRONG> (Thumb, 0 bytes, Stack size 0 bytes, startup_stm32f429_439xx.o(.text))
<BR>[Address Reference Count : 1]<UL><LI> startup_stm32f429_439xx.o(RESET)
</UL>
<P><STRONG><a name="[2d]"></a>EXTI1_IRQHandler</STRONG> (Thumb, 0 bytes, Stack size 0 bytes, startup_stm32f429_439xx.o(.text))
<BR>[Address Reference Count : 1]<UL><LI> startup_stm32f429_439xx.o(RESET)
</UL>
<P><STRONG><a name="[2e]"></a>EXTI2_IRQHandler</STRONG> (Thumb, 0 bytes, Stack size 0 bytes, startup_stm32f429_439xx.o(.text))
<BR>[Address Reference Count : 1]<UL><LI> startup_stm32f429_439xx.o(RESET)
</UL>
<P><STRONG><a name="[2f]"></a>EXTI3_IRQHandler</STRONG> (Thumb, 0 bytes, Stack size 0 bytes, startup_stm32f429_439xx.o(.text))
<BR>[Address Reference Count : 1]<UL><LI> startup_stm32f429_439xx.o(RESET)
</UL>
<P><STRONG><a name="[30]"></a>EXTI4_IRQHandler</STRONG> (Thumb, 0 bytes, Stack size 0 bytes, startup_stm32f429_439xx.o(.text))
<BR>[Address Reference Count : 1]<UL><LI> startup_stm32f429_439xx.o(RESET)
</UL>
<P><STRONG><a name="[3d]"></a>EXTI9_5_IRQHandler</STRONG> (Thumb, 0 bytes, Stack size 0 bytes, startup_stm32f429_439xx.o(.text))
<BR>[Address Reference Count : 1]<UL><LI> startup_stm32f429_439xx.o(RESET)
</UL>
<P><STRONG><a name="[2a]"></a>FLASH_IRQHandler</STRONG> (Thumb, 0 bytes, Stack size 0 bytes, startup_stm32f429_439xx.o(.text))
<BR>[Address Reference Count : 1]<UL><LI> startup_stm32f429_439xx.o(RESET)
</UL>
<P><STRONG><a name="[56]"></a>FMC_IRQHandler</STRONG> (Thumb, 0 bytes, Stack size 0 bytes, startup_stm32f429_439xx.o(.text))
<BR>[Address Reference Count : 1]<UL><LI> startup_stm32f429_439xx.o(RESET)
</UL>
<P><STRONG><a name="[77]"></a>FPU_IRQHandler</STRONG> (Thumb, 0 bytes, Stack size 0 bytes, startup_stm32f429_439xx.o(.text))
<BR>[Address Reference Count : 1]<UL><LI> startup_stm32f429_439xx.o(RESET)
</UL>
<P><STRONG><a name="[76]"></a>HASH_RNG_IRQHandler</STRONG> (Thumb, 0 bytes, Stack size 0 bytes, startup_stm32f429_439xx.o(.text))
<BR>[Address Reference Count : 1]<UL><LI> startup_stm32f429_439xx.o(RESET)
</UL>
<P><STRONG><a name="[46]"></a>I2C1_ER_IRQHandler</STRONG> (Thumb, 0 bytes, Stack size 0 bytes, startup_stm32f429_439xx.o(.text))
<BR>[Address Reference Count : 1]<UL><LI> startup_stm32f429_439xx.o(RESET)
</UL>
<P><STRONG><a name="[45]"></a>I2C1_EV_IRQHandler</STRONG> (Thumb, 0 bytes, Stack size 0 bytes, startup_stm32f429_439xx.o(.text))
<BR>[Address Reference Count : 1]<UL><LI> startup_stm32f429_439xx.o(RESET)
</UL>
<P><STRONG><a name="[48]"></a>I2C2_ER_IRQHandler</STRONG> (Thumb, 0 bytes, Stack size 0 bytes, startup_stm32f429_439xx.o(.text))
<BR>[Address Reference Count : 1]<UL><LI> startup_stm32f429_439xx.o(RESET)
</UL>
<P><STRONG><a name="[47]"></a>I2C2_EV_IRQHandler</STRONG> (Thumb, 0 bytes, Stack size 0 bytes, startup_stm32f429_439xx.o(.text))
<BR>[Address Reference Count : 1]<UL><LI> startup_stm32f429_439xx.o(RESET)
</UL>
<P><STRONG><a name="[6f]"></a>I2C3_ER_IRQHandler</STRONG> (Thumb, 0 bytes, Stack size 0 bytes, startup_stm32f429_439xx.o(.text))
<BR>[Address Reference Count : 1]<UL><LI> startup_stm32f429_439xx.o(RESET)
</UL>
<P><STRONG><a name="[6e]"></a>I2C3_EV_IRQHandler</STRONG> (Thumb, 0 bytes, Stack size 0 bytes, startup_stm32f429_439xx.o(.text))
<BR>[Address Reference Count : 1]<UL><LI> startup_stm32f429_439xx.o(RESET)
</UL>
<P><STRONG><a name="[7f]"></a>LTDC_ER_IRQHandler</STRONG> (Thumb, 0 bytes, Stack size 0 bytes, startup_stm32f429_439xx.o(.text))
<BR>[Address Reference Count : 1]<UL><LI> startup_stm32f429_439xx.o(RESET)
</UL>
<P><STRONG><a name="[7e]"></a>LTDC_IRQHandler</STRONG> (Thumb, 0 bytes, Stack size 0 bytes, startup_stm32f429_439xx.o(.text))
<BR>[Address Reference Count : 1]<UL><LI> startup_stm32f429_439xx.o(RESET)
</UL>
<P><STRONG><a name="[69]"></a>OTG_FS_IRQHandler</STRONG> (Thumb, 0 bytes, Stack size 0 bytes, startup_stm32f429_439xx.o(.text))
<BR>[Address Reference Count : 1]<UL><LI> startup_stm32f429_439xx.o(RESET)
</UL>
<P><STRONG><a name="[50]"></a>OTG_FS_WKUP_IRQHandler</STRONG> (Thumb, 0 bytes, Stack size 0 bytes, startup_stm32f429_439xx.o(.text))
<BR>[Address Reference Count : 1]<UL><LI> startup_stm32f429_439xx.o(RESET)
</UL>
<P><STRONG><a name="[71]"></a>OTG_HS_EP1_IN_IRQHandler</STRONG> (Thumb, 0 bytes, Stack size 0 bytes, startup_stm32f429_439xx.o(.text))
<BR>[Address Reference Count : 1]<UL><LI> startup_stm32f429_439xx.o(RESET)
</UL>
<P><STRONG><a name="[70]"></a>OTG_HS_EP1_OUT_IRQHandler</STRONG> (Thumb, 0 bytes, Stack size 0 bytes, startup_stm32f429_439xx.o(.text))
<BR>[Address Reference Count : 1]<UL><LI> startup_stm32f429_439xx.o(RESET)
</UL>
<P><STRONG><a name="[73]"></a>OTG_HS_IRQHandler</STRONG> (Thumb, 0 bytes, Stack size 0 bytes, startup_stm32f429_439xx.o(.text))
<BR>[Address Reference Count : 1]<UL><LI> startup_stm32f429_439xx.o(RESET)
</UL>
<P><STRONG><a name="[72]"></a>OTG_HS_WKUP_IRQHandler</STRONG> (Thumb, 0 bytes, Stack size 0 bytes, startup_stm32f429_439xx.o(.text))
<BR>[Address Reference Count : 1]<UL><LI> startup_stm32f429_439xx.o(RESET)
</UL>
<P><STRONG><a name="[27]"></a>PVD_IRQHandler</STRONG> (Thumb, 0 bytes, Stack size 0 bytes, startup_stm32f429_439xx.o(.text))
<BR>[Address Reference Count : 1]<UL><LI> startup_stm32f429_439xx.o(RESET)
</UL>
<P><STRONG><a name="[2b]"></a>RCC_IRQHandler</STRONG> (Thumb, 0 bytes, Stack size 0 bytes, startup_stm32f429_439xx.o(.text))
<BR>[Address Reference Count : 1]<UL><LI> startup_stm32f429_439xx.o(RESET)
</UL>
<P><STRONG><a name="[4f]"></a>RTC_Alarm_IRQHandler</STRONG> (Thumb, 0 bytes, Stack size 0 bytes, startup_stm32f429_439xx.o(.text))
<BR>[Address Reference Count : 1]<UL><LI> startup_stm32f429_439xx.o(RESET)
</UL>
<P><STRONG><a name="[29]"></a>RTC_WKUP_IRQHandler</STRONG> (Thumb, 0 bytes, Stack size 0 bytes, startup_stm32f429_439xx.o(.text))
<BR>[Address Reference Count : 1]<UL><LI> startup_stm32f429_439xx.o(RESET)
</UL>
<P><STRONG><a name="[7d]"></a>SAI1_IRQHandler</STRONG> (Thumb, 0 bytes, Stack size 0 bytes, startup_stm32f429_439xx.o(.text))
<BR>[Address Reference Count : 1]<UL><LI> startup_stm32f429_439xx.o(RESET)
</UL>
<P><STRONG><a name="[57]"></a>SDIO_IRQHandler</STRONG> (Thumb, 0 bytes, Stack size 0 bytes, startup_stm32f429_439xx.o(.text))
[...]
<BR>[Address Reference Count : 1]<UL><LI> uart.o(.data)
</UL>
<P><STRONG><a name="[e3]"></a>__sti___8_uart_cpp_ae57ec1a</STRONG> (Thumb, 12 bytes, Stack size 0 bytes, uart.o(i.__sti___8_uart_cpp_ae57ec1a))
<BR>[Address Reference Count : 1]<UL><LI> uart.o(.init_array)
</UL>
<P><STRONG><a name="[e4]"></a>__sti___13_usb_radio_cpp_bde5bef1</STRONG> (Thumb, 12 bytes, Stack size 0 bytes, usb_radio.o(i.__sti___13_usb_radio_cpp_bde5bef1))
<BR>[Address Reference Count : 1]<UL><LI> usb_radio.o(.init_array)
</UL>
<P><STRONG><a name="[e5]"></a>__sti___10_blocks_cpp_b9277415</STRONG> (Thumb, 12 bytes, Stack size 0 bytes, blocks.o(i.__sti___10_blocks_cpp_b9277415))
<BR>[Address Reference Count : 1]<UL><LI> blocks.o(.init_array)
</UL>
<P><STRONG><a name="[e6]"></a>__sti___11_battery_cpp_5ced7e3b</STRONG> (Thumb, 12 bytes, Stack size 0 bytes, battery.o(i.__sti___11_battery_cpp_5ced7e3b))
<BR>[Address Reference Count : 1]<UL><LI> battery.o(.init_array)
</UL>
<P><STRONG><a name="[e7]"></a>__sti___12_cozmoBot_cpp_fcd62337</STRONG> (Thumb, 12 bytes, Stack size 0 bytes, cozmobot.o(i.__sti___12_cozmoBot_cpp_fcd62337))
<BR>[Address Reference Count : 1]<UL><LI> cozmobot.o(.init_array)
</UL>
<P><STRONG><a name="[e8]"></a>__sti___21_dockingController_cpp_90697494</STRONG> (Thumb, 88 bytes, Stack size 16 bytes, dockingcontroller.o(i.__sti___21_dockingController_cpp_90697494))
<BR><BR>[Stack]<UL><LI>Max Depth = 40<LI>Call Chain = __sti___21_dockingController_cpp_90697494 &rArr; Anki::Radians::Radians(float) &rArr; Anki::Radians::rescale()
</UL>
<BR>[Calls]<UL><LI><a href="#[1a5]">&gt;&gt;</a>&nbsp;&nbsp;&nbsp;Anki::Radians::Radians(float)
</UL>
<BR>[Address Reference Count : 1]<UL><LI> dockingcontroller.o(.init_array)
</UL>
<P><STRONG><a name="[e9]"></a>__sti___18_gripController_cpp</STRONG> (Thumb, 12 bytes, Stack size 0 bytes, gripcontroller.o(i.__sti___18_gripController_cpp))
<BR>[Address Reference Count : 1]<UL><LI> gripcontroller.o(.init_array)
</UL>
<P><STRONG><a name="[1de]"></a>Anki::Cozmo::HeadController::SetDesiredAngle_internal(float, float, float, float)</STRONG> (Thumb, 372 bytes, Stack size 104 bytes, headcontroller.o(i._ZN4Anki5Cozmo14HeadController24SetDesiredAngle_internalEffff))
<BR><BR>[Stack]<UL><LI>Max Depth = 840 + Unknown Stack Size
<LI>Call Chain = Anki::Cozmo::HeadController::SetDesiredAngle_internal(float, float, float, float) &rArr; Anki::Cozmo::Messages::SendText(const char*, ...) &rArr; Anki::Cozmo::Messages::SendText(const char*, std::__va_list) &rArr; __c89vsnprintf &rArr; _printf_char_common &rArr; __printf
</UL>
<BR>[Calls]<UL><LI><a href="#[1a7]">&gt;&gt;</a>&nbsp;&nbsp;&nbsp;Anki::Cozmo::Messages::SendText(const char*, ...)
<LI><a href="#[1dc]">&gt;&gt;</a>&nbsp;&nbsp;&nbsp;Anki::Radians::operator =(float)
<LI><a href="#[197]">&gt;&gt;</a>&nbsp;&nbsp;&nbsp;Anki::VelocityProfileGenerator::StartProfile_fixedDuration(float, float, float, float, float, float, float, float, float)
<LI><a href="#[195]">&gt;&gt;</a>&nbsp;&nbsp;&nbsp;Anki::VelocityProfileGenerator::StartProfile(float, float, float, float, float, float, float)
<LI><a href="#[196]">&gt;&gt;</a>&nbsp;&nbsp;&nbsp;__aeabi_f2d
</UL>
<BR>[Called By]<UL><LI><a href="#[1e0]">&gt;&gt;</a>&nbsp;&nbsp;&nbsp;Anki::Cozmo::HeadController::SetDesiredAngle(float, float, float, float)
<LI><a href="#[1df]">&gt;&gt;</a>&nbsp;&nbsp;&nbsp;Anki::Cozmo::HeadController::SetDesiredAngle(float)
<LI><a href="#[1dd]">&gt;&gt;</a>&nbsp;&nbsp;&nbsp;Anki::Cozmo::HeadController::StartNodding(float, float, unsigned short, int, float, float)
</UL>

<P><STRONG><a name="[ea]"></a>__sti___18_headController_cpp_d23a1f8e</STRONG> (Thumb, 64 bytes, Stack size 16 bytes, headcontroller.o(i.__sti___18_headController_cpp_d23a1f8e))
<BR><BR>[Stack]<UL><LI>Max Depth = 40<LI>Call Chain = __sti___18_headController_cpp_d23a1f8e &rArr; Anki::Radians::Radians(float) &rArr; Anki::Radians::rescale()
</UL>
<BR>[Calls]<UL><LI><a href="#[1ad]">&gt;&gt;</a>&nbsp;&nbsp;&nbsp;Anki::VelocityProfileGenerator::VelocityProfileGenerator()
<LI><a href="#[1a5]">&gt;&gt;</a>&nbsp;&nbsp;&nbsp;Anki::Radians::Radians(float)
</UL>
<BR>[Address Reference Count : 1]<UL><LI> headcontroller.o(.init_array)
</UL>
<P><STRONG><a name="[1e8]"></a>Anki::Cozmo::LiftController::SetDesiredHeight_internal(float, float, float, float)</STRONG> (Thumb, 418 bytes, Stack size 104 bytes, liftcontroller.o(i._ZN4Anki5Cozmo14LiftController25SetDesiredHeight_internalEffff))
<BR><BR>[Stack]<UL><LI>Max Depth = 840 + Unknown Stack Size
<LI>Call Chain = Anki::Cozmo::LiftController::SetDesiredHeight_internal(float, float, float, float) &rArr; Anki::Cozmo::Messages::SendText(const char*, ...) &rArr; Anki::Cozmo::Messages::SendText(const char*, std::__va_list) &rArr; __c89vsnprintf &rArr; _printf_char_common &rArr; __printf
</UL>
<BR>[Calls]<UL><LI><a href="#[18b]">&gt;&gt;</a>&nbsp;&nbsp;&nbsp;Anki::Cozmo::HAL::GetMicroCounter()
<LI><a href="#[1a7]">&gt;&gt;</a>&nbsp;&nbsp;&nbsp;Anki::Cozmo::Messages::SendText(const char*, ...)
<LI><a href="#[1e5]">&gt;&gt;</a>&nbsp;&nbsp;&nbsp;Anki::Cozmo::LiftController::Height2Rad(float)
<LI><a href="#[1dc]">&gt;&gt;</a>&nbsp;&nbsp;&nbsp;Anki::Radians::operator =(float)
<LI><a href="#[197]">&gt;&gt;</a>&nbsp;&nbsp;&nbsp;Anki::VelocityProfileGenerator::StartProfile_fixedDuration(float, float, float, float, float, float, float, float, float)
<LI><a href="#[195]">&gt;&gt;</a>&nbsp;&nbsp;&nbsp;Anki::VelocityProfileGenerator::StartProfile(float, float, float, float, float, float, float)
<LI><a href="#[196]">&gt;&gt;</a>&nbsp;&nbsp;&nbsp;__aeabi_f2d
<LI><a href="#[1b1]">&gt;&gt;</a>&nbsp;&nbsp;&nbsp;__aeabi_d2f
</UL>
<BR>[Called By]<UL><LI><a href="#[1eb]">&gt;&gt;</a>&nbsp;&nbsp;&nbsp;Anki::Cozmo::LiftController::StartCalibrationRoutine()
<LI><a href="#[1e9]">&gt;&gt;</a>&nbsp;&nbsp;&nbsp;Anki::Cozmo::LiftController::SetDesiredHeight(float, float, float, float)
<LI><a href="#[1e7]">&gt;&gt;</a>&nbsp;&nbsp;&nbsp;Anki::Cozmo::LiftController::SetDesiredHeight(float)
</UL>

<P><STRONG><a name="[eb]"></a>__sti___18_liftController_cpp_265a82b9</STRONG> (Thumb, 54 bytes, Stack size 16 bytes, liftcontroller.o(i.__sti___18_liftController_cpp_265a82b9))
<BR><BR>[Stack]<UL><LI>Max Depth = 40<LI>Call Chain = __sti___18_liftController_cpp_265a82b9 &rArr; Anki::Radians::Radians(float) &rArr; Anki::Radians::rescale()
</UL>
<BR>[Calls]<UL><LI><a href="#[1ad]">&gt;&gt;</a>&nbsp;&nbsp;&nbsp;Anki::VelocityProfileGenerator::VelocityProfileGenerator()
<LI><a href="#[1a5]">&gt;&gt;</a>&nbsp;&nbsp;&nbsp;Anki::Radians::Radians(float)
</UL>
<BR>[Address Reference Count : 1]<UL><LI> liftcontroller.o(.init_array)
</UL>
<P><STRONG><a name="[ec]"></a>__sti___16_localization_cpp_1cac3972</STRONG> (Thumb, 264 bytes, Stack size 40 bytes, localization.o(i.__sti___16_localization_cpp_1cac3972))
<BR><BR>[Stack]<UL><LI>Max Depth = 184<LI>Call Chain = __sti___16_localization_cpp_1cac3972 &rArr; Anki::Embedded::Array&lang;float&rang;::Array(int, int, Anki::Embedded::MemoryStack&, Anki::Embedded::Flags::Buffer) &rArr; Anki::Embedded::MemoryStack::Allocate(int, bool, int&) &rArr; _Anki_Log &rArr; Anki::CoreTechPrint(const char*, ...)
</UL>
<BR>[Calls]<UL><LI><a href="#[1a5]">&gt;&gt;</a>&nbsp;&nbsp;&nbsp;Anki::Radians::Radians(float)
<LI><a href="#[1cc]">&gt;&gt;</a>&nbsp;&nbsp;&nbsp;Anki::Embedded::Flags::Buffer::Buffer(bool, bool, bool)
<LI><a href="#[1cd]">&gt;&gt;</a>&nbsp;&nbsp;&nbsp;Anki::Embedded::MemoryStack::MemoryStack(void*, int, Anki::Embedded::Flags::Buffer)
<LI><a href="#[1d9]">&gt;&gt;</a>&nbsp;&nbsp;&nbsp;Anki::Embedded::Array&lang;float&rang;::Array(int, int, Anki::Embedded::MemoryStack&, Anki::Embedded::Flags::Buffer)
</UL>
<BR>[Address Reference Count : 1]<UL><LI> localization.o(.init_array)
</UL>
<P><STRONG><a name="[ed]"></a>__sti___12_messages_cpp_0235eab8</STRONG> (Thumb, 28 bytes, Stack size 0 bytes, messages.o(i.__sti___12_messages_cpp_0235eab8))
<BR><BR>[Stack]<UL><LI>Max Depth = 24<LI>Call Chain = __sti___12_messages_cpp_0235eab8 &rArr; __aeabi_vec_ctor_nocookie_nodtor
</UL>
<BR>[Calls]<UL><LI><a href="#[278]">&gt;&gt;</a>&nbsp;&nbsp;&nbsp;__aeabi_vec_ctor_nocookie_nodtor
</UL>
<BR>[Address Reference Count : 1]<UL><LI> messages.o(.init_array)
</UL>
<P><STRONG><a name="[ee]"></a>__sti___16_pathFollower_cpp_b5ce3046</STRONG> (Thumb, 30 bytes, Stack size 8 bytes, pathfollower.o(i.__sti___16_pathFollower_cpp_b5ce3046))
<BR><BR>[Stack]<UL><LI>Max Depth = 80<LI>Call Chain = __sti___16_pathFollower_cpp_b5ce3046 &rArr; __aeabi_atexit &rArr; malloc &rArr; __Heap_Full &rArr; __Heap_ProvideMemory &rArr; free
</UL>
<BR>[Calls]<UL><LI><a href="#[28e]">&gt;&gt;</a>&nbsp;&nbsp;&nbsp;Anki::Planning::Path::Path()
<LI><a href="#[299]">&gt;&gt;</a>&nbsp;&nbsp;&nbsp;__aeabi_atexit
</UL>
<BR>[Address Reference Count : 1]<UL><LI> pathfollower.o(.init_array)
</UL>
<P><STRONG><a name="[ef]"></a>__sti___26_pickAndPlaceController_cpp_cf406342</STRONG> (Thumb, 52 bytes, Stack size 16 bytes, pickandplacecontroller.o(i.__sti___26_pickAndPlaceController_cpp_cf406342))
<BR><BR>[Stack]<UL><LI>Max Depth = 16<LI>Call Chain = __sti___26_pickAndPlaceController_cpp_cf406342
</UL>
<BR>[Calls]<UL><LI><a href="#[1ae]">&gt;&gt;</a>&nbsp;&nbsp;&nbsp;Anki::Radians::Radians()
</UL>
<BR>[Address Reference Count : 1]<UL><LI> pickandplacecontroller.o(.init_array)
</UL>
<P><STRONG><a name="[f0]"></a>__sti___19_speedController_cpp_183f1a36</STRONG> (Thumb, 12 bytes, Stack size 0 bytes, speedcontroller.o(i.__sti___19_speedController_cpp_183f1a36))
<BR>[Address Reference Count : 1]<UL><LI> speedcontroller.o(.init_array)
</UL>
<P><STRONG><a name="[f1]"></a>__sti___22_steeringController_cpp_8d9ca2e6</STRONG> (Thumb, 28 bytes, Stack size 8 bytes, steeringcontroller.o(i.__sti___22_steeringController_cpp_8d9ca2e6))
<BR><BR>[Stack]<UL><LI>Max Depth = 8<LI>Call Chain = __sti___22_steeringController_cpp_8d9ca2e6
</UL>
<BR>[Calls]<UL><LI><a href="#[1ad]">&gt;&gt;</a>&nbsp;&nbsp;&nbsp;Anki::VelocityProfileGenerator::VelocityProfileGenerator()
<LI><a href="#[1ae]">&gt;&gt;</a>&nbsp;&nbsp;&nbsp;Anki::Radians::Radians()
</UL>
<BR>[Address Reference Count : 1]<UL><LI> steeringcontroller.o(.init_array)
</UL>
<P><STRONG><a name="[f2]"></a>__sti___22_testModeController_cpp_d0b2da69</STRONG> (Thumb, 12 bytes, Stack size 0 bytes, testmodecontroller.o(i.__sti___22_testModeController_cpp_d0b2da69))
<BR>[Address Reference Count : 1]<UL><LI> testmodecontroller.o(.init_array)
</UL>
<P><STRONG><a name="[f3]"></a>__sti___21_visionDebugStream_cpp_7de1fc27</STRONG> (Thumb, 16 bytes, Stack size 0 bytes, visiondebugstream.o(i.__sti___21_visionDebugStream_cpp_7de1fc27))
<BR><BR>[Stack]<UL><LI>Max Depth = 56<LI>Call Chain = __sti___21_visionDebugStream_cpp_7de1fc27 &rArr; Anki::Embedded::SerializedBuffer::SerializedBuffer() &rArr; Anki::Embedded::MemoryStack::MemoryStack()
</UL>
<BR>[Calls]<UL><LI><a href="#[280]">&gt;&gt;</a>&nbsp;&nbsp;&nbsp;Anki::Embedded::SerializedBuffer::SerializedBuffer()
</UL>
<BR>[Address Reference Count : 1]<UL><LI> visiondebugstream.o(.init_array)
</UL>
<P><STRONG><a name="[f4]"></a>__sti___20_visionParameters_cpp_491d0e6b</STRONG> (Thumb, 12 bytes, Stack size 0 bytes, visionparameters.o(i.__sti___20_visionParameters_cpp_491d0e6b))
<BR>[Address Reference Count : 1]<UL><LI> visionparameters.o(.init_array)
</UL>
<P><STRONG><a name="[f5]"></a>__sti___19_wheelController_cpp_bcff47de</STRONG> (Thumb, 12 bytes, Stack size 0 bytes, wheelcontroller.o(i.__sti___19_wheelController_cpp_bcff47de))
<BR>[Address Reference Count : 1]<UL><LI> wheelcontroller.o(.init_array)
</UL>
<P><STRONG><a name="[f6]"></a>__sti___13_imuFilter_cpp_873cf2e8</STRONG> (Thumb, 12 bytes, Stack size 0 bytes, imufilter.o(i.__sti___13_imuFilter_cpp_873cf2e8))
<BR>[Address Reference Count : 1]<UL><LI> imufilter.o(.init_array)
</UL>
<P><STRONG><a name="[f7]"></a>__sti___23_animationController_cpp_e8cc3375</STRONG> (Thumb, 24 bytes, Stack size 0 bytes, animationcontroller.o(i.__sti___23_animationController_cpp_e8cc3375))
<BR><BR>[Stack]<UL><LI>Max Depth = 24<LI>Call Chain = __sti___23_animationController_cpp_e8cc3375 &rArr; __aeabi_vec_ctor_nocookie_nodtor
</UL>
<BR>[Calls]<UL><LI><a href="#[278]">&gt;&gt;</a>&nbsp;&nbsp;&nbsp;__aeabi_vec_ctor_nocookie_nodtor
</UL>
<BR>[Address Reference Count : 1]<UL><LI> animationcontroller.o(.init_array)
</UL>
<P><STRONG><a name="[f8]"></a>__sti___15_proxSensors_cpp_d6c7b5b3</STRONG> (Thumb, 12 bytes, Stack size 0 bytes, proxsensors.o(i.__sti___15_proxSensors_cpp_d6c7b5b3))
<BR>[Address Reference Count : 1]<UL><LI> proxsensors.o(.init_array)
</UL>
<P><STRONG><a name="[f9]"></a>__sti___26_faceTrackingController_cpp_9c07dc23</STRONG> (Thumb, 12 bytes, Stack size 0 bytes, facetrackingcontroller.o(i.__sti___26_faceTrackingController_cpp_9c07dc23))
<BR>[Address Reference Count : 1]<UL><LI> facetrackingcontroller.o(.init_array)
</UL>
<P><STRONG><a name="[fa]"></a>__sti___17_eyeController_cpp_8860946f</STRONG> (Thumb, 12 bytes, Stack size 0 bytes, eyecontroller.o(i.__sti___17_eyeController_cpp_8860946f))
<BR>[Address Reference Count : 1]<UL><LI> eyecontroller.o(.init_array)
</UL>
<P><STRONG><a name="[fb]"></a>__sti___13_animation_cpp_38b7b398</STRONG> (Thumb, 12 bytes, Stack size 0 bytes, animation.o(i.__sti___13_animation_cpp_38b7b398))
<BR>[Address Reference Count : 1]<UL><LI> animation.o(.init_array)
</UL>
<P><STRONG><a name="[fc]"></a>__sti___12_keyFrame_cpp_a2e5f0e7</STRONG> (Thumb, 12 bytes, Stack size 0 bytes, keyframe.o(i.__sti___12_keyFrame_cpp_a2e5f0e7))
<BR>[Address Reference Count : 1]<UL><LI> keyframe.o(.init_array)
</UL>
<P><STRONG><a name="[1cb]"></a>Anki::Cozmo::VisionSystem::VisionMemory::ResetBuffers()</STRONG> (Thumb, 148 bytes, Stack size 104 bytes, offboardvisionsystem.o(i._ZN4Anki5Cozmo12VisionSystem12VisionMemory12ResetBuffersEv))
<BR><BR>[Stack]<UL><LI>Max Depth = 840 + Unknown Stack Size
<LI>Call Chain = Anki::Cozmo::VisionSystem::VisionMemory::ResetBuffers() &rArr; Anki::Cozmo::Messages::SendText(const char*, ...) &rArr; Anki::Cozmo::Messages::SendText(const char*, std::__va_list) &rArr; __c89vsnprintf &rArr; _printf_char_common &rArr; __printf
</UL>
<BR>[Calls]<UL><LI><a href="#[1a7]">&gt;&gt;</a>&nbsp;&nbsp;&nbsp;Anki::Cozmo::Messages::SendText(const char*, ...)
<LI><a href="#[1cc]">&gt;&gt;</a>&nbsp;&nbsp;&nbsp;Anki::Embedded::Flags::Buffer::Buffer(bool, bool, bool)
<LI><a href="#[1cd]">&gt;&gt;</a>&nbsp;&nbsp;&nbsp;Anki::Embedded::MemoryStack::MemoryStack(void*, int, Anki::Embedded::Flags::Buffer)
<LI><a href="#[1ce]">&gt;&gt;</a>&nbsp;&nbsp;&nbsp;Anki::Embedded::MemoryStack::IsValid() const
<LI><a href="#[1cf]">&gt;&gt;</a>&nbsp;&nbsp;&nbsp;Anki::Embedded::FixedLengthList&lang;Anki::Embedded::VisionMarker&rang;::FixedLengthList(int, Anki::Embedded::MemoryStack&, Anki::Embedded::Flags::Buffer)
</UL>
<BR>[Called By]<UL><LI><a href="#[1d1]">&gt;&gt;</a>&nbsp;&nbsp;&nbsp;Anki::Cozmo::VisionSystem::Init()
</UL>

<P><STRONG><a name="[1d2]"></a>Anki::Cozmo::VisionSystem::&lang;unnamed&rang;::MarkerToTrack::Clear()</STRONG> (Thumb, 54 bytes, Stack size 8 bytes, offboardvisionsystem.o(i._ZN4Anki5Cozmo12VisionSystem48_GLOBAL__N__24_offboardVisionSystem_cpp_b6ff754713MarkerToTrack5ClearEv))
<BR><BR>[Stack]<UL><LI>Max Depth = 8<LI>Call Chain = Anki::Cozmo::VisionSystem::&lang;unnamed&rang;::MarkerToTrack::Clear()
</UL>
<BR>[Called By]<UL><LI><a href="#[1d1]">&gt;&gt;</a>&nbsp;&nbsp;&nbsp;Anki::Cozmo::VisionSystem::Init()
<LI><a href="#[fd]">&gt;&gt;</a>&nbsp;&nbsp;&nbsp;__sti___24_offboardVisionSystem_cpp_b6ff7547
</UL>

<P><STRONG><a name="[fd]"></a>__sti___24_offboardVisionSystem_cpp_b6ff7547</STRONG> (Thumb, 218 bytes, Stack size 32 bytes, offboardvisionsystem.o(i.__sti___24_offboardVisionSystem_cpp_b6ff7547))
<BR><BR>[Stack]<UL><LI>Max Depth = 56<LI>Call Chain = __sti___24_offboardVisionSystem_cpp_b6ff7547 &rArr; __aeabi_vec_ctor_nocookie_nodtor
</UL>
<BR>[Calls]<UL><LI><a href="#[27f]">&gt;&gt;</a>&nbsp;&nbsp;&nbsp;Anki::Embedded::Flags::Buffer::Buffer()
<LI><a href="#[2a0]">&gt;&gt;</a>&nbsp;&nbsp;&nbsp;Anki::Cozmo::VisionSystem::DetectFiducialMarkersParameters::DetectFiducialMarkersParameters()
<LI><a href="#[2a2]">&gt;&gt;</a>&nbsp;&nbsp;&nbsp;Anki::Cozmo::VisionSystem::FaceDetectionParameters::FaceDetectionParameters()
<LI><a href="#[2a1]">&gt;&gt;</a>&nbsp;&nbsp;&nbsp;Anki::Cozmo::VisionSystem::TrackerParameters::TrackerParameters()
<LI><a href="#[1d2]">&gt;&gt;</a>&nbsp;&nbsp;&nbsp;Anki::Cozmo::VisionSystem::&lang;unnamed&rang;::MarkerToTrack::Clear()
<LI><a href="#[27e]">&gt;&gt;</a>&nbsp;&nbsp;&nbsp;Anki::Embedded::MemoryStack::MemoryStack()
<LI><a href="#[29f]">&gt;&gt;</a>&nbsp;&nbsp;&nbsp;Anki::Embedded::FixedLengthList&lang;Anki::Embedded::VisionMarker&rang;::set_size(int)
<LI><a href="#[278]">&gt;&gt;</a>&nbsp;&nbsp;&nbsp;__aeabi_vec_ctor_nocookie_nodtor
</UL>
<BR>[Address Reference Count : 1]<UL><LI> offboardvisionsystem.o(.init_array)
</UL>
<P><STRONG><a name="[fe]"></a>__sti___16_benchmarking_cpp_4a8bcdb9</STRONG> (Thumb, 12 bytes, Stack size 0 bytes, benchmarking.o(i.__sti___16_benchmarking_cpp_4a8bcdb9))
<BR>[Address Reference Count : 1]<UL><LI> benchmarking.o(.init_array)
</UL>
<P><STRONG><a name="[ff]"></a>__sti___13_trig_fast_cpp_21420f07</STRONG> (Thumb, 20 bytes, Stack size 0 bytes, trig_fast.o(i.__sti___13_trig_fast_cpp_21420f07))
<BR>[Address Reference Count : 1]<UL><LI> trig_fast.o(.init_array)
</UL>
<P><STRONG><a name="[100]"></a>__sti___13_utilities_cpp_61c45304</STRONG> (Thumb, 12 bytes, Stack size 0 bytes, utilities.o(i.__sti___13_utilities_cpp_61c45304))
<BR>[Address Reference Count : 1]<UL><LI> utilities.o(.init_array)
</UL>
<P><STRONG><a name="[84]"></a>_printf_input_char</STRONG> (Thumb, 10 bytes, Stack size 0 bytes, _printf_char_common.o(.text))
<BR>[Address Reference Count : 1]<UL><LI> _printf_char_common.o(.text)
</UL>
<P><STRONG><a name="[101]"></a>__sti___8_char_cpp_a3dc957a</STRONG> (Thumb, 12 bytes, Stack size 0 bytes, char.o(i.__sti___8_char_cpp_a3dc957a))
<BR>[Address Reference Count : 1]<UL><LI> char.o(.init_array)
</UL>
<P><STRONG><a name="[102]"></a>__sti___10_locale_cpp_ff99fc7b</STRONG> (Thumb, 12 bytes, Stack size 0 bytes, locale.o(i.__sti___10_locale_cpp_ff99fc7b))
<BR>[Address Reference Count : 1]<UL><LI> locale.o(.init_array)
</UL>
<P><STRONG><a name="[16e]"></a>_fp_digits</STRONG> (Thumb, 428 bytes, Stack size 96 bytes, _printf_fp_dec.o(.text))
<BR><BR>[Stack]<UL><LI>Max Depth = 216<LI>Call Chain = _fp_digits &rArr; _btod_etento &rArr; _btod_emul &rArr; _e2e
</UL>
<BR>[Calls]<UL><LI><a href="#[172]">&gt;&gt;</a>&nbsp;&nbsp;&nbsp;_btod_emul
<LI><a href="#[171]">&gt;&gt;</a>&nbsp;&nbsp;&nbsp;_btod_ediv
<LI><a href="#[170]">&gt;&gt;</a>&nbsp;&nbsp;&nbsp;_btod_d2e
<LI><a href="#[16f]">&gt;&gt;</a>&nbsp;&nbsp;&nbsp;_btod_etento
<LI><a href="#[165]">&gt;&gt;</a>&nbsp;&nbsp;&nbsp;_ll_udiv10
</UL>
<BR>[Called By]<UL><LI><a href="#[173]">&gt;&gt;</a>&nbsp;&nbsp;&nbsp;_printf_fp_dec_real
</UL>

<P><STRONG><a name="[103]"></a>__sti___10_rwcats_cpp_64e8068e</STRONG> (Thumb, 42 bytes, Stack size 16 bytes, rwcats.o(i.__sti___10_rwcats_cpp_64e8068e))
<BR><BR>[Stack]<UL><LI>Max Depth = 88<LI>Call Chain = __sti___10_rwcats_cpp_64e8068e &rArr; __aeabi_atexit &rArr; malloc &rArr; __Heap_Full &rArr; __Heap_ProvideMemory &rArr; free
</UL>
<BR>[Calls]<UL><LI><a href="#[296]">&gt;&gt;</a>&nbsp;&nbsp;&nbsp;operator new[] (unsigned)
<LI><a href="#[299]">&gt;&gt;</a>&nbsp;&nbsp;&nbsp;__aeabi_atexit
</UL>
<BR>[Address Reference Count : 1]<UL><LI> rwcats.o(.init_array)
</UL>
<P><STRONG><a name="[87]"></a>__default_terminate_handler()</STRONG> (Thumb, 6 bytes, Stack size 8 bytes, arm_exceptions_globs.o(.text))
<BR><BR>[Stack]<UL><LI>Max Depth = 40 + Unknown Stack Size
<LI>Call Chain = __default_terminate_handler() &rArr; abort &rArr; __rt_SIGABRT &rArr; __rt_SIGABRT_inner &rArr; __default_signal_display
</UL>
<BR>[Calls]<UL><LI><a href="#[154]">&gt;&gt;</a>&nbsp;&nbsp;&nbsp;abort
</UL>
<BR>[Address Reference Count : 1]<UL><LI> arm_exceptions_globs.o(.text)
</UL><P>
<H3>
Undefined Global Symbols
</H3><HR></body></html>
