<html>
<body>
<pre>
<h1>µVision Build Log</h1>
<h2>Project:</h2>
C:\Users\BHood\Documents\GitHub\products-cozmo\robot\syscon\syscon.uvprojx
Project File Date:  03/09/2015

<h2>Output:</h2>
Build target 'syscon'
compiling main.cpp...
compiling spi.cpp...
compiling uart.cpp...
compiling motors.cpp...
hal\motors.cpp(99): warning:  #177-D: variable "DEBOUNCE_COUNT" was declared but never referenced
    const u32 DEBOUNCE_COUNT = 511;   // About 60uS?
hal\motors.cpp(465): warning:  #177-D: function "HandlePinTransition" was declared but never referenced
  static void HandlePinTransition(MotorInfo* motorInfo, u32 pinState, u32 count)
hal\motors.cpp: 2 warnings, 0 errors
compiling timer.cpp...
compiling battery.cpp...
hal\battery.cpp(18): warning:  #177-D: variable "<unnamed>::VBAT_CHGD_HI_THRESHOLD" was declared but never referenced
    const Fixed VBAT_CHGD_HI_THRESHOLD = TO_FIXED(4.05); // V
hal\battery.cpp(19): warning:  #177-D: variable "<unnamed>::VBAT_CHGD_LO_THRESHOLD" was declared but never referenced
    const Fixed VBAT_CHGD_LO_THRESHOLD = TO_FIXED(3.70); // V
hal\battery.cpp: 2 warnings, 0 errors
assembling startup_nrf51.s...
linking...
Program Size: Code=3556 RO-data=224 RW-data=164 ZI-data=2180  
FromELF: creating hex file...
".\build\syscon.axf" - 0 Error(s), 4 Warning(s).
Load "C:\\Users\\BHood\\Documents\\GitHub\\products-cozmo\\robot\\syscon\\build\\syscon.axf" 
Set JLink Project File to "C:\Users\BHood\Documents\GitHub\products-cozmo\robot\syscon\JLinkSettings.ini"
* JLink Info: Device "NRF51822_XXAA" selected (257 KB flash, 16 KB RAM).
 
JLink info:
------------
DLL: V4.78d, compiled Oct 18 2013 19:10:41
Firmware: J-Link V9 compiled Sep  5 2014 18:54:08
Hardware: V9.00
S/N : 59102597 
Feature(s) : GDB 
 
Error: Flash Download failed  -  Target DLL has been cancelled
Load "C:\\Users\\BHood\\Documents\\GitHub\\products-cozmo\\robot\\syscon\\build\\syscon.axf" 
Set JLink Project File to "C:\Users\BHood\Documents\GitHub\products-cozmo\robot\syscon\JLinkSettings.ini"
* JLink Info: Device "NRF51822_XXAA" selected (257 KB flash, 16 KB RAM).
 
JLink info:
------------
DLL: V4.78d, compiled Oct 18 2013 19:10:41
Firmware: J-Link V9 compiled Sep  5 2014 18:54:08
Hardware: V9.00
S/N : 59102597 
Feature(s) : GDB 
 
* JLink Info: Found SWD-DP with ID 0x0BB11477
* JLink Info: Found Cortex-M0 r0p0, Little endian.
* JLink Info: FPUnit: 4 code (BP) slots and 0 literal slots
ROMTableAddr = 0xE00FF003
 
Target info:
------------
Device: nRF51822_xxAA
VTarget = 3.262V
State of Pins: 
TCK: 0, TDI: 0, TDO: 0, TMS: 1, TRES: 1, TRST: 0
Hardware-Breakpoints: 4
Software-Breakpoints: 8192
Watchpoints:          2
JTAG speed: 1000 kHz
 
Erase Done.
Programming Done.
Verify OK.
Application running ...
</pre>
</body>
</html>
