Archive member included because of file (symbol)

driver/.output/eagle/release/lib/libdriver.a(cache.o)
                              (Cache_Read_Enable_New)
../lib/libmain_w.a(user_interface.o)
                              driver/.output/eagle/release/lib/libdriver.a(cache.o) (system_rtc_mem_read)
../lib/libmain_w.a(debug-vector.o)
                              (_DebugExceptionVector)
../lib/libmain_w.a(double-vector.o)
                              (_DoubleExceptionVector)
../lib/libmain_w.a(kernel-vector.o)
                              (_KernelExceptionVector)
../lib/libmain_w.a(nmi-vector.o)
                              (_NMIExceptionVector)
../lib/libmain_w.a(user-vector.o)
                              (_UserExceptionVector)
../lib/libmain_w.a(vector.o)  (call_user_start)
../lib/libmain_w.a(app_main.o)
                              ../lib/libmain_w.a(user_interface.o) (info)
../lib/libmain_w.a(eagle_lib.o)
                              ../lib/libmain_w.a(user_interface.o) (ets_sprintf)
../lib/libmain_w.a(eagle_lwip_if.o)
                              ../lib/libmain_w.a(user_interface.o) (hostname)
../lib/libmain_w.a(ets_timer.o)
                              ../lib/libmain_w.a(user_interface.o) (ets_timer_setfn)
../lib/libmain_w.a(mem_manager.o)
                              ../lib/libmain_w.a(user_interface.o) (xPortWantedSizeAlign)
../lib/libmain_w.a(spi_flash.o)
                              ../lib/libmain_w.a(app_main.o) (spi_flash_get_id)
/opt/xtensa-lx106-elf/bin/../xtensa-lx106-elf/sysroot/usr/lib/libhal.a(int_asm--set_intclear.o)
                              ../lib/libmain_w.a(app_main.o) (xthal_set_intclear)
hal/.output/eagle/release/lib/libuserhal.a(user_main.o)
                              ../lib/libmain_w.a(app_main.o) (user_init)
hal/.output/eagle/release/lib/libuserhal.a(client.o)
                              hal/.output/eagle/release/lib/libuserhal.a(user_main.o) (clientInit)
hal/.output/eagle/release/lib/libuserhal.a(foregroundTask.o)
                              hal/.output/eagle/release/lib/libuserhal.a(user_main.o) (foregroundTaskInit)
driver/.output/eagle/release/lib/libdriver.a(crash.o)
                              hal/.output/eagle/release/lib/libuserhal.a(user_main.o) (crashHandlerInit)
driver/.output/eagle/release/lib/libdriver.a(factoryData.o)
                              hal/.output/eagle/release/lib/libuserhal.a(user_main.o) (factoryDataInit)
driver/.output/eagle/release/lib/libdriver.a(i2spi.o)
                              hal/.output/eagle/release/lib/libuserhal.a(user_main.o) (i2spiInit)
driver/.output/eagle/release/lib/libdriver.a(uart.o)
                              driver/.output/eagle/release/lib/libdriver.a(crash.o) (os_put_char)
transport/.output/eagle/release/lib/libtransport.a(reliableTransport.o)
                              hal/.output/eagle/release/lib/libuserhal.a(client.o) (ReliableTransport_Init)
transport/.output/eagle/release/lib/libtransport.a(reliableMessageTypes.o)
                              transport/.output/eagle/release/lib/libtransport.a(reliableTransport.o) (IsMessageTypeAlwaysSentUnreliably)
transport/.output/eagle/release/lib/libtransport.a(reliableSequenceId.o)
                              transport/.output/eagle/release/lib/libtransport.a(reliableTransport.o) (PreviousSequenceId)
application/.output/eagle/release/lib/libapplication.a(backgroundTask.o)
                              hal/.output/eagle/release/lib/libuserhal.a(user_main.o) (backgroundTaskInit)
application/.output/eagle/release/lib/libapplication.a(crashReporter.o)
                              application/.output/eagle/release/lib/libapplication.a(backgroundTask.o) (_ZN4Anki5Cozmo13CrashReporter4InitEv)
application/.output/eagle/release/lib/libapplication.a(dhTask.o)
                              application/.output/eagle/release/lib/libapplication.a(backgroundTask.o) (_ZN13DiffieHellman4InitEv)
application/.output/eagle/release/lib/libapplication.a(face.o)
                              driver/.output/eagle/release/lib/libdriver.a(crash.o) (m_frame)
application/.output/eagle/release/lib/libapplication.a(messages.o)
                              application/.output/eagle/release/lib/libapplication.a(backgroundTask.o) (_ZN4Anki5Cozmo14RobotInterface7SendLogEatthz)
application/.output/eagle/release/lib/libapplication.a(nvStorage.o)
                              hal/.output/eagle/release/lib/libuserhal.a(user_main.o) (NVInit)
application/.output/eagle/release/lib/libapplication.a(rtip.o)
                              application/.output/eagle/release/lib/libapplication.a(backgroundTask.o) (_ZN4Anki5Cozmo4RTIP4InitEv)
application/.output/eagle/release/lib/libapplication.a(upgradeController.o)
                              application/.output/eagle/release/lib/libapplication.a(backgroundTask.o) (_ZN4Anki5Cozmo17UpgradeController4InitEv)
application/.output/eagle/release/lib/libapplication.a(activeObjectManager.o)
[...]
Memory Configuration

Name             Origin             Length             Attributes
dport0_0_seg     0x000000003ff00000 0x0000000000000010
dram0_0_seg      0x000000003ffe8000 0x0000000000014000
iram1_0_seg      0x0000000040100000 0x0000000000008000
irom0_0_seg      0x0000000040203030 0x000000000006b000
*default*        0x0000000000000000 0xffffffffffffffff

Linker script and memory map

START GROUP
LOAD /opt/xtensa-lx106-elf/bin/../lib/gcc/xtensa-lx106-elf/4.8.2/../../../../xtensa-lx106-elf/lib/libc.a
LOAD ../lib/libgcc.a
LOAD /opt/xtensa-lx106-elf/bin/../xtensa-lx106-elf/sysroot/usr/lib/libhal.a
LOAD hal/.output/eagle/release/lib/libuserhal.a
LOAD driver/.output/eagle/release/lib/libdriver.a
LOAD transport/.output/eagle/release/lib/libtransport.a
LOAD clad/.output/eagle/release/lib/libclad.a
LOAD application/.output/eagle/release/lib/libapplication.a
LOAD factory/.output/eagle/release/lib/libfactory.a
LOAD supervisor/.output/eagle/release/lib/libsupervisor.a
LOAD crypto/.output/eagle/release/lib/libusercrypto.a
LOAD ../lib/libphy.a
LOAD ../lib/libpp.a
LOAD ../lib/libnet80211.a
LOAD ../lib/libcrypto.a
LOAD ../lib/liblwip.a
LOAD ../lib/libwpa.a
LOAD ../lib/libmain_w.a
LOAD ../lib/libjson.a
LOAD ../lib/libssl.a
LOAD ../lib/libpwm.a
LOAD ../lib/libsmartconfig.a
END GROUP
                0x0000000040000000                PROVIDE (_memmap_vecbase_reset, 0x40000000)
                0x0000000000000110                _memmap_cacheattr_wb_base = 0x110
                0x0000000000000110                _memmap_cacheattr_wt_base = 0x110
                0x0000000000000220                _memmap_cacheattr_bp_base = 0x220
                0x00000000fffff00f                _memmap_cacheattr_unused_mask = 0xfffff00f
                0x000000002222211f                _memmap_cacheattr_wb_trapnull = 0x2222211f
                0x000000002222211f                _memmap_cacheattr_wba_trapnull = 0x2222211f
                0x000000002222211f                _memmap_cacheattr_wbna_trapnull = 0x2222211f
                0x000000002222211f                _memmap_cacheattr_wt_trapnull = 0x2222211f
                0x000000002222222f                _memmap_cacheattr_bp_trapnull = 0x2222222f
                0x00000000fffff11f                _memmap_cacheattr_wb_strict = 0xfffff11f
                0x00000000fffff11f                _memmap_cacheattr_wt_strict = 0xfffff11f
                0x00000000fffff22f                _memmap_cacheattr_bp_strict = 0xfffff22f
                0x0000000022222112                _memmap_cacheattr_wb_allvalid = 0x22222112
                0x0000000022222112                _memmap_cacheattr_wt_allvalid = 0x22222112
                0x0000000022222222                _memmap_cacheattr_bp_allvalid = 0x22222222
                0x000000002222211f                PROVIDE (_memmap_cacheattr_reset, _memmap_cacheattr_wb_trapnull)

.dport0.rodata  0x000000003ff00000        0x0
                0x000000003ff00000                _dport0_rodata_start = ABSOLUTE (.)
 *(.dport0.rodata)
 *(.dport.rodata)
                0x000000003ff00000                _dport0_rodata_end = ABSOLUTE (.)

.dport0.literal
                0x000000003ff00000        0x0
                0x000000003ff00000                _dport0_literal_start = ABSOLUTE (.)
 *(.dport0.literal)
 *(.dport.literal)
                0x000000003ff00000                _dport0_literal_end = ABSOLUTE (.)

.dport0.data    0x000000003ff00000        0x0
                0x000000003ff00000                _dport0_data_start = ABSOLUTE (.)
 *(.dport0.data)
 *(.dport.data)
                0x000000003ff00000                _dport0_data_end = ABSOLUTE (.)

.data           0x000000003ffe8000      0x7ab
                0x000000003ffe8000                _data_start = ABSOLUTE (.)
 *(.data)
 .data          0x000000003ffe8000        0x0 driver/.output/eagle/release/lib/libdriver.a(cache.o)
 .data          0x000000003ffe8000        0x6 ../lib/libmain_w.a(user_interface.o)
                0x000000003ffe8001                timer2_ms_flag
                0x000000003ffe8002                dhcps_flag
                0x000000003ffe8003                dhcpc_flag
                0x000000003ffe8005                reconnect_internal
 .data          0x000000003ffe8006        0x0 ../lib/libmain_w.a(debug-vector.o)
 .data          0x000000003ffe8006        0x0 ../lib/libmain_w.a(double-vector.o)
 .data          0x000000003ffe8006        0x0 ../lib/libmain_w.a(kernel-vector.o)
 .data          0x000000003ffe8006        0x4 ../lib/libmain_w.a(nmi-vector.o)
                0x000000003ffe8006                _Pri_3_HandlerAddress
 .data          0x000000003ffe800a        0x0 ../lib/libmain_w.a(user-vector.o)
 .data          0x000000003ffe800a        0x0 ../lib/libmain_w.a(vector.o)
 *fill*         0x000000003ffe800a        0x2 
 .data          0x000000003ffe800c        0x1 ../lib/libmain_w.a(app_main.o)
 .data          0x000000003ffe800d        0x0 ../lib/libmain_w.a(eagle_lib.o)
 *fill*         0x000000003ffe800d        0x3 
 .data          0x000000003ffe8010        0x1 ../lib/libmain_w.a(eagle_lwip_if.o)
                0x000000003ffe8010                default_hostname
 .data          0x000000003ffe8011        0x0 ../lib/libmain_w.a(ets_timer.o)
 .data          0x000000003ffe8011        0x0 ../lib/libmain_w.a(mem_manager.o)
 .data          0x000000003ffe8011        0x0 ../lib/libmain_w.a(spi_flash.o)
 .data          0x000000003ffe8011        0x0 /opt/xtensa-lx106-elf/bin/../xtensa-lx106-elf/sysroot/usr/lib/libhal.a(int_asm--set_intclear.o)
 .data          0x000000003ffe8011        0x0 hal/.output/eagle/release/lib/libuserhal.a(user_main.o)
 .data          0x000000003ffe8011        0x0 hal/.output/eagle/release/lib/libuserhal.a(client.o)
 .data          0x000000003ffe8011        0x0 hal/.output/eagle/release/lib/libuserhal.a(foregroundTask.o)
 .data          0x000000003ffe8011        0x0 driver/.output/eagle/release/lib/libdriver.a(crash.o)
 .data          0x000000003ffe8011        0x0 driver/.output/eagle/release/lib/libdriver.a(factoryData.o)
 .data          0x000000003ffe8011        0x0 driver/.output/eagle/release/lib/libdriver.a(i2spi.o)
 .data          0x000000003ffe8011        0x0 driver/.output/eagle/release/lib/libdriver.a(uart.o)
 .data          0x000000003ffe8011        0x0 transport/.output/eagle/release/lib/libtransport.a(reliableTransport.o)
 .data          0x000000003ffe8011        0x0 transport/.output/eagle/release/lib/libtransport.a(reliableMessageTypes.o)
 .data          0x000000003ffe8011        0x0 transport/.output/eagle/release/lib/libtransport.a(reliableSequenceId.o)
 .data          0x000000003ffe8011        0x0 application/.output/eagle/release/lib/libapplication.a(backgroundTask.o)
 .data          0x000000003ffe8011        0x0 application/.output/eagle/release/lib/libapplication.a(crashReporter.o)
 .data          0x000000003ffe8011        0x0 application/.output/eagle/release/lib/libapplication.a(dhTask.o)
 .data          0x000000003ffe8011        0x0 application/.output/eagle/release/lib/libapplication.a(face.o)
 .data          0x000000003ffe8011        0x0 application/.output/eagle/release/lib/libapplication.a(messages.o)
 .data          0x000000003ffe8011        0x0 application/.output/eagle/release/lib/libapplication.a(nvStorage.o)
 .data          0x000000003ffe8011        0x0 application/.output/eagle/release/lib/libapplication.a(rtip.o)
 .data          0x000000003ffe8011        0x0 application/.output/eagle/release/lib/libapplication.a(upgradeController.o)
 .data          0x000000003ffe8011        0x0 application/.output/eagle/release/lib/libapplication.a(activeObjectManager.o)
 .data          0x000000003ffe8011        0x0 factory/.output/eagle/release/lib/libfactory.a(factoryTests.o)
 .data          0x000000003ffe8011        0x0 supervisor/.output/eagle/release/lib/libsupervisor.a(animationController.o)
 .data          0x000000003ffe8011        0x0 crypto/.output/eagle/release/lib/libusercrypto.a(sha512.o)
 .data          0x000000003ffe8011        0x0 crypto/.output/eagle/release/lib/libusercrypto.a(bignum.o)
 .data          0x000000003ffe8011        0x0 crypto/.output/eagle/release/lib/libusercrypto.a(rsa_pss.o)
 .data          0x000000003ffe8011        0x0 crypto/.output/eagle/release/lib/libusercrypto.a(crc32.o)
 .data          0x000000003ffe8011        0x0 crypto/.output/eagle/release/lib/libusercrypto.a(aes.o)
 .data          0x000000003ffe8011        0x0 ../lib/libphy.a(phy.o)
 .data          0x000000003ffe8011        0x0 ../lib/libphy.a(phy_chip_v6_ana.o)
 *fill*         0x000000003ffe8011        0xf 
 .data          0x000000003ffe8020       0x53 ../lib/libphy.a(phy_chip_v6.o)
                0x000000003ffe8022                tx_rf_ana_gain
                0x000000003ffe8050                rx_gain_swp
                0x000000003ffe8070                test_rffreq_txcap
 *fill*         0x000000003ffe8073        0x1 
 .data          0x000000003ffe8074        0x1 ../lib/libphy.a(phy_chip_v6_cal.o)
                0x000000003ffe8074                rfcal_bb_atten_init
 .data          0x000000003ffe8075        0x0 ../lib/libphy.a(phy_chip_v6_unused.o)
 *fill*         0x000000003ffe8075        0x3 
 .data          0x000000003ffe8078        0x4 ../lib/libphy.a(phy_sleep.o)
                0x000000003ffe8078                chip_version
 .data          0x000000003ffe807c        0x0 ../lib/libpp.a(if_hwctrl.o)
 .data          0x000000003ffe807c        0x0 ../lib/libpp.a(lmac.o)
 .data          0x000000003ffe807c        0x1 ../lib/libpp.a(pm.o)
 *fill*         0x000000003ffe807d        0x3 
 .data          0x000000003ffe8080        0x1 ../lib/libpp.a(pm_for_bcn_only_mode.o)
 *fill*         0x000000003ffe8081        0x3 
 .data          0x000000003ffe8084       0x1c ../lib/libpp.a(pp.o)
                0x000000003ffe8084                soft_wdt_interval
                0x000000003ffe8088                NoiseTimerInterval
                0x000000003ffe8090                sleep_start_wait_time
                0x000000003ffe8098                CanDoFreqCal
                0x000000003ffe809c                tcb
 .data          0x000000003ffe80a0       0x40 ../lib/libpp.a(rate_control.o)
 .data          0x000000003ffe80e0      0x24c ../lib/libpp.a(trc.o)
 .data          0x000000003ffe832c        0x8 ../lib/libpp.a(wdev.o)
 .data          0x000000003ffe8334        0x0 ../lib/libpp.a(esf_buf.o)
 .data          0x000000003ffe8334        0x0 ../lib/libnet80211.a(ieee80211.o)
 .data          0x000000003ffe8334        0x0 ../lib/libnet80211.a(ieee80211_crypto.o)
 .data          0x000000003ffe8334        0x0 ../lib/libnet80211.a(ieee80211_ets.o)
 .data          0x000000003ffe8334        0x1 ../lib/libnet80211.a(ieee80211_hostap.o)
                0x000000003ffe8334                TmpSTAAPCloseAP
 .data          0x000000003ffe8335        0x0 ../lib/libnet80211.a(ieee80211_ht.o)
 .data          0x000000003ffe8335        0x0 ../lib/libnet80211.a(ieee80211_input.o)
 .data          0x000000003ffe8335        0x0 ../lib/libnet80211.a(ieee80211_mesh_quick.o)
 .data          0x000000003ffe8335        0x0 ../lib/libnet80211.a(ieee80211_output.o)
 .data          0x000000003ffe8335        0x0 ../lib/libnet80211.a(ieee80211_phy.o)
 .data          0x000000003ffe8335        0x0 ../lib/libnet80211.a(ieee80211_power.o)
 .data          0x000000003ffe8335        0x0 ../lib/libnet80211.a(ieee80211_proto.o)
 .data          0x000000003ffe8335        0x0 ../lib/libnet80211.a(ieee80211_rfid.o)
 .data          0x000000003ffe8335        0x0 ../lib/libnet80211.a(ieee80211_scan.o)
 .data          0x000000003ffe8335        0x0 ../lib/libnet80211.a(ieee80211_sta.o)
 .data          0x000000003ffe8335        0x0 ../lib/libnet80211.a(wl_chm.o)
 *fill*         0x000000003ffe8335        0x3 
 .data          0x000000003ffe8338        0x1 ../lib/libnet80211.a(wl_cnx.o)
 *fill*         0x000000003ffe8339        0x7 
 .data          0x000000003ffe8340       0x1c ../lib/libnet80211.a(ieee80211_action.o)
 .data          0x000000003ffe835c        0x0 ../lib/libnet80211.a(ieee80211_action_vendor.o)
 .data          0x000000003ffe835c        0x0 ../lib/libnet80211.a(ieee80211_crypto_ccmp.o)
 .data          0x000000003ffe835c        0x0 ../lib/libnet80211.a(ieee80211_ie_vendor.o)
 .data          0x000000003ffe835c        0x4 ../lib/liblwip.a(dhcp.o)
 .data          0x000000003ffe8360        0x5 ../lib/liblwip.a(dhcpserver.o)
                0x000000003ffe8360                dhcps_lease_time
 .data          0x000000003ffe8365        0x0 ../lib/liblwip.a(dns.o)
 .data          0x000000003ffe8365        0x0 ../lib/liblwip.a(espconn.o)
 .data          0x000000003ffe8365        0x0 ../lib/liblwip.a(espconn_tcp.o)
 .data          0x000000003ffe8365        0x0 ../lib/liblwip.a(espconn_udp.o)
 .data          0x000000003ffe8365        0x0 ../lib/liblwip.a(etharp.o)
 .data          0x000000003ffe8365        0x0 ../lib/liblwip.a(igmp.o)
 .data          0x000000003ffe8365        0x0 ../lib/liblwip.a(inet_chksum.o)
 .data          0x000000003ffe8365        0x0 ../lib/liblwip.a(init.o)
 .data          0x000000003ffe8365        0x0 ../lib/liblwip.a(ip_addr.o)
 .data          0x000000003ffe8365        0x0 ../lib/liblwip.a(ip.o)
 *fill*         0x000000003ffe8365        0x3 
 .data          0x000000003ffe8368        0x2 ../lib/liblwip.a(memp.o)
                0x000000003ffe8368                memp_sizes_test
 .data          0x000000003ffe836a        0x0 ../lib/liblwip.a(netif.o)
 .data          0x000000003ffe836a        0x0 ../lib/liblwip.a(pbuf.o)
 .data          0x000000003ffe836a        0x0 ../lib/liblwip.a(raw.o)
 .data          0x000000003ffe836a        0x0 ../lib/liblwip.a(tcp_in.o)
 *fill*         0x000000003ffe836a        0x2 
 .data          0x000000003ffe836c        0x8 ../lib/liblwip.a(tcp.o)
 .data          0x000000003ffe8374        0x0 ../lib/liblwip.a(tcp_out.o)
 .data          0x000000003ffe8374        0x0 ../lib/liblwip.a(timers.o)
 .data          0x000000003ffe8374        0x0 ../lib/liblwip.a(udp.o)
 .data          0x000000003ffe8374        0x0 ../lib/liblwip.a(icmp.o)
 .data          0x000000003ffe8374        0x0 ../lib/libwpa.a(ap_config.o)
 .data          0x000000003ffe8374        0x0 ../lib/libwpa.a(common.o)
 .data          0x000000003ffe8374        0x0 ../lib/libwpa.a(os_xtensa.o)
 .data          0x000000003ffe8374        0x0 ../lib/libwpa.a(wpa_auth.o)
 .data          0x000000003ffe8374        0x0 ../lib/libwpa.a(wpa_auth_ie.o)
 .data          0x000000003ffe8374        0x0 ../lib/libwpa.a(wpa.o)
 .data          0x000000003ffe8374        0x0 ../lib/libwpa.a(wpa_common.o)
 .data          0x000000003ffe8374        0x0 ../lib/libwpa.a(wpa_debug.o)
 .data          0x000000003ffe8374        0x0 ../lib/libwpa.a(wpa_ie.o)
 .data          0x000000003ffe8374        0x0 ../lib/libwpa.a(wpa_main.o)
 .data          0x000000003ffe8374        0x0 ../lib/libwpa.a(wpas_glue.o)
 .data          0x000000003ffe8374        0x0 /opt/xtensa-lx106-elf/bin/../lib/gcc/xtensa-lx106-elf/4.8.2/../../../../xtensa-lx106-elf/lib/libc.a(lib_a-atoi.o)
 .data          0x000000003ffe8374        0x0 /opt/xtensa-lx106-elf/bin/../lib/gcc/xtensa-lx106-elf/4.8.2/../../../../xtensa-lx106-elf/lib/libc.a(lib_a-memcpy.o)
 .data          0x000000003ffe8374        0x0 /opt/xtensa-lx106-elf/bin/../lib/gcc/xtensa-lx106-elf/4.8.2/../../../../xtensa-lx106-elf/lib/libc.a(lib_a-memset.o)
 .data          0x000000003ffe8374        0x0 /opt/xtensa-lx106-elf/bin/../lib/gcc/xtensa-lx106-elf/4.8.2/../../../../xtensa-lx106-elf/lib/libc.a(lib_a-strtol.o)
 .data          0x000000003ffe8374        0x4 /opt/xtensa-lx106-elf/bin/../lib/gcc/xtensa-lx106-elf/4.8.2/../../../../xtensa-lx106-elf/lib/libc.a(lib_a-ctype_.o)
                0x000000003ffe8374                __ctype_ptr__
 .data          0x000000003ffe8378      0x430 /opt/xtensa-lx106-elf/bin/../lib/gcc/xtensa-lx106-elf/4.8.2/../../../../xtensa-lx106-elf/lib/libc.a(lib_a-impure.o)
                0x000000003ffe8378                _impure_ptr
 .data          0x000000003ffe87a8        0x0 ../lib/libgcc.a(_modsi3.o)
 .data          0x000000003ffe87a8        0x0 ../lib/libgcc.a(_ashldi3.o)
 .data          0x000000003ffe87a8        0x0 ../lib/libgcc.a(_ashrdi3.o)
 .data          0x000000003ffe87a8        0x0 ../lib/libgcc.a(_mulsf3.o)
 .data          0x000000003ffe87a8        0x0 ../lib/libgcc.a(_divsf3.o)
 .data          0x000000003ffe87a8        0x0 ../lib/libgcc.a(_fixsfsi.o)
 .data          0x000000003ffe87a8        0x0 hal/.output/eagle/release/lib/libuserhal.a(radio.o)
 .data          0x000000003ffe87a8        0x0 hal/.output/eagle/release/lib/libuserhal.a(wifi_configuration.o)
 .data          0x000000003ffe87a8        0x0 clad/.output/eagle/release/lib/libclad.a(messageEngineToRobot.o)
 .data          0x000000003ffe87a8        0x0 clad/.output/eagle/release/lib/libclad.a(messageRobotToEngine.o)
 .data          0x000000003ffe87a8        0x0 clad/.output/eagle/release/lib/libclad.a(otaMessages.o)
 .data          0x000000003ffe87a8        0x0 clad/.output/eagle/release/lib/libclad.a(animationKeyFrames.o)
 .data          0x000000003ffe87a8        0x0 clad/.output/eagle/release/lib/libclad.a(imageTypes.o)
 .data          0x000000003ffe87a8        0x0 clad/.output/eagle/release/lib/libclad.a(nvStorage.o)
 .data          0x000000003ffe87a8        0x0 clad/.output/eagle/release/lib/libclad.a(robotLogging.o)
 .data          0x000000003ffe87a8        0x0 ../lib/libnet80211.a(ieee80211_crypto_tkip.o)
 .data          0x000000003ffe87a8        0x0 ../lib/libnet80211.a(ieee80211_crypto_wep.o)
 .data          0x000000003ffe87a8        0x0 ../lib/libcrypto.a(aes-wrap.o)
 .data          0x000000003ffe87a8        0x0 ../lib/libcrypto.a(aes-internal-enc.o)
 .data          0x000000003ffe87a8        0x0 ../lib/libcrypto.a(aes-internal.o)
 *(.data.*)
 .data.odd_even$2240
                0x000000003ffe87a8        0x1 driver/.output/eagle/release/lib/libdriver.a(cache.o)
 .data._ZZN4Anki5Cozmo14BackgroundTask33RadioConnectionStateMachineUpdateEvE14sendRadioState
                0x000000003ffe87a9        0x1 application/.output/eagle/release/lib/libapplication.a(backgroundTask.o)
 .data._ZZN4Anki5Cozmo12sendImgChunkERNS0_10ImageChunkEbE9skipFrame
                0x000000003ffe87aa        0x1 hal/.output/eagle/release/lib/libuserhal.a(radio.o)
 *(.gnu.linkonce.d.*)
 *(.data1)
 *(.sdata)
 *(.sdata.*)
 *(.gnu.linkonce.s.*)
 *(.sdata2)
 *(.sdata2.*)
 *(.gnu.linkonce.s2.*)
 *(.jcr)
                0x000000003ffe87ab                _data_end = ABSOLUTE (.)

.rodata         0x000000003ffe87b0     0x2424
                0x000000003ffe87b0                _rodata_start = ABSOLUTE (.)
 *(.sdk.version)
 .sdk.version   0x000000003ffe87b0       0x10 ../lib/libmain_w.a(app_main.o)
                0x000000003ffe87b0                SDK_VERSION
 *(.rodata)
 .rodata        0x000000003ffe87c0       0x1c driver/.output/eagle/release/lib/libdriver.a(i2spi.o)
 .rodata        0x000000003ffe87dc       0x2c transport/.output/eagle/release/lib/libtransport.a(reliableTransport.o)
 .rodata        0x000000003ffe8808        0x8 ../lib/libphy.a(phy_chip_v6_ana.o)
 .rodata        0x000000003ffe8810        0x8 ../lib/libphy.a(phy_chip_v6.o)
 .rodata        0x000000003ffe8818        0x4 ../lib/libpp.a(pp.o)
 .rodata        0x000000003ffe881c        0x8 ../lib/libnet80211.a(ieee80211_hostap.o)
 .rodata        0x000000003ffe8824        0x9 ../lib/libnet80211.a(ieee80211_output.o)
 *fill*         0x000000003ffe882d        0x3 
 .rodata        0x000000003ffe8830        0x6 ../lib/liblwip.a(etharp.o)
                0x000000003ffe8830                ethbroadcast
 .rodata        0x000000003ffe8836      0x101 /opt/xtensa-lx106-elf/bin/../lib/gcc/xtensa-lx106-elf/4.8.2/../../../../xtensa-lx106-elf/lib/libc.a(lib_a-ctype_.o)
                0x000000003ffe8836                _ctype_
 *fill*         0x000000003ffe8937        0x1 
 .rodata        0x000000003ffe8938        0x4 /opt/xtensa-lx106-elf/bin/../lib/gcc/xtensa-lx106-elf/4.8.2/../../../../xtensa-lx106-elf/lib/libc.a(lib_a-impure.o)
                0x000000003ffe8938                _global_impure_ptr
 *(.rodata.*)
 .rodata.str1.4
                0x000000003ffe893c        0xc ../lib/libmain_w.a(app_main.o)
 .rodata.str1.4
                0x000000003ffe8948        0x4 ../lib/libmain_w.a(ets_timer.o)
                                          0xc (size before relaxing)
 .rodata.str1.4
                0x000000003ffe894c       0x1a ../lib/libmain_w.a(mem_manager.o)
 .rodata.str1.1
                0x000000003ffe8966       0x4f hal/.output/eagle/release/lib/libuserhal.a(user_main.o)
 .rodata.VALID_PSK_CHARS$2714
                0x000000003ffe89b5       0x22 hal/.output/eagle/release/lib/libuserhal.a(user_main.o)
 *fill*         0x000000003ffe89d7        0x1 
 .rodata.str1.4
                0x000000003ffe89d8       0x1f driver/.output/eagle/release/lib/libdriver.a(crash.o)
 *fill*         0x000000003ffe89f7        0x1 
 .rodata.CSWTCH$110
                0x000000003ffe89f8        0xc driver/.output/eagle/release/lib/libdriver.a(i2spi.o)
 .rodata.HEXTABLE$2420
                0x000000003ffe8a04       0x10 driver/.output/eagle/release/lib/libdriver.a(uart.o)
 .rodata.str1.1
                0x000000003ffe8a14        0x8 transport/.output/eagle/release/lib/libtransport.a(reliableTransport.o)
 .rodata.str1.1
                0x000000003ffe8a1c       0xb3 transport/.output/eagle/release/lib/libtransport.a(reliableMessageTypes.o)
 *fill*         0x000000003ffe8acf        0x1 
 .rodata.CSWTCH$3
                0x000000003ffe8ad0       0x2c transport/.output/eagle/release/lib/libtransport.a(reliableMessageTypes.o)
 .rodata._ZN4Anki5Cozmo14BackgroundTask33RadioConnectionStateMachineUpdateEv
                0x000000003ffe8afc       0x2c application/.output/eagle/release/lib/libapplication.a(backgroundTask.o)
 .rodata._ZN4Anki5Cozmo14BackgroundTask4ExecEP11ETSEventTag
                0x000000003ffe8b28       0x24 application/.output/eagle/release/lib/libapplication.a(backgroundTask.o)
 .rodata.str1.1
                0x0000000000000000       0xb3 application/.output/eagle/release/lib/libapplication.a(crashReporter.o)
                                          0x1 (size before relaxing)
 .rodata.str1.1
                0x0000000000000000        0x1 application/.output/eagle/release/lib/libapplication.a(dhTask.o)
 .rodata._ZN13DiffieHellman6UpdateEv
                0x000000003ffe8b4c       0x18 application/.output/eagle/release/lib/libapplication.a(dhTask.o)
 *fill*         0x000000003ffe8b64        0x4 
 .rodata._ZL10BIT_EXPAND
                0x000000003ffe8b68      0x100 application/.output/eagle/release/lib/libapplication.a(face.o)
 .rodata.str1.1
                0x000000003ffe8c68       0x1e application/.output/eagle/release/lib/libapplication.a(messages.o)
 *fill*         0x000000003ffe8c86        0x2 
 .rodata.ProcessMessage
                0x000000003ffe8c88       0xb8 application/.output/eagle/release/lib/libapplication.a(messages.o)
 .rodata.str1.1
                0x000000003ffe8d40       0x21 application/.output/eagle/release/lib/libapplication.a(nvStorage.o)
                                         0x22 (size before relaxing)
 *fill*         0x000000003ffe8d61        0x3 
 .rodata._ZN4Anki5Cozmo9NVStorageL21GarbageCollectionTaskEj
                0x000000003ffe8d64       0x14 application/.output/eagle/release/lib/libapplication.a(nvStorage.o)
 .rodata._ZN4Anki5Cozmo9NVStorage11WipeAllTaskEj
                0x000000003ffe8d78       0x18 application/.output/eagle/release/lib/libapplication.a(nvStorage.o)
 .rodata._ZN4Anki5Cozmo9NVStorage6UpdateEv
                0x000000003ffe8d90       0x14 application/.output/eagle/release/lib/libapplication.a(nvStorage.o)
 .rodata.str1.1
                0x000000003ffe8da4       0x3e application/.output/eagle/release/lib/libapplication.a(upgradeController.o)
 *fill*         0x000000003ffe8de2        0x2 
 .rodata._ZN4Anki5Cozmo17UpgradeController6UpdateEv
                0x000000003ffe8de4       0x78 application/.output/eagle/release/lib/libapplication.a(upgradeController.o)
 .rodata._ZL7AES_KEY
                0x000000003ffe8e5c       0x10 application/.output/eagle/release/lib/libapplication.a(upgradeController.o)
 .rodata._ZN4Anki5Cozmo17UpgradeController23VERSION_INFO_MAX_LENGTHE
                0x000000003ffe8e6c        0x4 application/.output/eagle/release/lib/libapplication.a(upgradeController.o)
                0x000000003ffe8e6c                _ZN4Anki5Cozmo17UpgradeController23VERSION_INFO_MAX_LENGTHE
 .rodata.str1.1
                0x0000000000000000       0x3e factory/.output/eagle/release/lib/libfactory.a(factoryTests.o)
                                          0x5 (size before relaxing)
 .rodata.str1.1
                0x000000003ffe8e70       0x43 supervisor/.output/eagle/release/lib/libsupervisor.a(animationController.o)
 *fill*         0x000000003ffe8eb3        0x1 
 .rodata._ZN4Anki5Cozmo19AnimationController6UpdateEv
                0x000000003ffe8eb4       0x2c supervisor/.output/eagle/release/lib/libsupervisor.a(animationController.o)
 .rodata._ZL7BIG_ONE
                0x000000003ffe8ee0      0x20c crypto/.output/eagle/release/lib/libusercrypto.a(bignum.o)
 .rodata._ZL8BIG_ZERO
                0x000000003ffe90ec      0x20c crypto/.output/eagle/release/lib/libusercrypto.a(bignum.o)
 .rodata._ZL7PADDING
                0x000000003ffe92f8       0x12 crypto/.output/eagle/release/lib/libusercrypto.a(rsa_pss.o)
 .rodata._ZL4Rcon
                0x000000003ffe930a       0xff crypto/.output/eagle/release/lib/libusercrypto.a(aes.o)
 .rodata._ZL5rsbox
                0x000000003ffe9409      0x100 crypto/.output/eagle/release/lib/libusercrypto.a(aes.o)
 .rodata._ZL4sbox
                0x000000003ffe9509      0x100 crypto/.output/eagle/release/lib/libusercrypto.a(aes.o)
 *fill*         0x000000003ffe9609        0x3 
 .rodata.str1.4
                0x000000003ffe960c        0x4 ../lib/libpp.a(lmac.o)
                                          0xc (size before relaxing)
 .rodata.str1.4
                0x000000003ffe9610        0x3 ../lib/libpp.a(pm.o)
                                          0xb (size before relaxing)
 *fill*         0x000000003ffe9613        0x1 
 .rodata.str1.4
                0x000000003ffe9614        0x4 ../lib/libpp.a(pm_for_bcn_only_mode.o)
                                          0xc (size before relaxing)
 .rodata.str1.4
                0x000000003ffe9618        0x8 ../lib/libpp.a(pp.o)
                                         0x10 (size before relaxing)
 .rodata.str1.4
                0x000000003ffe9620        0x4 ../lib/libpp.a(wdev.o)
                                          0xc (size before relaxing)
 .rodata.str1.4
                0x000000003ffe9624        0x3 ../lib/libnet80211.a(ieee80211_hostap.o)
                                          0x8 (size before relaxing)
 *fill*         0x000000003ffe9627        0x1 
 .rodata.str1.4
                0x000000003ffe9628        0x7 ../lib/libnet80211.a(ieee80211_mesh_quick.o)
 .rodata.str1.4
                0x0000000000000000        0x4 ../lib/libnet80211.a(ieee80211_sta.o)
 .rodata.str1.4
                0x0000000000000000        0x4 ../lib/libnet80211.a(ieee80211_action_vendor.o)
 .rodata.str1.4
                0x0000000000000000        0x4 ../lib/libnet80211.a(ieee80211_ie_vendor.o)
 .rodata.str1.4
                0x0000000000000000        0x7 ../lib/liblwip.a(espconn_tcp.o)
                                          0x1 (size before relaxing)
 *fill*         0x000000003ffe962f        0x1 
 .rodata.str1.4
                0x000000003ffe9630       0x10 ../lib/libwpa.a(wpa_debug.o)
                                          0xd (size before relaxing)
 .rodata.str1.1
                0x000000003ffe9640        0x2 /opt/xtensa-lx106-elf/bin/../lib/gcc/xtensa-lx106-elf/4.8.2/../../../../xtensa-lx106-elf/lib/libc.a(lib_a-impure.o)
 .rodata.str1.1
                0x000000003ffe9642        0x3 hal/.output/eagle/release/lib/libuserhal.a(wifi_configuration.o)
 *fill*         0x000000003ffe9645        0x3 
 .rodata._ZN4Anki5Cozmo17WiFiConfiguration19ProcessConfigStringERKNS0_14RobotInterface22AppConnectConfigStringE
                0x000000003ffe9648       0x3c hal/.output/eagle/release/lib/libuserhal.a(wifi_configuration.o)
 .rodata._ZNK4Anki5Cozmo14RobotInterface13EngineToRobot4SizeEv
                0x000000003ffe9684      0x2b4 clad/.output/eagle/release/lib/libclad.a(messageEngineToRobot.o)
 .rodata._ZNK4Anki5Cozmo14RobotInterface13RobotToEngine4SizeEv
                0x000000003ffe9938      0x114 clad/.output/eagle/release/lib/libclad.a(messageRobotToEngine.o)
 *(.gnu.linkonce.r.*)
 *(.rodata1)
                0x000000003ffe9a4c                __XT_EXCEPTION_TABLE__ = ABSOLUTE (.)
 *(.xt_except_table)
 *(.gcc_except_table)
 *(.gnu.linkonce.e.*)
 *(.gnu.version_r)
 *(.eh_frame)
 .eh_frame      0x000000003ffe9a4c       0xa8 application/.output/eagle/release/lib/libapplication.a(backgroundTask.o)
 .eh_frame      0x000000003ffe9af4       0x70 application/.output/eagle/release/lib/libapplication.a(crashReporter.o)
                                         0x80 (size before relaxing)
 .eh_frame      0x000000003ffe9b64       0x60 application/.output/eagle/release/lib/libapplication.a(dhTask.o)
                                         0x70 (size before relaxing)
 .eh_frame      0x000000003ffe9bc4      0x1d4 application/.output/eagle/release/lib/libapplication.a(face.o)
                                        0x1e4 (size before relaxing)
 .eh_frame      0x000000003ffe9d98      0x15c application/.output/eagle/release/lib/libapplication.a(messages.o)
                                        0x16c (size before relaxing)
 .eh_frame      0x000000003ffe9ef4      0x1a0 application/.output/eagle/release/lib/libapplication.a(nvStorage.o)
                                        0x1b0 (size before relaxing)
 .eh_frame      0x000000003ffea094       0x70 application/.output/eagle/release/lib/libapplication.a(rtip.o)
                                         0x80 (size before relaxing)
 .eh_frame      0x000000003ffea104      0x114 application/.output/eagle/release/lib/libapplication.a(upgradeController.o)
                                        0x124 (size before relaxing)
 .eh_frame      0x000000003ffea218       0x4c application/.output/eagle/release/lib/libapplication.a(activeObjectManager.o)
                                         0x5c (size before relaxing)
 .eh_frame      0x000000003ffea264       0xfc factory/.output/eagle/release/lib/libfactory.a(factoryTests.o)
                                        0x10c (size before relaxing)
 .eh_frame      0x000000003ffea360      0x1a4 supervisor/.output/eagle/release/lib/libsupervisor.a(animationController.o)
                                        0x1b4 (size before relaxing)
 .eh_frame      0x000000003ffea504       0x2c crypto/.output/eagle/release/lib/libusercrypto.a(sha512.o)
                                         0x3c (size before relaxing)
 .eh_frame      0x000000003ffea530      0x1f4 crypto/.output/eagle/release/lib/libusercrypto.a(bignum.o)
                                        0x204 (size before relaxing)
 .eh_frame      0x000000003ffea724      0x128 crypto/.output/eagle/release/lib/libusercrypto.a(rsa_pss.o)
                                        0x138 (size before relaxing)
 .eh_frame      0x000000003ffea84c       0xe0 crypto/.output/eagle/release/lib/libusercrypto.a(aes.o)
                                         0xf0 (size before relaxing)
 .eh_frame      0x000000003ffea92c       0x88 hal/.output/eagle/release/lib/libuserhal.a(radio.o)
                                         0x98 (size before relaxing)
 .eh_frame      0x000000003ffea9b4      0x118 hal/.output/eagle/release/lib/libuserhal.a(wifi_configuration.o)
                                        0x128 (size before relaxing)
 .eh_frame      0x000000003ffeaacc       0x80 clad/.output/eagle/release/lib/libclad.a(messageEngineToRobot.o)
                                         0x90 (size before relaxing)
 .eh_frame      0x000000003ffeab4c       0x80 clad/.output/eagle/release/lib/libclad.a(messageRobotToEngine.o)
                                         0x90 (size before relaxing)
 *crtbegin.o(.ctors)
 *(EXCLUDE_FILE(*crtend.o) .ctors)
 *(SORT(.ctors.*))
 *(.ctors)
 *crtbegin.o(.dtors)
 *(EXCLUDE_FILE(*crtend.o) .dtors)
 *(SORT(.dtors.*))
 *(.dtors)
                0x000000003ffeabcc                __XT_EXCEPTION_DESCS__ = ABSOLUTE (.)
 *(.xt_except_desc)
 *(.gnu.linkonce.h.*)
                0x000000003ffeabcc                __XT_EXCEPTION_DESCS_END__ = ABSOLUTE (.)
 *(.xt_except_desc_end)
 *(.dynamic)
 *(.gnu.version_d)
                0x000000003ffeabcc                . = ALIGN (0x4)
                0x000000003ffeabcc                _bss_table_start = ABSOLUTE (.)
                0x000000003ffeabcc        0x4 LONG 0x3ffeabd8 _bss_start
                0x000000003ffeabd0        0x4 LONG 0x3fffa090 _bss_end
                0x000000003ffeabd4                _bss_table_end = ABSOLUTE (.)
                0x000000003ffeabd4                _rodata_end = ABSOLUTE (.)

.bss            0x000000003ffeabd8     0xf4b8
                0x000000003ffeabd8                . = ALIGN (0x8)
                0x000000003ffeabd8                _bss_start = ABSOLUTE (.)
 *(.dynsbss)
 *(.sbss)
 *(.sbss.*)
 *(.gnu.linkonce.sb.*)
 *(.scommon)
 *(.sbss2)
 *(.sbss2.*)
 *(.gnu.linkonce.sb2.*)
 *(.dynbss)
 *(.bss)
 .bss           0x000000003ffeabd8        0x0 driver/.output/eagle/release/lib/libdriver.a(cache.o)
 *fill*         0x000000003ffeabd8        0x8 
 .bss           0x000000003ffeabe0      0x242 ../lib/libmain_w.a(user_interface.o)
                0x000000003ffeacd7                deep_sleep_flag
                0x000000003ffeacd8                cpu_overclock
                0x000000003ffeacdc                event_cb
                0x000000003ffeace0                status_led_output_level
                0x000000003ffeace4                done_cb
                0x000000003ffeace8                rst_if
                0x000000003ffead04                default_interface
                0x000000003ffead05                OpmodChgIsOnGoing
                0x000000003ffead08                promiscuous_cb
                0x000000003ffead20                event_TaskQueue
 .bss           0x000000003ffeae22        0x0 ../lib/libmain_w.a(debug-vector.o)
 .bss           0x000000003ffeae22        0x0 ../lib/libmain_w.a(double-vector.o)
 .bss           0x000000003ffeae22        0x0 ../lib/libmain_w.a(kernel-vector.o)
 *fill*         0x000000003ffeae22        0xe 
 .bss           0x000000003ffeae30      0x1c0 ../lib/libmain_w.a(nmi-vector.o)
 .bss           0x000000003ffeaff0        0x0 ../lib/libmain_w.a(user-vector.o)
 .bss           0x000000003ffeaff0        0x0 ../lib/libmain_w.a(vector.o)
 .bss           0x000000003ffeaff0       0x41 ../lib/libmain_w.a(app_main.o)
                0x000000003ffeaff4                info
                0x000000003ffeb018                lwip_timer_interval
                0x000000003ffeb01c                check_timeouts_timer
                0x000000003ffeb030                user_init_flag
 .bss           0x000000003ffeb031        0x0 ../lib/libmain_w.a(eagle_lib.o)
 *fill*         0x000000003ffeb031        0x3 
 .bss           0x000000003ffeb034        0xc ../lib/libmain_w.a(eagle_lwip_if.o)
                0x000000003ffeb034                hostname
 .bss           0x000000003ffeb040       0x30 ../lib/libmain_w.a(ets_timer.o)
                0x000000003ffeb040                dbg_timer_flag
                0x000000003ffeb044                timer_list
                0x000000003ffeb048                debug_timer
                0x000000003ffeb04c                debug_timerfn
 .bss           0x000000003ffeb070       0x3c ../lib/libmain_w.a(mem_manager.o)
 .bss           0x000000003ffeb0ac        0x4 ../lib/libmain_w.a(spi_flash.o)
                0x000000003ffeb0ac                flash_read
 .bss           0x000000003ffeb0b0        0x0 /opt/xtensa-lx106-elf/bin/../xtensa-lx106-elf/sysroot/usr/lib/libhal.a(int_asm--set_intclear.o)
 .bss           0x000000003ffeb0b0        0x0 hal/.output/eagle/release/lib/libuserhal.a(user_main.o)
 .bss           0x000000003ffeb0b0        0x0 hal/.output/eagle/release/lib/libuserhal.a(client.o)
 .bss           0x000000003ffeb0b0        0x0 hal/.output/eagle/release/lib/libuserhal.a(foregroundTask.o)
 .bss           0x000000003ffeb0b0        0x0 driver/.output/eagle/release/lib/libdriver.a(crash.o)
 .bss           0x000000003ffeb0b0        0x0 driver/.output/eagle/release/lib/libdriver.a(factoryData.o)
 .bss           0x000000003ffeb0b0        0x0 driver/.output/eagle/release/lib/libdriver.a(i2spi.o)
 .bss           0x000000003ffeb0b0        0x0 driver/.output/eagle/release/lib/libdriver.a(uart.o)
 .bss           0x000000003ffeb0b0        0x0 transport/.output/eagle/release/lib/libtransport.a(reliableTransport.o)
 .bss           0x000000003ffeb0b0        0x0 transport/.output/eagle/release/lib/libtransport.a(reliableMessageTypes.o)
 .bss           0x000000003ffeb0b0        0x0 transport/.output/eagle/release/lib/libtransport.a(reliableSequenceId.o)
 .bss           0x000000003ffeb0b0        0x0 application/.output/eagle/release/lib/libapplication.a(backgroundTask.o)
 .bss           0x000000003ffeb0b0        0x0 application/.output/eagle/release/lib/libapplication.a(crashReporter.o)
 .bss           0x000000003ffeb0b0        0x0 application/.output/eagle/release/lib/libapplication.a(dhTask.o)
 .bss           0x000000003ffeb0b0        0x0 application/.output/eagle/release/lib/libapplication.a(face.o)
 .bss           0x000000003ffeb0b0        0x0 application/.output/eagle/release/lib/libapplication.a(messages.o)
 .bss           0x000000003ffeb0b0        0x0 application/.output/eagle/release/lib/libapplication.a(nvStorage.o)
 .bss           0x000000003ffeb0b0        0x0 application/.output/eagle/release/lib/libapplication.a(rtip.o)
 .bss           0x000000003ffeb0b0        0x0 application/.output/eagle/release/lib/libapplication.a(upgradeController.o)
 .bss           0x000000003ffeb0b0        0x0 application/.output/eagle/release/lib/libapplication.a(activeObjectManager.o)
 .bss           0x000000003ffeb0b0        0x0 factory/.output/eagle/release/lib/libfactory.a(factoryTests.o)
 .bss           0x000000003ffeb0b0        0x0 supervisor/.output/eagle/release/lib/libsupervisor.a(animationController.o)
 .bss           0x000000003ffeb0b0        0x0 crypto/.output/eagle/release/lib/libusercrypto.a(sha512.o)
 .bss           0x000000003ffeb0b0        0x0 crypto/.output/eagle/release/lib/libusercrypto.a(bignum.o)
 .bss           0x000000003ffeb0b0        0x0 crypto/.output/eagle/release/lib/libusercrypto.a(rsa_pss.o)
 .bss           0x000000003ffeb0b0        0x0 crypto/.output/eagle/release/lib/libusercrypto.a(crc32.o)
 .bss           0x000000003ffeb0b0        0x0 crypto/.output/eagle/release/lib/libusercrypto.a(aes.o)
 .bss           0x000000003ffeb0b0        0x4 ../lib/libphy.a(phy.o)
 .bss           0x000000003ffeb0b4        0x2 ../lib/libphy.a(phy_chip_v6_ana.o)
                0x000000003ffeb0b4                tout_dis_txpwr_track
                0x000000003ffeb0b5                sleep_mode_flag
 *fill*         0x000000003ffeb0b6        0x2 
 .bss           0x000000003ffeb0b8      0x15b ../lib/libphy.a(phy_chip_v6.o)
                0x000000003ffeb0b8                g_phyFuns
                0x000000003ffeb0bc                rxiq_compute_num
                0x000000003ffeb0c0                rx_table_renew_en
                0x000000003ffeb0c4                check_result
                0x000000003ffeb0c8                chip6_sleep_params
                0x000000003ffeb15c                chip6_phy_init_ctrl
                0x000000003ffeb1d0                phy_freq_offset
                0x000000003ffeb1d2                do_pwctrl_flag
                0x000000003ffeb1d3                txbk_dpdby_flag
                0x000000003ffeb1d5                sw_scan_mode
                0x000000003ffeb1d6                rxmax_ext_level
                0x000000003ffeb1d8                phy_rx_gain_dc_table
                0x000000003ffeb1ec                periodic_cal_dc_num
                0x000000003ffeb1f0                periodic_cal_flag
                0x000000003ffeb1f1                bbpll_cal_flag
                0x000000003ffeb1f2                phy_in_most_power
                0x000000003ffeb1f3                init_rf_no_cal
                0x000000003ffeb1f4                test_print_time
                0x000000003ffeb1f8                phy_rx_gain_dc_flag
                0x000000003ffeb1f9                phy_in_vdd33_offset
                0x000000003ffeb1fa                phy_set_most_tpw_disbg
                0x000000003ffeb1fb                phy_set_most_tpw_index
                0x000000003ffeb1fc                adc_rand_noise
                0x000000003ffeb200                dpd_bypass_original
                0x000000003ffeb202                phy_txpwr_diff_flash
                0x000000003ffeb208                noise_array
 *fill*         0x000000003ffeb213        0x1 
 .bss           0x000000003ffeb214        0x9 ../lib/libphy.a(phy_chip_v6_cal.o)
                0x000000003ffeb214                phy_tx_power_out
                0x000000003ffeb216                phy_tx_pwr_error
                0x000000003ffeb218                tx_pwctrl_track_num
                0x000000003ffeb219                rxiq_cover_fail_num
                0x000000003ffeb21a                phy_meas_freq_offset
                0x000000003ffeb21c                tx_pwctrl_pk_num
 .bss           0x000000003ffeb21d        0x0 ../lib/libphy.a(phy_chip_v6_unused.o)
 *fill*         0x000000003ffeb21d        0x3 
 .bss           0x000000003ffeb220        0x7 ../lib/libphy.a(phy_sleep.o)
                0x000000003ffeb220                periodic_cal_sat
                0x000000003ffeb222                lslp_mem_opt_8266
                0x000000003ffeb224                software_slp_reject
                0x000000003ffeb225                SDIO_slp_reject
                0x000000003ffeb226                hardware_reject
 *fill*         0x000000003ffeb227        0x9 
 .bss           0x000000003ffeb230       0x40 ../lib/libpp.a(if_hwctrl.o)
                0x000000003ffeb230                interface_mask
                0x000000003ffeb250                if_ctrl
 .bss           0x000000003ffeb270      0x150 ../lib/libpp.a(lmac.o)
                0x000000003ffeb274                lmacConfMib
                0x000000003ffeb298                our_tx_eb
 .bss           0x000000003ffeb3c0      0x11a ../lib/libpp.a(pm.o)
                0x000000003ffeb3c0                pmc
                0x000000003ffeb4a0                flash_tmp
 *fill*         0x000000003ffeb4da        0x2 
 .bss           0x000000003ffeb4dc       0x34 ../lib/libpp.a(pm_for_bcn_only_mode.o)
 .bss           0x000000003ffeb510      0x322 ../lib/libpp.a(pp.o)
                0x000000003ffeb528                pend_flag_noise_check
                0x000000003ffeb530                pend_flag_periodic_cal
                0x000000003ffeb548                idle_timer_reopen_flag
                0x000000003ffeb54a                dbg_stop_sw_wdt
                0x000000003ffeb54b                dbg_stop_hw_wdt
                0x000000003ffeb54d                total_buffed_eb_num
                0x000000003ffeb550                HighestFreqOffsetInOneChk
                0x000000003ffeb552                LowestFreqOffsetInOneChk
                0x000000003ffeb554                DefFreqCalTimer
                0x000000003ffeb568                PktNumInOneChk
                0x000000003ffeb6f0                buffed_eb_arr
 *fill*         0x000000003ffeb832        0xe 
 .bss           0x000000003ffeb840      0x100 ../lib/libpp.a(rate_control.o)
 .bss           0x000000003ffeb940      0x46c ../lib/libpp.a(trc.o)
 *fill*         0x000000003ffebdac        0x4 
 .bss           0x000000003ffebdb0     0x2f88 ../lib/libpp.a(wdev.o)
                0x000000003ffebdb0                wDevCtrl
                0x000000003ffebf58                WdevTimOffSet
 *fill*         0x000000003ffeed38        0x8 
 .bss           0x000000003ffeed40      0xaa4 ../lib/libpp.a(esf_buf.o)
 .bss           0x000000003ffef7e4      0x67c ../lib/libnet80211.a(ieee80211.o)
                0x000000003ffef7e4                g_ic
 .bss           0x000000003ffefe60        0x0 ../lib/libnet80211.a(ieee80211_crypto.o)
 .bss           0x000000003ffefe60        0x0 ../lib/libnet80211.a(ieee80211_ets.o)
 .bss           0x000000003ffefe60       0x56 ../lib/libnet80211.a(ieee80211_hostap.o)
                0x000000003ffefe60                BcnEb_update
                0x000000003ffefe6d                BcnWithMcastSendStart
                0x000000003ffefe6e                BcnWithMcastSendCnt
                0x000000003ffefe88                PendFreeBcnEb
                0x000000003ffefe8c                ApFreqCalTimer
                0x000000003ffefea0                APRecvBcnStartTick
 .bss           0x000000003ffefeb6        0x0 ../lib/libnet80211.a(ieee80211_ht.o)
 .bss           0x000000003ffefeb6        0x0 ../lib/libnet80211.a(ieee80211_input.o)
 .bss           0x000000003ffefeb6        0x0 ../lib/libnet80211.a(ieee80211_mesh_quick.o)
 .bss           0x000000003ffefeb6        0x0 ../lib/libnet80211.a(ieee80211_output.o)
 .bss           0x000000003ffefeb6        0x0 ../lib/libnet80211.a(ieee80211_phy.o)
 .bss           0x000000003ffefeb6        0x0 ../lib/libnet80211.a(ieee80211_power.o)
 .bss           0x000000003ffefeb6        0x0 ../lib/libnet80211.a(ieee80211_proto.o)
 .bss           0x000000003ffefeb6        0x0 ../lib/libnet80211.a(ieee80211_rfid.o)
 *fill*         0x000000003ffefeb6        0x2 
 .bss           0x000000003ffefeb8       0xc8 ../lib/libnet80211.a(ieee80211_scan.o)
                0x000000003ffefeb8                gScanStruct
                0x000000003ffeff64                connect_scan_flag
                0x000000003ffeff65                FreqCalCntForScan
                0x000000003ffeff66                TestStaFreqCalValInput
                0x000000003ffeff68                auth_type
                0x000000003ffeff6a                scannum
 .bss           0x000000003ffeff80       0x10 ../lib/libnet80211.a(ieee80211_sta.o)
 .bss           0x000000003ffeff90       0x3c ../lib/libnet80211.a(wl_chm.o)
 *fill*         0x000000003ffeffcc        0x4 
 .bss           0x000000003ffeffd0      0x37e ../lib/libnet80211.a(wl_cnx.o)
                0x000000003fff0330                sta_con_timer
                0x000000003fff0344                backup_ni_connect_status
                0x000000003fff0348                g_cnx_probe_rc_list_cb
                0x000000003fff034c                reconnect_flag
                0x000000003fff034d                no_ap_found_index
 .bss           0x000000003fff034e        0x0 ../lib/libnet80211.a(ieee80211_action.o)
 *fill*         0x000000003fff034e        0x2 
 .bss           0x000000003fff0350       0x10 ../lib/libnet80211.a(ieee80211_action_vendor.o)
 .bss           0x000000003fff0360        0x0 ../lib/libnet80211.a(ieee80211_crypto_ccmp.o)
 .bss           0x000000003fff0360        0x0 ../lib/libnet80211.a(ieee80211_ie_vendor.o)
 .bss           0x000000003fff0360       0x38 ../lib/liblwip.a(dhcp.o)
                0x000000003fff0360                dhcp_rx_options_given
                0x000000003fff0370                dhcp_rx_options_val
 .bss           0x000000003fff0398       0x24 ../lib/liblwip.a(dhcpserver.o)
 *fill*         0x000000003fff03bc        0x4 
 .bss           0x000000003fff03c0      0x480 ../lib/liblwip.a(dns.o)
 .bss           0x000000003fff0840      0x104 ../lib/liblwip.a(espconn.o)
                0x000000003fff0840                plink_active
                0x000000003fff0844                pserver_list
                0x000000003fff0850                premot
                0x000000003fff0910                pktinfo
 *fill*         0x000000003fff0944        0xc 
 .bss           0x000000003fff0950       0x78 ../lib/liblwip.a(espconn_tcp.o)
                0x000000003fff0950                espconn_TaskQueue
 .bss           0x000000003fff09c8        0x0 ../lib/liblwip.a(espconn_udp.o)
 *fill*         0x000000003fff09c8        0x8 
 .bss           0x000000003fff09d0      0x100 ../lib/liblwip.a(etharp.o)
                0x000000003fff09d4                ethzero
 .bss           0x000000003fff0ad0        0xc ../lib/liblwip.a(igmp.o)
 .bss           0x000000003fff0adc        0x0 ../lib/liblwip.a(inet_chksum.o)
 .bss           0x000000003fff0adc        0x0 ../lib/liblwip.a(init.o)
 *fill*         0x000000003fff0adc        0x4 
 .bss           0x000000003fff0ae0       0x10 ../lib/liblwip.a(ip_addr.o)
 .bss           0x000000003fff0af0       0x12 ../lib/liblwip.a(ip.o)
                0x000000003fff0af0                current_iphdr_dest
                0x000000003fff0af4                current_iphdr_src
                0x000000003fff0af8                current_netif
                0x000000003fff0afc                current_header
 .bss           0x000000003fff0b02        0x0 ../lib/liblwip.a(memp.o)
 *fill*         0x000000003fff0b02        0x2 
 .bss           0x000000003fff0b04        0x9 ../lib/liblwip.a(netif.o)
                0x000000003fff0b04                netif_list
                0x000000003fff0b08                netif_default
 .bss           0x000000003fff0b0d        0x0 ../lib/liblwip.a(pbuf.o)
 *fill*         0x000000003fff0b0d        0x3 
 .bss           0x000000003fff0b10        0x4 ../lib/liblwip.a(raw.o)
 .bss           0x000000003fff0b14       0x34 ../lib/liblwip.a(tcp_in.o)
                0x000000003fff0b44                tcp_input_pcb
 .bss           0x000000003fff0b48       0x1c ../lib/liblwip.a(tcp.o)
                0x000000003fff0b4c                tcp_active_pcbs
                0x000000003fff0b50                tcp_tmp_pcb
                0x000000003fff0b54                tcp_tw_pcbs
                0x000000003fff0b58                tcp_bound_pcbs
                0x000000003fff0b5c                tcp_listen_pcbs
                0x000000003fff0b60                tcp_ticks
 .bss           0x000000003fff0b64        0x0 ../lib/liblwip.a(tcp_out.o)
 .bss           0x000000003fff0b64        0xc ../lib/liblwip.a(timers.o)
 .bss           0x000000003fff0b70        0x4 ../lib/liblwip.a(udp.o)
                0x000000003fff0b70                udp_pcbs
 .bss           0x000000003fff0b74        0x0 ../lib/liblwip.a(icmp.o)
 .bss           0x000000003fff0b74        0x0 ../lib/libwpa.a(ap_config.o)
 .bss           0x000000003fff0b74        0x0 ../lib/libwpa.a(common.o)
 .bss           0x000000003fff0b74        0x0 ../lib/libwpa.a(os_xtensa.o)
 .bss           0x000000003fff0b74        0x0 ../lib/libwpa.a(wpa_auth.o)
 .bss           0x000000003fff0b74        0x0 ../lib/libwpa.a(wpa_auth_ie.o)
 *fill*         0x000000003fff0b74        0xc 
 .bss           0x000000003fff0b80      0x26a ../lib/libwpa.a(wpa.o)
 .bss           0x000000003fff0dea        0x0 ../lib/libwpa.a(wpa_common.o)
 .bss           0x000000003fff0dea        0x0 ../lib/libwpa.a(wpa_debug.o)
 .bss           0x000000003fff0dea        0x0 ../lib/libwpa.a(wpa_ie.o)
 .bss           0x000000003fff0dea        0x0 ../lib/libwpa.a(wpa_main.o)
 .bss           0x000000003fff0dea        0x0 ../lib/libwpa.a(wpas_glue.o)
 .bss           0x000000003fff0dea        0x0 /opt/xtensa-lx106-elf/bin/../lib/gcc/xtensa-lx106-elf/4.8.2/../../../../xtensa-lx106-elf/lib/libc.a(lib_a-atoi.o)
 .bss           0x000000003fff0dea        0x0 /opt/xtensa-lx106-elf/bin/../lib/gcc/xtensa-lx106-elf/4.8.2/../../../../xtensa-lx106-elf/lib/libc.a(lib_a-memcpy.o)
 .bss           0x000000003fff0dea        0x0 /opt/xtensa-lx106-elf/bin/../lib/gcc/xtensa-lx106-elf/4.8.2/../../../../xtensa-lx106-elf/lib/libc.a(lib_a-memset.o)
 .bss           0x000000003fff0dea        0x0 /opt/xtensa-lx106-elf/bin/../lib/gcc/xtensa-lx106-elf/4.8.2/../../../../xtensa-lx106-elf/lib/libc.a(lib_a-strtol.o)
 .bss           0x000000003fff0dea        0x0 /opt/xtensa-lx106-elf/bin/../lib/gcc/xtensa-lx106-elf/4.8.2/../../../../xtensa-lx106-elf/lib/libc.a(lib_a-ctype_.o)
 .bss           0x000000003fff0dea        0x0 /opt/xtensa-lx106-elf/bin/../lib/gcc/xtensa-lx106-elf/4.8.2/../../../../xtensa-lx106-elf/lib/libc.a(lib_a-impure.o)
 .bss           0x000000003fff0dea        0x0 ../lib/libgcc.a(_modsi3.o)
 .bss           0x000000003fff0dea        0x0 ../lib/libgcc.a(_ashldi3.o)
 .bss           0x000000003fff0dea        0x0 ../lib/libgcc.a(_ashrdi3.o)
 .bss           0x000000003fff0dea        0x0 ../lib/libgcc.a(_mulsf3.o)
 .bss           0x000000003fff0dea        0x0 ../lib/libgcc.a(_divsf3.o)
 .bss           0x000000003fff0dea        0x0 ../lib/libgcc.a(_fixsfsi.o)
 .bss           0x000000003fff0dea        0x0 hal/.output/eagle/release/lib/libuserhal.a(radio.o)
 .bss           0x000000003fff0dea        0x0 hal/.output/eagle/release/lib/libuserhal.a(wifi_configuration.o)
 .bss           0x000000003fff0dea        0x0 clad/.output/eagle/release/lib/libclad.a(messageEngineToRobot.o)
 .bss           0x000000003fff0dea        0x0 clad/.output/eagle/release/lib/libclad.a(messageRobotToEngine.o)
 .bss           0x000000003fff0dea        0x0 clad/.output/eagle/release/lib/libclad.a(otaMessages.o)
 .bss           0x000000003fff0dea        0x0 clad/.output/eagle/release/lib/libclad.a(animationKeyFrames.o)
 .bss           0x000000003fff0dea        0x0 clad/.output/eagle/release/lib/libclad.a(imageTypes.o)
 .bss           0x000000003fff0dea        0x0 clad/.output/eagle/release/lib/libclad.a(nvStorage.o)
 .bss           0x000000003fff0dea        0x0 clad/.output/eagle/release/lib/libclad.a(robotLogging.o)
 *fill*         0x000000003fff0dea        0x6 
 .bss           0x000000003fff0df0        0x8 ../lib/libnet80211.a(ieee80211_crypto_tkip.o)
 .bss           0x000000003fff0df8        0x0 ../lib/libnet80211.a(ieee80211_crypto_wep.o)
 .bss           0x000000003fff0df8        0x0 ../lib/libcrypto.a(aes-wrap.o)
 .bss           0x000000003fff0df8        0x0 ../lib/libcrypto.a(aes-internal-enc.o)
 .bss           0x000000003fff0df8        0x0 ../lib/libcrypto.a(aes-internal.o)
 *(.bss.*)
 .bss.s_dest$1955
                0x000000003fff0df8       0x10 hal/.output/eagle/release/lib/libuserhal.a(client.o)
 .bss.s_udp$1967
                0x000000003fff0e08       0x10 hal/.output/eagle/release/lib/libuserhal.a(client.o)
 .bss.s_socket$1966
                0x000000003fff0e18       0x1c hal/.output/eagle/release/lib/libuserhal.a(client.o)
 .bss.sendHoldoff
                0x000000003fff0e34        0x1 hal/.output/eagle/release/lib/libuserhal.a(client.o)
 .bss.accept    0x000000003fff0e35        0x1 hal/.output/eagle/release/lib/libuserhal.a(client.o)
 *fill*         0x000000003fff0e36        0x2 
 .bss.clientConnectionId
                0x000000003fff0e38        0x4 hal/.output/eagle/release/lib/libuserhal.a(client.o)
 .bss.clientConnection
                0x000000003fff0e3c        0x4 hal/.output/eagle/release/lib/libuserhal.a(client.o)
 .bss.socket    0x000000003fff0e40        0x4 hal/.output/eagle/release/lib/libuserhal.a(client.o)
 .bss.foregroundTaskQueue
                0x000000003fff0e44       0x80 hal/.output/eagle/release/lib/libuserhal.a(foregroundTask.o)
 .bss.nextCrashRecordSlot
                0x000000003fff0ec4        0x4 driver/.output/eagle/release/lib/libdriver.a(crash.o)
 .bss.factoryData
                0x000000003fff0ec8        0x8 driver/.output/eagle/release/lib/libdriver.a(factoryData.o)
 .bss.COZMO_BUILD_DATE
                0x000000003fff0ed0        0x4 driver/.output/eagle/release/lib/libdriver.a(factoryData.o)
                0x000000003fff0ed0                COZMO_BUILD_DATE
 .bss.COZMO_VERSION_ID
                0x000000003fff0ed4        0x4 driver/.output/eagle/release/lib/libdriver.a(factoryData.o)
                0x000000003fff0ed4                COZMO_VERSION_ID
 .bss.drop$2581
                0x000000003fff0ed8       0x64 driver/.output/eagle/release/lib/libdriver.a(i2spi.o)
 .bss.drift$2583
                0x000000003fff0f3c        0x2 driver/.output/eagle/release/lib/libdriver.a(i2spi.o)
 .bss.dropWrInd$2582
                0x000000003fff0f3e        0x1 driver/.output/eagle/release/lib/libdriver.a(i2spi.o)
 *fill*         0x000000003fff0f3f        0x1 
 .bss.dropPhase
                0x000000003fff0f40        0x2 driver/.output/eagle/release/lib/libdriver.a(i2spi.o)
                0x000000003fff0f40                dropPhase
 .bss.bootloaderCommandPhase
                0x000000003fff0f42        0x2 driver/.output/eagle/release/lib/libdriver.a(i2spi.o)
 .bss.pendingFWB
                0x000000003fff0f44        0x4 driver/.output/eagle/release/lib/libdriver.a(i2spi.o)
 .bss.rtipRXQueueEstimate
                0x000000003fff0f48        0x2 driver/.output/eagle/release/lib/libdriver.a(i2spi.o)
 .bss.rtipBootloaderState
                0x000000003fff0f4a        0x2 driver/.output/eagle/release/lib/libdriver.a(i2spi.o)
 .bss.messageBufferRind
                0x000000003fff0f4c        0x2 driver/.output/eagle/release/lib/libdriver.a(i2spi.o)
 .bss.messageBufferWind
                0x000000003fff0f4e        0x2 driver/.output/eagle/release/lib/libdriver.a(i2spi.o)
 .bss.messageBuffer
                0x000000003fff0f50      0x400 driver/.output/eagle/release/lib/libdriver.a(i2spi.o)
 .bss.resumePhase
                0x000000003fff1350        0x2 driver/.output/eagle/release/lib/libdriver.a(i2spi.o)
 .bss.outgoingPhase
                0x000000003fff1352        0x2 driver/.output/eagle/release/lib/libdriver.a(i2spi.o)
 .bss.nextOutgoingDesc
                0x000000003fff1354        0x4 driver/.output/eagle/release/lib/libdriver.a(i2spi.o)
 .bss.rxQueue   0x000000003fff1358       0x90 driver/.output/eagle/release/lib/libdriver.a(i2spi.o)
 .bss.rxBufs    0x000000003fff13e8     0x1800 driver/.output/eagle/release/lib/libdriver.a(i2spi.o)
 .bss.txFillCount
                0x000000003fff2be8        0x1 driver/.output/eagle/release/lib/libdriver.a(i2spi.o)
 *fill*         0x000000003fff2be9        0x3 
 .bss.txQueue   0x000000003fff2bec       0x90 driver/.output/eagle/release/lib/libdriver.a(i2spi.o)
 .bss.txBufs    0x000000003fff2c7c     0x1800 driver/.output/eagle/release/lib/libdriver.a(i2spi.o)
 .bss.reliableTransport_timeoutMicroseconds
                0x000000003fff447c        0x4 transport/.output/eagle/release/lib/libtransport.a(reliableTransport.o)
 .bss._ZZN4Anki5Cozmo14BackgroundTask4ExecEP11ETSEventTagE15lastErrorReport
                0x000000003fff4480        0x4 application/.output/eagle/release/lib/libapplication.a(backgroundTask.o)
 .bss._ZZN4Anki5Cozmo14BackgroundTask4ExecEP11ETSEventTagE17lastAnimStateTime
                0x000000003fff4484        0x4 application/.output/eagle/release/lib/libapplication.a(backgroundTask.o)
 .bss._ZZN4Anki5Cozmo14BackgroundTask4ExecEP11ETSEventTagE13periodicPrint
                0x000000003fff4488        0x1 application/.output/eagle/release/lib/libapplication.a(backgroundTask.o)
 *fill*         0x000000003fff4489        0x3 
 .bss._ZZN4Anki5Cozmo14BackgroundTask4ExecEP11ETSEventTagE7lastBTT
                0x000000003fff448c        0x4 application/.output/eagle/release/lib/libapplication.a(backgroundTask.o)
 .bss._ZZN4Anki5Cozmo14BackgroundTask33RadioConnectionStateMachineUpdateEvE19doRTDisconnectPhase
                0x000000003fff4490        0x1 application/.output/eagle/release/lib/libapplication.a(backgroundTask.o)
 .bss._ZZN4Anki5Cozmo14BackgroundTask33RadioConnectionStateMachineUpdateEvE16doRTConnectPhase
                0x000000003fff4491        0x1 application/.output/eagle/release/lib/libapplication.a(backgroundTask.o)
 .bss._ZZN4Anki5Cozmo14BackgroundTask33RadioConnectionStateMachineUpdateEvE12lastConCount
                0x000000003fff4492        0x1 application/.output/eagle/release/lib/libapplication.a(backgroundTask.o)
 .bss._ZZN4Anki5Cozmo14BackgroundTask33RadioConnectionStateMachineUpdateEvE12lastStaCount
                0x000000003fff4493        0x1 application/.output/eagle/release/lib/libapplication.a(backgroundTask.o)
 *fill*         0x000000003fff4494        0x4 
 .bss._ZGVZN4Anki5Cozmo14BackgroundTask4ExecEP11ETSEventTagE7lastBTT
                0x000000003fff4498        0x8 application/.output/eagle/release/lib/libapplication.a(backgroundTask.o)
 .bss.backgroundTaskQueue
                0x000000003fff44a0       0x10 application/.output/eagle/release/lib/libapplication.a(backgroundTask.o)
                0x000000003fff44a0                backgroundTaskQueue
 .bss._ZN4Anki5Cozmo13CrashReporterL11reportIndexE
                0x000000003fff44b0        0x4 application/.output/eagle/release/lib/libapplication.a(crashReporter.o)
 .bss._ZN4Anki5Cozmo13CrashReporterL18bodyCrashReadStateE
                0x000000003fff44b4        0x1 application/.output/eagle/release/lib/libapplication.a(crashReporter.o)
 .bss._ZN4Anki5Cozmo13CrashReporterL18rtipCrashReadStateE
                0x000000003fff44b5        0x1 application/.output/eagle/release/lib/libapplication.a(crashReporter.o)
 *fill*         0x000000003fff44b6        0x2 
 .bss._ZN4Anki5Cozmo13CrashReporterL12bodyCrashLogE
                0x000000003fff44b8        0x4 application/.output/eagle/release/lib/libapplication.a(crashReporter.o)
 .bss._ZN4Anki5Cozmo13CrashReporterL12rtipCrashLogE
                0x000000003fff44bc        0x4 application/.output/eagle/release/lib/libapplication.a(crashReporter.o)
 .bss._ZL4task  0x000000003fff44c0        0x4 application/.output/eagle/release/lib/libapplication.a(dhTask.o)
 .bss._ZL5state
                0x000000003fff44c4        0x4 application/.output/eagle/release/lib/libapplication.a(dhTask.o)
 .bss._ZZ14PumpScreenDataE13transmitChain
                0x000000003fff44c8        0x1 application/.output/eagle/release/lib/libapplication.a(face.o)
 .bss._ZN4Anki5Cozmo4Face5_modeE
                0x000000003fff44c9        0x1 application/.output/eagle/release/lib/libapplication.a(face.o)
                0x000000003fff44c9                _ZN4Anki5Cozmo4Face5_modeE
 .bss._ZN4Anki5Cozmo4Face10m_rectLockE
                0x000000003fff44ca        0x1 application/.output/eagle/release/lib/libapplication.a(face.o)
                0x000000003fff44ca                _ZN4Anki5Cozmo4Face10m_rectLockE
 *fill*         0x000000003fff44cb        0x1 
 .bss._ZN4Anki5Cozmo4Face16m_remainingRectsE
                0x000000003fff44cc        0x4 application/.output/eagle/release/lib/libapplication.a(face.o)
                0x000000003fff44cc                _ZN4Anki5Cozmo4Face16m_remainingRectsE
 .bss._ZN4Anki5Cozmo4Face12m_scanStatusE
                0x000000003fff44d0        0x3 application/.output/eagle/release/lib/libapplication.a(face.o)
                0x000000003fff44d0                _ZN4Anki5Cozmo4Face12m_scanStatusE
 *fill*         0x000000003fff44d3        0x1 
 .bss._ZN4Anki5Cozmo4Face12m_activeRectE
                0x000000003fff44d4        0x4 application/.output/eagle/release/lib/libapplication.a(face.o)
                0x000000003fff44d4                _ZN4Anki5Cozmo4Face12m_activeRectE
 .bss._ZN4Anki5Cozmo4Face7m_rectsE
                0x000000003fff44d8       0x14 application/.output/eagle/release/lib/libapplication.a(face.o)
                0x000000003fff44d8                _ZN4Anki5Cozmo4Face7m_rectsE
 *fill*         0x000000003fff44ec        0x4 
 .bss.m_frame   0x000000003fff44f0      0x460 application/.output/eagle/release/lib/libapplication.a(face.o)
                0x000000003fff44f0                m_frame
 .bss._ZZN4Anki5Cozmo14RobotInterface7SendLogEatthzE14missedMessages
                0x000000003fff4950        0x4 application/.output/eagle/release/lib/libapplication.a(messages.o)
 .bss._ZL12nvOpReportTo
                0x000000003fff4954        0x1 application/.output/eagle/release/lib/libapplication.a(messages.o)
 *fill*         0x000000003fff4955        0x3 
 .bss._ZZN4Anki5Cozmo9NVStorage6UpdateEvE6header
                0x000000003fff4958        0xc application/.output/eagle/release/lib/libapplication.a(nvStorage.o)
 .bss._ZN4Anki5Cozmo9NVStorageL2nvE
                0x000000003fff4964       0x38 application/.output/eagle/release/lib/libapplication.a(nvStorage.o)
 .bss._ZZ17AcceptRTIPMessageE11relayBuffer
                0x000000003fff499c      0x180 application/.output/eagle/release/lib/libapplication.a(rtip.o)
 .bss._ZZ17AcceptRTIPMessageE11relayQueued
                0x000000003fff4b1c        0x1 application/.output/eagle/release/lib/libapplication.a(rtip.o)
 .bss._ZN4Anki5Cozmo17UpgradeControllerL6aes_ivE
                0x000000003fff4b1d       0x10 application/.output/eagle/release/lib/libapplication.a(upgradeController.o)
 *fill*         0x000000003fff4b2d        0x3 
 .bss._ZN4Anki5Cozmo17UpgradeControllerL15firmware_digestE
                0x000000003fff4b30       0xd0 application/.output/eagle/release/lib/libapplication.a(upgradeController.o)
 .bss._ZN4Anki5Cozmo17UpgradeControllerL10receivedIVE
                0x000000003fff4c00        0x1 application/.output/eagle/release/lib/libapplication.a(upgradeController.o)
 .bss._ZN4Anki5Cozmo17UpgradeControllerL13haveValidCertE
                0x000000003fff4c01        0x1 application/.output/eagle/release/lib/libapplication.a(upgradeController.o)
 .bss._ZN4Anki5Cozmo17UpgradeControllerL15haveTerminationE
                0x000000003fff4c02        0x1 application/.output/eagle/release/lib/libapplication.a(upgradeController.o)
 .bss._ZN4Anki5Cozmo17UpgradeControllerL7didRTIPE
                0x000000003fff4c03        0x1 application/.output/eagle/release/lib/libapplication.a(upgradeController.o)
 .bss._ZN4Anki5Cozmo17UpgradeControllerL7didWiFiE
                0x000000003fff4c04        0x1 application/.output/eagle/release/lib/libapplication.a(upgradeController.o)
 *fill*         0x000000003fff4c05        0x3 
 .bss._ZN4Anki5Cozmo17UpgradeControllerL5phaseE
                0x000000003fff4c08        0x4 application/.output/eagle/release/lib/libapplication.a(upgradeController.o)
 .bss._ZN4Anki5Cozmo17UpgradeControllerL7retriesE
                0x000000003fff4c0c        0x1 application/.output/eagle/release/lib/libapplication.a(upgradeController.o)
 *fill*         0x000000003fff4c0d        0x1 
 .bss._ZN4Anki5Cozmo17UpgradeControllerL20acceptedPacketNumberE
                0x000000003fff4c0e        0x2 application/.output/eagle/release/lib/libapplication.a(upgradeController.o)
 .bss._ZN4Anki5Cozmo17UpgradeControllerL5timerE
                0x000000003fff4c10        0x4 application/.output/eagle/release/lib/libapplication.a(upgradeController.o)
 .bss._ZN4Anki5Cozmo17UpgradeControllerL7counterE
                0x000000003fff4c14        0x4 application/.output/eagle/release/lib/libapplication.a(upgradeController.o)
 .bss._ZN4Anki5Cozmo17UpgradeControllerL14bytesProcessedE
                0x000000003fff4c18        0x4 application/.output/eagle/release/lib/libapplication.a(upgradeController.o)
 .bss._ZN4Anki5Cozmo17UpgradeControllerL10bufferUsedE
                0x000000003fff4c1c        0x4 application/.output/eagle/release/lib/libapplication.a(upgradeController.o)
 .bss._ZN4Anki5Cozmo17UpgradeControllerL10bufferSizeE
                0x000000003fff4c20        0x4 application/.output/eagle/release/lib/libapplication.a(upgradeController.o)
 .bss._ZN4Anki5Cozmo17UpgradeControllerL6bufferE
                0x000000003fff4c24        0x4 application/.output/eagle/release/lib/libapplication.a(upgradeController.o)
 .bss._ZN4Anki5Cozmo17UpgradeControllerL15nextImageNumberE
                0x000000003fff4c28        0x4 application/.output/eagle/release/lib/libapplication.a(upgradeController.o)
 .bss._ZN4Anki5Cozmo17UpgradeControllerL14fwWriteAddressE
                0x000000003fff4c2c        0x4 application/.output/eagle/release/lib/libapplication.a(upgradeController.o)
 .bss._ZN4Anki5Cozmo19ActiveObjectManagerL18lastBodyUpdateTimeE
                0x000000003fff4c30        0x4 application/.output/eagle/release/lib/libapplication.a(activeObjectManager.o)
 .bss._ZN4Anki5Cozmo19ActiveObjectManagerL10needUpdateE
                0x000000003fff4c34        0x4 application/.output/eagle/release/lib/libapplication.a(activeObjectManager.o)
 .bss._ZN4Anki5Cozmo19ActiveObjectManagerL11assignmentsE
                0x000000003fff4c38       0x14 application/.output/eagle/release/lib/libapplication.a(activeObjectManager.o)
 .bss._ZN4Anki5Cozmo7FactoryL9birthCertE
                0x000000003fff4c4c        0xa factory/.output/eagle/release/lib/libfactory.a(factoryTests.o)
 *fill*         0x000000003fff4c56        0x2 
 .bss._ZN4Anki5Cozmo7FactoryL12maxPositionsE
                0x000000003fff4c58       0x10 factory/.output/eagle/release/lib/libfactory.a(factoryTests.o)
 .bss._ZN4Anki5Cozmo7FactoryL12minPositionsE
                0x000000003fff4c68       0x10 factory/.output/eagle/release/lib/libfactory.a(factoryTests.o)
 .bss._ZN4Anki5Cozmo7FactoryL9modeParamE
                0x000000003fff4c78        0x4 factory/.output/eagle/release/lib/libfactory.a(factoryTests.o)
 .bss._ZN4Anki5Cozmo7FactoryL11modeTimeoutE
                0x000000003fff4c7c        0x4 factory/.output/eagle/release/lib/libfactory.a(factoryTests.o)
 .bss._ZN4Anki5Cozmo7FactoryL12lastExecTimeE
                0x000000003fff4c80        0x4 factory/.output/eagle/release/lib/libfactory.a(factoryTests.o)
 .bss._ZN4Anki5Cozmo7FactoryL4modeE
                0x000000003fff4c84        0x4 factory/.output/eagle/release/lib/libfactory.a(factoryTests.o)
 .bss._ZN4Anki5Cozmo19AnimationController12_GLOBAL__N_19_disabledE
                0x000000003fff4c88        0x1 supervisor/.output/eagle/release/lib/libsupervisor.a(animationController.o)
 .bss._ZN4Anki5Cozmo19AnimationController12_GLOBAL__N_112_playSilenceE
                0x000000003fff4c89        0x1 supervisor/.output/eagle/release/lib/libsupervisor.a(animationController.o)
 .bss._ZN4Anki5Cozmo19AnimationController12_GLOBAL__N_113_audioReadIndE
                0x000000003fff4c8a        0x2 supervisor/.output/eagle/release/lib/libsupervisor.a(animationController.o)
 .bss._ZN4Anki5Cozmo19AnimationController12_GLOBAL__N_112_tracksInUseE
                0x000000003fff4c8c        0x4 supervisor/.output/eagle/release/lib/libsupervisor.a(animationController.o)
 .bss._ZN4Anki5Cozmo19AnimationController12_GLOBAL__N_113_tracksToPlayE
                0x000000003fff4c90        0x4 supervisor/.output/eagle/release/lib/libsupervisor.a(animationController.o)
 .bss._ZN4Anki5Cozmo19AnimationController12_GLOBAL__N_133_bufferFullMessagePrintedThisTickE
                0x000000003fff4c94        0x1 supervisor/.output/eagle/release/lib/libsupervisor.a(animationController.o)
 .bss._ZN4Anki5Cozmo19AnimationController12_GLOBAL__N_110_isPlayingE
                0x000000003fff4c95        0x1 supervisor/.output/eagle/release/lib/libsupervisor.a(animationController.o)
 .bss._ZN4Anki5Cozmo19AnimationController12_GLOBAL__N_129_haveReceivedTerminationFrameE
                0x000000003fff4c96        0x2 supervisor/.output/eagle/release/lib/libsupervisor.a(animationController.o)
 .bss._ZN4Anki5Cozmo19AnimationController12_GLOBAL__N_116_isBufferStarvedE
                0x000000003fff4c98        0x1 supervisor/.output/eagle/release/lib/libsupervisor.a(animationController.o)
 .bss._ZN4Anki5Cozmo19AnimationController12_GLOBAL__N_111_currentTagE
                0x000000003fff4c99        0x1 supervisor/.output/eagle/release/lib/libsupervisor.a(animationController.o)
 *fill*         0x000000003fff4c9a        0x2 
 .bss._ZN4Anki5Cozmo19AnimationController12_GLOBAL__N_121_numAudioFramesPlayedE
                0x000000003fff4c9c        0x4 supervisor/.output/eagle/release/lib/libsupervisor.a(animationController.o)
 .bss._ZN4Anki5Cozmo19AnimationController12_GLOBAL__N_117_numBytesInBufferE
                0x000000003fff4ca0        0x4 supervisor/.output/eagle/release/lib/libsupervisor.a(animationController.o)
 .bss._ZN4Anki5Cozmo19AnimationController12_GLOBAL__N_115_numBytesPlayedE
                0x000000003fff4ca4        0x4 supervisor/.output/eagle/release/lib/libsupervisor.a(animationController.o)
 .bss._ZN4Anki5Cozmo19AnimationController12_GLOBAL__N_123_numAudioFramesBufferedE
                0x000000003fff4ca8        0x4 supervisor/.output/eagle/release/lib/libsupervisor.a(animationController.o)
 .bss._ZN4Anki5Cozmo19AnimationController12_GLOBAL__N_114_lastBufferPosE
                0x000000003fff4cac        0x4 supervisor/.output/eagle/release/lib/libsupervisor.a(animationController.o)
 .bss._ZN4Anki5Cozmo19AnimationController12_GLOBAL__N_117_currentBufferPosE
                0x000000003fff4cb0        0x4 supervisor/.output/eagle/release/lib/libsupervisor.a(animationController.o)
 .bss._ZN4Anki5Cozmo19AnimationController12_GLOBAL__N_115_keyFrameBufferE
                0x000000003fff4cb4     0x4000 supervisor/.output/eagle/release/lib/libsupervisor.a(animationController.o)
 .bss._ZL3Key   0x000000003fff8cb4        0x4 crypto/.output/eagle/release/lib/libusercrypto.a(aes.o)
 .bss._ZL8RoundKey
                0x000000003fff8cb8       0xb0 crypto/.output/eagle/release/lib/libusercrypto.a(aes.o)
 .bss._ZL5state
                0x000000003fff8d68        0x4 crypto/.output/eagle/release/lib/libusercrypto.a(aes.o)
 .bss._ZZ20imageSenderQueueDataE3msg
                0x000000003fff8d6c      0x4c4 hal/.output/eagle/release/lib/libuserhal.a(radio.o)
 .bss._ZN4Anki5Cozmo17WiFiConfiguration12sessionTokenE
                0x000000003fff9230       0x10 hal/.output/eagle/release/lib/libuserhal.a(wifi_configuration.o)
                0x000000003fff9230                _ZN4Anki5Cozmo17WiFiConfiguration12sessionTokenE
 .bss._ZL9staConfig
                0x000000003fff9240       0x67 hal/.output/eagle/release/lib/libuserhal.a(wifi_configuration.o)
 *fill*         0x000000003fff92a7        0x1 
 .bss._ZL8apConfig
                0x000000003fff92a8       0x6c hal/.output/eagle/release/lib/libuserhal.a(wifi_configuration.o)
 *(.gnu.linkonce.b.*)
 *(COMMON)
 COMMON         0x000000003fff9314        0xc hal/.output/eagle/release/lib/libuserhal.a(user_main.o)
                0x000000003fff9314                wifiPsk
 COMMON         0x000000003fff9320      0xca0 hal/.output/eagle/release/lib/libuserhal.a(client.o)
                0x000000003fff9320                g_conn
 COMMON         0x000000003fff9fc0       0xd0 driver/.output/eagle/release/lib/libdriver.a(i2spi.o)
                0x000000003fff9fc0                i2spiPhaseErrorCount
                0x000000003fff9fc4                i2spiTaskQ
                0x000000003fffa084                i2spiIntegralDrift
                0x000000003fffa088                i2spiTxUnderflowCount
                0x000000003fffa08c                i2spiTxOverflowCount
                0x000000003fffa090                . = ALIGN (0x8)
                0x000000003fffa090                _bss_end = ABSOLUTE (.)
                0x000000003fffa090                _heap_start = ABSOLUTE (.)

.irom0.text     0x0000000040203030    0x3c2f4
                0x0000000040203030                _irom0_text_start = ABSOLUTE (.)
 factory/.output/eagle/release/lib/libfactory.a(.literal .text .literal.* .text.* .stub .gnu.warning .gnu.linkonce.literal.* .gnu.linkonce.t.*.literal .gnu.linkonce.t.*)
 .text._ZN4Anki5Cozmo7FactoryL13requestIMUCalEj
                0x0000000040203030       0x3b factory/.output/eagle/release/lib/libfactory.a(factoryTests.o)
                                         0x43 (size before relaxing)
 *fill*         0x000000004020306b        0x1 
 .text._ZN4Anki5Cozmo7FactoryL26IMUCalibrationReadCallbackEPNS0_9NVStorage13NVStorageBlobEa
                0x000000004020306c       0x86 factory/.output/eagle/release/lib/libfactory.a(factoryTests.o)
                                         0x9a (size before relaxing)
 *fill*         0x00000000402030f2        0x2 
 .text.hasBirthCertificate
                0x00000000402030f4       0x18 factory/.output/eagle/release/lib/libfactory.a(factoryTests.o)
                0x00000000402030f8                hasBirthCertificate
 .text._ZN4Anki5Cozmo7Factory4InitEv
                0x000000004020310c       0x20 factory/.output/eagle/release/lib/libfactory.a(factoryTests.o)
                                         0x24 (size before relaxing)
                0x0000000040203114                _ZN4Anki5Cozmo7Factory4InitEv
 .text._ZN4Anki5Cozmo7Factory7GetModeEv
                0x000000004020312c        0x7 factory/.output/eagle/release/lib/libfactory.a(factoryTests.o)
                                          0xb (size before relaxing)
                0x000000004020312c                _ZN4Anki5Cozmo7Factory7GetModeEv
 *fill*         0x0000000040203133        0x1 
 .text._ZN4Anki5Cozmo7Factory8GetParamEv
                0x0000000040203134        0xb factory/.output/eagle/release/lib/libfactory.a(factoryTests.o)
                0x0000000040203138                _ZN4Anki5Cozmo7Factory8GetParamEv
 *fill*         0x000000004020313f        0x1 
 .text._ZN4Anki5Cozmo7Factory7SetModeEii
                0x0000000040203140       0xd9 factory/.output/eagle/release/lib/libfactory.a(factoryTests.o)
                                        0x111 (size before relaxing)
                0x0000000040203150                _ZN4Anki5Cozmo7Factory7SetModeEii
 *fill*         0x0000000040203219        0x3 
 .text._ZN4Anki5Cozmo7Factory6UpdateEv
                0x000000004020321c      0x14b factory/.output/eagle/release/lib/libfactory.a(factoryTests.o)
                                        0x1a3 (size before relaxing)
                0x0000000040203250                _ZN4Anki5Cozmo7Factory6UpdateEv
 *fill*         0x0000000040203367        0x1 
 .text._ZN4Anki5Cozmo7FactoryL28BirthCertificateReadCallbackEPNS0_9NVStorage13NVStorageBlobEa
                0x0000000040203368       0x3f factory/.output/eagle/release/lib/libfactory.a(factoryTests.o)
                                         0x57 (size before relaxing)
 *fill*         0x00000000402033a7        0x1 
 .text._ZN4Anki5Cozmo7Factory17Process_TestStateERKNS0_14RobotInterface9TestStateE
                0x00000000402033a8      0x18f factory/.output/eagle/release/lib/libfactory.a(factoryTests.o)
                                        0x1e7 (size before relaxing)
                0x00000000402033bc                _ZN4Anki5Cozmo7Factory17Process_TestStateERKNS0_14RobotInterface9TestStateE
 *fill*         0x0000000040203537        0x1 
 .text._ZN4Anki5Cozmo7Factory28Process_EnterFactoryTestModeERKNS0_14RobotInterface20EnterFactoryTestModeE
                0x0000000040203538       0x1f factory/.output/eagle/release/lib/libfactory.a(factoryTests.o)
                                         0x27 (size before relaxing)
                0x0000000040203538                _ZN4Anki5Cozmo7Factory28Process_EnterFactoryTestModeERKNS0_14RobotInterface20EnterFactoryTestModeE
 *fill*         0x0000000040203557        0x1 
 .literal._ZN4Anki5Cozmo7FactoryL13requestIMUCalEj
                0x0000000040203558        0x0 factory/.output/eagle/release/lib/libfactory.a(factoryTests.o)
 .literal._ZN4Anki5Cozmo7FactoryL26IMUCalibrationReadCallbackEPNS0_9NVStorage13NVStorageBlobEa
                0x0000000040203558        0x0 factory/.output/eagle/release/lib/libfactory.a(factoryTests.o)
 .literal.hasBirthCertificate
                0x0000000040203558        0x0 factory/.output/eagle/release/lib/libfactory.a(factoryTests.o)
 .literal._ZN4Anki5Cozmo7Factory4InitEv
                0x0000000040203558        0x0 factory/.output/eagle/release/lib/libfactory.a(factoryTests.o)
 .literal._ZN4Anki5Cozmo7Factory7GetModeEv
                0x0000000040203558        0x0 factory/.output/eagle/release/lib/libfactory.a(factoryTests.o)
 .literal._ZN4Anki5Cozmo7Factory8GetParamEv
                0x0000000040203558        0x0 factory/.output/eagle/release/lib/libfactory.a(factoryTests.o)
 .literal._ZN4Anki5Cozmo7Factory7SetModeEii
                0x0000000040203558        0x0 factory/.output/eagle/release/lib/libfactory.a(factoryTests.o)
 .literal._ZN4Anki5Cozmo7Factory6UpdateEv
                0x0000000040203558        0x0 factory/.output/eagle/release/lib/libfactory.a(factoryTests.o)
 .literal._ZN4Anki5Cozmo7FactoryL28BirthCertificateReadCallbackEPNS0_9NVStorage13NVStorageBlobEa
                0x0000000040203558        0x0 factory/.output/eagle/release/lib/libfactory.a(factoryTests.o)
 .literal._ZN4Anki5Cozmo7Factory17Process_TestStateERKNS0_14RobotInterface9TestStateE
                0x0000000040203558        0x0 factory/.output/eagle/release/lib/libfactory.a(factoryTests.o)
 .literal._ZN4Anki5Cozmo7Factory28Process_EnterFactoryTestModeERKNS0_14RobotInterface20EnterFactoryTestModeE
                0x0000000040203558        0x0 factory/.output/eagle/release/lib/libfactory.a(factoryTests.o)
 .text          0x0000000040203558        0x0 factory/.output/eagle/release/lib/libfactory.a(factoryTests.o)
 *fill*         0x0000000040203558        0x0 
 *fill*         0x0000000040203558        0x0 
 *fill*         0x0000000040203558        0x0 
 *fill*         0x0000000040203558        0x0 
 *fill*         0x0000000040203558        0x0 
 *fill*         0x0000000040203558        0x0 
 *fill*         0x0000000040203558        0x0 
 *fill*         0x0000000040203558        0x0 
 application/.output/eagle/release/lib/libapplication.a(.literal .text .literal.* .text.* .stub .gnu.warning .gnu.linkonce.literal.* .gnu.linkonce.t.*.literal .gnu.linkonce.t.*)
 .text._ZN4Anki5Cozmo19ActiveObjectManager4InitEv
                0x0000000040203558       0x3b application/.output/eagle/release/lib/libapplication.a(activeObjectManager.o)
                                         0x3f (size before relaxing)
                0x0000000040203564                _ZN4Anki5Cozmo19ActiveObjectManager4InitEv
 *fill*         0x0000000040203593        0x1 
 .text._ZN4Anki5Cozmo19ActiveObjectManager6UpdateEv
                0x0000000040203594       0x82 application/.output/eagle/release/lib/libapplication.a(activeObjectManager.o)
                                         0x9e (size before relaxing)
                0x0000000040203598                _ZN4Anki5Cozmo19ActiveObjectManager6UpdateEv
 *fill*         0x0000000040203616        0x2 
 .text._ZN4Anki5Cozmo19ActiveObjectManager8SetSlotsEhhPKj
                0x0000000040203618       0x56 application/.output/eagle/release/lib/libapplication.a(activeObjectManager.o)
                                         0x5e (size before relaxing)
                0x0000000040203618                _ZN4Anki5Cozmo19ActiveObjectManager8SetSlotsEhhPKj
 *fill*         0x000000004020366e        0x2 
 .text._ZN4Anki5Cozmo19ActiveObjectManager10DisconnectEh
                0x0000000040203670       0x1d application/.output/eagle/release/lib/libapplication.a(activeObjectManager.o)
                                         0x21 (size before relaxing)
                0x0000000040203670                _ZN4Anki5Cozmo19ActiveObjectManager10DisconnectEh
 *fill*         0x000000004020368d        0x3 
 .text._ZN4Anki5Cozmo19ActiveObjectManager13DisconnectAllEv
                0x0000000040203690       0x28 application/.output/eagle/release/lib/libapplication.a(activeObjectManager.o)
                                         0x2c (size before relaxing)
                0x0000000040203694                _ZN4Anki5Cozmo19ActiveObjectManager13DisconnectAllEv
 .text._ZN4Anki5Cozmo14BackgroundTask33RadioConnectionStateMachineUpdateEv
                0x00000000402036b8      0x1d8 application/.output/eagle/release/lib/libapplication.a(backgroundTask.o)
                                        0x24c (size before relaxing)
                0x00000000402036dc                _ZN4Anki5Cozmo14BackgroundTask33RadioConnectionStateMachineUpdateEv
 .text._ZN4Anki5Cozmo14BackgroundTask4ExecEP11ETSEventTag
                0x0000000040203890      0x18a application/.output/eagle/release/lib/libapplication.a(backgroundTask.o)
                                        0x1e2 (size before relaxing)
                0x00000000402038bc                _ZN4Anki5Cozmo14BackgroundTask4ExecEP11ETSEventTag
 *fill*         0x0000000040203a1a        0x2 
 .text.backgroundTaskInit
                0x0000000040203a1c      0x131 application/.output/eagle/release/lib/libapplication.a(backgroundTask.o)
                                        0x1a5 (size before relaxing)
                0x0000000040203a50                backgroundTaskInit
 *fill*         0x0000000040203b4d        0x3 
 .text.i2spiSynchronizedCallback
                0x0000000040203b50       0x1b application/.output/eagle/release/lib/libapplication.a(backgroundTask.o)
                                         0x27 (size before relaxing)
                0x0000000040203b50                i2spiSynchronizedCallback
 *fill*         0x0000000040203b6b        0x1 
 .text._ZN4Anki5Cozmo14RobotInterface11SendMessageERKNS0_16WriteBodyStorageE
                0x0000000040203b6c       0x22 application/.output/eagle/release/lib/libapplication.a(crashReporter.o)
                                         0x2e (size before relaxing)
                0x0000000040203b6c                _ZN4Anki5Cozmo14RobotInterface11SendMessageERKNS0_16WriteBodyStorageE
 *fill*         0x0000000040203b8e        0x2 
 .text._ZN4Anki5Cozmo13CrashReporter4InitEv
                0x0000000040203b90       0x39 application/.output/eagle/release/lib/libapplication.a(crashReporter.o)
                0x0000000040203ba4                _ZN4Anki5Cozmo13CrashReporter4InitEv
 *fill*         0x0000000040203bc9        0x3 
 .text._ZN4Anki5Cozmo13CrashReporter12StartSendingEv
                0x0000000040203bcc        0x9 application/.output/eagle/release/lib/libapplication.a(crashReporter.o)
                                          0xd (size before relaxing)
                0x0000000040203bcc                _ZN4Anki5Cozmo13CrashReporter12StartSendingEv
 *fill*         0x0000000040203bd5        0x3 
 .text._ZN4Anki5Cozmo13CrashReporter11StartQuerryEv
                0x0000000040203bd8        0xa application/.output/eagle/release/lib/libapplication.a(crashReporter.o)
                                          0xe (size before relaxing)
                0x0000000040203bd8                _ZN4Anki5Cozmo13CrashReporter11StartQuerryEv
 *fill*         0x0000000040203be2        0x2 
 .text._ZN4Anki5Cozmo13CrashReporter6UpdateEv
                0x0000000040203be4      0x217 application/.output/eagle/release/lib/libapplication.a(crashReporter.o)
                                        0x27f (size before relaxing)
                0x0000000040203bf4                _ZN4Anki5Cozmo13CrashReporter6UpdateEv
 *fill*         0x0000000040203dfb        0x1 
 .text._ZN4Anki5Cozmo13CrashReporter17AcceptBodyStorageERNS0_19BodyStorageContentsE
                0x0000000040203dfc       0xf1 application/.output/eagle/release/lib/libapplication.a(crashReporter.o)
                                        0x115 (size before relaxing)
                0x0000000040203e00                _ZN4Anki5Cozmo13CrashReporter17AcceptBodyStorageERNS0_19BodyStorageContentsE
 *fill*         0x0000000040203eed        0x3 
 .text._ZN13DiffieHellman4InitEv
                0x0000000040203ef0       0x18 application/.output/eagle/release/lib/libapplication.a(dhTask.o)
                0x0000000040203ef8                _ZN13DiffieHellman4InitEv
 .text._ZN13DiffieHellman5StartEPKhS1_
                0x0000000040203f08       0x8f application/.output/eagle/release/lib/libapplication.a(dhTask.o)
                                         0xaf (size before relaxing)
                0x0000000040203f14                _ZN13DiffieHellman5StartEPKhS1_
 *fill*         0x0000000040203f97        0x1 
 .text._ZN13DiffieHellman6UpdateEv
                0x0000000040203f98      0x168 application/.output/eagle/release/lib/libapplication.a(dhTask.o)
                                        0x1bc (size before relaxing)
                0x0000000040203fac                _ZN13DiffieHellman6UpdateEv
 .text._ZN4Anki5Cozmo4FaceL9ResetScanEv
                0x0000000040204100       0x2f application/.output/eagle/release/lib/libapplication.a(face.o)
 *fill*         0x000000004020412f        0x1 
 .text._ZN4Anki5Cozmo4FaceL16ConsolidateRectsEb
                0x0000000040204130      0x172 application/.output/eagle/release/lib/libapplication.a(face.o)
                                        0x18a (size before relaxing)
 *fill*         0x00000000402042a2        0x2 
 .text._ZN4Anki5Cozmo4FaceL11ResetScreenEv
                0x00000000402042a4       0x46 application/.output/eagle/release/lib/libapplication.a(face.o)
                                         0x5a (size before relaxing)
 *fill*         0x00000000402042ea        0x2 
 .text._ZN4Anki5Cozmo4FaceL11CreateRectsEPyhhhh$constprop$1
                0x00000000402042ec       0xda application/.output/eagle/release/lib/libapplication.a(face.o)
                                         0xfa (size before relaxing)
 *fill*         0x00000000402043c6        0x2 
 .text._Z17FaceDisplayDecodePKhhhPy
                0x00000000402043c8       0xf1 application/.output/eagle/release/lib/libapplication.a(face.o)
                                         0xf5 (size before relaxing)
                0x00000000402043d8                _Z17FaceDisplayDecodePKhhhPy
 *fill*         0x00000000402044b9        0x3 
 .text._ZN4Anki5Cozmo4Face4InitEv
                0x00000000402044bc       0x1d application/.output/eagle/release/lib/libapplication.a(face.o)
                                         0x25 (size before relaxing)
                0x00000000402044c0                _ZN4Anki5Cozmo4Face4InitEv
 *fill*         0x00000000402044d9        0x3 
 .text.PumpScreenData
                0x00000000402044dc       0xb2 application/.output/eagle/release/lib/libapplication.a(face.o)
                                         0xd2 (size before relaxing)
                0x00000000402044e0                PumpScreenData
 *fill*         0x000000004020458e        0x2 
 .text._ZN4Anki5Cozmo4Face14PrintFormattedEPc
                0x0000000040204590       0xb0 application/.output/eagle/release/lib/libapplication.a(face.o)
                                         0xc0 (size before relaxing)
                0x0000000040204594                _ZN4Anki5Cozmo4Face14PrintFormattedEPc
 .text._ZN4Anki5Cozmo4Face8DecToBCDEj
                0x0000000040204640       0x4a application/.output/eagle/release/lib/libapplication.a(face.o)
                                         0x4e (size before relaxing)
                0x0000000040204644                _ZN4Anki5Cozmo4Face8DecToBCDEj
 *fill*         0x000000004020468a        0x2 
 .text._ZN4Anki5Cozmo4Face4Draw5ClearEPy
                0x000000004020468c       0x17 application/.output/eagle/release/lib/libapplication.a(face.o)
                                         0x1b (size before relaxing)
                0x000000004020468c                _ZN4Anki5Cozmo4Face4Draw5ClearEPy
 *fill*         0x00000000402046a3        0x1 
 .text._ZN4Anki5Cozmo4Face4Draw4CopyEPyPKy
                0x00000000402046a4       0x15 application/.output/eagle/release/lib/libapplication.a(face.o)
                                         0x19 (size before relaxing)
                0x00000000402046a4                _ZN4Anki5Cozmo4Face4Draw4CopyEPyPKy
 *fill*         0x00000000402046b9        0x3 
 .text._ZN4Anki5Cozmo4Face4Draw4CopyEPyPKjiii
                0x00000000402046bc       0x76 application/.output/eagle/release/lib/libapplication.a(face.o)
                                         0x7e (size before relaxing)
                0x00000000402046bc                _ZN4Anki5Cozmo4Face4Draw4CopyEPyPKjiii
 *fill*         0x0000000040204732        0x2 
 .text._ZN4Anki5Cozmo4Face4Draw6NumberEPyijii
                0x0000000040204734       0xc9 application/.output/eagle/release/lib/libapplication.a(face.o)
                                         0xd5 (size before relaxing)
                0x000000004020473c                _ZN4Anki5Cozmo4Face4Draw6NumberEPyijii
 *fill*         0x00000000402047fd        0x3 
 .text._ZN4Anki5Cozmo4Face4Draw5PrintEPyPKciii
                0x0000000040204800       0xf8 application/.output/eagle/release/lib/libapplication.a(face.o)
                                        0x104 (size before relaxing)
                0x0000000040204808                _ZN4Anki5Cozmo4Face4Draw5PrintEPyPKciii
 .text._ZN4Anki5Cozmo4Face4Draw4FlipEPy
                0x00000000402048f8        0xf application/.output/eagle/release/lib/libapplication.a(face.o)
                                         0x17 (size before relaxing)
                0x00000000402048f8                _ZN4Anki5Cozmo4Face4Draw4FlipEPy
 *fill*         0x0000000040204907        0x1 
 .text._ZN4Anki5Cozmo4Face5ClearEv
                0x0000000040204908       0x2c application/.output/eagle/release/lib/libapplication.a(face.o)
                                         0x34 (size before relaxing)
                0x0000000040204908                _ZN4Anki5Cozmo4Face5ClearEv
 .text.FacePrintf
                0x0000000040204934       0x69 application/.output/eagle/release/lib/libapplication.a(face.o)
                                         0x79 (size before relaxing)
                0x0000000040204934                FacePrintf
 *fill*         0x000000004020499d        0x3 
 .text.FaceDebugPrintf
                0x00000000402049a0       0x5b application/.output/eagle/release/lib/libapplication.a(face.o)
                                         0x6b (size before relaxing)
                0x00000000402049a0                FaceDebugPrintf
 *fill*         0x00000000402049fb        0x1 
 .text.FaceUnPrintf
                0x00000000402049fc       0x2a application/.output/eagle/release/lib/libapplication.a(face.o)
                                         0x3a (size before relaxing)
                0x00000000402049fc                FaceUnPrintf
 *fill*         0x0000000040204a26        0x2 
 .text._ZN4Anki5Cozmo4Face17GetRemainingRectsEv
                0x0000000040204a28        0x7 application/.output/eagle/release/lib/libapplication.a(face.o)
                                          0xb (size before relaxing)
                0x0000000040204a28                _ZN4Anki5Cozmo4Face17GetRemainingRectsEv
 *fill*         0x0000000040204a2f        0x1 
 .text._ZN4Anki5Cozmo3HAL11FaceAnimateEPht
                0x0000000040204a30       0x45 application/.output/eagle/release/lib/libapplication.a(face.o)
                                         0x59 (size before relaxing)
                0x0000000040204a30                _ZN4Anki5Cozmo3HAL11FaceAnimateEPht
 *fill*         0x0000000040204a75        0x3 
 .text._ZN4Anki5Cozmo8Messages8SendTextEaPKc13__va_list_tag