Archive member included because of file (symbol)

driver/.output/eagle/release/lib/libdriver.a(cache.o)
                              (Cache_Read_Enable_New)
../lib/libmain_w.a(user_interface.o)
                              driver/.output/eagle/release/lib/libdriver.a(cache.o) (system_rtc_mem_read)
../lib/libmain_w.a(debug-vector.o)
                              (_DebugExceptionVector)
../lib/libmain_w.a(double-vector.o)
                              (_DoubleExceptionVector)
../lib/libmain_w.a(kernel-vector.o)
                              (_KernelExceptionVector)
../lib/libmain_w.a(nmi-vector.o)
                              (_NMIExceptionVector)
../lib/libmain_w.a(user-vector.o)
                              (_UserExceptionVector)
../lib/libmain_w.a(vector.o)  (call_user_start)
../lib/libmain_w.a(app_main.o)
                              ../lib/libmain_w.a(user_interface.o) (info)
../lib/libmain_w.a(eagle_lib.o)
                              ../lib/libmain_w.a(user_interface.o) (ets_sprintf)
../lib/libmain_w.a(eagle_lwip_if.o)
                              ../lib/libmain_w.a(user_interface.o) (hostname)
../lib/libmain_w.a(ets_timer.o)
                              ../lib/libmain_w.a(user_interface.o) (ets_timer_setfn)
../lib/libmain_w.a(mem_manager.o)
                              ../lib/libmain_w.a(user_interface.o) (xPortWantedSizeAlign)
../lib/libmain_w.a(spi_flash.o)
                              ../lib/libmain_w.a(user_interface.o) (spi_flash_erase_sector)
/opt/xtensa-lx106-elf/bin/../lib/gcc/xtensa-lx106-elf/4.8.2/libgcc.a(_udivsi3.o)
                              ../lib/libmain_w.a(user_interface.o) (__udivsi3)
/opt/xtensa-lx106-elf/bin/../lib/gcc/xtensa-lx106-elf/4.8.2/libgcc.a(_umodsi3.o)
                              ../lib/libmain_w.a(eagle_lib.o) (__umodsi3)
/opt/xtensa-lx106-elf/bin/../lib/gcc/xtensa-lx106-elf/4.8.2/libgcc.a(_muldi3.o)
                              ../lib/libmain_w.a(user_interface.o) (__muldi3)
/opt/xtensa-lx106-elf/bin/../lib/gcc/xtensa-lx106-elf/4.8.2/libgcc.a(_umulsidi3.o)
                              /opt/xtensa-lx106-elf/bin/../lib/gcc/xtensa-lx106-elf/4.8.2/libgcc.a(_muldi3.o) (__umulsidi3)
/opt/xtensa-lx106-elf/xtensa-lx106-elf/sysroot/usr/lib//libhal.a(int_asm--set_intclear.o)
                              ../lib/libmain_w.a(app_main.o) (xthal_set_intclear)
hal/.output/eagle/release/lib/libuserhal.a(user_main.o)
                              ../lib/libmain_w.a(app_main.o) (user_init)
hal/.output/eagle/release/lib/libuserhal.a(client.o)
                              hal/.output/eagle/release/lib/libuserhal.a(user_main.o) (clientInit)
hal/.output/eagle/release/lib/libuserhal.a(foregroundTask.o)
                              hal/.output/eagle/release/lib/libuserhal.a(user_main.o) (foregroundTaskInit)
driver/.output/eagle/release/lib/libdriver.a(crash.o)
                              hal/.output/eagle/release/lib/libuserhal.a(user_main.o) (crashHandlerInit)
driver/.output/eagle/release/lib/libdriver.a(i2spi.o)
                              hal/.output/eagle/release/lib/libuserhal.a(user_main.o) (i2spiInit)
driver/.output/eagle/release/lib/libdriver.a(uart.o)
                              driver/.output/eagle/release/lib/libdriver.a(crash.o) (os_put_char)
driver/.output/eagle/release/lib/libdriver.a(factoryData.o)
                              hal/.output/eagle/release/lib/libuserhal.a(user_main.o) (factoryDataInit)
transport/.output/eagle/release/lib/libtransport.a(reliableTransport.o)
                              hal/.output/eagle/release/lib/libuserhal.a(client.o) (ReliableTransport_Init)
transport/.output/eagle/release/lib/libtransport.a(reliableMessageTypes.o)
                              transport/.output/eagle/release/lib/libtransport.a(reliableTransport.o) (IsMessageTypeAlwaysSentUnreliably)
transport/.output/eagle/release/lib/libtransport.a(reliableSequenceId.o)
                              transport/.output/eagle/release/lib/libtransport.a(reliableTransport.o) (PreviousSequenceId)
application/.output/eagle/release/lib/libapplication.a(backgroundTask.o)
                              hal/.output/eagle/release/lib/libuserhal.a(user_main.o) (backgroundTaskInit)
application/.output/eagle/release/lib/libapplication.a(dhTask.o)
                              application/.output/eagle/release/lib/libapplication.a(backgroundTask.o) (_ZN13DiffieHellman4InitEv)
application/.output/eagle/release/lib/libapplication.a(face.o)
                              driver/.output/eagle/release/lib/libdriver.a(crash.o) (m_frame)
application/.output/eagle/release/lib/libapplication.a(messages.o)
                              application/.output/eagle/release/lib/libapplication.a(backgroundTask.o) (_ZN4Anki5Cozmo14RobotInterface7SendLogEatthz)
application/.output/eagle/release/lib/libapplication.a(nvStorage.o)
                              hal/.output/eagle/release/lib/libuserhal.a(user_main.o) (NVInit)
application/.output/eagle/release/lib/libapplication.a(rtip.o)
[...]
Memory Configuration

Name             Origin             Length             Attributes
dport0_0_seg     0x000000003ff00000 0x0000000000000010
dram0_0_seg      0x000000003ffe8000 0x0000000000014000
iram1_0_seg      0x0000000040100000 0x0000000000008000
irom0_0_seg      0x0000000040203030 0x000000000006b000
*default*        0x0000000000000000 0xffffffffffffffff

Linker script and memory map

START GROUP
LOAD /opt/xtensa-lx106-elf/bin/../lib/gcc/xtensa-lx106-elf/4.8.2/../../../../xtensa-lx106-elf/lib/libc.a
LOAD /opt/xtensa-lx106-elf/bin/../lib/gcc/xtensa-lx106-elf/4.8.2/libgcc.a
LOAD /opt/xtensa-lx106-elf/xtensa-lx106-elf/sysroot/usr/lib//libhal.a
LOAD hal/.output/eagle/release/lib/libuserhal.a
LOAD driver/.output/eagle/release/lib/libdriver.a
LOAD transport/.output/eagle/release/lib/libtransport.a
LOAD clad/.output/eagle/release/lib/libclad.a
LOAD application/.output/eagle/release/lib/libapplication.a
LOAD factory/.output/eagle/release/lib/libfactory.a
LOAD supervisor/.output/eagle/release/lib/libsupervisor.a
LOAD crypto/.output/eagle/release/lib/libusercrypto.a
LOAD ../lib/libphy.a
LOAD ../lib/libpp.a
LOAD ../lib/libnet80211.a
LOAD ../lib/libcrypto.a
LOAD ../lib/liblwip.a
LOAD ../lib/libwpa.a
LOAD ../lib/libmain_w.a
LOAD ../lib/libjson.a
LOAD ../lib/libssl.a
LOAD ../lib/libpwm.a
LOAD ../lib/libsmartconfig.a
END GROUP
                0x0000000040000000                PROVIDE (_memmap_vecbase_reset, 0x40000000)
                0x0000000000000110                _memmap_cacheattr_wb_base = 0x110
                0x0000000000000110                _memmap_cacheattr_wt_base = 0x110
                0x0000000000000220                _memmap_cacheattr_bp_base = 0x220
                0x00000000fffff00f                _memmap_cacheattr_unused_mask = 0xfffff00f
                0x000000002222211f                _memmap_cacheattr_wb_trapnull = 0x2222211f
                0x000000002222211f                _memmap_cacheattr_wba_trapnull = 0x2222211f
                0x000000002222211f                _memmap_cacheattr_wbna_trapnull = 0x2222211f
                0x000000002222211f                _memmap_cacheattr_wt_trapnull = 0x2222211f
                0x000000002222222f                _memmap_cacheattr_bp_trapnull = 0x2222222f
                0x00000000fffff11f                _memmap_cacheattr_wb_strict = 0xfffff11f
                0x00000000fffff11f                _memmap_cacheattr_wt_strict = 0xfffff11f
                0x00000000fffff22f                _memmap_cacheattr_bp_strict = 0xfffff22f
                0x0000000022222112                _memmap_cacheattr_wb_allvalid = 0x22222112
                0x0000000022222112                _memmap_cacheattr_wt_allvalid = 0x22222112
                0x0000000022222222                _memmap_cacheattr_bp_allvalid = 0x22222222
                0x000000002222211f                PROVIDE (_memmap_cacheattr_reset, _memmap_cacheattr_wb_trapnull)

.dport0.rodata  0x000000003ff00000        0x0
                0x000000003ff00000                _dport0_rodata_start = ABSOLUTE (.)
 *(.dport0.rodata)
 *(.dport.rodata)
                0x000000003ff00000                _dport0_rodata_end = ABSOLUTE (.)

.dport0.literal
                0x000000003ff00000        0x0
                0x000000003ff00000                _dport0_literal_start = ABSOLUTE (.)
 *(.dport0.literal)
 *(.dport.literal)
                0x000000003ff00000                _dport0_literal_end = ABSOLUTE (.)

.dport0.data    0x000000003ff00000        0x0
                0x000000003ff00000                _dport0_data_start = ABSOLUTE (.)
 *(.dport0.data)
 *(.dport.data)
                0x000000003ff00000                _dport0_data_end = ABSOLUTE (.)

.data           0x000000003ffe8000      0x7ab
                0x000000003ffe8000                _data_start = ABSOLUTE (.)
 *(.data)
 .data          0x000000003ffe8000        0x0 driver/.output/eagle/release/lib/libdriver.a(cache.o)
 .data          0x000000003ffe8000        0x6 ../lib/libmain_w.a(user_interface.o)
                0x000000003ffe8001                timer2_ms_flag
                0x000000003ffe8002                dhcps_flag
                0x000000003ffe8003                dhcpc_flag
                0x000000003ffe8005                reconnect_internal
 .data          0x000000003ffe8006        0x0 ../lib/libmain_w.a(debug-vector.o)
 .data          0x000000003ffe8006        0x0 ../lib/libmain_w.a(double-vector.o)
 .data          0x000000003ffe8006        0x0 ../lib/libmain_w.a(kernel-vector.o)
 .data          0x000000003ffe8006        0x4 ../lib/libmain_w.a(nmi-vector.o)
                0x000000003ffe8006                _Pri_3_HandlerAddress
 .data          0x000000003ffe800a        0x0 ../lib/libmain_w.a(user-vector.o)
 .data          0x000000003ffe800a        0x0 ../lib/libmain_w.a(vector.o)
 *fill*         0x000000003ffe800a        0x2 
 .data          0x000000003ffe800c        0x1 ../lib/libmain_w.a(app_main.o)
 .data          0x000000003ffe800d        0x0 ../lib/libmain_w.a(eagle_lib.o)
 *fill*         0x000000003ffe800d        0x3 
 .data          0x000000003ffe8010        0x1 ../lib/libmain_w.a(eagle_lwip_if.o)
                0x000000003ffe8010                default_hostname
 .data          0x000000003ffe8011        0x0 ../lib/libmain_w.a(ets_timer.o)
 .data          0x000000003ffe8011        0x0 ../lib/libmain_w.a(mem_manager.o)
 .data          0x000000003ffe8011        0x0 ../lib/libmain_w.a(spi_flash.o)
 .data          0x000000003ffe8011        0x0 /opt/xtensa-lx106-elf/bin/../lib/gcc/xtensa-lx106-elf/4.8.2/libgcc.a(_udivsi3.o)
 .data          0x000000003ffe8011        0x0 /opt/xtensa-lx106-elf/bin/../lib/gcc/xtensa-lx106-elf/4.8.2/libgcc.a(_umodsi3.o)
 .data          0x000000003ffe8011        0x0 /opt/xtensa-lx106-elf/bin/../lib/gcc/xtensa-lx106-elf/4.8.2/libgcc.a(_muldi3.o)
 .data          0x000000003ffe8011        0x0 /opt/xtensa-lx106-elf/bin/../lib/gcc/xtensa-lx106-elf/4.8.2/libgcc.a(_umulsidi3.o)
 .data          0x000000003ffe8011        0x0 /opt/xtensa-lx106-elf/xtensa-lx106-elf/sysroot/usr/lib//libhal.a(int_asm--set_intclear.o)
 .data          0x000000003ffe8011        0x0 hal/.output/eagle/release/lib/libuserhal.a(user_main.o)
 .data          0x000000003ffe8011        0x0 hal/.output/eagle/release/lib/libuserhal.a(client.o)
 .data          0x000000003ffe8011        0x0 hal/.output/eagle/release/lib/libuserhal.a(foregroundTask.o)
 .data          0x000000003ffe8011        0x0 driver/.output/eagle/release/lib/libdriver.a(crash.o)
 .data          0x000000003ffe8011        0x0 driver/.output/eagle/release/lib/libdriver.a(i2spi.o)
 .data          0x000000003ffe8011        0x0 driver/.output/eagle/release/lib/libdriver.a(uart.o)
 .data          0x000000003ffe8011        0x0 driver/.output/eagle/release/lib/libdriver.a(factoryData.o)
 .data          0x000000003ffe8011        0x0 transport/.output/eagle/release/lib/libtransport.a(reliableTransport.o)
 .data          0x000000003ffe8011        0x0 transport/.output/eagle/release/lib/libtransport.a(reliableMessageTypes.o)
 .data          0x000000003ffe8011        0x0 transport/.output/eagle/release/lib/libtransport.a(reliableSequenceId.o)
 .data          0x000000003ffe8011        0x0 application/.output/eagle/release/lib/libapplication.a(backgroundTask.o)
 .data          0x000000003ffe8011        0x0 application/.output/eagle/release/lib/libapplication.a(dhTask.o)
 .data          0x000000003ffe8011        0x0 application/.output/eagle/release/lib/libapplication.a(face.o)
 .data          0x000000003ffe8011        0x0 application/.output/eagle/release/lib/libapplication.a(messages.o)
 .data          0x000000003ffe8011        0x0 application/.output/eagle/release/lib/libapplication.a(nvStorage.o)
 .data          0x000000003ffe8011        0x0 application/.output/eagle/release/lib/libapplication.a(rtip.o)
 .data          0x000000003ffe8011        0x0 application/.output/eagle/release/lib/libapplication.a(upgradeController.o)
 .data          0x000000003ffe8011        0x0 application/.output/eagle/release/lib/libapplication.a(crashReporter.o)
 .data          0x000000003ffe8011        0x0 application/.output/eagle/release/lib/libapplication.a(activeObjectManager.o)
 .data          0x000000003ffe8011        0x0 factory/.output/eagle/release/lib/libfactory.a(factoryTests.o)
 .data          0x000000003ffe8011        0x0 supervisor/.output/eagle/release/lib/libsupervisor.a(animationController.o)
 .data          0x000000003ffe8011        0x0 crypto/.output/eagle/release/lib/libusercrypto.a(sha512.o)
 .data          0x000000003ffe8011        0x0 crypto/.output/eagle/release/lib/libusercrypto.a(bignum.o)
 .data          0x000000003ffe8011        0x0 crypto/.output/eagle/release/lib/libusercrypto.a(rsa_pss.o)
 .data          0x000000003ffe8011        0x0 crypto/.output/eagle/release/lib/libusercrypto.a(crc32.o)
 .data          0x000000003ffe8011        0x0 crypto/.output/eagle/release/lib/libusercrypto.a(aes.o)
 .data          0x000000003ffe8011        0x0 ../lib/libphy.a(phy.o)
 .data          0x000000003ffe8011        0x0 ../lib/libphy.a(phy_chip_v6_ana.o)
 *fill*         0x000000003ffe8011        0xf 
 .data          0x000000003ffe8020       0x53 ../lib/libphy.a(phy_chip_v6.o)
                0x000000003ffe8022                tx_rf_ana_gain
                0x000000003ffe8050                rx_gain_swp
                0x000000003ffe8070                test_rffreq_txcap
 .data          0x000000003ffe8073        0x0 ../lib/libphy.a(phy_chip_v6_cal.o)
 .data          0x000000003ffe8073        0x0 ../lib/libphy.a(phy_chip_v6_unused.o)
 *fill*         0x000000003ffe8073        0x1 
 .data          0x000000003ffe8074        0x4 ../lib/libphy.a(phy_sleep.o)
                0x000000003ffe8074                chip_version
 .data          0x000000003ffe8078        0x0 ../lib/libpp.a(if_hwctrl.o)
 .data          0x000000003ffe8078        0x0 ../lib/libpp.a(lmac.o)
 .data          0x000000003ffe8078        0x1 ../lib/libpp.a(pm.o)
 *fill*         0x000000003ffe8079        0x3 
 .data          0x000000003ffe807c        0x1 ../lib/libpp.a(pm_for_bcn_only_mode.o)
 *fill*         0x000000003ffe807d        0x3 
 .data          0x000000003ffe8080       0x1c ../lib/libpp.a(pp.o)
                0x000000003ffe8080                soft_wdt_interval
                0x000000003ffe8084                NoiseTimerInterval
                0x000000003ffe808c                sleep_start_wait_time
                0x000000003ffe8094                CanDoFreqCal
                0x000000003ffe8098                tcb
 *fill*         0x000000003ffe809c        0x4 
 .data          0x000000003ffe80a0       0x40 ../lib/libpp.a(rate_control.o)
 .data          0x000000003ffe80e0      0x24c ../lib/libpp.a(trc.o)
 .data          0x000000003ffe832c        0x8 ../lib/libpp.a(wdev.o)
 .data          0x000000003ffe8334        0x0 ../lib/libpp.a(esf_buf.o)
 .data          0x000000003ffe8334        0x0 ../lib/libnet80211.a(ieee80211.o)
 .data          0x000000003ffe8334        0x0 ../lib/libnet80211.a(ieee80211_crypto.o)
 .data          0x000000003ffe8334        0x0 ../lib/libnet80211.a(ieee80211_ets.o)
 .data          0x000000003ffe8334        0x1 ../lib/libnet80211.a(ieee80211_hostap.o)
                0x000000003ffe8334                TmpSTAAPCloseAP
 .data          0x000000003ffe8335        0x0 ../lib/libnet80211.a(ieee80211_ht.o)
 .data          0x000000003ffe8335        0x0 ../lib/libnet80211.a(ieee80211_input.o)
 .data          0x000000003ffe8335        0x0 ../lib/libnet80211.a(ieee80211_mesh_quick.o)
 .data          0x000000003ffe8335        0x0 ../lib/libnet80211.a(ieee80211_output.o)
 .data          0x000000003ffe8335        0x0 ../lib/libnet80211.a(ieee80211_phy.o)
 .data          0x000000003ffe8335        0x0 ../lib/libnet80211.a(ieee80211_power.o)
 .data          0x000000003ffe8335        0x0 ../lib/libnet80211.a(ieee80211_proto.o)
 .data          0x000000003ffe8335        0x0 ../lib/libnet80211.a(ieee80211_rfid.o)
 .data          0x000000003ffe8335        0x0 ../lib/libnet80211.a(ieee80211_scan.o)
 .data          0x000000003ffe8335        0x0 ../lib/libnet80211.a(ieee80211_sta.o)
 .data          0x000000003ffe8335        0x0 ../lib/libnet80211.a(wl_chm.o)
 *fill*         0x000000003ffe8335        0x3 
 .data          0x000000003ffe8338        0x1 ../lib/libnet80211.a(wl_cnx.o)
 *fill*         0x000000003ffe8339        0x7 
 .data          0x000000003ffe8340       0x1c ../lib/libnet80211.a(ieee80211_action.o)
 .data          0x000000003ffe835c        0x0 ../lib/libnet80211.a(ieee80211_action_vendor.o)
 .data          0x000000003ffe835c        0x0 ../lib/libnet80211.a(ieee80211_crypto_ccmp.o)
 .data          0x000000003ffe835c        0x0 ../lib/libnet80211.a(ieee80211_ie_vendor.o)
 .data          0x000000003ffe835c        0x4 ../lib/liblwip.a(dhcp.o)
 .data          0x000000003ffe8360        0x5 ../lib/liblwip.a(dhcpserver.o)
                0x000000003ffe8360                dhcps_lease_time
 .data          0x000000003ffe8365        0x0 ../lib/liblwip.a(dns.o)
 .data          0x000000003ffe8365        0x0 ../lib/liblwip.a(espconn.o)
 .data          0x000000003ffe8365        0x0 ../lib/liblwip.a(espconn_tcp.o)
 .data          0x000000003ffe8365        0x0 ../lib/liblwip.a(espconn_udp.o)
 .data          0x000000003ffe8365        0x0 ../lib/liblwip.a(etharp.o)
 .data          0x000000003ffe8365        0x0 ../lib/liblwip.a(igmp.o)
 .data          0x000000003ffe8365        0x0 ../lib/liblwip.a(inet_chksum.o)
 .data          0x000000003ffe8365        0x0 ../lib/liblwip.a(init.o)
 .data          0x000000003ffe8365        0x0 ../lib/liblwip.a(ip_addr.o)
 .data          0x000000003ffe8365        0x0 ../lib/liblwip.a(ip.o)
 *fill*         0x000000003ffe8365        0x3 
 .data          0x000000003ffe8368        0x2 ../lib/liblwip.a(memp.o)
                0x000000003ffe8368                memp_sizes_test
 .data          0x000000003ffe836a        0x0 ../lib/liblwip.a(netif.o)
 .data          0x000000003ffe836a        0x0 ../lib/liblwip.a(pbuf.o)
 .data          0x000000003ffe836a        0x0 ../lib/liblwip.a(raw.o)
 .data          0x000000003ffe836a        0x0 ../lib/liblwip.a(tcp_in.o)
 *fill*         0x000000003ffe836a        0x2 
 .data          0x000000003ffe836c        0x8 ../lib/liblwip.a(tcp.o)
 .data          0x000000003ffe8374        0x0 ../lib/liblwip.a(tcp_out.o)
 .data          0x000000003ffe8374        0x0 ../lib/liblwip.a(timers.o)
 .data          0x000000003ffe8374        0x0 ../lib/liblwip.a(udp.o)
 .data          0x000000003ffe8374        0x0 ../lib/liblwip.a(icmp.o)
 .data          0x000000003ffe8374        0x0 ../lib/libwpa.a(ap_config.o)
 .data          0x000000003ffe8374        0x0 ../lib/libwpa.a(common.o)
 .data          0x000000003ffe8374        0x0 ../lib/libwpa.a(os_xtensa.o)
 .data          0x000000003ffe8374        0x0 ../lib/libwpa.a(wpa_auth.o)
 .data          0x000000003ffe8374        0x0 ../lib/libwpa.a(wpa_auth_ie.o)
 .data          0x000000003ffe8374        0x0 ../lib/libwpa.a(wpa.o)
 .data          0x000000003ffe8374        0x0 ../lib/libwpa.a(wpa_common.o)
 .data          0x000000003ffe8374        0x0 ../lib/libwpa.a(wpa_debug.o)
 .data          0x000000003ffe8374        0x0 ../lib/libwpa.a(wpa_ie.o)
 .data          0x000000003ffe8374        0x0 ../lib/libwpa.a(wpa_main.o)
 .data          0x000000003ffe8374        0x0 ../lib/libwpa.a(wpas_glue.o)
 .data          0x000000003ffe8374        0x0 /opt/xtensa-lx106-elf/bin/../lib/gcc/xtensa-lx106-elf/4.8.2/../../../../xtensa-lx106-elf/lib/libc.a(lib_a-atoi.o)
 .data          0x000000003ffe8374        0x0 /opt/xtensa-lx106-elf/bin/../lib/gcc/xtensa-lx106-elf/4.8.2/../../../../xtensa-lx106-elf/lib/libc.a(lib_a-memcpy.o)
 .data          0x000000003ffe8374        0x0 /opt/xtensa-lx106-elf/bin/../lib/gcc/xtensa-lx106-elf/4.8.2/../../../../xtensa-lx106-elf/lib/libc.a(lib_a-memset.o)
 .data          0x000000003ffe8374        0x0 /opt/xtensa-lx106-elf/bin/../lib/gcc/xtensa-lx106-elf/4.8.2/../../../../xtensa-lx106-elf/lib/libc.a(lib_a-strtol.o)
 .data          0x000000003ffe8374        0x4 /opt/xtensa-lx106-elf/bin/../lib/gcc/xtensa-lx106-elf/4.8.2/../../../../xtensa-lx106-elf/lib/libc.a(lib_a-ctype_.o)
                0x000000003ffe8374                __ctype_ptr__
 .data          0x000000003ffe8378      0x430 /opt/xtensa-lx106-elf/bin/../lib/gcc/xtensa-lx106-elf/4.8.2/../../../../xtensa-lx106-elf/lib/libc.a(lib_a-impure.o)
                0x000000003ffe8378                _impure_ptr
 .data          0x000000003ffe87a8        0x0 /opt/xtensa-lx106-elf/bin/../lib/gcc/xtensa-lx106-elf/4.8.2/libgcc.a(_divsi3.o)
 .data          0x000000003ffe87a8        0x0 /opt/xtensa-lx106-elf/bin/../lib/gcc/xtensa-lx106-elf/4.8.2/libgcc.a(_modsi3.o)
 .data          0x000000003ffe87a8        0x0 /opt/xtensa-lx106-elf/bin/../lib/gcc/xtensa-lx106-elf/4.8.2/libgcc.a(_ashldi3.o)
 .data          0x000000003ffe87a8        0x0 /opt/xtensa-lx106-elf/bin/../lib/gcc/xtensa-lx106-elf/4.8.2/libgcc.a(_ashrdi3.o)
 .data          0x000000003ffe87a8        0x0 /opt/xtensa-lx106-elf/bin/../lib/gcc/xtensa-lx106-elf/4.8.2/libgcc.a(_addsubsf3.o)
 .data          0x000000003ffe87a8        0x0 /opt/xtensa-lx106-elf/bin/../lib/gcc/xtensa-lx106-elf/4.8.2/libgcc.a(_mulsf3.o)
 .data          0x000000003ffe87a8        0x0 /opt/xtensa-lx106-elf/bin/../lib/gcc/xtensa-lx106-elf/4.8.2/libgcc.a(_divsf3.o)
 .data          0x000000003ffe87a8        0x0 /opt/xtensa-lx106-elf/bin/../lib/gcc/xtensa-lx106-elf/4.8.2/libgcc.a(_fixsfsi.o)
 .data          0x000000003ffe87a8        0x0 /opt/xtensa-lx106-elf/bin/../lib/gcc/xtensa-lx106-elf/4.8.2/libgcc.a(_fixunssfsi.o)
 .data          0x000000003ffe87a8        0x0 /opt/xtensa-lx106-elf/bin/../lib/gcc/xtensa-lx106-elf/4.8.2/libgcc.a(_floatsisf.o)
 .data          0x000000003ffe87a8        0x0 /opt/xtensa-lx106-elf/bin/../lib/gcc/xtensa-lx106-elf/4.8.2/libgcc.a(_muldf3.o)
 .data          0x000000003ffe87a8        0x0 /opt/xtensa-lx106-elf/bin/../lib/gcc/xtensa-lx106-elf/4.8.2/libgcc.a(_divdf3.o)
 .data          0x000000003ffe87a8        0x0 /opt/xtensa-lx106-elf/bin/../lib/gcc/xtensa-lx106-elf/4.8.2/libgcc.a(_fixdfsi.o)
 .data          0x000000003ffe87a8        0x0 /opt/xtensa-lx106-elf/bin/../lib/gcc/xtensa-lx106-elf/4.8.2/libgcc.a(_floatsidf.o)
 .data          0x000000003ffe87a8        0x0 /opt/xtensa-lx106-elf/bin/../lib/gcc/xtensa-lx106-elf/4.8.2/libgcc.a(_truncdfsf2.o)
 .data          0x000000003ffe87a8        0x0 /opt/xtensa-lx106-elf/bin/../lib/gcc/xtensa-lx106-elf/4.8.2/libgcc.a(_divdi3.o)
 .data          0x000000003ffe87a8        0x0 /opt/xtensa-lx106-elf/bin/../lib/gcc/xtensa-lx106-elf/4.8.2/libgcc.a(_umoddi3.o)
 .data          0x000000003ffe87a8        0x0 hal/.output/eagle/release/lib/libuserhal.a(radio.o)
 .data          0x000000003ffe87a8        0x0 hal/.output/eagle/release/lib/libuserhal.a(wifi_configuration.o)
 .data          0x000000003ffe87a8        0x0 clad/.output/eagle/release/lib/libclad.a(messageEngineToRobot.o)
 .data          0x000000003ffe87a8        0x0 clad/.output/eagle/release/lib/libclad.a(messageRobotToEngine.o)
 .data          0x000000003ffe87a8        0x0 clad/.output/eagle/release/lib/libclad.a(otaMessages.o)
 .data          0x000000003ffe87a8        0x0 clad/.output/eagle/release/lib/libclad.a(animationKeyFrames.o)
 .data          0x000000003ffe87a8        0x0 clad/.output/eagle/release/lib/libclad.a(imageTypes.o)
 .data          0x000000003ffe87a8        0x0 clad/.output/eagle/release/lib/libclad.a(nvStorage.o)
 .data          0x000000003ffe87a8        0x0 clad/.output/eagle/release/lib/libclad.a(robotLogging.o)
 .data          0x000000003ffe87a8        0x0 ../lib/libnet80211.a(ieee80211_crypto_tkip.o)
 .data          0x000000003ffe87a8        0x0 ../lib/libnet80211.a(ieee80211_crypto_wep.o)
 .data          0x000000003ffe87a8        0x0 ../lib/libcrypto.a(aes-wrap.o)
 .data          0x000000003ffe87a8        0x0 ../lib/libcrypto.a(aes-internal-enc.o)
 .data          0x000000003ffe87a8        0x0 ../lib/libcrypto.a(aes-internal.o)
 *(.data.*)
 .data.odd_even$2227
                0x000000003ffe87a8        0x1 driver/.output/eagle/release/lib/libdriver.a(cache.o)
 .data._ZZN4Anki5Cozmo14BackgroundTask33RadioConnectionStateMachineUpdateEvE14sendRadioState
                0x000000003ffe87a9        0x1 application/.output/eagle/release/lib/libapplication.a(backgroundTask.o)
 .data._ZZN4Anki5Cozmo12sendImgChunkERNS0_10ImageChunkEbE9skipFrame
                0x000000003ffe87aa        0x1 hal/.output/eagle/release/lib/libuserhal.a(radio.o)
 *(.gnu.linkonce.d.*)
 *(.data1)
 *(.sdata)
 *(.sdata.*)
 *(.gnu.linkonce.s.*)
 *(.sdata2)
 *(.sdata2.*)
 *(.gnu.linkonce.s2.*)
 *(.jcr)
                0x000000003ffe87ab                _data_end = ABSOLUTE (.)

.rodata         0x000000003ffe87b0     0x2484
                0x000000003ffe87b0                _rodata_start = ABSOLUTE (.)
 *(.sdk.version)
 .sdk.version   0x000000003ffe87b0       0x10 ../lib/libmain_w.a(app_main.o)
                0x000000003ffe87b0                SDK_VERSION
 *(.rodata)
 .rodata        0x000000003ffe87c0       0x1c driver/.output/eagle/release/lib/libdriver.a(i2spi.o)
 .rodata        0x000000003ffe87dc       0x2c transport/.output/eagle/release/lib/libtransport.a(reliableTransport.o)
 .rodata        0x000000003ffe8808        0x8 ../lib/libphy.a(phy_chip_v6_ana.o)
 .rodata        0x000000003ffe8810        0x8 ../lib/libphy.a(phy_chip_v6.o)
 .rodata        0x000000003ffe8818        0x4 ../lib/libpp.a(pp.o)
 .rodata        0x000000003ffe881c        0x8 ../lib/libnet80211.a(ieee80211_hostap.o)
 .rodata        0x000000003ffe8824        0x9 ../lib/libnet80211.a(ieee80211_output.o)
 *fill*         0x000000003ffe882d        0x3 
 .rodata        0x000000003ffe8830        0x6 ../lib/liblwip.a(etharp.o)
                0x000000003ffe8830                ethbroadcast
 .rodata        0x000000003ffe8836      0x101 /opt/xtensa-lx106-elf/bin/../lib/gcc/xtensa-lx106-elf/4.8.2/../../../../xtensa-lx106-elf/lib/libc.a(lib_a-ctype_.o)
                0x000000003ffe8836                _ctype_
 *fill*         0x000000003ffe8937        0x1 
 .rodata        0x000000003ffe8938        0x4 /opt/xtensa-lx106-elf/bin/../lib/gcc/xtensa-lx106-elf/4.8.2/../../../../xtensa-lx106-elf/lib/libc.a(lib_a-impure.o)
                0x000000003ffe8938                _global_impure_ptr
 *(.rodata.*)
 .rodata.str1.4
                0x000000003ffe893c        0xc ../lib/libmain_w.a(app_main.o)
 .rodata.str1.4
                0x000000003ffe8948        0x4 ../lib/libmain_w.a(ets_timer.o)
                                          0xc (size before relaxing)
 .rodata.str1.4
                0x000000003ffe894c       0x1a ../lib/libmain_w.a(mem_manager.o)
 .rodata.str1.1
                0x000000003ffe8966       0x4f hal/.output/eagle/release/lib/libuserhal.a(user_main.o)
 .rodata.VALID_PSK_CHARS$2701
                0x000000003ffe89b5       0x22 hal/.output/eagle/release/lib/libuserhal.a(user_main.o)
 *fill*         0x000000003ffe89d7        0x1 
 .rodata.str1.4
                0x000000003ffe89d8       0x1f driver/.output/eagle/release/lib/libdriver.a(crash.o)
 *fill*         0x000000003ffe89f7        0x1 
 .rodata.CSWTCH$110
                0x000000003ffe89f8        0xc driver/.output/eagle/release/lib/libdriver.a(i2spi.o)
 .rodata.HEXTABLE$2407
                0x000000003ffe8a04       0x10 driver/.output/eagle/release/lib/libdriver.a(uart.o)
 .rodata.str1.1
                0x000000003ffe8a14        0x8 transport/.output/eagle/release/lib/libtransport.a(reliableTransport.o)
 .rodata.str1.1
                0x000000003ffe8a1c       0xb3 transport/.output/eagle/release/lib/libtransport.a(reliableMessageTypes.o)
 *fill*         0x000000003ffe8acf        0x1 
 .rodata.CSWTCH$3
                0x000000003ffe8ad0       0x2c transport/.output/eagle/release/lib/libtransport.a(reliableMessageTypes.o)
 .rodata._ZN4Anki5Cozmo14BackgroundTask33RadioConnectionStateMachineUpdateEv
                0x000000003ffe8afc       0x2c application/.output/eagle/release/lib/libapplication.a(backgroundTask.o)
 .rodata._ZN4Anki5Cozmo14BackgroundTask4ExecEP11ETSEventTag
                0x000000003ffe8b28       0x24 application/.output/eagle/release/lib/libapplication.a(backgroundTask.o)
 .rodata.str1.1
                0x0000000000000000       0xb3 application/.output/eagle/release/lib/libapplication.a(dhTask.o)
                                          0x1 (size before relaxing)
 .rodata._ZN13DiffieHellman6UpdateEv
                0x000000003ffe8b4c       0x18 application/.output/eagle/release/lib/libapplication.a(dhTask.o)
 *fill*         0x000000003ffe8b64        0x4 
 .rodata._ZL10BIT_EXPAND
                0x000000003ffe8b68      0x100 application/.output/eagle/release/lib/libapplication.a(face.o)
 .rodata.str1.1
                0x000000003ffe8c68       0x1e application/.output/eagle/release/lib/libapplication.a(messages.o)
 *fill*         0x000000003ffe8c86        0x2 
 .rodata.ProcessMessage
                0x000000003ffe8c88       0xb8 application/.output/eagle/release/lib/libapplication.a(messages.o)
 .rodata.str1.1
                0x000000003ffe8d40       0x21 application/.output/eagle/release/lib/libapplication.a(nvStorage.o)
                                         0x22 (size before relaxing)
 *fill*         0x000000003ffe8d61        0x3 
 .rodata._ZN4Anki5Cozmo9NVStorageL21GarbageCollectionTaskEj
                0x000000003ffe8d64       0x14 application/.output/eagle/release/lib/libapplication.a(nvStorage.o)
 .rodata._ZN4Anki5Cozmo9NVStorage11WipeAllTaskEj
                0x000000003ffe8d78       0x18 application/.output/eagle/release/lib/libapplication.a(nvStorage.o)
 .rodata._ZN4Anki5Cozmo9NVStorage6UpdateEv
                0x000000003ffe8d90       0x14 application/.output/eagle/release/lib/libapplication.a(nvStorage.o)
 .rodata.str1.1
                0x000000003ffe8da4       0x3e application/.output/eagle/release/lib/libapplication.a(upgradeController.o)
 *fill*         0x000000003ffe8de2        0x2 
 .rodata._ZN4Anki5Cozmo17UpgradeController6UpdateEv
                0x000000003ffe8de4       0x78 application/.output/eagle/release/lib/libapplication.a(upgradeController.o)
 .rodata._ZL7AES_KEY
                0x000000003ffe8e5c       0x10 application/.output/eagle/release/lib/libapplication.a(upgradeController.o)
 .rodata._ZN4Anki5Cozmo17UpgradeController23VERSION_INFO_MAX_LENGTHE
                0x000000003ffe8e6c        0x4 application/.output/eagle/release/lib/libapplication.a(upgradeController.o)
                0x000000003ffe8e6c                _ZN4Anki5Cozmo17UpgradeController23VERSION_INFO_MAX_LENGTHE
 .rodata.str1.1
                0x0000000000000000        0x1 application/.output/eagle/release/lib/libapplication.a(crashReporter.o)
 .rodata.str1.1
                0x0000000000000000       0x3e factory/.output/eagle/release/lib/libfactory.a(factoryTests.o)
                                          0x5 (size before relaxing)
 .rodata.str1.1
                0x000000003ffe8e70       0x43 supervisor/.output/eagle/release/lib/libsupervisor.a(animationController.o)
 *fill*         0x000000003ffe8eb3        0x1 
 .rodata._ZN4Anki5Cozmo19AnimationController6UpdateEv
                0x000000003ffe8eb4       0x2c supervisor/.output/eagle/release/lib/libsupervisor.a(animationController.o)
 .rodata._ZL7BIG_ONE
                0x000000003ffe8ee0      0x20c crypto/.output/eagle/release/lib/libusercrypto.a(bignum.o)
 .rodata._ZL8BIG_ZERO
                0x000000003ffe90ec      0x20c crypto/.output/eagle/release/lib/libusercrypto.a(bignum.o)
 .rodata._ZL7PADDING
                0x000000003ffe92f8       0x12 crypto/.output/eagle/release/lib/libusercrypto.a(rsa_pss.o)
 .rodata._ZL4Rcon
                0x000000003ffe930a       0xff crypto/.output/eagle/release/lib/libusercrypto.a(aes.o)
 .rodata._ZL5rsbox
                0x000000003ffe9409      0x100 crypto/.output/eagle/release/lib/libusercrypto.a(aes.o)
 .rodata._ZL4sbox
                0x000000003ffe9509      0x100 crypto/.output/eagle/release/lib/libusercrypto.a(aes.o)
 *fill*         0x000000003ffe9609        0x3 
 .rodata.str1.4
                0x000000003ffe960c        0x4 ../lib/libpp.a(lmac.o)
                                          0xc (size before relaxing)
 .rodata.str1.4
                0x000000003ffe9610        0x4 ../lib/libpp.a(pm_for_bcn_only_mode.o)
                                          0xc (size before relaxing)
 .rodata.str1.4
                0x000000003ffe9614        0x8 ../lib/libpp.a(pp.o)
                                         0x10 (size before relaxing)
 .rodata.str1.4
                0x000000003ffe961c        0x4 ../lib/libpp.a(wdev.o)
                                          0xc (size before relaxing)
 .rodata.str1.4
                0x000000003ffe9620        0x3 ../lib/libnet80211.a(ieee80211_hostap.o)
                                          0x8 (size before relaxing)
 *fill*         0x000000003ffe9623        0x1 
 .rodata.str1.4
                0x000000003ffe9624        0x7 ../lib/libnet80211.a(ieee80211_mesh_quick.o)
 .rodata.str1.4
                0x0000000000000000        0x4 ../lib/libnet80211.a(ieee80211_sta.o)
 .rodata.str1.4
                0x0000000000000000        0x4 ../lib/libnet80211.a(ieee80211_action_vendor.o)
 .rodata.str1.4
                0x0000000000000000        0x4 ../lib/libnet80211.a(ieee80211_ie_vendor.o)
 .rodata.str1.4
                0x0000000000000000        0x7 ../lib/liblwip.a(espconn_tcp.o)
                                          0x1 (size before relaxing)
 *fill*         0x000000003ffe962b        0x1 
 .rodata.str1.4
                0x000000003ffe962c       0x10 ../lib/libwpa.a(wpa_debug.o)
                                          0xd (size before relaxing)
 .rodata.str1.1
                0x000000003ffe963c        0x2 /opt/xtensa-lx106-elf/bin/../lib/gcc/xtensa-lx106-elf/4.8.2/../../../../xtensa-lx106-elf/lib/libc.a(lib_a-impure.o)
 .rodata.str1.1
                0x000000003ffe963e        0x3 hal/.output/eagle/release/lib/libuserhal.a(wifi_configuration.o)
 *fill*         0x000000003ffe9641        0x3 
 .rodata._ZN4Anki5Cozmo17WiFiConfiguration19ProcessConfigStringERKNS0_14RobotInterface22AppConnectConfigStringE
                0x000000003ffe9644       0x3c hal/.output/eagle/release/lib/libuserhal.a(wifi_configuration.o)
 .rodata._ZNK4Anki5Cozmo14RobotInterface13EngineToRobot4SizeEv
                0x000000003ffe9680      0x2b4 clad/.output/eagle/release/lib/libclad.a(messageEngineToRobot.o)
 .rodata._ZNK4Anki5Cozmo14RobotInterface13RobotToEngine4SizeEv
                0x000000003ffe9934      0x114 clad/.output/eagle/release/lib/libclad.a(messageRobotToEngine.o)
 *(.gnu.linkonce.r.*)
 *(.rodata1)
                0x000000003ffe9a48                __XT_EXCEPTION_TABLE__ = ABSOLUTE (.)
 *(.xt_except_table)
 *(.gcc_except_table)
 *(.gnu.linkonce.e.*)
 *(.gnu.version_r)
 *(.eh_frame)
 .eh_frame      0x000000003ffe9a48       0xa8 application/.output/eagle/release/lib/libapplication.a(backgroundTask.o)
 .eh_frame      0x000000003ffe9af0       0x60 application/.output/eagle/release/lib/libapplication.a(dhTask.o)
                                         0x70 (size before relaxing)
 .eh_frame      0x000000003ffe9b50      0x1d4 application/.output/eagle/release/lib/libapplication.a(face.o)
                                        0x1e4 (size before relaxing)
 .eh_frame      0x000000003ffe9d24      0x15c application/.output/eagle/release/lib/libapplication.a(messages.o)
                                        0x16c (size before relaxing)
 .eh_frame      0x000000003ffe9e80      0x1a0 application/.output/eagle/release/lib/libapplication.a(nvStorage.o)
                                        0x1b0 (size before relaxing)
 .eh_frame      0x000000003ffea020       0x70 application/.output/eagle/release/lib/libapplication.a(rtip.o)
                                         0x80 (size before relaxing)
 .eh_frame      0x000000003ffea090      0x114 application/.output/eagle/release/lib/libapplication.a(upgradeController.o)
                                        0x124 (size before relaxing)
 .eh_frame      0x000000003ffea1a4       0x80 application/.output/eagle/release/lib/libapplication.a(crashReporter.o)
                                         0x90 (size before relaxing)
 .eh_frame      0x000000003ffea224       0x4c application/.output/eagle/release/lib/libapplication.a(activeObjectManager.o)
                                         0x5c (size before relaxing)
 .eh_frame      0x000000003ffea270       0xfc factory/.output/eagle/release/lib/libfactory.a(factoryTests.o)
                                        0x10c (size before relaxing)
 .eh_frame      0x000000003ffea36c      0x1a4 supervisor/.output/eagle/release/lib/libsupervisor.a(animationController.o)
                                        0x1b4 (size before relaxing)
 .eh_frame      0x000000003ffea510       0x2c crypto/.output/eagle/release/lib/libusercrypto.a(sha512.o)
                                         0x3c (size before relaxing)
 .eh_frame      0x000000003ffea53c      0x1f4 crypto/.output/eagle/release/lib/libusercrypto.a(bignum.o)
                                        0x204 (size before relaxing)
 .eh_frame      0x000000003ffea730      0x128 crypto/.output/eagle/release/lib/libusercrypto.a(rsa_pss.o)
                                        0x138 (size before relaxing)
 .eh_frame      0x000000003ffea858       0xe0 crypto/.output/eagle/release/lib/libusercrypto.a(aes.o)
                                         0xf0 (size before relaxing)
 .eh_frame      0x000000003ffea938       0x28 /opt/xtensa-lx106-elf/bin/../lib/gcc/xtensa-lx106-elf/4.8.2/libgcc.a(_divdi3.o)
                                         0x38 (size before relaxing)
 .eh_frame      0x000000003ffea960       0x2c /opt/xtensa-lx106-elf/bin/../lib/gcc/xtensa-lx106-elf/4.8.2/libgcc.a(_umoddi3.o)
                                         0x3c (size before relaxing)
 .eh_frame      0x000000003ffea98c       0x88 hal/.output/eagle/release/lib/libuserhal.a(radio.o)
                                         0x98 (size before relaxing)
 .eh_frame      0x000000003ffeaa14      0x118 hal/.output/eagle/release/lib/libuserhal.a(wifi_configuration.o)
                                        0x128 (size before relaxing)
 .eh_frame      0x000000003ffeab2c       0x80 clad/.output/eagle/release/lib/libclad.a(messageEngineToRobot.o)
                                         0x90 (size before relaxing)
 .eh_frame      0x000000003ffeabac       0x80 clad/.output/eagle/release/lib/libclad.a(messageRobotToEngine.o)
                                         0x90 (size before relaxing)
 *crtbegin.o(.ctors)
 *(EXCLUDE_FILE(*crtend.o) .ctors)
 *(SORT(.ctors.*))
 *(.ctors)
 *crtbegin.o(.dtors)
 *(EXCLUDE_FILE(*crtend.o) .dtors)
 *(SORT(.dtors.*))
 *(.dtors)
                0x000000003ffeac2c                __XT_EXCEPTION_DESCS__ = ABSOLUTE (.)
 *(.xt_except_desc)
 *(.gnu.linkonce.h.*)
                0x000000003ffeac2c                __XT_EXCEPTION_DESCS_END__ = ABSOLUTE (.)
 *(.xt_except_desc_end)
 *(.dynamic)
 *(.gnu.version_d)
                0x000000003ffeac2c                . = ALIGN (0x4)
                0x000000003ffeac2c                _bss_table_start = ABSOLUTE (.)
                0x000000003ffeac2c        0x4 LONG 0x3ffeac38 _bss_start
                0x000000003ffeac30        0x4 LONG 0x3fffa0f0 _bss_end
                0x000000003ffeac34                _bss_table_end = ABSOLUTE (.)
                0x000000003ffeac34                _rodata_end = ABSOLUTE (.)

.bss            0x000000003ffeac38     0xf4b8
                0x000000003ffeac38                . = ALIGN (0x8)
                0x000000003ffeac38                _bss_start = ABSOLUTE (.)
 *(.dynsbss)
 *(.sbss)
 *(.sbss.*)
 *(.gnu.linkonce.sb.*)
 *(.scommon)
 *(.sbss2)
 *(.sbss2.*)
 *(.gnu.linkonce.sb2.*)
 *(.dynbss)
 *(.bss)
 .bss           0x000000003ffeac38        0x0 driver/.output/eagle/release/lib/libdriver.a(cache.o)
 *fill*         0x000000003ffeac38        0x8 
 .bss           0x000000003ffeac40      0x242 ../lib/libmain_w.a(user_interface.o)
                0x000000003ffead37                deep_sleep_flag
                0x000000003ffead38                cpu_overclock
                0x000000003ffead3c                event_cb
                0x000000003ffead40                status_led_output_level
                0x000000003ffead44                done_cb
                0x000000003ffead48                rst_if
                0x000000003ffead64                default_interface
                0x000000003ffead65                OpmodChgIsOnGoing
                0x000000003ffead68                promiscuous_cb
                0x000000003ffead80                event_TaskQueue
 .bss           0x000000003ffeae82        0x0 ../lib/libmain_w.a(debug-vector.o)
 .bss           0x000000003ffeae82        0x0 ../lib/libmain_w.a(double-vector.o)
 .bss           0x000000003ffeae82        0x0 ../lib/libmain_w.a(kernel-vector.o)
 *fill*         0x000000003ffeae82        0xe 
 .bss           0x000000003ffeae90      0x1c0 ../lib/libmain_w.a(nmi-vector.o)
 .bss           0x000000003ffeb050        0x0 ../lib/libmain_w.a(user-vector.o)
 .bss           0x000000003ffeb050        0x0 ../lib/libmain_w.a(vector.o)
 .bss           0x000000003ffeb050       0x41 ../lib/libmain_w.a(app_main.o)
                0x000000003ffeb054                info
                0x000000003ffeb078                lwip_timer_interval
                0x000000003ffeb07c                check_timeouts_timer
                0x000000003ffeb090                user_init_flag
 .bss           0x000000003ffeb091        0x0 ../lib/libmain_w.a(eagle_lib.o)
 *fill*         0x000000003ffeb091        0x3 
 .bss           0x000000003ffeb094        0xc ../lib/libmain_w.a(eagle_lwip_if.o)
                0x000000003ffeb094                hostname
 .bss           0x000000003ffeb0a0       0x30 ../lib/libmain_w.a(ets_timer.o)
                0x000000003ffeb0a0                dbg_timer_flag
                0x000000003ffeb0a4                timer_list
                0x000000003ffeb0a8                debug_timer
                0x000000003ffeb0ac                debug_timerfn
 .bss           0x000000003ffeb0d0       0x3c ../lib/libmain_w.a(mem_manager.o)
 .bss           0x000000003ffeb10c        0x4 ../lib/libmain_w.a(spi_flash.o)
                0x000000003ffeb10c                flash_read
 .bss           0x000000003ffeb110        0x0 /opt/xtensa-lx106-elf/bin/../lib/gcc/xtensa-lx106-elf/4.8.2/libgcc.a(_udivsi3.o)
 .bss           0x000000003ffeb110        0x0 /opt/xtensa-lx106-elf/bin/../lib/gcc/xtensa-lx106-elf/4.8.2/libgcc.a(_umodsi3.o)
 .bss           0x000000003ffeb110        0x0 /opt/xtensa-lx106-elf/bin/../lib/gcc/xtensa-lx106-elf/4.8.2/libgcc.a(_muldi3.o)
 .bss           0x000000003ffeb110        0x0 /opt/xtensa-lx106-elf/bin/../lib/gcc/xtensa-lx106-elf/4.8.2/libgcc.a(_umulsidi3.o)
 .bss           0x000000003ffeb110        0x0 /opt/xtensa-lx106-elf/xtensa-lx106-elf/sysroot/usr/lib//libhal.a(int_asm--set_intclear.o)
 .bss           0x000000003ffeb110        0x0 hal/.output/eagle/release/lib/libuserhal.a(user_main.o)
 .bss           0x000000003ffeb110        0x0 hal/.output/eagle/release/lib/libuserhal.a(client.o)
 .bss           0x000000003ffeb110        0x0 hal/.output/eagle/release/lib/libuserhal.a(foregroundTask.o)
 .bss           0x000000003ffeb110        0x0 driver/.output/eagle/release/lib/libdriver.a(crash.o)
 .bss           0x000000003ffeb110        0x0 driver/.output/eagle/release/lib/libdriver.a(i2spi.o)
 .bss           0x000000003ffeb110        0x0 driver/.output/eagle/release/lib/libdriver.a(uart.o)
 .bss           0x000000003ffeb110        0x0 driver/.output/eagle/release/lib/libdriver.a(factoryData.o)
 .bss           0x000000003ffeb110        0x0 transport/.output/eagle/release/lib/libtransport.a(reliableTransport.o)
 .bss           0x000000003ffeb110        0x0 transport/.output/eagle/release/lib/libtransport.a(reliableMessageTypes.o)
 .bss           0x000000003ffeb110        0x0 transport/.output/eagle/release/lib/libtransport.a(reliableSequenceId.o)
 .bss           0x000000003ffeb110        0x0 application/.output/eagle/release/lib/libapplication.a(backgroundTask.o)
 .bss           0x000000003ffeb110        0x0 application/.output/eagle/release/lib/libapplication.a(dhTask.o)
 .bss           0x000000003ffeb110        0x0 application/.output/eagle/release/lib/libapplication.a(face.o)
 .bss           0x000000003ffeb110        0x0 application/.output/eagle/release/lib/libapplication.a(messages.o)
 .bss           0x000000003ffeb110        0x0 application/.output/eagle/release/lib/libapplication.a(nvStorage.o)
 .bss           0x000000003ffeb110        0x0 application/.output/eagle/release/lib/libapplication.a(rtip.o)
 .bss           0x000000003ffeb110        0x0 application/.output/eagle/release/lib/libapplication.a(upgradeController.o)
 .bss           0x000000003ffeb110        0x0 application/.output/eagle/release/lib/libapplication.a(crashReporter.o)
 .bss           0x000000003ffeb110        0x0 application/.output/eagle/release/lib/libapplication.a(activeObjectManager.o)
 .bss           0x000000003ffeb110        0x0 factory/.output/eagle/release/lib/libfactory.a(factoryTests.o)
 .bss           0x000000003ffeb110        0x0 supervisor/.output/eagle/release/lib/libsupervisor.a(animationController.o)
 .bss           0x000000003ffeb110        0x0 crypto/.output/eagle/release/lib/libusercrypto.a(sha512.o)
 .bss           0x000000003ffeb110        0x0 crypto/.output/eagle/release/lib/libusercrypto.a(bignum.o)
 .bss           0x000000003ffeb110        0x0 crypto/.output/eagle/release/lib/libusercrypto.a(rsa_pss.o)
 .bss           0x000000003ffeb110        0x0 crypto/.output/eagle/release/lib/libusercrypto.a(crc32.o)
 .bss           0x000000003ffeb110        0x0 crypto/.output/eagle/release/lib/libusercrypto.a(aes.o)
 .bss           0x000000003ffeb110        0x4 ../lib/libphy.a(phy.o)
 .bss           0x000000003ffeb114        0x2 ../lib/libphy.a(phy_chip_v6_ana.o)
                0x000000003ffeb114                tout_dis_txpwr_track
                0x000000003ffeb115                sleep_mode_flag
 *fill*         0x000000003ffeb116        0x2 
 .bss           0x000000003ffeb118      0x160 ../lib/libphy.a(phy_chip_v6.o)
                0x000000003ffeb118                g_phyFuns
                0x000000003ffeb11c                rxiq_compute_num
                0x000000003ffeb120                rx_table_renew_en
                0x000000003ffeb124                check_result
                0x000000003ffeb128                chip6_sleep_params
                0x000000003ffeb1bc                chip6_phy_init_ctrl
                0x000000003ffeb230                phy_freq_offset
                0x000000003ffeb232                do_pwctrl_flag
                0x000000003ffeb233                pwctrl_debug
                0x000000003ffeb234                txbk_dpdby_flag
                0x000000003ffeb236                sw_scan_mode
                0x000000003ffeb237                rxmax_ext_level
                0x000000003ffeb238                phy_rx_gain_dc_table
                0x000000003ffeb24c                periodic_cal_dc_num
                0x000000003ffeb250                periodic_cal_flag
                0x000000003ffeb251                bbpll_cal_flag
                0x000000003ffeb252                phy_in_most_power
                0x000000003ffeb253                init_rf_no_cal
                0x000000003ffeb254                test_print_time
                0x000000003ffeb258                phy_rx_gain_dc_flag
                0x000000003ffeb259                phy_in_vdd33_offset
                0x000000003ffeb25a                phy_set_most_tpw_disbg
                0x000000003ffeb25b                phy_set_most_tpw_index
                0x000000003ffeb25c                adc_rand_noise
                0x000000003ffeb260                dpd_bypass_original
                0x000000003ffeb268                noise_array
 .bss           0x000000003ffeb278        0x8 ../lib/libphy.a(phy_chip_v6_cal.o)
                0x000000003ffeb278                phy_tx_power_out
                0x000000003ffeb27a                loop_pwctrl_pwdet_error_accum_high_power
                0x000000003ffeb27c                tx_pwctrl_pk_num
                0x000000003ffeb27d                tx_pwctrl_track_num
                0x000000003ffeb27e                loop_pwctrl_correct_atten_high_power
                0x000000003ffeb27f                rxiq_cover_fail_num
 .bss           0x000000003ffeb280        0x0 ../lib/libphy.a(phy_chip_v6_unused.o)
 .bss           0x000000003ffeb280        0x7 ../lib/libphy.a(phy_sleep.o)
                0x000000003ffeb280                periodic_cal_sat
                0x000000003ffeb282                lslp_mem_opt_8266
                0x000000003ffeb284                software_slp_reject
                0x000000003ffeb285                SDIO_slp_reject
                0x000000003ffeb286                hardware_reject
 *fill*         0x000000003ffeb287        0x9 
 .bss           0x000000003ffeb290       0x40 ../lib/libpp.a(if_hwctrl.o)
                0x000000003ffeb290                interface_mask
                0x000000003ffeb2b0                if_ctrl
 .bss           0x000000003ffeb2d0      0x150 ../lib/libpp.a(lmac.o)
                0x000000003ffeb2d4                lmacConfMib
                0x000000003ffeb2f8                our_tx_eb
 .bss           0x000000003ffeb420      0x11a ../lib/libpp.a(pm.o)
                0x000000003ffeb420                pmc
                0x000000003ffeb500                flash_tmp
 *fill*         0x000000003ffeb53a        0x2 
 .bss           0x000000003ffeb53c       0x34 ../lib/libpp.a(pm_for_bcn_only_mode.o)
 .bss           0x000000003ffeb570      0x322 ../lib/libpp.a(pp.o)
                0x000000003ffeb588                pend_flag_noise_check
                0x000000003ffeb590                pend_flag_periodic_cal
                0x000000003ffeb5a8                idle_timer_reopen_flag
                0x000000003ffeb5aa                dbg_stop_sw_wdt
                0x000000003ffeb5ab                dbg_stop_hw_wdt
                0x000000003ffeb5ad                total_buffed_eb_num
                0x000000003ffeb5b0                HighestFreqOffsetInOneChk
                0x000000003ffeb5b2                LowestFreqOffsetInOneChk
                0x000000003ffeb5b4                DefFreqCalTimer
                0x000000003ffeb5c8                PktNumInOneChk
                0x000000003ffeb750                buffed_eb_arr
 *fill*         0x000000003ffeb892        0xe 
 .bss           0x000000003ffeb8a0      0x100 ../lib/libpp.a(rate_control.o)
 .bss           0x000000003ffeb9a0      0x46c ../lib/libpp.a(trc.o)
 *fill*         0x000000003ffebe0c        0x4 
 .bss           0x000000003ffebe10     0x2f88 ../lib/libpp.a(wdev.o)
                0x000000003ffebe10                wDevCtrl
                0x000000003ffebfb8                WdevTimOffSet
 *fill*         0x000000003ffeed98        0x8 
 .bss           0x000000003ffeeda0      0xaa4 ../lib/libpp.a(esf_buf.o)
 .bss           0x000000003ffef844      0x67c ../lib/libnet80211.a(ieee80211.o)
                0x000000003ffef844                g_ic
 .bss           0x000000003ffefec0        0x0 ../lib/libnet80211.a(ieee80211_crypto.o)
 .bss           0x000000003ffefec0        0x0 ../lib/libnet80211.a(ieee80211_ets.o)
 .bss           0x000000003ffefec0       0x56 ../lib/libnet80211.a(ieee80211_hostap.o)
                0x000000003ffefec0                BcnEb_update
                0x000000003ffefecd                BcnWithMcastSendStart
                0x000000003ffefece                BcnWithMcastSendCnt
                0x000000003ffefee8                PendFreeBcnEb
                0x000000003ffefeec                ApFreqCalTimer
                0x000000003ffeff00                APRecvBcnStartTick
 .bss           0x000000003ffeff16        0x0 ../lib/libnet80211.a(ieee80211_ht.o)
 .bss           0x000000003ffeff16        0x0 ../lib/libnet80211.a(ieee80211_input.o)
 .bss           0x000000003ffeff16        0x0 ../lib/libnet80211.a(ieee80211_mesh_quick.o)
 .bss           0x000000003ffeff16        0x0 ../lib/libnet80211.a(ieee80211_output.o)
 .bss           0x000000003ffeff16        0x0 ../lib/libnet80211.a(ieee80211_phy.o)
 .bss           0x000000003ffeff16        0x0 ../lib/libnet80211.a(ieee80211_power.o)
 .bss           0x000000003ffeff16        0x0 ../lib/libnet80211.a(ieee80211_proto.o)
 .bss           0x000000003ffeff16        0x0 ../lib/libnet80211.a(ieee80211_rfid.o)
 *fill*         0x000000003ffeff16        0x2 
 .bss           0x000000003ffeff18       0xc8 ../lib/libnet80211.a(ieee80211_scan.o)
                0x000000003ffeff18                gScanStruct
                0x000000003ffeffc4                connect_scan_flag
                0x000000003ffeffc5                FreqCalCntForScan
                0x000000003ffeffc6                TestStaFreqCalValInput
                0x000000003ffeffc8                auth_type
                0x000000003ffeffca                scannum
 .bss           0x000000003ffeffe0       0x10 ../lib/libnet80211.a(ieee80211_sta.o)
 .bss           0x000000003ffefff0       0x3c ../lib/libnet80211.a(wl_chm.o)
 *fill*         0x000000003fff002c        0x4 
 .bss           0x000000003fff0030      0x37a ../lib/libnet80211.a(wl_cnx.o)
                0x000000003fff0390                sta_con_timer
                0x000000003fff03a4                g_cnx_probe_rc_list_cb
                0x000000003fff03a8                reconnect_flag
                0x000000003fff03a9                no_ap_found_index
 .bss           0x000000003fff03aa        0x0 ../lib/libnet80211.a(ieee80211_action.o)
 *fill*         0x000000003fff03aa        0x2 
 .bss           0x000000003fff03ac       0x10 ../lib/libnet80211.a(ieee80211_action_vendor.o)
 .bss           0x000000003fff03bc        0x0 ../lib/libnet80211.a(ieee80211_crypto_ccmp.o)
 .bss           0x000000003fff03bc        0x0 ../lib/libnet80211.a(ieee80211_ie_vendor.o)
 *fill*         0x000000003fff03bc        0x4 
 .bss           0x000000003fff03c0       0x38 ../lib/liblwip.a(dhcp.o)
                0x000000003fff03c0                dhcp_rx_options_given
                0x000000003fff03d0                dhcp_rx_options_val
 .bss           0x000000003fff03f8       0x28 ../lib/liblwip.a(dhcpserver.o)
 .bss           0x000000003fff0420      0x480 ../lib/liblwip.a(dns.o)
 .bss           0x000000003fff08a0      0x104 ../lib/liblwip.a(espconn.o)
                0x000000003fff08a0                plink_active
                0x000000003fff08a4                pserver_list
                0x000000003fff08b0                premot
                0x000000003fff0970                pktinfo
 *fill*         0x000000003fff09a4        0xc 
 .bss           0x000000003fff09b0       0x78 ../lib/liblwip.a(espconn_tcp.o)
                0x000000003fff09b0                espconn_TaskQueue
 .bss           0x000000003fff0a28        0x0 ../lib/liblwip.a(espconn_udp.o)
 *fill*         0x000000003fff0a28        0x8 
 .bss           0x000000003fff0a30      0x100 ../lib/liblwip.a(etharp.o)
                0x000000003fff0a34                ethzero
 .bss           0x000000003fff0b30        0xc ../lib/liblwip.a(igmp.o)
 .bss           0x000000003fff0b3c        0x0 ../lib/liblwip.a(inet_chksum.o)
 .bss           0x000000003fff0b3c        0x0 ../lib/liblwip.a(init.o)
 *fill*         0x000000003fff0b3c        0x4 
 .bss           0x000000003fff0b40       0x10 ../lib/liblwip.a(ip_addr.o)
 .bss           0x000000003fff0b50       0x12 ../lib/liblwip.a(ip.o)
                0x000000003fff0b50                current_iphdr_dest
                0x000000003fff0b54                current_iphdr_src
                0x000000003fff0b58                current_netif
                0x000000003fff0b5c                current_header
 .bss           0x000000003fff0b62        0x0 ../lib/liblwip.a(memp.o)
 *fill*         0x000000003fff0b62        0x2 
 .bss           0x000000003fff0b64        0x9 ../lib/liblwip.a(netif.o)
                0x000000003fff0b64                netif_list
                0x000000003fff0b68                netif_default
 .bss           0x000000003fff0b6d        0x0 ../lib/liblwip.a(pbuf.o)
 *fill*         0x000000003fff0b6d        0x3 
 .bss           0x000000003fff0b70        0x4 ../lib/liblwip.a(raw.o)
 .bss           0x000000003fff0b74       0x34 ../lib/liblwip.a(tcp_in.o)
                0x000000003fff0ba4                tcp_input_pcb
 .bss           0x000000003fff0ba8       0x1c ../lib/liblwip.a(tcp.o)
                0x000000003fff0bac                tcp_active_pcbs
                0x000000003fff0bb0                tcp_tmp_pcb
                0x000000003fff0bb4                tcp_tw_pcbs
                0x000000003fff0bb8                tcp_bound_pcbs
                0x000000003fff0bbc                tcp_listen_pcbs
                0x000000003fff0bc0                tcp_ticks
 .bss           0x000000003fff0bc4        0x0 ../lib/liblwip.a(tcp_out.o)
 .bss           0x000000003fff0bc4        0xc ../lib/liblwip.a(timers.o)
 .bss           0x000000003fff0bd0        0x4 ../lib/liblwip.a(udp.o)
                0x000000003fff0bd0                udp_pcbs
 .bss           0x000000003fff0bd4        0x0 ../lib/liblwip.a(icmp.o)
 .bss           0x000000003fff0bd4        0x0 ../lib/libwpa.a(ap_config.o)
 .bss           0x000000003fff0bd4        0x0 ../lib/libwpa.a(common.o)
 .bss           0x000000003fff0bd4        0x0 ../lib/libwpa.a(os_xtensa.o)
 .bss           0x000000003fff0bd4        0x0 ../lib/libwpa.a(wpa_auth.o)
 .bss           0x000000003fff0bd4        0x0 ../lib/libwpa.a(wpa_auth_ie.o)
 *fill*         0x000000003fff0bd4        0xc 
 .bss           0x000000003fff0be0      0x26a ../lib/libwpa.a(wpa.o)
 .bss           0x000000003fff0e4a        0x0 ../lib/libwpa.a(wpa_common.o)
 .bss           0x000000003fff0e4a        0x0 ../lib/libwpa.a(wpa_debug.o)
 .bss           0x000000003fff0e4a        0x0 ../lib/libwpa.a(wpa_ie.o)
 .bss           0x000000003fff0e4a        0x0 ../lib/libwpa.a(wpa_main.o)
 .bss           0x000000003fff0e4a        0x0 ../lib/libwpa.a(wpas_glue.o)
 .bss           0x000000003fff0e4a        0x0 /opt/xtensa-lx106-elf/bin/../lib/gcc/xtensa-lx106-elf/4.8.2/../../../../xtensa-lx106-elf/lib/libc.a(lib_a-atoi.o)
 .bss           0x000000003fff0e4a        0x0 /opt/xtensa-lx106-elf/bin/../lib/gcc/xtensa-lx106-elf/4.8.2/../../../../xtensa-lx106-elf/lib/libc.a(lib_a-memcpy.o)
 .bss           0x000000003fff0e4a        0x0 /opt/xtensa-lx106-elf/bin/../lib/gcc/xtensa-lx106-elf/4.8.2/../../../../xtensa-lx106-elf/lib/libc.a(lib_a-memset.o)
 .bss           0x000000003fff0e4a        0x0 /opt/xtensa-lx106-elf/bin/../lib/gcc/xtensa-lx106-elf/4.8.2/../../../../xtensa-lx106-elf/lib/libc.a(lib_a-strtol.o)
 .bss           0x000000003fff0e4a        0x0 /opt/xtensa-lx106-elf/bin/../lib/gcc/xtensa-lx106-elf/4.8.2/../../../../xtensa-lx106-elf/lib/libc.a(lib_a-ctype_.o)
 .bss           0x000000003fff0e4a        0x0 /opt/xtensa-lx106-elf/bin/../lib/gcc/xtensa-lx106-elf/4.8.2/../../../../xtensa-lx106-elf/lib/libc.a(lib_a-impure.o)
 .bss           0x000000003fff0e4a        0x0 /opt/xtensa-lx106-elf/bin/../lib/gcc/xtensa-lx106-elf/4.8.2/libgcc.a(_divsi3.o)
 .bss           0x000000003fff0e4a        0x0 /opt/xtensa-lx106-elf/bin/../lib/gcc/xtensa-lx106-elf/4.8.2/libgcc.a(_modsi3.o)
 .bss           0x000000003fff0e4a        0x0 /opt/xtensa-lx106-elf/bin/../lib/gcc/xtensa-lx106-elf/4.8.2/libgcc.a(_ashldi3.o)
 .bss           0x000000003fff0e4a        0x0 /opt/xtensa-lx106-elf/bin/../lib/gcc/xtensa-lx106-elf/4.8.2/libgcc.a(_ashrdi3.o)
 .bss           0x000000003fff0e4a        0x0 /opt/xtensa-lx106-elf/bin/../lib/gcc/xtensa-lx106-elf/4.8.2/libgcc.a(_addsubsf3.o)
 .bss           0x000000003fff0e4a        0x0 /opt/xtensa-lx106-elf/bin/../lib/gcc/xtensa-lx106-elf/4.8.2/libgcc.a(_mulsf3.o)
 .bss           0x000000003fff0e4a        0x0 /opt/xtensa-lx106-elf/bin/../lib/gcc/xtensa-lx106-elf/4.8.2/libgcc.a(_divsf3.o)
 .bss           0x000000003fff0e4a        0x0 /opt/xtensa-lx106-elf/bin/../lib/gcc/xtensa-lx106-elf/4.8.2/libgcc.a(_fixsfsi.o)
 .bss           0x000000003fff0e4a        0x0 /opt/xtensa-lx106-elf/bin/../lib/gcc/xtensa-lx106-elf/4.8.2/libgcc.a(_fixunssfsi.o)
 .bss           0x000000003fff0e4a        0x0 /opt/xtensa-lx106-elf/bin/../lib/gcc/xtensa-lx106-elf/4.8.2/libgcc.a(_floatsisf.o)
 .bss           0x000000003fff0e4a        0x0 /opt/xtensa-lx106-elf/bin/../lib/gcc/xtensa-lx106-elf/4.8.2/libgcc.a(_muldf3.o)
 .bss           0x000000003fff0e4a        0x0 /opt/xtensa-lx106-elf/bin/../lib/gcc/xtensa-lx106-elf/4.8.2/libgcc.a(_divdf3.o)
 .bss           0x000000003fff0e4a        0x0 /opt/xtensa-lx106-elf/bin/../lib/gcc/xtensa-lx106-elf/4.8.2/libgcc.a(_fixdfsi.o)
 .bss           0x000000003fff0e4a        0x0 /opt/xtensa-lx106-elf/bin/../lib/gcc/xtensa-lx106-elf/4.8.2/libgcc.a(_floatsidf.o)
 .bss           0x000000003fff0e4a        0x0 /opt/xtensa-lx106-elf/bin/../lib/gcc/xtensa-lx106-elf/4.8.2/libgcc.a(_truncdfsf2.o)
 .bss           0x000000003fff0e4a        0x0 /opt/xtensa-lx106-elf/bin/../lib/gcc/xtensa-lx106-elf/4.8.2/libgcc.a(_divdi3.o)
 .bss           0x000000003fff0e4a        0x0 /opt/xtensa-lx106-elf/bin/../lib/gcc/xtensa-lx106-elf/4.8.2/libgcc.a(_umoddi3.o)
 .bss           0x000000003fff0e4a        0x0 hal/.output/eagle/release/lib/libuserhal.a(radio.o)
 .bss           0x000000003fff0e4a        0x0 hal/.output/eagle/release/lib/libuserhal.a(wifi_configuration.o)
 .bss           0x000000003fff0e4a        0x0 clad/.output/eagle/release/lib/libclad.a(messageEngineToRobot.o)
 .bss           0x000000003fff0e4a        0x0 clad/.output/eagle/release/lib/libclad.a(messageRobotToEngine.o)
 .bss           0x000000003fff0e4a        0x0 clad/.output/eagle/release/lib/libclad.a(otaMessages.o)
 .bss           0x000000003fff0e4a        0x0 clad/.output/eagle/release/lib/libclad.a(animationKeyFrames.o)
 .bss           0x000000003fff0e4a        0x0 clad/.output/eagle/release/lib/libclad.a(imageTypes.o)
 .bss           0x000000003fff0e4a        0x0 clad/.output/eagle/release/lib/libclad.a(nvStorage.o)
 .bss           0x000000003fff0e4a        0x0 clad/.output/eagle/release/lib/libclad.a(robotLogging.o)
 *fill*         0x000000003fff0e4a        0x6 
 .bss           0x000000003fff0e50        0x8 ../lib/libnet80211.a(ieee80211_crypto_tkip.o)
 .bss           0x000000003fff0e58        0x0 ../lib/libnet80211.a(ieee80211_crypto_wep.o)
 .bss           0x000000003fff0e58        0x0 ../lib/libcrypto.a(aes-wrap.o)
 .bss           0x000000003fff0e58        0x0 ../lib/libcrypto.a(aes-internal-enc.o)
 .bss           0x000000003fff0e58        0x0 ../lib/libcrypto.a(aes-internal.o)
 *(.bss.*)
 .bss.s_dest$1955
                0x000000003fff0e58       0x10 hal/.output/eagle/release/lib/libuserhal.a(client.o)
 .bss.s_udp$1967
                0x000000003fff0e68       0x10 hal/.output/eagle/release/lib/libuserhal.a(client.o)
 .bss.s_socket$1966
                0x000000003fff0e78       0x1c hal/.output/eagle/release/lib/libuserhal.a(client.o)
 .bss.sendHoldoff
                0x000000003fff0e94        0x1 hal/.output/eagle/release/lib/libuserhal.a(client.o)
 .bss.accept    0x000000003fff0e95        0x1 hal/.output/eagle/release/lib/libuserhal.a(client.o)
 *fill*         0x000000003fff0e96        0x2 
 .bss.clientConnectionId
                0x000000003fff0e98        0x4 hal/.output/eagle/release/lib/libuserhal.a(client.o)
 .bss.clientConnection
                0x000000003fff0e9c        0x4 hal/.output/eagle/release/lib/libuserhal.a(client.o)
 .bss.socket    0x000000003fff0ea0        0x4 hal/.output/eagle/release/lib/libuserhal.a(client.o)
 .bss.foregroundTaskQueue
                0x000000003fff0ea4       0x80 hal/.output/eagle/release/lib/libuserhal.a(foregroundTask.o)
 .bss.nextCrashRecordSlot
                0x000000003fff0f24        0x4 driver/.output/eagle/release/lib/libdriver.a(crash.o)
 .bss.drop$2568
                0x000000003fff0f28       0x64 driver/.output/eagle/release/lib/libdriver.a(i2spi.o)
 .bss.drift$2570
                0x000000003fff0f8c        0x2 driver/.output/eagle/release/lib/libdriver.a(i2spi.o)
 .bss.dropWrInd$2569
                0x000000003fff0f8e        0x1 driver/.output/eagle/release/lib/libdriver.a(i2spi.o)
 *fill*         0x000000003fff0f8f        0x1 
 .bss.dropPhase
                0x000000003fff0f90        0x2 driver/.output/eagle/release/lib/libdriver.a(i2spi.o)
                0x000000003fff0f90                dropPhase
 .bss.bootloaderCommandPhase
                0x000000003fff0f92        0x2 driver/.output/eagle/release/lib/libdriver.a(i2spi.o)
 .bss.pendingFWB
                0x000000003fff0f94        0x4 driver/.output/eagle/release/lib/libdriver.a(i2spi.o)
 .bss.rtipRXQueueEstimate
                0x000000003fff0f98        0x2 driver/.output/eagle/release/lib/libdriver.a(i2spi.o)
 .bss.rtipBootloaderState
                0x000000003fff0f9a        0x2 driver/.output/eagle/release/lib/libdriver.a(i2spi.o)
 .bss.messageBufferRind
                0x000000003fff0f9c        0x2 driver/.output/eagle/release/lib/libdriver.a(i2spi.o)
 .bss.messageBufferWind
                0x000000003fff0f9e        0x2 driver/.output/eagle/release/lib/libdriver.a(i2spi.o)
 .bss.messageBuffer
                0x000000003fff0fa0      0x400 driver/.output/eagle/release/lib/libdriver.a(i2spi.o)
 .bss.resumePhase
                0x000000003fff13a0        0x2 driver/.output/eagle/release/lib/libdriver.a(i2spi.o)
 .bss.outgoingPhase
                0x000000003fff13a2        0x2 driver/.output/eagle/release/lib/libdriver.a(i2spi.o)
 .bss.nextOutgoingDesc
                0x000000003fff13a4        0x4 driver/.output/eagle/release/lib/libdriver.a(i2spi.o)
 .bss.rxQueue   0x000000003fff13a8       0x90 driver/.output/eagle/release/lib/libdriver.a(i2spi.o)
 .bss.rxBufs    0x000000003fff1438     0x1800 driver/.output/eagle/release/lib/libdriver.a(i2spi.o)
 .bss.txFillCount
                0x000000003fff2c38        0x1 driver/.output/eagle/release/lib/libdriver.a(i2spi.o)
 *fill*         0x000000003fff2c39        0x3 
 .bss.txQueue   0x000000003fff2c3c       0x90 driver/.output/eagle/release/lib/libdriver.a(i2spi.o)
 .bss.txBufs    0x000000003fff2ccc     0x1800 driver/.output/eagle/release/lib/libdriver.a(i2spi.o)
 .bss.factoryData
                0x000000003fff44cc        0x8 driver/.output/eagle/release/lib/libdriver.a(factoryData.o)
 .bss.COZMO_BUILD_DATE
                0x000000003fff44d4        0x4 driver/.output/eagle/release/lib/libdriver.a(factoryData.o)
                0x000000003fff44d4                COZMO_BUILD_DATE
 .bss.COZMO_VERSION_ID
                0x000000003fff44d8        0x4 driver/.output/eagle/release/lib/libdriver.a(factoryData.o)
                0x000000003fff44d8                COZMO_VERSION_ID
 .bss.reliableTransport_timeoutMicroseconds
                0x000000003fff44dc        0x4 transport/.output/eagle/release/lib/libtransport.a(reliableTransport.o)
 .bss._ZZN4Anki5Cozmo14BackgroundTask4ExecEP11ETSEventTagE15lastErrorReport
                0x000000003fff44e0        0x4 application/.output/eagle/release/lib/libapplication.a(backgroundTask.o)
 .bss._ZZN4Anki5Cozmo14BackgroundTask4ExecEP11ETSEventTagE17lastAnimStateTime
                0x000000003fff44e4        0x4 application/.output/eagle/release/lib/libapplication.a(backgroundTask.o)
 .bss._ZZN4Anki5Cozmo14BackgroundTask4ExecEP11ETSEventTagE13periodicPrint
                0x000000003fff44e8        0x1 application/.output/eagle/release/lib/libapplication.a(backgroundTask.o)
 *fill*         0x000000003fff44e9        0x3 
 .bss._ZZN4Anki5Cozmo14BackgroundTask4ExecEP11ETSEventTagE7lastBTT
                0x000000003fff44ec        0x4 application/.output/eagle/release/lib/libapplication.a(backgroundTask.o)
 .bss._ZZN4Anki5Cozmo14BackgroundTask33RadioConnectionStateMachineUpdateEvE19doRTDisconnectPhase
                0x000000003fff44f0        0x1 application/.output/eagle/release/lib/libapplication.a(backgroundTask.o)
 .bss._ZZN4Anki5Cozmo14BackgroundTask33RadioConnectionStateMachineUpdateEvE16doRTConnectPhase
                0x000000003fff44f1        0x1 application/.output/eagle/release/lib/libapplication.a(backgroundTask.o)
 .bss._ZZN4Anki5Cozmo14BackgroundTask33RadioConnectionStateMachineUpdateEvE12lastConCount
                0x000000003fff44f2        0x1 application/.output/eagle/release/lib/libapplication.a(backgroundTask.o)
 .bss._ZZN4Anki5Cozmo14BackgroundTask33RadioConnectionStateMachineUpdateEvE12lastStaCount
                0x000000003fff44f3        0x1 application/.output/eagle/release/lib/libapplication.a(backgroundTask.o)
 *fill*         0x000000003fff44f4        0x4 
 .bss._ZGVZN4Anki5Cozmo14BackgroundTask4ExecEP11ETSEventTagE7lastBTT
                0x000000003fff44f8        0x8 application/.output/eagle/release/lib/libapplication.a(backgroundTask.o)
 .bss.backgroundTaskQueue
                0x000000003fff4500       0x10 application/.output/eagle/release/lib/libapplication.a(backgroundTask.o)
                0x000000003fff4500                backgroundTaskQueue
 .bss._ZL4task  0x000000003fff4510        0x4 application/.output/eagle/release/lib/libapplication.a(dhTask.o)
 .bss._ZL5state
                0x000000003fff4514        0x4 application/.output/eagle/release/lib/libapplication.a(dhTask.o)
 .bss._ZZ14PumpScreenDataE13transmitChain
                0x000000003fff4518        0x1 application/.output/eagle/release/lib/libapplication.a(face.o)
 .bss._ZN4Anki5Cozmo4Face5_modeE
                0x000000003fff4519        0x1 application/.output/eagle/release/lib/libapplication.a(face.o)
                0x000000003fff4519                _ZN4Anki5Cozmo4Face5_modeE
 .bss._ZN4Anki5Cozmo4Face10m_rectLockE
                0x000000003fff451a        0x1 application/.output/eagle/release/lib/libapplication.a(face.o)
                0x000000003fff451a                _ZN4Anki5Cozmo4Face10m_rectLockE
 *fill*         0x000000003fff451b        0x1 
 .bss._ZN4Anki5Cozmo4Face16m_remainingRectsE
                0x000000003fff451c        0x4 application/.output/eagle/release/lib/libapplication.a(face.o)
                0x000000003fff451c                _ZN4Anki5Cozmo4Face16m_remainingRectsE
 .bss._ZN4Anki5Cozmo4Face12m_scanStatusE
                0x000000003fff4520        0x3 application/.output/eagle/release/lib/libapplication.a(face.o)
                0x000000003fff4520                _ZN4Anki5Cozmo4Face12m_scanStatusE
 *fill*         0x000000003fff4523        0x1 
 .bss._ZN4Anki5Cozmo4Face12m_activeRectE
                0x000000003fff4524        0x4 application/.output/eagle/release/lib/libapplication.a(face.o)
                0x000000003fff4524                _ZN4Anki5Cozmo4Face12m_activeRectE
 .bss._ZN4Anki5Cozmo4Face7m_rectsE
                0x000000003fff4528       0x14 application/.output/eagle/release/lib/libapplication.a(face.o)
                0x000000003fff4528                _ZN4Anki5Cozmo4Face7m_rectsE
 *fill*         0x000000003fff453c        0x4 
 .bss.m_frame   0x000000003fff4540      0x460 application/.output/eagle/release/lib/libapplication.a(face.o)
                0x000000003fff4540                m_frame
 .bss._ZZN4Anki5Cozmo14RobotInterface7SendLogEatthzE14missedMessages
                0x000000003fff49a0        0x4 application/.output/eagle/release/lib/libapplication.a(messages.o)
 .bss._ZL12nvOpReportTo
                0x000000003fff49a4        0x1 application/.output/eagle/release/lib/libapplication.a(messages.o)
 *fill*         0x000000003fff49a5        0x3 
 .bss._ZZN4Anki5Cozmo9NVStorage6UpdateEvE6header
                0x000000003fff49a8        0xc application/.output/eagle/release/lib/libapplication.a(nvStorage.o)
 .bss._ZN4Anki5Cozmo9NVStorageL2nvE
                0x000000003fff49b4       0x38 application/.output/eagle/release/lib/libapplication.a(nvStorage.o)
 .bss._ZZ17AcceptRTIPMessageE11relayBuffer
                0x000000003fff49ec      0x180 application/.output/eagle/release/lib/libapplication.a(rtip.o)
 .bss._ZZ17AcceptRTIPMessageE11relayQueued
                0x000000003fff4b6c        0x1 application/.output/eagle/release/lib/libapplication.a(rtip.o)
 .bss._ZN4Anki5Cozmo17UpgradeControllerL6aes_ivE
                0x000000003fff4b6d       0x10 application/.output/eagle/release/lib/libapplication.a(upgradeController.o)
 *fill*         0x000000003fff4b7d        0x3 
 .bss._ZN4Anki5Cozmo17UpgradeControllerL15firmware_digestE
                0x000000003fff4b80       0xd0 application/.output/eagle/release/lib/libapplication.a(upgradeController.o)
 .bss._ZN4Anki5Cozmo17UpgradeControllerL10receivedIVE
                0x000000003fff4c50        0x1 application/.output/eagle/release/lib/libapplication.a(upgradeController.o)
 .bss._ZN4Anki5Cozmo17UpgradeControllerL13haveValidCertE
                0x000000003fff4c51        0x1 application/.output/eagle/release/lib/libapplication.a(upgradeController.o)
 .bss._ZN4Anki5Cozmo17UpgradeControllerL15haveTerminationE
                0x000000003fff4c52        0x1 application/.output/eagle/release/lib/libapplication.a(upgradeController.o)
 .bss._ZN4Anki5Cozmo17UpgradeControllerL7didRTIPE
                0x000000003fff4c53        0x1 application/.output/eagle/release/lib/libapplication.a(upgradeController.o)
 .bss._ZN4Anki5Cozmo17UpgradeControllerL7didWiFiE
                0x000000003fff4c54        0x1 application/.output/eagle/release/lib/libapplication.a(upgradeController.o)
 *fill*         0x000000003fff4c55        0x3 
 .bss._ZN4Anki5Cozmo17UpgradeControllerL5phaseE
                0x000000003fff4c58        0x4 application/.output/eagle/release/lib/libapplication.a(upgradeController.o)
 .bss._ZN4Anki5Cozmo17UpgradeControllerL7retriesE
                0x000000003fff4c5c        0x1 application/.output/eagle/release/lib/libapplication.a(upgradeController.o)
 *fill*         0x000000003fff4c5d        0x1 
 .bss._ZN4Anki5Cozmo17UpgradeControllerL20acceptedPacketNumberE
                0x000000003fff4c5e        0x2 application/.output/eagle/release/lib/libapplication.a(upgradeController.o)
 .bss._ZN4Anki5Cozmo17UpgradeControllerL5timerE
                0x000000003fff4c60        0x4 application/.output/eagle/release/lib/libapplication.a(upgradeController.o)
 .bss._ZN4Anki5Cozmo17UpgradeControllerL7counterE
                0x000000003fff4c64        0x4 application/.output/eagle/release/lib/libapplication.a(upgradeController.o)
 .bss._ZN4Anki5Cozmo17UpgradeControllerL14bytesProcessedE
                0x000000003fff4c68        0x4 application/.output/eagle/release/lib/libapplication.a(upgradeController.o)
 .bss._ZN4Anki5Cozmo17UpgradeControllerL10bufferUsedE
                0x000000003fff4c6c        0x4 application/.output/eagle/release/lib/libapplication.a(upgradeController.o)
 .bss._ZN4Anki5Cozmo17UpgradeControllerL10bufferSizeE
                0x000000003fff4c70        0x4 application/.output/eagle/release/lib/libapplication.a(upgradeController.o)
 .bss._ZN4Anki5Cozmo17UpgradeControllerL6bufferE
                0x000000003fff4c74        0x4 application/.output/eagle/release/lib/libapplication.a(upgradeController.o)
 .bss._ZN4Anki5Cozmo17UpgradeControllerL15nextImageNumberE
                0x000000003fff4c78        0x4 application/.output/eagle/release/lib/libapplication.a(upgradeController.o)
 .bss._ZN4Anki5Cozmo17UpgradeControllerL14fwWriteAddressE
                0x000000003fff4c7c        0x4 application/.output/eagle/release/lib/libapplication.a(upgradeController.o)
 .bss._ZN4Anki5Cozmo13CrashReporterL11reportIndexE
                0x000000003fff4c80        0x4 application/.output/eagle/release/lib/libapplication.a(crashReporter.o)
 .bss._ZN4Anki5Cozmo13CrashReporterL18bodyCrashReadStateE
                0x000000003fff4c84        0x1 application/.output/eagle/release/lib/libapplication.a(crashReporter.o)
 .bss._ZN4Anki5Cozmo13CrashReporterL18rtipCrashReadStateE
                0x000000003fff4c85        0x1 application/.output/eagle/release/lib/libapplication.a(crashReporter.o)
 *fill*         0x000000003fff4c86        0x2 
 .bss._ZN4Anki5Cozmo13CrashReporterL12bodyCrashLogE
                0x000000003fff4c88        0x4 application/.output/eagle/release/lib/libapplication.a(crashReporter.o)
 .bss._ZN4Anki5Cozmo13CrashReporterL12rtipCrashLogE
                0x000000003fff4c8c        0x4 application/.output/eagle/release/lib/libapplication.a(crashReporter.o)
 .bss._ZN4Anki5Cozmo19ActiveObjectManagerL18lastBodyUpdateTimeE
                0x000000003fff4c90        0x4 application/.output/eagle/release/lib/libapplication.a(activeObjectManager.o)
 .bss._ZN4Anki5Cozmo19ActiveObjectManagerL10needUpdateE
                0x000000003fff4c94        0x4 application/.output/eagle/release/lib/libapplication.a(activeObjectManager.o)
 .bss._ZN4Anki5Cozmo19ActiveObjectManagerL11assignmentsE
                0x000000003fff4c98       0x14 application/.output/eagle/release/lib/libapplication.a(activeObjectManager.o)
 .bss._ZN4Anki5Cozmo7FactoryL9birthCertE
                0x000000003fff4cac        0xa factory/.output/eagle/release/lib/libfactory.a(factoryTests.o)
 *fill*         0x000000003fff4cb6        0x2 
 .bss._ZN4Anki5Cozmo7FactoryL12maxPositionsE
                0x000000003fff4cb8       0x10 factory/.output/eagle/release/lib/libfactory.a(factoryTests.o)
 .bss._ZN4Anki5Cozmo7FactoryL12minPositionsE
                0x000000003fff4cc8       0x10 factory/.output/eagle/release/lib/libfactory.a(factoryTests.o)
 .bss._ZN4Anki5Cozmo7FactoryL9modeParamE
                0x000000003fff4cd8        0x4 factory/.output/eagle/release/lib/libfactory.a(factoryTests.o)
 .bss._ZN4Anki5Cozmo7FactoryL11modeTimeoutE
                0x000000003fff4cdc        0x4 factory/.output/eagle/release/lib/libfactory.a(factoryTests.o)
 .bss._ZN4Anki5Cozmo7FactoryL12lastExecTimeE
                0x000000003fff4ce0        0x4 factory/.output/eagle/release/lib/libfactory.a(factoryTests.o)
 .bss._ZN4Anki5Cozmo7FactoryL4modeE
                0x000000003fff4ce4        0x4 factory/.output/eagle/release/lib/libfactory.a(factoryTests.o)
 .bss._ZN4Anki5Cozmo19AnimationController12_GLOBAL__N_19_disabledE
                0x000000003fff4ce8        0x1 supervisor/.output/eagle/release/lib/libsupervisor.a(animationController.o)
 .bss._ZN4Anki5Cozmo19AnimationController12_GLOBAL__N_112_playSilenceE
                0x000000003fff4ce9        0x1 supervisor/.output/eagle/release/lib/libsupervisor.a(animationController.o)
 .bss._ZN4Anki5Cozmo19AnimationController12_GLOBAL__N_113_audioReadIndE
                0x000000003fff4cea        0x2 supervisor/.output/eagle/release/lib/libsupervisor.a(animationController.o)
 .bss._ZN4Anki5Cozmo19AnimationController12_GLOBAL__N_112_tracksInUseE
                0x000000003fff4cec        0x4 supervisor/.output/eagle/release/lib/libsupervisor.a(animationController.o)
 .bss._ZN4Anki5Cozmo19AnimationController12_GLOBAL__N_113_tracksToPlayE
                0x000000003fff4cf0        0x4 supervisor/.output/eagle/release/lib/libsupervisor.a(animationController.o)
 .bss._ZN4Anki5Cozmo19AnimationController12_GLOBAL__N_133_bufferFullMessagePrintedThisTickE
                0x000000003fff4cf4        0x1 supervisor/.output/eagle/release/lib/libsupervisor.a(animationController.o)
 .bss._ZN4Anki5Cozmo19AnimationController12_GLOBAL__N_110_isPlayingE
                0x000000003fff4cf5        0x1 supervisor/.output/eagle/release/lib/libsupervisor.a(animationController.o)
 .bss._ZN4Anki5Cozmo19AnimationController12_GLOBAL__N_129_haveReceivedTerminationFrameE
                0x000000003fff4cf6        0x2 supervisor/.output/eagle/release/lib/libsupervisor.a(animationController.o)
 .bss._ZN4Anki5Cozmo19AnimationController12_GLOBAL__N_116_isBufferStarvedE
                0x000000003fff4cf8        0x1 supervisor/.output/eagle/release/lib/libsupervisor.a(animationController.o)
 .bss._ZN4Anki5Cozmo19AnimationController12_GLOBAL__N_111_currentTagE
                0x000000003fff4cf9        0x1 supervisor/.output/eagle/release/lib/libsupervisor.a(animationController.o)
 *fill*         0x000000003fff4cfa        0x2 
 .bss._ZN4Anki5Cozmo19AnimationController12_GLOBAL__N_121_numAudioFramesPlayedE
                0x000000003fff4cfc        0x4 supervisor/.output/eagle/release/lib/libsupervisor.a(animationController.o)
 .bss._ZN4Anki5Cozmo19AnimationController12_GLOBAL__N_117_numBytesInBufferE
                0x000000003fff4d00        0x4 supervisor/.output/eagle/release/lib/libsupervisor.a(animationController.o)
 .bss._ZN4Anki5Cozmo19AnimationController12_GLOBAL__N_115_numBytesPlayedE
                0x000000003fff4d04        0x4 supervisor/.output/eagle/release/lib/libsupervisor.a(animationController.o)
 .bss._ZN4Anki5Cozmo19AnimationController12_GLOBAL__N_123_numAudioFramesBufferedE
                0x000000003fff4d08        0x4 supervisor/.output/eagle/release/lib/libsupervisor.a(animationController.o)
 .bss._ZN4Anki5Cozmo19AnimationController12_GLOBAL__N_114_lastBufferPosE
                0x000000003fff4d0c        0x4 supervisor/.output/eagle/release/lib/libsupervisor.a(animationController.o)
 .bss._ZN4Anki5Cozmo19AnimationController12_GLOBAL__N_117_currentBufferPosE
                0x000000003fff4d10        0x4 supervisor/.output/eagle/release/lib/libsupervisor.a(animationController.o)
 .bss._ZN4Anki5Cozmo19AnimationController12_GLOBAL__N_115_keyFrameBufferE
                0x000000003fff4d14     0x4000 supervisor/.output/eagle/release/lib/libsupervisor.a(animationController.o)
 .bss._ZL3Key   0x000000003fff8d14        0x4 crypto/.output/eagle/release/lib/libusercrypto.a(aes.o)
 .bss._ZL8RoundKey
                0x000000003fff8d18       0xb0 crypto/.output/eagle/release/lib/libusercrypto.a(aes.o)
 .bss._ZL5state
                0x000000003fff8dc8        0x4 crypto/.output/eagle/release/lib/libusercrypto.a(aes.o)
 .bss._ZZ20imageSenderQueueDataE3msg
                0x000000003fff8dcc      0x4c4 hal/.output/eagle/release/lib/libuserhal.a(radio.o)
 .bss._ZN4Anki5Cozmo17WiFiConfiguration12sessionTokenE
                0x000000003fff9290       0x10 hal/.output/eagle/release/lib/libuserhal.a(wifi_configuration.o)
                0x000000003fff9290                _ZN4Anki5Cozmo17WiFiConfiguration12sessionTokenE
 .bss._ZL9staConfig
                0x000000003fff92a0       0x67 hal/.output/eagle/release/lib/libuserhal.a(wifi_configuration.o)
 *fill*         0x000000003fff9307        0x1 
 .bss._ZL8apConfig
                0x000000003fff9308       0x6c hal/.output/eagle/release/lib/libuserhal.a(wifi_configuration.o)
 *(.gnu.linkonce.b.*)
 *(COMMON)
 COMMON         0x000000003fff9374        0xc hal/.output/eagle/release/lib/libuserhal.a(user_main.o)
                0x000000003fff9374                wifiPsk
 COMMON         0x000000003fff9380      0xca0 hal/.output/eagle/release/lib/libuserhal.a(client.o)
                0x000000003fff9380                g_conn
 COMMON         0x000000003fffa020       0xd0 driver/.output/eagle/release/lib/libdriver.a(i2spi.o)
                0x000000003fffa020                i2spiPhaseErrorCount
                0x000000003fffa024                i2spiTaskQ
                0x000000003fffa0e4                i2spiIntegralDrift
                0x000000003fffa0e8                i2spiTxUnderflowCount
                0x000000003fffa0ec                i2spiTxOverflowCount
                0x000000003fffa0f0                . = ALIGN (0x8)
                0x000000003fffa0f0                _bss_end = ABSOLUTE (.)
                0x000000003fffa0f0                _heap_start = ABSOLUTE (.)

.irom0.text     0x0000000040203030    0x3ba74
                0x0000000040203030                _irom0_text_start = ABSOLUTE (.)
 factory/.output/eagle/release/lib/libfactory.a(.literal .text .literal.* .text.* .stub .gnu.warning .gnu.linkonce.literal.* .gnu.linkonce.t.*.literal .gnu.linkonce.t.*)
 .text._ZN4Anki5Cozmo7FactoryL13requestIMUCalEj
                0x0000000040203030       0x3b factory/.output/eagle/release/lib/libfactory.a(factoryTests.o)
                                         0x43 (size before relaxing)
 *fill*         0x000000004020306b        0x1 
 .text._ZN4Anki5Cozmo7FactoryL26IMUCalibrationReadCallbackEPNS0_9NVStorage13NVStorageBlobEa
                0x000000004020306c       0x86 factory/.output/eagle/release/lib/libfactory.a(factoryTests.o)
                                         0x9a (size before relaxing)
 *fill*         0x00000000402030f2        0x2 
 .text.hasBirthCertificate
                0x00000000402030f4       0x18 factory/.output/eagle/release/lib/libfactory.a(factoryTests.o)
                0x00000000402030f8                hasBirthCertificate
 .text._ZN4Anki5Cozmo7Factory4InitEv
                0x000000004020310c       0x20 factory/.output/eagle/release/lib/libfactory.a(factoryTests.o)
                                         0x24 (size before relaxing)
                0x0000000040203114                _ZN4Anki5Cozmo7Factory4InitEv
 .text._ZN4Anki5Cozmo7Factory7GetModeEv
                0x000000004020312c        0x7 factory/.output/eagle/release/lib/libfactory.a(factoryTests.o)
                                          0xb (size before relaxing)
                0x000000004020312c                _ZN4Anki5Cozmo7Factory7GetModeEv
 *fill*         0x0000000040203133        0x1 
 .text._ZN4Anki5Cozmo7Factory8GetParamEv
                0x0000000040203134        0xb factory/.output/eagle/release/lib/libfactory.a(factoryTests.o)
                0x0000000040203138                _ZN4Anki5Cozmo7Factory8GetParamEv
 *fill*         0x000000004020313f        0x1 
 .text._ZN4Anki5Cozmo7Factory7SetModeEii
                0x0000000040203140       0xd9 factory/.output/eagle/release/lib/libfactory.a(factoryTests.o)
                                        0x111 (size before relaxing)
                0x0000000040203150                _ZN4Anki5Cozmo7Factory7SetModeEii
 *fill*         0x0000000040203219        0x3 
 .text._ZN4Anki5Cozmo7Factory6UpdateEv
                0x000000004020321c      0x14b factory/.output/eagle/release/lib/libfactory.a(factoryTests.o)
                                        0x1a3 (size before relaxing)
                0x0000000040203250                _ZN4Anki5Cozmo7Factory6UpdateEv
 *fill*         0x0000000040203367        0x1 
 .text._ZN4Anki5Cozmo7FactoryL28BirthCertificateReadCallbackEPNS0_9NVStorage13NVStorageBlobEa
                0x0000000040203368       0x3f factory/.output/eagle/release/lib/libfactory.a(factoryTests.o)
                                         0x57 (size before relaxing)
 *fill*         0x00000000402033a7        0x1 
 .text._ZN4Anki5Cozmo7Factory17Process_TestStateERKNS0_14RobotInterface9TestStateE
                0x00000000402033a8      0x18f factory/.output/eagle/release/lib/libfactory.a(factoryTests.o)
                                        0x1e7 (size before relaxing)
                0x00000000402033bc                _ZN4Anki5Cozmo7Factory17Process_TestStateERKNS0_14RobotInterface9TestStateE
 *fill*         0x0000000040203537        0x1 
 .text._ZN4Anki5Cozmo7Factory28Process_EnterFactoryTestModeERKNS0_14RobotInterface20EnterFactoryTestModeE
                0x0000000040203538       0x1f factory/.output/eagle/release/lib/libfactory.a(factoryTests.o)
                                         0x27 (size before relaxing)
                0x0000000040203538                _ZN4Anki5Cozmo7Factory28Process_EnterFactoryTestModeERKNS0_14RobotInterface20EnterFactoryTestModeE
 *fill*         0x0000000040203557        0x1 
 .literal._ZN4Anki5Cozmo7FactoryL13requestIMUCalEj
                0x0000000040203558        0x0 factory/.output/eagle/release/lib/libfactory.a(factoryTests.o)
 .literal._ZN4Anki5Cozmo7FactoryL26IMUCalibrationReadCallbackEPNS0_9NVStorage13NVStorageBlobEa
                0x0000000040203558        0x0 factory/.output/eagle/release/lib/libfactory.a(factoryTests.o)
 .literal.hasBirthCertificate
                0x0000000040203558        0x0 factory/.output/eagle/release/lib/libfactory.a(factoryTests.o)
 .literal._ZN4Anki5Cozmo7Factory4InitEv
                0x0000000040203558        0x0 factory/.output/eagle/release/lib/libfactory.a(factoryTests.o)
 .literal._ZN4Anki5Cozmo7Factory7GetModeEv
                0x0000000040203558        0x0 factory/.output/eagle/release/lib/libfactory.a(factoryTests.o)
 .literal._ZN4Anki5Cozmo7Factory8GetParamEv
                0x0000000040203558        0x0 factory/.output/eagle/release/lib/libfactory.a(factoryTests.o)
 .literal._ZN4Anki5Cozmo7Factory7SetModeEii
                0x0000000040203558        0x0 factory/.output/eagle/release/lib/libfactory.a(factoryTests.o)
 .literal._ZN4Anki5Cozmo7Factory6UpdateEv
                0x0000000040203558        0x0 factory/.output/eagle/release/lib/libfactory.a(factoryTests.o)
 .literal._ZN4Anki5Cozmo7FactoryL28BirthCertificateReadCallbackEPNS0_9NVStorage13NVStorageBlobEa
                0x0000000040203558        0x0 factory/.output/eagle/release/lib/libfactory.a(factoryTests.o)
 .literal._ZN4Anki5Cozmo7Factory17Process_TestStateERKNS0_14RobotInterface9TestStateE
                0x0000000040203558        0x0 factory/.output/eagle/release/lib/libfactory.a(factoryTests.o)
 .literal._ZN4Anki5Cozmo7Factory28Process_EnterFactoryTestModeERKNS0_14RobotInterface20EnterFactoryTestModeE
                0x0000000040203558        0x0 factory/.output/eagle/release/lib/libfactory.a(factoryTests.o)
 .text          0x0000000040203558        0x0 factory/.output/eagle/release/lib/libfactory.a(factoryTests.o)
 *fill*         0x0000000040203558        0x0 
 *fill*         0x0000000040203558        0x0 
 *fill*         0x0000000040203558        0x0 
 *fill*         0x0000000040203558        0x0 
 *fill*         0x0000000040203558        0x0 
 *fill*         0x0000000040203558        0x0 
 *fill*         0x0000000040203558        0x0 
 *fill*         0x0000000040203558        0x0 
 application/.output/eagle/release/lib/libapplication.a(.literal .text .literal.* .text.* .stub .gnu.warning .gnu.linkonce.literal.* .gnu.linkonce.t.*.literal .gnu.linkonce.t.*)
 .text._ZN4Anki5Cozmo19ActiveObjectManager4InitEv
                0x0000000040203558       0x3b application/.output/eagle/release/lib/libapplication.a(activeObjectManager.o)
                                         0x3f (size before relaxing)
                0x0000000040203564                _ZN4Anki5Cozmo19ActiveObjectManager4InitEv
 *fill*         0x0000000040203593        0x1 
 .text._ZN4Anki5Cozmo19ActiveObjectManager6UpdateEv
                0x0000000040203594       0x82 application/.output/eagle/release/lib/libapplication.a(activeObjectManager.o)
                                         0x9e (size before relaxing)
                0x0000000040203598                _ZN4Anki5Cozmo19ActiveObjectManager6UpdateEv
 *fill*         0x0000000040203616        0x2 
 .text._ZN4Anki5Cozmo19ActiveObjectManager8SetSlotsEhhPKj
                0x0000000040203618       0x56 application/.output/eagle/release/lib/libapplication.a(activeObjectManager.o)
                                         0x5e (size before relaxing)
                0x0000000040203618                _ZN4Anki5Cozmo19ActiveObjectManager8SetSlotsEhhPKj
 *fill*         0x000000004020366e        0x2 
 .text._ZN4Anki5Cozmo19ActiveObjectManager10DisconnectEh
                0x0000000040203670       0x1d application/.output/eagle/release/lib/libapplication.a(activeObjectManager.o)
                                         0x21 (size before relaxing)
                0x0000000040203670                _ZN4Anki5Cozmo19ActiveObjectManager10DisconnectEh
 *fill*         0x000000004020368d        0x3 
 .text._ZN4Anki5Cozmo19ActiveObjectManager13DisconnectAllEv
                0x0000000040203690       0x28 application/.output/eagle/release/lib/libapplication.a(activeObjectManager.o)
                                         0x2c (size before relaxing)
                0x0000000040203694                _ZN4Anki5Cozmo19ActiveObjectManager13DisconnectAllEv
 .text._ZN4Anki5Cozmo14BackgroundTask33RadioConnectionStateMachineUpdateEv
                0x00000000402036b8      0x1d8 application/.output/eagle/release/lib/libapplication.a(backgroundTask.o)
                                        0x24c (size before relaxing)
                0x00000000402036dc                _ZN4Anki5Cozmo14BackgroundTask33RadioConnectionStateMachineUpdateEv
 .text._ZN4Anki5Cozmo14BackgroundTask4ExecEP11ETSEventTag
                0x0000000040203890      0x18a application/.output/eagle/release/lib/libapplication.a(backgroundTask.o)
                                        0x1e2 (size before relaxing)
                0x00000000402038bc                _ZN4Anki5Cozmo14BackgroundTask4ExecEP11ETSEventTag
 *fill*         0x0000000040203a1a        0x2 
 .text.backgroundTaskInit
                0x0000000040203a1c      0x131 application/.output/eagle/release/lib/libapplication.a(backgroundTask.o)
                                        0x1a5 (size before relaxing)
                0x0000000040203a50                backgroundTaskInit
 *fill*         0x0000000040203b4d        0x3 
 .text.i2spiSynchronizedCallback
                0x0000000040203b50       0x1b application/.output/eagle/release/lib/libapplication.a(backgroundTask.o)
                                         0x27 (size before relaxing)
                0x0000000040203b50                i2spiSynchronizedCallback
 *fill*         0x0000000040203b6b        0x1 
 .text._ZN13DiffieHellman4InitEv
                0x0000000040203b6c       0x18 application/.output/eagle/release/lib/libapplication.a(dhTask.o)
                0x0000000040203b74                _ZN13DiffieHellman4InitEv
 .text._ZN13DiffieHellman5StartEPKhS1_
                0x0000000040203b84       0x97 application/.output/eagle/release/lib/libapplication.a(dhTask.o)
                                         0xaf (size before relaxing)
                0x0000000040203b98                _ZN13DiffieHellman5StartEPKhS1_
 *fill*         0x0000000040203c1b        0x1 
 .text._ZN13DiffieHellman6UpdateEv
                0x0000000040203c1c      0x168 application/.output/eagle/release/lib/libapplication.a(dhTask.o)
                                        0x1bc (size before relaxing)
                0x0000000040203c30                _ZN13DiffieHellman6UpdateEv
 .text._ZN4Anki5Cozmo4FaceL9ResetScanEv
                0x0000000040203d84       0x2f application/.output/eagle/release/lib/libapplication.a(face.o)
 *fill*         0x0000000040203db3        0x1 
 .text._ZN4Anki5Cozmo4FaceL16ConsolidateRectsEb
                0x0000000040203db4      0x172 application/.output/eagle/release/lib/libapplication.a(face.o)
                                        0x18a (size before relaxing)
 *fill*         0x0000000040203f26        0x2 
 .text._ZN4Anki5Cozmo4FaceL11ResetScreenEv
                0x0000000040203f28       0x46 application/.output/eagle/release/lib/libapplication.a(face.o)
                                         0x5a (size before relaxing)
 *fill*         0x0000000040203f6e        0x2 
 .text._ZN4Anki5Cozmo4FaceL11CreateRectsEPyhhhh$constprop$1
                0x0000000040203f70       0xda application/.output/eagle/release/lib/libapplication.a(face.o)
                                         0xfa (size before relaxing)
 *fill*         0x000000004020404a        0x2 
 .text._Z17FaceDisplayDecodePKhhhPy
                0x000000004020404c       0xf1 application/.output/eagle/release/lib/libapplication.a(face.o)
                                         0xf5 (size before relaxing)
                0x000000004020405c                _Z17FaceDisplayDecodePKhhhPy
 *fill*         0x000000004020413d        0x3 
 .text._ZN4Anki5Cozmo4Face4InitEv
                0x0000000040204140       0x1d application/.output/eagle/release/lib/libapplication.a(face.o)
                                         0x25 (size before relaxing)
                0x0000000040204144                _ZN4Anki5Cozmo4Face4InitEv
 *fill*         0x000000004020415d        0x3 
 .text.PumpScreenData
                0x0000000040204160       0xb2 application/.output/eagle/release/lib/libapplication.a(face.o)
                                         0xd2 (size before relaxing)
                0x0000000040204164                PumpScreenData
 *fill*         0x0000000040204212        0x2 
 .text._ZN4Anki5Cozmo4Face14PrintFormattedEPc
                0x0000000040204214       0xb0 application/.output/eagle/release/lib/libapplication.a(face.o)
                                         0xc0 (size before relaxing)
                0x0000000040204218                _ZN4Anki5Cozmo4Face14PrintFormattedEPc
 .text._ZN4Anki5Cozmo4Face8DecToBCDEj
                0x00000000402042c4       0x4a application/.output/eagle/release/lib/libapplication.a(face.o)
                                         0x4e (size before relaxing)
                0x00000000402042c8                _ZN4Anki5Cozmo4Face8DecToBCDEj
 *fill*         0x000000004020430e        0x2 
 .text._ZN4Anki5Cozmo4Face4Draw5ClearEPy
                0x0000000040204310       0x17 application/.output/eagle/release/lib/libapplication.a(face.o)
                                         0x1b (size before relaxing)
                0x0000000040204310                _ZN4Anki5Cozmo4Face4Draw5ClearEPy
 *fill*         0x0000000040204327        0x1 
 .text._ZN4Anki5Cozmo4Face4Draw4CopyEPyPKy
                0x0000000040204328       0x15 application/.output/eagle/release/lib/libapplication.a(face.o)
                                         0x19 (size before relaxing)
                0x0000000040204328                _ZN4Anki5Cozmo4Face4Draw4CopyEPyPKy
 *fill*         0x000000004020433d        0x3 
 .text._ZN4Anki5Cozmo4Face4Draw4CopyEPyPKjiii
                0x0000000040204340       0x76 application/.output/eagle/release/lib/libapplication.a(face.o)
                                         0x7e (size before relaxing)
                0x0000000040204340                _ZN4Anki5Cozmo4Face4Draw4CopyEPyPKjiii
 *fill*         0x00000000402043b6        0x2 
 .text._ZN4Anki5Cozmo4Face4Draw6NumberEPyijii
                0x00000000402043b8       0xc9 application/.output/eagle/release/lib/libapplication.a(face.o)
                                         0xd5 (size before relaxing)
                0x00000000402043c0                _ZN4Anki5Cozmo4Face4Draw6NumberEPyijii
 *fill*         0x0000000040204481        0x3 
 .text._ZN4Anki5Cozmo4Face4Draw5PrintEPyPKciii
                0x0000000040204484       0xf8 application/.output/eagle/release/lib/libapplication.a(face.o)
                                        0x104 (size before relaxing)
                0x000000004020448c                _ZN4Anki5Cozmo4Face4Draw5PrintEPyPKciii
 .text._ZN4Anki5Cozmo4Face4Draw4FlipEPy
                0x000000004020457c        0xf application/.output/eagle/release/lib/libapplication.a(face.o)