Component: ARM Compiler 5.06 update 2 (build 183) Tool: armlink [4d35b7]

==============================================================================

Section Cross References

    main.o(i.GetTimeStamp) refers to main.o(.data) for .data
    main.o(i.SetTimeStamp) refers to main.o(.data) for .data
    main.o(i._ZN4Anki5Cozmo3HAL14IsVideoEnabledEv) refers to main.o(.data) for .data
    main.o(i._ZN4Anki5Cozmo3HAL16SetImageSendModeEha) refers to main.o(.data) for .data
    main.o(i._ZN4Anki5Cozmo3HAL7HALExecEv) refers to i2c.o(i._ZN4Anki5Cozmo3HAL3I2C6EnableEv) for Anki::Cozmo::HAL::I2C::Enable()
    main.o(i._ZN4Anki5Cozmo3HAL7HALExecEv) refers to spi.o(i._ZN4Anki5Cozmo3HAL3SPI10ManageDropEv) for Anki::Cozmo::HAL::SPI::ManageDrop()
    main.o(i._ZN4Anki5Cozmo3HAL7HALExecEv) refers to uart.o(i._ZN4Anki5Cozmo3HAL4UART8TransmitEv) for Anki::Cozmo::HAL::UART::Transmit()
    main.o(i._ZN4Anki5Cozmo3HAL7HALExecEv) refers to imu.o(i._ZN4Anki5Cozmo3HAL3IMU6ManageEv) for Anki::Cozmo::HAL::IMU::Manage()
    main.o(i._ZN4Anki5Cozmo3HAL7HALExecEv) refers to watchdog.o(i._ZN4Anki5Cozmo3HAL8Watchdog4kickEh) for Anki::Cozmo::HAL::Watchdog::kick(unsigned char)
    main.o(i._ZN4Anki5Cozmo3HAL7HALExecEv) refers to watchdog.o(i._ZN4Anki5Cozmo3HAL8Watchdog3petEv) for Anki::Cozmo::HAL::Watchdog::pet()
    main.o(i._ZN4Anki5Cozmo3HAL7HALInitEv) refers to uart.o(i._ZN4Anki5Cozmo3HAL4UART4InitEv) for Anki::Cozmo::HAL::UART::Init()
    main.o(i._ZN4Anki5Cozmo3HAL7HALInitEv) refers to dac.o(i._ZN4Anki5Cozmo3HAL3DAC4SyncEv) for Anki::Cozmo::HAL::DAC::Sync()
    main.o(i.main) refers to power.o(i._ZN4Anki5Cozmo3HAL5Power15enableEspressifEv) for Anki::Cozmo::HAL::Power::enableEspressif()
    main.o(i.main) refers to debug.o(i._ZN4Anki5Cozmo3HAL4UART9DebugInitEv) for Anki::Cozmo::HAL::UART::DebugInit()
    main.o(i.main) refers to spi.o(i._ZN4Anki5Cozmo3HAL3SPI4InitEv) for Anki::Cozmo::HAL::SPI::Init()
    main.o(i.main) refers to dac.o(i._ZN4Anki5Cozmo3HAL3DAC4InitEv) for Anki::Cozmo::HAL::DAC::Init()
    main.o(i.main) refers to i2c.o(i._ZN4Anki5Cozmo3HAL3I2C4InitEv) for Anki::Cozmo::HAL::I2C::Init()
    main.o(i.main) refers to imu.o(i._ZN4Anki5Cozmo3HAL3IMU4InitEv) for Anki::Cozmo::HAL::IMU::Init()
    main.o(i.main) refers to oled.o(i._ZN4Anki5Cozmo3HAL4OLED4InitEv) for Anki::Cozmo::HAL::OLED::Init()
    main.o(i.main) refers to camera.o(i._ZN4Anki5Cozmo3HAL10CameraInitEv) for Anki::Cozmo::HAL::CameraInit()
    main.o(i.main) refers to cozmobot.o(i._ZN4Anki5Cozmo5Robot4InitEv) for Anki::Cozmo::Robot::Init()
    main.o(i.main) refers to watchdog.o(i._ZN4Anki5Cozmo3HAL8Watchdog4initEv) for Anki::Cozmo::HAL::Watchdog::init()
    main.o(i.main) refers to camera.o(i._ZN4Anki5Cozmo3HAL11CameraStartEv) for Anki::Cozmo::HAL::CameraStart()
    main.o(i.main) refers to wifi.o(i._ZN4Anki5Cozmo3HAL4WiFi6UpdateEv) for Anki::Cozmo::HAL::WiFi::Update()
    main.o(i.main) refers to uart.o(i._ZN4Anki5Cozmo3HAL4UART9FoundSyncEv) for Anki::Cozmo::HAL::UART::FoundSync()
    main.o(i.main) refers to uart.o(i._ZN4Anki5Cozmo3HAL4UART11WaitForSyncEv) for Anki::Cozmo::HAL::UART::WaitForSync()
    main.o(i.main) refers to spine.o(i._ZN4Anki5Cozmo3HAL5Spine6ManageEv) for Anki::Cozmo::HAL::Spine::Manage()
    main.o(i.main) refers to cozmobot.o(i._ZN4Anki5Cozmo5Robot18step_MainExecutionEv) for Anki::Cozmo::Robot::step_MainExecution()
    main.o(.ARM.exidx) refers to main.o(i.GetTimeStamp) for i.GetTimeStamp
    main.o(.ARM.exidx) refers to main.o(i.SetTimeStamp) for i.SetTimeStamp
    main.o(.ARM.exidx) refers to main.o(i.__aeabi_vec_ctor_nocookie_nodtor) for i.__aeabi_vec_ctor_nocookie_nodtor
    main.o(.ARM.exidx) refers to main.o(i.main) for i.main
    main.o(.ARM.exidx) refers to main.o(i._ZN4Anki5Cozmo3HAL5GetIDEv) for i._ZN4Anki5Cozmo3HAL5GetIDEv
    main.o(.ARM.exidx) refers to main.o(i._ZN4Anki5Cozmo3HAL16SetImageSendModeEha) for i._ZN4Anki5Cozmo3HAL16SetImageSendModeEha
    main.o(.ARM.exidx) refers to main.o(i._ZN4Anki5Cozmo3HAL14IsVideoEnabledEv) for i._ZN4Anki5Cozmo3HAL14IsVideoEnabledEv
    main.o(.ARM.exidx) refers to main.o(i._ZN4Anki5Cozmo3HAL7HALInitEv) for i._ZN4Anki5Cozmo3HAL7HALInitEv
    main.o(.ARM.exidx) refers to main.o(i._ZN4Anki5Cozmo3HAL7HALExecEv) for i._ZN4Anki5Cozmo3HAL7HALExecEv
    camera.o(i.DMA0_IRQHandler) refers to camera.o(i._Z14NVIC_EnableIRQ4IRQn) for NVIC_EnableIRQ(IRQn)
    camera.o(i.DMA0_IRQHandler) refers to main.o(i._ZN4Anki5Cozmo3HAL7HALInitEv) for Anki::Cozmo::HAL::HALInit()
    camera.o(i.DMA0_IRQHandler) refers to camera.o(.data) for .data
    camera.o(i.FTM2_IRQHandler) refers to spi.o(i._ZN4Anki5Cozmo3HAL3SPI8StartDMAEv) for Anki::Cozmo::HAL::SPI::StartDMA()
    camera.o(i.FTM2_IRQHandler) refers to main.o(i._ZN4Anki5Cozmo3HAL7HALExecEv) for Anki::Cozmo::HAL::HALExec()
    camera.o(i.FTM2_IRQHandler) refers to main.o(i._ZN4Anki5Cozmo3HAL14IsVideoEnabledEv) for Anki::Cozmo::HAL::IsVideoEnabled()
[...]
    Anki::Embedded::Point2f::Point2f__sub_object(const Anki::Embedded::Point2f&) 0x0000c39d   Thumb Code     0  localization_geometry.o(i._ZN4Anki8Embedded7Point2fC1ERKS1_)
    Anki::Embedded::Point2f::Point2f(float, float) 0x0000c3af   Thumb Code     6  localization_geometry.o(i._ZN4Anki8Embedded7Point2fC1Eff)
    Anki::Embedded::Point2f::Point2f__sub_object(float, float) 0x0000c3af   Thumb Code     0  localization_geometry.o(i._ZN4Anki8Embedded7Point2fC1Eff)
    Anki::Embedded::Point2f::Point2f()       0x0000c3b5   Thumb Code    14  localization_geometry.o(i._ZN4Anki8Embedded7Point2fC1Ev)
    Anki::Embedded::Point2f::Point2f__sub_object() 0x0000c3b5   Thumb Code     0  localization_geometry.o(i._ZN4Anki8Embedded7Point2fC1Ev)
    Anki::Embedded::Point2f::operator =(const Anki::Embedded::Point2f&) 0x0000c3c9   Thumb Code    18  localization_geometry.o(i._ZN4Anki8Embedded7Point2faSERKS1_)
    Anki::Embedded::Point2f::operator +=(const Anki::Embedded::Point2f&) 0x0000c3db   Thumb Code    34  localization_geometry.o(i._ZN4Anki8Embedded7Point2fpLERKS1_)
    Anki::Planning::PathSegment::DefineLine(float, float, float, float, float, float, float) 0x0000c3fd   Thumb Code   122  path.o(i._ZN4Anki8Planning11PathSegment10DefineLineEfffffff)
    Anki::Planning::PathSegment::DefinePointTurn(float, float, float, float, float, float, float, bool) 0x0000c481   Thumb Code    32  path.o(i._ZN4Anki8Planning11PathSegment15DefinePointTurnEfffffffb)
    Anki::Planning::PathSegment::SetSpeedProfile(float, float, float) 0x0000c4a1   Thumb Code     8  path.o(i._ZN4Anki8Planning11PathSegment15SetSpeedProfileEfff)
    Anki::Planning::PathSegment::DefineArc(float, float, float, float, float, float, float, float) 0x0000c4a9   Thumb Code   126  path.o(i._ZN4Anki8Planning11PathSegment9DefineArcEffffffff)
    Anki::Planning::PathSegment::PathSegment() 0x0000c535   Thumb Code     6  path.o(i._ZN4Anki8Planning11PathSegmentC1Ev)
    Anki::Planning::PathSegment::PathSegment__sub_object() 0x0000c535   Thumb Code     0  path.o(i._ZN4Anki8Planning11PathSegmentC1Ev)
    Anki::Planning::Path::AppendLine(unsigned, float, float, float, float, float, float, float) 0x0000c53b   Thumb Code   102  path.o(i._ZN4Anki8Planning4Path10AppendLineEjfffffff)
    Anki::Planning::Path::AppendPointTurn(unsigned, float, float, float, float, float, float, float, bool) 0x0000c5a1   Thumb Code   104  path.o(i._ZN4Anki8Planning4Path15AppendPointTurnEjfffffffb)
    Anki::Planning::Path::Clear()            0x0000c609   Thumb Code    56  path.o(i._ZN4Anki8Planning4Path5ClearEv)
    Anki::Planning::Path::AddArc(float, float, float, float, float, float, float, float) 0x0000c641   Thumb Code   198  path.o(i._ZN4Anki8Planning4Path6AddArcEffffffff)
    Anki::Planning::Path::PopBack(unsigned char) 0x0000c711   Thumb Code    68  path.o(i._ZN4Anki8Planning4Path7PopBackEh)
    Anki::Planning::Path::PopFront(unsigned char) 0x0000c755   Thumb Code    90  path.o(i._ZN4Anki8Planning4Path8PopFrontEh)
    Anki::Planning::Path::AppendArc(unsigned, float, float, float, float, float, float, float, float) 0x0000c7b1   Thumb Code   706  path.o(i._ZN4Anki8Planning4Path9AppendArcEjffffffff)
    Anki::Planning::Path::Path()             0x0000ca85   Thumb Code    38  path.o(i._ZN4Anki8Planning4PathC1Ev)
    Anki::Planning::Path::Path__sub_object() 0x0000ca85   Thumb Code     0  path.o(i._ZN4Anki8Planning4PathC1Ev)
    Anki::Planning::Path::operator [](unsigned char) 0x0000cab1   Thumb Code    12  pathfollower.o(i._ZN4Anki8Planning4PathixEh)
    Anki::operator ==(const Anki::Radians&, const Anki::Radians&) 0x0000cabd   Thumb Code    58  radians.o(i._ZN4AnkieqERKNS_7RadiansES2_)
    Anki::operator >=(const Anki::Radians&, const Anki::Radians&) 0x0000cafd   Thumb Code    28  radians.o(i._ZN4AnkigeERKNS_7RadiansES2_)
    Anki::operator >(const Anki::Radians&, const Anki::Radians&) 0x0000cb19   Thumb Code    38  radians.o(i._ZN4AnkigtERKNS_7RadiansES2_)
    Anki::operator <(const Anki::Radians&, const Anki::Radians&) 0x0000cb3f   Thumb Code    10  radians.o(i._ZN4AnkiltERKNS_7RadiansES2_)
    Anki::operator -(const Anki::Radians&, const Anki::Radians&) 0x0000cb49   Thumb Code    32  radians.o(i._ZN4AnkimiERKNS_7RadiansES2_)
    Anki::operator -(const Anki::Radians&, float) 0x0000cb69   Thumb Code    24  radians.o(i._ZN4AnkimiERKNS_7RadiansEf)
    Anki::operator -(float, const Anki::Radians&) 0x0000cb81   Thumb Code    24  radians.o(i._ZN4AnkimiEfRKNS_7RadiansE)
    Anki::operator *(const Anki::Radians&, float) 0x0000cb99   Thumb Code    32  radians.o(i._ZN4AnkimlERKNS_7RadiansEf)
    Anki::operator *(float, const Anki::Radians&) 0x0000cbb9   Thumb Code     4  radians.o(i._ZN4AnkimlEfRKNS_7RadiansE)
    Anki::operator !=(const Anki::Radians&, const Anki::Radians&) 0x0000cbbd   Thumb Code    12  radians.o(i._ZN4AnkineERKNS_7RadiansES2_)
    Anki::operator +(const Anki::Radians&, const Anki::Radians&) 0x0000cbc9   Thumb Code    32  radians.o(i._ZN4AnkiplERKNS_7RadiansES2_)
    Anki::operator +(const Anki::Radians&, float) 0x0000cbe9   Thumb Code    24  radians.o(i._ZN4AnkiplERKNS_7RadiansEf)
    Anki::Cozmo::AnimKeyFrame::FaceImage::Size() const 0x0000cc01   Thumb Code     6  clad.o(i._ZNK4Anki5Cozmo12AnimKeyFrame9FaceImage4SizeEv)
    Anki::Cozmo::RobotInterface::PrintTrace::Size() const 0x0000cc07   Thumb Code    10  clad.o(i._ZNK4Anki5Cozmo14RobotInterface10PrintTrace4SizeEv)
    Anki::Cozmo::RobotInterface::EngineToRobot::Size() const 0x0000cc11   Thumb Code   890  clad.o(i._ZNK4Anki5Cozmo14RobotInterface13EngineToRobot4SizeEv)
    Anki::Cozmo::RobotInterface::NVReadResultToBody::Size() const 0x0000cf8b   Thumb Code     4  clad.o(i._ZNK4Anki5Cozmo14RobotInterface18NVReadResultToBody4SizeEv)
    Anki::Cozmo::WriteBodyStorage::Size() const 0x0000cf8f   Thumb Code     6  clad.o(i._ZNK4Anki5Cozmo16WriteBodyStorage4SizeEv)
    Anki::Cozmo::BodyStorageContents::Size() const 0x0000cf95   Thumb Code     6  clad.o(i._ZNK4Anki5Cozmo19BodyStorageContents4SizeEv)
    Anki::Cozmo::CubeSlots::Size() const     0x0000cf9b   Thumb Code    10  clad.o(i._ZNK4Anki5Cozmo9CubeSlots4SizeEv)
    Anki::Cozmo::NVStorage::NVStorageBlob::Size() const 0x0000cfa5   Thumb Code     6  clad.o(i._ZNK4Anki5Cozmo9NVStorage13NVStorageBlob4SizeEv)
    Anki::Cozmo::NVStorage::NVStorageWrite::Size() const 0x0000cfab   Thumb Code    12  clad.o(i._ZNK4Anki5Cozmo9NVStorage14NVStorageWrite4SizeEv)
    Anki::Cozmo::NVStorage::NVWipeAll::Size() const 0x0000cfb7   Thumb Code     6  clad.o(i._ZNK4Anki5Cozmo9NVStorage9NVWipeAll4SizeEv)
    Anki::Radians::getDegrees() const        0x0000cfbd   Thumb Code    14  radians.o(i._ZNK4Anki7Radians10getDegreesEv)
    Anki::Embedded::Rotation2d::GetInverse() const 0x0000cfd1   Thumb Code    14  localization_geometry.o(i._ZNK4Anki8Embedded10Rotation2d10GetInverseEv)
    Anki::Embedded::Rotation2d::GetAngle() const 0x0000cfdf   Thumb Code     4  localization_geometry.o(i._ZNK4Anki8Embedded10Rotation2d8GetAngleEv)
    Anki::Embedded::Rotation2d::operator *(const Anki::Embedded::Point2f&) const 0x0000cfe3   Thumb Code    88  localization_geometry.o(i._ZNK4Anki8Embedded10Rotation2dmlERKNS0_7Point2fE)
    Anki::Embedded::Rotation2d::operator *(const Anki::Embedded::Rotation2d&) const 0x0000d03b   Thumb Code    20  localization_geometry.o(i._ZNK4Anki8Embedded10Rotation2dmlERKS1_)
    Anki::Embedded::Pose2d::GetWithRespectTo(const Anki::Embedded::Pose2d&) const 0x0000d04f   Thumb Code    66  localization_geometry.o(i._ZNK4Anki8Embedded6Pose2d16GetWithRespectToERKS1_)
    Anki::Embedded::Pose2d::GetAngle() const 0x0000d091   Thumb Code     6  dockingcontroller.o(i._ZNK4Anki8Embedded6Pose2d8GetAngleEv)
    Anki::Embedded::Point2f::Dist(const Anki::Embedded::Point2f&) const 0x0000d097   Thumb Code    36  localization_geometry.o(i._ZNK4Anki8Embedded7Point2f4DistERKS1_)
    Anki::Embedded::Point2f::operator -(const Anki::Embedded::Point2f&) const 0x0000d0bb   Thumb Code    28  localization_geometry.o(i._ZNK4Anki8Embedded7Point2fmiERKS1_)
    Anki::Planning::PathSegment::GetEndPose(float&, float&, float&) const 0x0000d0d7   Thumb Code   200  path.o(i._ZNK4Anki8Planning11PathSegment10GetEndPoseERfS2_S2_)
    Anki::Planning::PathSegment::GetStartPoint(float&, float&) const 0x0000d19f   Thumb Code   144  path.o(i._ZNK4Anki8Planning11PathSegment13GetStartPointERfS2_)
    Anki::Planning::PathSegment::GetDistToSegment(float, float, float, float&, float&, float*) const 0x0000d22f   Thumb Code    84  path.o(i._ZNK4Anki8Planning11PathSegment16GetDistToSegmentEfffRfS2_Pf)
    Anki::Planning::PathSegment::GetDistToArcSegment(float, float, float, float&, float&, float*) const 0x0000d285   Thumb Code   948  path.o(i._ZNK4Anki8Planning11PathSegment19GetDistToArcSegmentEfffRfS2_Pf)
    Anki::Planning::PathSegment::GetDistToLineSegment(float, float, float, float&, float&, float*) const 0x0000d64d   Thumb Code   810  path.o(i._ZNK4Anki8Planning11PathSegment20GetDistToLineSegmentEfffRfS2_Pf)
    Anki::Planning::PathSegment::GetDistToPointTurnSegment(float, float, float, float&, float&) const 0x0000d995   Thumb Code   118  path.o(i._ZNK4Anki8Planning11PathSegment25GetDistToPointTurnSegmentEfffRfS2_)
    Anki::Planning::PathSegment::Print() const 0x0000da0b   Thumb Code   310  path.o(i._ZNK4Anki8Planning11PathSegment5PrintEv)
    Anki::Planning::Path::PrintSegment(unsigned char) const 0x0000db41   Thumb Code    94  path.o(i._ZNK4Anki8Planning4Path12PrintSegmentEh)
    Anki::Planning::Path::CheckContinuity(float, signed char) const 0x0000db9f   Thumb Code   146  path.o(i._ZNK4Anki8Planning4Path15CheckContinuityEfa)
    Anki::Planning::Path::CheckSegmentContinuity(float, signed char) const 0x0000dc31   Thumb Code   234  path.o(i._ZNK4Anki8Planning4Path22CheckSegmentContinuityEfa)
    Anki::Planning::Path::PrintPath() const  0x0000dd1b   Thumb Code    76  path.o(i._ZNK4Anki8Planning4Path9PrintPathEv)
    std::fabs(float)                         0x0000dd67   Thumb Code     6  velocityprofilegenerator.o(i._ZSt4fabsf)
    __ARM_fpclassifyf                        0x0000dd6d   Thumb Code    38  fpclassifyf.o(i.__ARM_fpclassifyf)
    __ARM_signbitf                           0x0000dd93   Thumb Code     4  path.o(i.__ARM_signbitf)
    __aeabi_vec_ctor_nocookie_nodtor         0x0000dd97   Thumb Code    40  main.o(i.__aeabi_vec_ctor_nocookie_nodtor)
    __hardfp_asinf                           0x0000ddc1   Thumb Code   258  asinf.o(i.__hardfp_asinf)
    __hardfp_atan2f                          0x0000deed   Thumb Code   502  atan2f.o(i.__hardfp_atan2f)
    __hardfp_atanf                           0x0000e13d   Thumb Code   296  atanf.o(i.__hardfp_atanf)
    __hardfp_ceilf                           0x0000e29d   Thumb Code    98  ceilf.o(i.__hardfp_ceilf)
    __mathlib_ceilf                          0x0000e29d   Thumb Code     0  ceilf.o(i.__hardfp_ceilf)
    __hardfp_cosf                            0x0000e309   Thumb Code   280  cosf.o(i.__hardfp_cosf)
    __hardfp_sinf                            0x0000e459   Thumb Code   344  sinf.o(i.__hardfp_sinf)
    __hardfp_sqrtf                           0x0000e5e9   Thumb Code    58  sqrtf.o(i.__hardfp_sqrtf)
    __hardfp_tanf                            0x0000e625   Thumb Code   322  tanf.o(i.__hardfp_tanf)
    __mathlib_flt_infnan                     0x0000e7a1   Thumb Code     6  funder.o(i.__mathlib_flt_infnan)
    __mathlib_flt_infnan2                    0x0000e7a7   Thumb Code     6  funder.o(i.__mathlib_flt_infnan2)
    __mathlib_flt_invalid                    0x0000e7ad   Thumb Code    10  funder.o(i.__mathlib_flt_invalid)
    __mathlib_flt_underflow                  0x0000e7bd   Thumb Code    10  funder.o(i.__mathlib_flt_underflow)
    __mathlib_rredf2                         0x0000e7cd   Thumb Code   316  rredf.o(i.__mathlib_rredf2)
    __scatterload_copy                       0x0000e921   Thumb Code    14  handlers.o(i.__scatterload_copy)
    __scatterload_null                       0x0000e92f   Thumb Code     2  handlers.o(i.__scatterload_null)
    __scatterload_zeroinit                   0x0000e931   Thumb Code    14  handlers.o(i.__scatterload_zeroinit)
    __set_errno                              0x0000e941   Thumb Code     6  errno.o(i.__set_errno)
    main                                     0x0000eaed   Thumb Code   110  main.o(i.main)
    sqrtf                                    0x0000eb69   Thumb Code    62  sqrtf.o(i.sqrtf)
    Region$$Table$$Base                      0x0000f300   Number         0  anon$$obj.o(Region$$Table)
    Region$$Table$$Limit                     0x0000f340   Number         0  anon$$obj.o(Region$$Table)
    SHT$$INIT_ARRAY$$Base                    0x0000f340   Number         0  liftcontroller.o(.init_array)
    SHT$$INIT_ARRAY$$Limit                   0x0000f360   Number         0  cpp_init.o(.init_array)
    __initial_sp                             0x1fffe600   Number         0  startup_mk02f12810.o ABSOLUTE
    Anki::Cozmo::HAL::videoEnabled_          0x1fffe694   Data           1  main.o(.data)
    Anki::Cozmo::HAL::t_                     0x1fffe698   Data           4  main.o(.data)
    Anki::Cozmo::HAL::timingSynced_          0x1fffe69c   Data           1  camera.o(.data)
    spi_write_buff                           0x1fffe72c   Data           4  spi.o(.data)
    Anki::Cozmo::HAL::UART::HeadDataReceived 0x1fffe738   Data           1  uart.o(.data)
    Anki::Cozmo::HAL::IMU::scanLineStamp     0x1fffe754   Data           2  imu.o(.data)
    Anki::Cozmo::HAL::IMU::frameNumberStamp  0x1fffe75c   Data           4  imu.o(.data)
    CRASHLOG_POINTER                         0x1fffe7ac   Data           4  crashlogger.o(.data)
    Anki::Cozmo::IMUFilter::q0               0x1fffe8dc   Data           4  imufilter.o(.data)
    Anki::Cozmo::IMUFilter::q1               0x1fffe8e0   Data           4  imufilter.o(.data)
    Anki::Cozmo::IMUFilter::q2               0x1fffe8e4   Data           4  imufilter.o(.data)
    Anki::Cozmo::IMUFilter::q3               0x1fffe8e8   Data           4  imufilter.o(.data)
    Anki::Cozmo::IMUFilter::_zAngle          0x1fffe8ec   Data           4  imufilter.o(.data)
    __Vectors                                0x1fffec00   Data           4  startup_mk02f12810.o(VECTORS)
    I2C0_Proc                                0x1fffeca0   Data           4  startup_mk02f12810.o(VECTORS)
    __Vectors_End                            0x1fffed00   Data           0  startup_mk02f12810.o(VECTORS)
    g_dataToHead                             0x1fffed00   Data          76  main.o(.bss)
    g_dataToBody                             0x1fffed4c   Data          56  main.o(.bss)
    spi_rx_buff                              0x1ffff24c   Data          80  spi.o(.bss)
    Anki::Cozmo::HAL::IMU::IMUState          0x1ffff502   Data          13  imu.o(.bss)
    Anki::Cozmo::HAL::motorPositionOffsets   0x1ffff510   Data          16  motors.o(.bss)
    Anki::Cozmo::HAL::state                  0x1ffffd00   Data        8928  enjpeg.o(CAMRAM)



==============================================================================

Memory Map of the image

  Image Entry point : 0x0000101d

  Load Region LR_m_text (Base: 0x00001000, Size: 0x00010d40, Max: 0x0000f000, ABSOLUTE, COMPRESSED[0x0000e568])

    Execution Region ER_IROM1 (Base: 0x00001000, Size: 0x0000e360, Max: 0x0000f000, ABSOLUTE)

    Base Addr    Size         Type   Attr      Idx    E Section Name        Object

    0x00001000   0x0000001c   Data   RO         1746    HEADER              startup_mk02f12810.o
    0x0000101c   0x00000000   Code   RO         6511  * .ARM.Collect$$$$00000000  mc_w.l(entry.o)
    0x0000101c   0x00000004   Code   RO         6592    .ARM.Collect$$$$00000001  mc_w.l(entry2.o)
    0x00001020   0x00000004   Code   RO         6595    .ARM.Collect$$$$00000004  mc_w.l(entry5.o)
    0x00001024   0x00000000   Code   RO         6597    .ARM.Collect$$$$00000008  mc_w.l(entry7b.o)
    0x00001024   0x00000004   Code   RO         6598    .ARM.Collect$$$$00000009  mc_w.l(entry8a.o)
    0x00001028   0x00000000   Code   RO         6599    .ARM.Collect$$$$0000000A  mc_w.l(entry8b.o)
    0x00001028   0x00000008   Code   RO         6600    .ARM.Collect$$$$0000000B  mc_w.l(entry9a.o)
    0x00001030   0x00000000   Code   RO         6602    .ARM.Collect$$$$0000000D  mc_w.l(entry10a.o)
    0x00001030   0x00000000   Code   RO         6604    .ARM.Collect$$$$0000000F  mc_w.l(entry11a.o)
    0x00001030   0x00000004   Code   RO         6593    .ARM.Collect$$$$00002712  mc_w.l(entry2.o)
    0x00001034   0x0000005c   Code   RO         1748    .text               startup_mk02f12810.o
    0x00001090   0x00000024   Code   RO         6514    .text               mc_w.l(memcpya.o)
    0x000010b4   0x00000024   Code   RO         6516    .text               mc_w.l(memseta.o)
    0x000010d8   0x00000020   Code   RO         6555    .text               mc_w.l(cpp_init.o)
    0x000010f8   0x0000014e   Code   RO         6557    .text               mf_w.l(dadd.o)
    0x00001246   0x000000e4   Code   RO         6559    .text               mf_w.l(dmul.o)
    0x0000132a   0x000000de   Code   RO         6561    .text               mf_w.l(ddiv.o)
    0x00001408   0x00000022   Code   RO         6563    .text               mf_w.l(dflti.o)
    0x0000142a   0x0000003e   Code   RO         6565    .text               mf_w.l(dfixi.o)
    0x00001468   0x00000026   Code   RO         6567    .text               mf_w.l(f2d.o)
    0x0000148e   0x00000002   PAD
    0x00001490   0x00000030   Code   RO         6569    .text               mf_w.l(cdcmple.o)
    0x000014c0   0x00000038   Code   RO         6571    .text               mf_w.l(d2f.o)
    0x000014f8   0x0000001e   Code   RO         6613    .text               mc_w.l(llshl.o)
    0x00001516   0x00000020   Code   RO         6615    .text               mc_w.l(llushr.o)
    0x00001536   0x00000024   Code   RO         6617    .text               mc_w.l(llsshr.o)
    0x0000155a   0x00000000   Code   RO         6626    .text               mc_w.l(iusefp.o)
    0x0000155a   0x0000006e   Code   RO         6627    .text               mf_w.l(fepilogue.o)
    0x000015c8   0x000000ba   Code   RO         6629    .text               mf_w.l(depilogue.o)
    0x00001682   0x00000002   PAD
    0x00001684   0x00000024   Code   RO         6635    .text               mc_w.l(init.o)
    0x000016a8   0x00000056   Code   RO         6647    .text               mc_w.l(__dczerorl2.o)
    0x000016fe   0x0000000a   Ven    RO         6649    Veneer$$Code        anon$$obj.o
    0x00001708   0x00000068   Code   RO          243    i.DMA0_IRQHandler   camera.o
    0x00001770   0x00000068   Code   RO          850    i.DMA2_IRQHandler   spi.o
    0x000017d8   0x00000090   Code   RO          244    i.FTM2_IRQHandler   camera.o
    0x00001868   0x0000000c   Code   RO            3    i.GetTimeStamp      main.o
    0x00001874   0x00000054   Code   RO         1666    i.HardFault_Handler  crashlogger.o
    0x000018c8   0x0000000c   Code   RO            4    i.SetTimeStamp      main.o
    0x000018d4   0x00000020   Code   RO         1509    i.WDOG_EWM_IRQHandler  watchdog.o
    0x000018f4   0x000000f0   Code   RO         4353    i._Z10atan2_fastff  trig_fast.o
    0x000019e4   0x00000008   Code   RO         5996    i._Z10trace_castIdEiT_  steeringcontroller.o
    0x000019ec   0x00000006   Code   RO         2287    i._Z10trace_castIfEiT_  messages.o
    0x000019f2   0x00000002   PAD
    0x000019f4   0x00000088   Code   RO          851    i._Z11ProcessDropv  spi.o
    0x00001a7c   0x00000018   Code   RO          932    i._Z11WaitForBytev  spi.o
    0x00001a94   0x00000016   Code   RO          438    i._Z11inc_pointerRVi  i2c.o
    0x00001aaa   0x00000002   PAD
    0x00001aac   0x00000030   Code   RO          439    i._Z11write_queuehh  i2c.o
    0x00001adc   0x00000080   Code   RO          440    i._Z12Read_Handlerv  i2c.o
    0x00001b5c   0x0000001c   Code   RO         1259    i._Z13state_updatedPKv  imu.o
    0x00001b78   0x00000058   Code   RO         1022    i._Z13transmit_mode13TRANSFER_MODE  uart.o
    0x00001bd0   0x00000016   Code   RO          245    i._Z14NVIC_EnableIRQ4IRQn  camera.o
    0x00001be6   0x00000002   PAD
    0x00001be8   0x00000020   Code   RO          852    i._Z16NVIC_SystemResetv  spi.o
    0x00001c08   0x00000050   Code   RO          441    i._Z7EnqueuehPKhih  i2c.o
    0x00001c58   0x00000064   Code   RO          853    i._Z7SyncSPIv       spi.o
    0x00001cbc   0x000000dc   Code   RO         4355    i._Z9atan2_accff    trig_fast.o
    0x00001d98   0x000001a8   Code   RO         4356    i._Z9atan_fastf     trig_fast.o
    0x00001f40   0x000000ac   Code   RO         3659    i._ZN4Anki24VelocityProfileGenerator12StartProfileEfffff  velocityprofilegenerator.o
    0x00001fec   0x00000258   Code   RO         3660    i._ZN4Anki24VelocityProfileGenerator12StartProfileEfffffff  velocityprofilegenerator.o
    0x00002244   0x00000380   Code   RO         3663    i._ZN4Anki24VelocityProfileGenerator26StartProfile_fixedDurationEfffffffff  velocityprofilegenerator.o
    0x000025c4   0x000002fc   Code   RO         3664    i._ZN4Anki24VelocityProfileGenerator4StepERfS1_  velocityprofilegenerator.o
    0x000028c0   0x00000008   Code   RO         3665    i._ZN4Anki24VelocityProfileGeneratorC1Ev  velocityprofilegenerator.o
    0x000028c8   0x00000104   Code   RO         6205    i._ZN4Anki5Cozmo11ProxSensors11UpdateCliffEv  proxsensors.o
    0x000029cc   0x00000040   Code   RO         6206    i._ZN4Anki5Cozmo11ProxSensors15QueueCliffEventEfff  proxsensors.o
    0x00002a0c   0x0000000c   Code   RO         6207    i._ZN4Anki5Cozmo11ProxSensors17EnableStopOnCliffEb  proxsensors.o
    0x00002a18   0x0000001c   Code   RO         6208    i._ZN4Anki5Cozmo11ProxSensors17QueueUncliffEventEv  proxsensors.o
    0x00002a34   0x0000000c   Code   RO         6209    i._ZN4Anki5Cozmo11ProxSensors19EnableCliffDetectorEb  proxsensors.o
    0x00002a40   0x0000000c   Code   RO         6210    i._ZN4Anki5Cozmo11ProxSensors6UpdateEv  proxsensors.o
    0x00002a4c   0x00000074   Code   RO         4629    i._ZN4Anki5Cozmo12Localization10GetHistIdxEjRt  localization.o
    0x00002ac0   0x00000028   Code   RO         4631    i._ZN4Anki5Cozmo12Localization11GetCurrPoseEv  localization.o
    0x00002ae8   0x00000040   Code   RO         4632    i._ZN4Anki5Cozmo12Localization11SetOnBridgeEb  localization.o
    0x00002b28   0x00000014   Code   RO         4633    i._ZN4Anki5Cozmo12Localization12ClearHistoryEv  localization.o
    0x00002b3c   0x00000074   Code   RO         4634    i._ZN4Anki5Cozmo12Localization13AddPoseToHistEv  localization.o
    0x00002bb0   0x0000000c   Code   RO         4635    i._ZN4Anki5Cozmo12Localization13GetCurrPose_xEv  localization.o
    0x00002bbc   0x0000000c   Code   RO         4636    i._ZN4Anki5Cozmo12Localization13GetCurrPose_yEv  localization.o
    0x00002bc8   0x0000000c   Code   RO         4637    i._ZN4Anki5Cozmo12Localization14GetPoseFrameIdEv  localization.o
    0x00002bd4   0x00000010   Code   RO         4638    i._ZN4Anki5Cozmo12Localization14ResetPoseFrameEv  localization.o
    0x00002be4   0x0000000c   Code   RO         4639    i._ZN4Anki5Cozmo12Localization15GetPoseOriginIdEv  localization.o
    0x00002bf0   0x0000011c   Code   RO         4640    i._ZN4Anki5Cozmo12Localization15InterpolatePoseEiifi  localization.o
    0x00002d0c   0x0000000c   Code   RO         4641    i._ZN4Anki5Cozmo12Localization17GetCurrPose_angleEv  localization.o
    0x00002d18   0x00000020   Code   RO         4642    i._ZN4Anki5Cozmo12Localization17GetCurrentMatPoseERfS2_RNS_7RadiansE  localization.o
    0x00002d38   0x000000c8   Code   RO         4643    i._ZN4Anki5Cozmo12Localization17GetHistPoseAtTimeEjRNS_8Embedded6Pose2dE  localization.o
    0x00002e00   0x00000074   Code   RO         4644    i._ZN4Anki5Cozmo12Localization17SetCurrentMatPoseERKfS3_RKNS_7RadiansE  localization.o
    0x00002e74   0x00000020   Code   RO         4645    i._ZN4Anki5Cozmo12Localization18GetDriveCenterPoseERfS2_RNS_7RadiansE  localization.o
    0x00002e94   0x00000038   Code   RO         4646    i._ZN4Anki5Cozmo12Localization18GetHistPoseAtIndexEtRNS_8Embedded6Pose2dE  localization.o
    0x00002ecc   0x00000020   Code   RO         4649    i._ZN4Anki5Cozmo12Localization20GetDriveCenterOffsetEv  localization.o
    0x00002eec   0x0000000c   Code   RO         4650    i._ZN4Anki5Cozmo12Localization20SetDriveCenterOffsetEf  localization.o
    0x00002ef8   0x0000000c   Code   RO         4651    i._ZN4Anki5Cozmo12Localization20SetMotionModelParamsEf  localization.o
    0x00002f04   0x00000174   Code   RO         4652    i._ZN4Anki5Cozmo12Localization22UpdatePoseWithKeyframeEjjjfff  localization.o
    0x00003078   0x0000006a   Code   RO         4653    i._ZN4Anki5Cozmo12Localization24ConvertToDriveCenterPoseERKNS_8Embedded6Pose2dERS3_  localization.o
    0x000030e2   0x00000002   PAD
    0x000030e4   0x00000064   Code   RO         4656    i._ZN4Anki5Cozmo12Localization4InitEv  localization.o
    0x00003148   0x00000294   Code   RO         4657    i._ZN4Anki5Cozmo12Localization6UpdateEv  localization.o
    0x000033dc   0x00000024   Code   RO         4659    i._ZN4Anki5Cozmo12Localization9GetDistToEff  localization.o
    0x00003400   0x0000003c   Code   RO         4660    i._ZN4Anki5Cozmo12Localization9SetOnRampEb  localization.o
    0x0000343c   0x00000028   Code   RO         5315    i._ZN4Anki5Cozmo12PathFollower12GetPathErrorERfS2_  pathfollower.o
    0x00003464   0x00000020   Code   RO         5316    i._ZN4Anki5Cozmo12PathFollower12PathCompleteEv  pathfollower.o
    0x00003484   0x0000000c   Code   RO         5318    i._ZN4Anki5Cozmo12PathFollower13GetLastPathIDEv  pathfollower.o
    0x00003490   0x00000010   Code   RO         5320    i._ZN4Anki5Cozmo12PathFollower16IsTraversingPathEv  pathfollower.o
    0x000034a0   0x0000000c   Code   RO         5324    i._ZN4Anki5Cozmo12PathFollower18GetCurrPathSegmentEv  pathfollower.o
    0x000034ac   0x000001fc   Code   RO         5325    i._ZN4Anki5Cozmo12PathFollower18ProcessPathSegmentERfS2_  pathfollower.o
    0x000036a8   0x00000050   Code   RO         5326    i._ZN4Anki5Cozmo12PathFollower18SetManualPathSpeedEfff  pathfollower.o
    0x000036f8   0x000000d8   Code   RO         5327    i._ZN4Anki5Cozmo12PathFollower18StartPathTraversalEtb  pathfollower.o
    0x000037d0   0x0000000c   Code   RO         5328    i._ZN4Anki5Cozmo12PathFollower19IsInManualSpeedModeEv  pathfollower.o
    0x000037dc   0x00000060   Code   RO         5329    i._ZN4Anki5Cozmo12PathFollower21AppendPathSegment_ArcEjffffffff  pathfollower.o
    0x0000383c   0x00000058   Code   RO         5330    i._ZN4Anki5Cozmo12PathFollower22AppendPathSegment_LineEjfffffff  pathfollower.o
    0x00003894   0x0000001c   Code   RO         5331    i._ZN4Anki5Cozmo12PathFollower22GetNumFreeSegmentSlotsEv  pathfollower.o
    0x000038b0   0x0000005c   Code   RO         5332    i._ZN4Anki5Cozmo12PathFollower27AppendPathSegment_PointTurnEjfffffffb  pathfollower.o
    0x0000390c   0x00000078   Code   RO         5333    i._ZN4Anki5Cozmo12PathFollower27ProcessPathSegmentPointTurnERfS2_  pathfollower.o
    0x00003984   0x0000000a   Code   RO         5334    i._ZN4Anki5Cozmo12PathFollower4InitEv  pathfollower.o
    0x0000398e   0x00000002   PAD
    0x00003990   0x00000148   Code   RO         5335    i._ZN4Anki5Cozmo12PathFollower6UpdateEv  pathfollower.o
    0x00003ad8   0x00000030   Code   RO         5338    i._ZN4Anki5Cozmo12PathFollower8TrimPathEhh  pathfollower.o
    0x00003b08   0x00000018   Code   RO         5339    i._ZN4Anki5Cozmo12PathFollower8TrimPathEv  pathfollower.o
    0x00003b20   0x0000002c   Code   RO         5340    i._ZN4Anki5Cozmo12PathFollower9ClearPathEv  pathfollower.o
    0x00003b4c   0x0000000c   Code   RO         5341    i._ZN4Anki5Cozmo12PathFollower9PrintPathEv  pathfollower.o
    0x00003b58   0x0000000c   Code   RO         3951    i._ZN4Anki5Cozmo14HeadController11GetAngleRadEv  headcontroller.o
    0x00003b64   0x0000000c   Code   RO         3952    i._ZN4Anki5Cozmo14HeadController11SetAngleRadEf  headcontroller.o
    0x00003b70   0x0000000c   Code   RO         3953    i._ZN4Anki5Cozmo14HeadController12IsCalibratedEv  headcontroller.o
    0x00003b7c   0x0000000c   Code   RO         3954    i._ZN4Anki5Cozmo14HeadController12IsInPositionEv  headcontroller.o
    0x00003b88   0x00000018   Code   RO         3955    i._ZN4Anki5Cozmo14HeadController15SetDesiredAngleEf  headcontroller.o
    0x00003ba0   0x00000004   Code   RO         3956    i._ZN4Anki5Cozmo14HeadController15SetDesiredAngleEffff  headcontroller.o
    0x00003ba4   0x0000009c   Code   RO         3957    i._ZN4Anki5Cozmo14HeadController17CalibrationUpdateEv  headcontroller.o
    0x00003c40   0x0000006c   Code   RO         3959    i._ZN4Anki5Cozmo14HeadController18SetAngularVelocityEf  headcontroller.o
    0x00003cac   0x00000020   Code   RO         3961    i._ZN4Anki5Cozmo14HeadController19SetMaxSpeedAndAccelEff  headcontroller.o
    0x00003ccc   0x00000030   Code   RO         3963    i._ZN4Anki5Cozmo14HeadController21ResetLowAnglePositionEv  headcontroller.o
    0x00003cfc   0x00000068   Code   RO         3964    i._ZN4Anki5Cozmo14HeadController22MotorBurnoutProtectionEv  headcontroller.o
    0x00003d64   0x0000002c   Code   RO         3965    i._ZN4Anki5Cozmo14HeadController23StartCalibrationRoutineEv  headcontroller.o
    0x00003d90   0x00000044   Code   RO         3966    i._ZN4Anki5Cozmo14HeadController24PoseAndSpeedFilterUpdateEv  headcontroller.o
    0x00003dd4   0x0000021c   Code   RO         3967    i._ZN4Anki5Cozmo14HeadController24SetDesiredAngle_internalEffff  headcontroller.o
    0x00003ff0   0x0000000c   Code   RO         3969    i._ZN4Anki5Cozmo14HeadController6EnableEv  headcontroller.o
    0x00003ffc   0x0000017c   Code   RO         3970    i._ZN4Anki5Cozmo14HeadController6UpdateEv  headcontroller.o
    0x00004178   0x00000034   Code   RO         3971    i._ZN4Anki5Cozmo14HeadController7DisableEv  headcontroller.o
    0x000041ac   0x00000030   Code   RO         3972    i._ZN4Anki5Cozmo14HeadController8IsMovingEv  headcontroller.o
    0x000041dc   0x00000054   Code   RO         3973    i._ZN4Anki5Cozmo14HeadController8SetGainsEffff  headcontroller.o
    0x00004230   0x00000060   Code   RO         3447    i._ZN4Anki5Cozmo14LiftController10Height2RadEf  liftcontroller.o
    0x00004290   0x00000020   Code   RO         3448    i._ZN4Anki5Cozmo14LiftController10Rad2HeightEf  liftcontroller.o
    0x000042b0   0x0000000c   Code   RO         3449    i._ZN4Anki5Cozmo14LiftController11GetAngleRadEv  liftcontroller.o
    0x000042bc   0x00000010   Code   RO         3450    i._ZN4Anki5Cozmo14LiftController11GetHeightMMEv  liftcontroller.o
    0x000042cc   0x0000000c   Code   RO         3451    i._ZN4Anki5Cozmo14LiftController12IsCalibratedEv  liftcontroller.o
    0x000042d8   0x0000000c   Code   RO         3452    i._ZN4Anki5Cozmo14LiftController12IsInPositionEv  liftcontroller.o
    0x000042e4   0x0000000c   Code   RO         3453    i._ZN4Anki5Cozmo14LiftController16GetDesiredHeightEv  liftcontroller.o
    0x000042f0   0x00000014   Code   RO         3454    i._ZN4Anki5Cozmo14LiftController16SetDesiredHeightEf  liftcontroller.o
    0x00004304   0x00000004   Code   RO         3455    i._ZN4Anki5Cozmo14LiftController16SetDesiredHeightEffff  liftcontroller.o
    0x00004308   0x000000a8   Code   RO         3456    i._ZN4Anki5Cozmo14LiftController17CalibrationUpdateEv  liftcontroller.o
    0x000043b0   0x00000054   Code   RO         3459    i._ZN4Anki5Cozmo14LiftController18ResetAnglePositionEf  liftcontroller.o
    0x00004404   0x000000e0   Code   RO         3460    i._ZN4Anki5Cozmo14LiftController18SetAngularVelocityEf  liftcontroller.o
    0x000044e4   0x00000020   Code   RO         3462    i._ZN4Anki5Cozmo14LiftController19SetMaxSpeedAndAccelEff  liftcontroller.o
    0x00004504   0x00000078   Code   RO         3463    i._ZN4Anki5Cozmo14LiftController22MotorBurnoutProtectionEv  liftcontroller.o
    0x0000457c   0x00000030   Code   RO         3464    i._ZN4Anki5Cozmo14LiftController23StartCalibrationRoutineEv  liftcontroller.o
    0x000045ac   0x00000050   Code   RO         3466    i._ZN4Anki5Cozmo14LiftController24PoseAndSpeedFilterUpdateEv  liftcontroller.o
    0x000045fc   0x000001cc   Code   RO         3467    i._ZN4Anki5Cozmo14LiftController25SetDesiredHeight_internalEffff  liftcontroller.o
    0x000047c8   0x0000001c   Code   RO         3469    i._ZN4Anki5Cozmo14LiftController4InitEv  liftcontroller.o
    0x000047e4   0x00000030   Code   RO         3471    i._ZN4Anki5Cozmo14LiftController6EnableEv  liftcontroller.o
    0x00004814   0x000001fc   Code   RO         3472    i._ZN4Anki5Cozmo14LiftController6UpdateEv  liftcontroller.o
    0x00004a10   0x00000044   Code   RO         3473    i._ZN4Anki5Cozmo14LiftController7DisableEb  liftcontroller.o
    0x00004a54   0x00000030   Code   RO         3474    i._ZN4Anki5Cozmo14LiftController8IsMovingEv  liftcontroller.o
    0x00004a84   0x00000054   Code   RO         3475    i._ZN4Anki5Cozmo14LiftController8SetGainsEffff  liftcontroller.o
    0x00004ad8   0x00000008   Code   RO         6247    i._ZN4Anki5Cozmo14RobotInterface11SendMessageERKNS0_10CliffEventE  proxsensors.o
    0x00004ae0   0x00000008   Code   RO         4837    i._ZN4Anki5Cozmo14RobotInterface11SendMessageERKNS0_17RampTraverseStartE  localization.o
    0x00004ae8   0x00000008   Code   RO         4843    i._ZN4Anki5Cozmo14RobotInterface11SendMessageERKNS0_20RampTraverseCompleteE  localization.o
    0x00004af0   0x00000008   Code   RO         4291    i._ZN4Anki5Cozmo14RobotInterface11SendMessageERKNS1_10RobotPokedE  imufilter.o
    0x00004af8   0x00000084   Code   RO         1807    i._ZN4Anki5Cozmo14RobotInterface7SendLogEatthz  messages.o
    0x00004b7c   0x00000094   Code   RO         5725    i._ZN4Anki5Cozmo15SpeedController21RunAccelerationUpdateEv  speedcontroller.o
    0x00004c10   0x0000000c   Code   RO         5727    i._ZN4Anki5Cozmo15SpeedController28GetUserCommandedDecelerationEv  speedcontroller.o
    0x00004c1c   0x0000000c   Code   RO         5728    i._ZN4Anki5Cozmo15SpeedController28SetUserCommandedAccelerationEt  speedcontroller.o
    0x00004c28   0x0000000c   Code   RO         5729    i._ZN4Anki5Cozmo15SpeedController28SetUserCommandedDecelerationEt  speedcontroller.o
    0x00004c34   0x00000026   Code   RO         5730    i._ZN4Anki5Cozmo15SpeedController30GetCurrentMeasuredVehicleSpeedEv  speedcontroller.o
    0x00004c5a   0x00000002   PAD
    0x00004c5c   0x0000000c   Code   RO         5732    i._ZN4Anki5Cozmo15SpeedController34GetControllerCommandedVehicleSpeedEv  speedcontroller.o
    0x00004c68   0x00000018   Code   RO         5734    i._ZN4Anki5Cozmo15SpeedController35GetUserCommandedCurrentVehicleSpeedEv  speedcontroller.o
    0x00004c80   0x0000000c   Code   RO         5735    i._ZN4Anki5Cozmo15SpeedController35GetUserCommandedDesiredVehicleSpeedEv  speedcontroller.o
    0x00004c8c   0x0000009c   Code   RO         5737    i._ZN4Anki5Cozmo15SpeedController35SetUserCommandedDesiredVehicleSpeedEs  speedcontroller.o
    0x00004d28   0x00000014   Code   RO         5739    i._ZN4Anki5Cozmo15SpeedController6ManageEv  speedcontroller.o
    0x00004d3c   0x00000014   Code   RO         6099    i._ZN4Anki5Cozmo15WheelController12SetCoastModeEb  wheelcontroller.o
    0x00004d50   0x0000001c   Code   RO         6100    i._ZN4Anki5Cozmo15WheelController15AreWheelsMovingEv  wheelcontroller.o
    0x00004d6c   0x0000002c   Code   RO         6101    i._ZN4Anki5Cozmo15WheelController16AreWheelsPoweredEv  wheelcontroller.o
    0x00004d98   0x000000a8   Code   RO         6102    i._ZN4Anki5Cozmo15WheelController17ComputeWheelPowerEfff  wheelcontroller.o
    0x00004e40   0x00000018   Code   RO         6103    i._ZN4Anki5Cozmo15WheelController21GetDesiredWheelSpeedsERfS2_  wheelcontroller.o
    0x00004e58   0x00000018   Code   RO         6104    i._ZN4Anki5Cozmo15WheelController21ResetIntegralGainSumsEv  wheelcontroller.o
    0x00004e70   0x00000010   Code   RO         6105    i._ZN4Anki5Cozmo15WheelController21SetDesiredWheelSpeedsEff  wheelcontroller.o
    0x00004e80   0x00000018   Code   RO         6106    i._ZN4Anki5Cozmo15WheelController22GetFilteredWheelSpeedsERfS2_  wheelcontroller.o
    0x00004e98   0x0000003c   Code   RO         6108    i._ZN4Anki5Cozmo15WheelController27EncoderSpeedFilterIterationEv  wheelcontroller.o
    0x00004ed4   0x0000001c   Code   RO         6109    i._ZN4Anki5Cozmo15WheelController28GetAverageFilteredWheelSpeedEv  wheelcontroller.o
    0x00004ef0   0x00000248   Code   RO         6110    i._ZN4Anki5Cozmo15WheelController3RunEv  wheelcontroller.o
    0x00005138   0x0000000c   Code   RO         6111    i._ZN4Anki5Cozmo15WheelController6EnableEv  wheelcontroller.o
    0x00005144   0x00000018   Code   RO         6112    i._ZN4Anki5Cozmo15WheelController6ManageEv  wheelcontroller.o
    0x0000515c   0x0000003c   Code   RO         6113    i._ZN4Anki5Cozmo15WheelController7DisableEv  wheelcontroller.o
    0x00005198   0x00000044   Code   RO         6114    i._ZN4Anki5Cozmo15WheelController8SetGainsEfff  wheelcontroller.o
    0x000051dc   0x00000068   Code   RO         4394    i._ZN4Anki5Cozmo17DockingController11StopDockingEa  dockingcontroller.o
    0x00005244   0x00000030   Code   RO         4395    i._ZN4Anki5Cozmo17DockingController12StartDockingEffffffbjb  dockingcontroller.o
    0x00005274   0x00000108   Code   RO         4396    i._ZN4Anki5Cozmo17DockingController13IsMarkerInFOVERKNS_8Embedded6Pose2dEf  dockingcontroller.o
    0x0000537c   0x0000000c   Code   RO         4397    i._ZN4Anki5Cozmo17DockingController13SetMaxRetriesEh  dockingcontroller.o
    0x00005388   0x00000658   Code   RO         4399    i._ZN4Anki5Cozmo17DockingController14SetRelDockPoseEfffj  dockingcontroller.o
    0x000059e0   0x0000000c   Code   RO         4400    i._ZN4Anki5Cozmo17DockingController16GetDockingResultEv  dockingcontroller.o
    0x000059ec   0x00000028   Code   RO         4402    i._ZN4Anki5Cozmo17DockingController16SetDockingMethodEh  dockingcontroller.o
    0x00005a14   0x00000020   Code   RO         4403    i._ZN4Anki5Cozmo17DockingController18DidLastDockSucceedEv  dockingcontroller.o
    0x00005a34   0x00000140   Code   RO         4404    i._ZN4Anki5Cozmo17DockingController18HighDockLiftUpdateEv  dockingcontroller.o
    0x00005b74   0x00000054   Code   RO         4405    i._ZN4Anki5Cozmo17DockingController19SendGoalPoseMessageERKNS_8Embedded6Pose2dE  dockingcontroller.o
    0x00005bc8   0x00000008   Code   RO         4407    i._ZN4Anki5Cozmo17DockingController20GetLastMarkerAbsPoseEv  dockingcontroller.o
    0x00005bd0   0x00000020   Code   RO         4408    i._ZN4Anki5Cozmo17DockingController20RestoreSteeringGainsEv  dockingcontroller.o
    0x00005bf0   0x0000003c   Code   RO         4409    i._ZN4Anki5Cozmo17DockingController21StartDockingToRelPoseEffffffb  dockingcontroller.o
    0x00005c2c   0x00000034   Code   RO         4410    i._ZN4Anki5Cozmo17DockingController21StartDocking_internalEfffb  dockingcontroller.o
    0x00005c60   0x00000040   Code   RO         4411    i._ZN4Anki5Cozmo17DockingController23GetDistToLastDockMarkerEv  dockingcontroller.o
    0x00005ca0   0x00000022   Code   RO         4412    i._ZN4Anki5Cozmo17DockingController24SendDockingStatusMessageEa  dockingcontroller.o
    0x00005cc2   0x00000002   PAD
    0x00005cc4   0x00000050   Code   RO         4413    i._ZN4Anki5Cozmo17DockingController25ApplyDockingSteeringGainsEv  dockingcontroller.o
    0x00005d14   0x0000002c   Code   RO         4414    i._ZN4Anki5Cozmo17DockingController28SetDockingErrorSignalMessageERKNS0_18DockingErrorSignalE  dockingcontroller.o
    0x00005d40   0x00000080   Code   RO         4415    i._ZN4Anki5Cozmo17DockingController4InitEv  dockingcontroller.o
    0x00005dc0   0x00000010   Code   RO         4416    i._ZN4Anki5Cozmo17DockingController6IsBusyEv  dockingcontroller.o
    0x00005dd0   0x0000080c   Code   RO         4417    i._ZN4Anki5Cozmo17DockingController6UpdateEv  dockingcontroller.o
    0x000065dc   0x00000014   Code   RO         5836    i._ZN4Anki5Cozmo18SteeringController12SetSteerModeENS1_9SteerModeE  steeringcontroller.o
    0x000065f0   0x0000001c   Code   RO         5837    i._ZN4Anki5Cozmo18SteeringController13ExitPointTurnEv  steeringcontroller.o
    0x0000660c   0x000003d8   Code   RO         5838    i._ZN4Anki5Cozmo18SteeringController15ManagePointTurnEv  steeringcontroller.o
    0x000069e4   0x000000e0   Code   RO         5839    i._ZN4Anki5Cozmo18SteeringController16ExecutePointTurnEff  steeringcontroller.o
    0x00006ac4   0x000001f4   Code   RO         5840    i._ZN4Anki5Cozmo18SteeringController16ExecutePointTurnEfffffb  steeringcontroller.o
    0x00006cb8   0x000000fc   Code   RO         5841    i._ZN4Anki5Cozmo18SteeringController16ManagePathFollowEv  steeringcontroller.o
    0x00006db4   0x000000d4   Code   RO         5842    i._ZN4Anki5Cozmo18SteeringController17ManageDirectDriveEv  steeringcontroller.o
    0x00006e88   0x0000000c   Code   RO         5843    i._ZN4Anki5Cozmo18SteeringController17SetPathFollowModeEv  steeringcontroller.o
    0x00006e94   0x00000068   Code   RO         5844    i._ZN4Anki5Cozmo18SteeringController17SetPointTurnGainsEffff  steeringcontroller.o
    0x00006efc   0x0000009c   Code   RO         5845    i._ZN4Anki5Cozmo18SteeringController18ExecuteDirectDriveEffff  steeringcontroller.o
    0x00006f98   0x0000000c   Code   RO         5846    i._ZN4Anki5Cozmo18SteeringController19GetPathAngOffsetCapEv  steeringcontroller.o
    0x00006fa4   0x0000000c   Code   RO         5847    i._ZN4Anki5Cozmo18SteeringController20GetPathDistOffsetCapEv  steeringcontroller.o
    0x00006fb0   0x00000108   Code   RO         5848    i._ZN4Anki5Cozmo18SteeringController21CheckWheelSpeedLimitsERfS2_  steeringcontroller.o
    0x000070b8   0x0000008c   Code   RO         5849    i._ZN4Anki5Cozmo18SteeringController21ExecuteDriveCurvatureEff  steeringcontroller.o
    0x00007144   0x00000098   Code   RO         5853    i._ZN4Anki5Cozmo18SteeringController25ExecutePointTurn_InternalEff  steeringcontroller.o
    0x000071dc   0x000001c8   Code   RO         5854    i._ZN4Anki5Cozmo18SteeringController25RunLineFollowControllerNLEff  steeringcontroller.o
    0x000073a4   0x00000020   Code   RO         5855    i._ZN4Anki5Cozmo18SteeringController6ManageEv  steeringcontroller.o
    0x000073c4   0x0000000c   Code   RO         5857    i._ZN4Anki5Cozmo18SteeringController7GetModeEv  steeringcontroller.o
    0x000073d0   0x00000070   Code   RO         5858    i._ZN4Anki5Cozmo18SteeringController8SetGainsEffff  steeringcontroller.o
    0x00007440   0x0000000c   Code   RO         5859    i._ZN4Anki5Cozmo18SteeringController9GetK1GainEv  steeringcontroller.o
    0x0000744c   0x0000000c   Code   RO         5860    i._ZN4Anki5Cozmo18SteeringController9GetK2GainEv  steeringcontroller.o
    0x00007458   0x00000070   Code   RO         6296    i._ZN4Anki5Cozmo18TestModeController5ResetEv  testmodecontroller.o
    0x000074c8   0x00000030   Code   RO         6297    i._ZN4Anki5Cozmo18TestModeController5StartEhiii  testmodecontroller.o
    0x000074f8   0x00000020   Code   RO         6298    i._ZN4Anki5Cozmo18TestModeController6UpdateEv  testmodecontroller.o
    0x00007518   0x0000000c   Code   RO         6299    i._ZN4Anki5Cozmo18TestModeController7GetModeEv  testmodecontroller.o
    0x00007524   0x00000044   Code   RO         5547    i._ZN4Anki5Cozmo22PickAndPlaceController11DockToBlockEhffffffbh  pickandplacecontroller.o
    0x00007568   0x0000000c   Code   RO         5548    i._ZN4Anki5Cozmo22PickAndPlaceController12GetCurActionEv  pickandplacecontroller.o
    0x00007574   0x0000000a   Code   RO         5550    i._ZN4Anki5Cozmo22PickAndPlaceController13PlaceOnGroundEffffffb  pickandplacecontroller.o
    0x0000757e   0x00000002   PAD
    0x00007580   0x0000000c   Code   RO         5551    i._ZN4Anki5Cozmo22PickAndPlaceController13SetCarryStateEh  pickandplacecontroller.o
    0x0000758c   0x00000010   Code   RO         5552    i._ZN4Anki5Cozmo22PickAndPlaceController15IsCarryingBlockEv  pickandplacecontroller.o
    0x0000759c   0x000000d0   Code   RO         5553    i._ZN4Anki5Cozmo22PickAndPlaceController15StartBackingOutEv  pickandplacecontroller.o
    0x0000766c   0x00000010   Code   RO         5554    i._ZN4Anki5Cozmo22PickAndPlaceController18UpdatePoseSnapshotEv  pickandplacecontroller.o
    0x0000767c   0x00000074   Code   RO         5555    i._ZN4Anki5Cozmo22PickAndPlaceController19SetRollActionParamsEfffjf  pickandplacecontroller.o
    0x000076f0   0x0000002a   Code   RO         5557    i._ZN4Anki5Cozmo22PickAndPlaceController22SendBlockPickUpMessageEb  pickandplacecontroller.o
    0x0000771a   0x00000022   Code   RO         5558    i._ZN4Anki5Cozmo22PickAndPlaceController22SendBlockPlacedMessageEb  pickandplacecontroller.o
    0x0000773c   0x00000024   Code   RO         5559    i._ZN4Anki5Cozmo22PickAndPlaceController29SendMovingLiftPostDockMessageEv  pickandplacecontroller.o
    0x00007760   0x00000022   Code   RO         5560    i._ZN4Anki5Cozmo22PickAndPlaceController31SendChargerMountCompleteMessageEb  pickandplacecontroller.o
    0x00007782   0x0000000a   Code   RO         5561    i._ZN4Anki5Cozmo22PickAndPlaceController4InitEv  pickandplacecontroller.o
    0x0000778c   0x00000010   Code   RO         5562    i._ZN4Anki5Cozmo22PickAndPlaceController5ResetEv  pickandplacecontroller.o
    0x0000779c   0x00000010   Code   RO         5563    i._ZN4Anki5Cozmo22PickAndPlaceController6IsBusyEv  pickandplacecontroller.o
    0x000077ac   0x000008d8   Code   RO         5564    i._ZN4Anki5Cozmo22PickAndPlaceController6UpdateEv  pickandplacecontroller.o
    0x00008084   0x0000002e   Code   RO         6335    i._ZN4Anki5Cozmo23BackpackLightController10TurnOffAllEv  backpacklightcontroller.o
    0x000080b2   0x00000002   PAD
    0x000080b4   0x00000050   Code   RO         6336    i._ZN4Anki5Cozmo23BackpackLightController11EnableLayerENS1_18BackpackLightLayerEb  backpacklightcontroller.o
    0x00008104   0x00000028   Code   RO         6337    i._ZN4Anki5Cozmo23BackpackLightController4InitEv  backpacklightcontroller.o
    0x0000812c   0x00000010   Code   RO         6339    i._ZN4Anki5Cozmo23BackpackLightController6UpdateEv  backpacklightcontroller.o
    0x0000813c   0x0000006c   Code   RO         6341    i._ZN4Anki5Cozmo23BackpackLightController9SetParamsENS1_18BackpackLightLayerEhtthhhh  backpacklightcontroller.o
    0x000081a8   0x00000008   Code   RO         6342    i._ZN4Anki5Cozmo23BackpackLightController9SetParamsERKNS0_14RobotInterface20BackpackLightsMiddleE  backpacklightcontroller.o
    0x000081b0   0x00000008   Code   RO         6343    i._ZN4Anki5Cozmo23BackpackLightController9SetParamsERKNS0_14RobotInterface25BackpackLightsTurnSignalsE  backpacklightcontroller.o
    0x000081b8   0x00000018   Code   RO          246    i._ZN4Anki5Cozmo3HAL10CameraInitEv  camera.o
    0x000081d0   0x00000014   Code   RO          247    i._ZN4Anki5Cozmo3HAL11CameraStartEv  camera.o
    0x000081e4   0x000000d4   Code   RO         1260    i._ZN4Anki5Cozmo3HAL11IMUReadDataERNS1_17IMU_DataStructureE  imu.o
    0x000082b8   0x00000260   Code   RO         1397    i._ZN4Anki5Cozmo3HAL12GetPropStateEiiiiihaa  cube.o
    0x00008518   0x000002a4   Code   RO          629    i._ZN4Anki5Cozmo3HAL12JPEGCompressEii  enjpeg.o
    0x000087bc   0x00000038   Code   RO         1328    i._ZN4Anki5Cozmo3HAL13MotorGetSpeedEh  motors.o
    0x000087f4   0x00000040   Code   RO         1329    i._ZN4Anki5Cozmo3HAL13MotorSetPowerEhf  motors.o
    0x00008834   0x00000008   Code   RO          248    i._ZN4Anki5Cozmo3HAL14GetHeadCamInfoEv  camera.o
    0x0000883c   0x0000002c   Code   RO         1261    i._ZN4Anki5Cozmo3HAL14IMUReadRawDataEPsS2_Ph  imu.o
    0x00008868   0x0000000c   Code   RO            5    i._ZN4Anki5Cozmo3HAL14IsVideoEnabledEv  main.o
    0x00008874   0x00000038   Code   RO          579    i._ZN4Anki5Cozmo3HAL15GetMicroCounterEv  timer.o
    0x000088ac   0x0000002c   Code   RO         1372    i._ZN4Anki5Cozmo3HAL15IsCliffDetectedEv  lights.o
    0x000088d8   0x000000ac   Code   RO         1262    i._ZN4Anki5Cozmo3HAL16IMUGetCameraTimeEPjPh  imu.o
    0x00008984   0x00000048   Code   RO         1330    i._ZN4Anki5Cozmo3HAL16MotorGetPositionEh  motors.o
    0x000089cc   0x00000010   Code   RO         1137    i._ZN4Anki5Cozmo3HAL16RadioIsConnectedEv  wifi.o
    0x000089dc   0x000000b0   Code   RO         1138    i._ZN4Anki5Cozmo3HAL16RadioSendMessageEPKvth  wifi.o
    0x00008a8c   0x0000000c   Code   RO         1139    i._ZN4Anki5Cozmo3HAL16RadioUpdateStateEhh  wifi.o
    0x00008a98   0x00000010   Code   RO            6    i._ZN4Anki5Cozmo3HAL16SetImageSendModeEha  main.o
    0x00008aa8   0x0000000c   Code   RO          249    i._ZN4Anki5Cozmo3HAL17CameraGetScanLineEv  camera.o
    0x00008ab4   0x0000000c   Code   RO         1810    i._ZN4Anki5Cozmo3HAL18BatteryIsOnChargerEv  messages.o
    0x00008ac0   0x00000018   Code   RO         1331    i._ZN4Anki5Cozmo3HAL18MotorResetPositionEh  motors.o
    0x00008ad8   0x0000001e   Code   RO         1398    i._ZN4Anki5Cozmo3HAL19ReportUpAxisChangedEih  cube.o
    0x00008af6   0x00000002   PAD
    0x00008af8   0x0000000c   Code   RO          251    i._ZN4Anki5Cozmo3HAL20CameraGetFrameNumberEv  camera.o
    0x00008b04   0x00000004   Code   RO          252    i._ZN4Anki5Cozmo3HAL22CameraGetExposureDelayEv  camera.o
    0x00008b08   0x0000001c   Code   RO         1263    i._ZN4Anki5Cozmo3HAL24IMUSetCalibrationOffsetsEPKsS3_  imu.o
    0x00008b24   0x00000018   Code   RO          676    i._ZN4Anki5Cozmo3HAL3DAC11EnableAudioEb  dac.o
    0x00008b3c   0x0000004c   Code   RO          677    i._ZN4Anki5Cozmo3HAL3DAC4FeedEbPh  dac.o
    0x00008b88   0x00000078   Code   RO          678    i._ZN4Anki5Cozmo3HAL3DAC4InitEv  dac.o
    0x00008c00   0x0000001c   Code   RO          679    i._ZN4Anki5Cozmo3HAL3DAC4MuteEv  dac.o
    0x00008c1c   0x00000028   Code   RO          680    i._ZN4Anki5Cozmo3HAL3DAC4SyncEv  dac.o
    0x00008c44   0x00000068   Code   RO          681    i._ZN4Anki5Cozmo3HAL3DAC4ToneEf  dac.o
    0x00008cac   0x000000b8   Code   RO          442    i._ZN4Anki5Cozmo3HAL3I2C4InitEv  i2c.o
    0x00008d64   0x0000002c   Code   RO          443    i._ZN4Anki5Cozmo3HAL3I2C4ReadEhh  i2c.o
    0x00008d90   0x00000020   Code   RO          444    i._ZN4Anki5Cozmo3HAL3I2C5FlushEv  i2c.o
    0x00008db0   0x00000004   Code   RO          445    i._ZN4Anki5Cozmo3HAL3I2C5WriteEhPKhih  i2c.o
    0x00008db4   0x00000034   Code   RO          446    i._ZN4Anki5Cozmo3HAL3I2C6EnableEv  i2c.o
    0x00008de8   0x00000038   Code   RO          448    i._ZN4Anki5Cozmo3HAL3I2C7ReadRegEhh  i2c.o
    0x00008e20   0x00000030   Code   RO          449    i._ZN4Anki5Cozmo3HAL3I2C8FullStopEv  i2c.o
    0x00008e50   0x0000001e   Code   RO          450    i._ZN4Anki5Cozmo3HAL3I2C8WriteRegEhhh  i2c.o
    0x00008e6e   0x00000002   PAD
    0x00008e70   0x00000010   Code   RO          452    i._ZN4Anki5Cozmo3HAL3I2C9SetupReadEPviPFvPKvE  i2c.o
    0x00008e80   0x00000078   Code   RO         1264    i._ZN4Anki5Cozmo3HAL3IMU4InitEv  imu.o
    0x00008ef8   0x00000088   Code   RO         1265    i._ZN4Anki5Cozmo3HAL3IMU6ManageEv  imu.o
    0x00008f80   0x00000008   Code   RO         1266    i._ZN4Anki5Cozmo3HAL3IMU6ReadIDEv  imu.o
    0x00008f88   0x00000010   Code   RO          854    i._ZN4Anki5Cozmo3HAL3SPI10ManageDropEv  spi.o
    0x00008f98   0x0000004c   Code   RO          855    i._ZN4Anki5Cozmo3HAL3SPI12EnterOTAModeEv  spi.o
    0x00008fe4   0x00000058   Code   RO          856    i._ZN4Anki5Cozmo3HAL3SPI12FinalizeDropEibj  spi.o
    0x0000903c   0x00000014   Code   RO          857    i._ZN4Anki5Cozmo3HAL3SPI17EnterRecoveryModeEv  spi.o
    0x00009050   0x00000070   Code   RO          858    i._ZN4Anki5Cozmo3HAL3SPI4InitEv  spi.o
    0x000090c0   0x00000084   Code   RO          859    i._ZN4Anki5Cozmo3HAL3SPI7InitDMAEv  spi.o
    0x00009144   0x0000003c   Code   RO          860    i._ZN4Anki5Cozmo3HAL3SPI8StartDMAEv  spi.o
    0x00009180   0x00000048   Code   RO          792    i._ZN4Anki5Cozmo3HAL4OLED4InitEv  oled.o
    0x000091c8   0x000000a0   Code   RO          793    i._ZN4Anki5Cozmo3HAL4OLED8FeedFaceEbPKh  oled.o
    0x00009268   0x00000040   Code   RO          794    i._ZN4Anki5Cozmo3HAL4OLED9ClearFaceEv  oled.o
    0x000092a8   0x00000018   Code   RO          973    i._ZN4Anki5Cozmo3HAL4UART11WaitForSyncEv  uart.o
    0x000092c0   0x0000000c   Code   RO          974    i._ZN4Anki5Cozmo3HAL4UART12SendCrashLogEPKvi  uart.o
    0x000092cc   0x0000007c   Code   RO          975    i._ZN4Anki5Cozmo3HAL4UART4InitEv  uart.o
    0x00009348   0x0000000c   Code   RO          976    i._ZN4Anki5Cozmo3HAL4UART5pauseEv  uart.o
    0x00009354   0x00000124   Code   RO          977    i._ZN4Anki5Cozmo3HAL4UART8TransmitEv  uart.o
    0x00009478   0x00000048   Code   RO         1100    i._ZN4Anki5Cozmo3HAL4UART9DebugInitEv  debug.o
    0x000094c0   0x0000000c   Code   RO          978    i._ZN4Anki5Cozmo3HAL4UART9FoundSyncEv  uart.o
    0x000094cc   0x00000088   Code   RO         1140    i._ZN4Anki5Cozmo3HAL4WiFi14ReceiveMessageEPhh  wifi.o
    0x00009554   0x000000d8   Code   RO         1141    i._ZN4Anki5Cozmo3HAL4WiFi6UpdateEv  wifi.o
    0x0000962c   0x00000030   Code   RO         1142    i._ZN4Anki5Cozmo3HAL4WiFi9GetTxDataEPhh  wifi.o
    0x0000965c   0x00000020   Code   RO         1628    i._ZN4Anki5Cozmo3HAL5Power14enterSleepModeEv  power.o
    0x0000967c   0x000000c8   Code   RO         1629    i._ZN4Anki5Cozmo3HAL5Power15enableEspressifEv  power.o
    0x00009744   0x000000a0   Code   RO         1466    i._ZN4Anki5Cozmo3HAL5Spine6ManageEv  spine.o
    0x000097e4   0x0000006c   Code   RO         1467    i._ZN4Anki5Cozmo3HAL5Spine7DequeueEPh  spine.o
    0x00009850   0x0000006c   Code   RO         1468    i._ZN4Anki5Cozmo3HAL5Spine7EnqueueEPKvhh  spine.o
    0x000098bc   0x00000084   Code   RO          253    i._ZN4Anki5Cozmo3HAL6InitIOEv  camera.o
    0x00009940   0x00000002   Code   RO         1373    i._ZN4Anki5Cozmo3HAL6SetLEDEht  lights.o
    0x00009942   0x00000020   Code   RO            8    i._ZN4Anki5Cozmo3HAL7HALExecEv  main.o
    0x00009962   0x0000000e   Code   RO            9    i._ZN4Anki5Cozmo3HAL7HALInitEv  main.o
    0x00009970   0x0000006c   Code   RO          254    i._ZN4Anki5Cozmo3HAL7InitCamEv  camera.o
    0x000099dc   0x00000090   Code   RO          255    i._ZN4Anki5Cozmo3HAL7InitDMAEv  camera.o
    0x00009a6c   0x000008d8   Code   RO          630    i._ZN4Anki5Cozmo3HAL7unrowB2Ev  enjpeg.o
    0x0000a344   0x00000038   Code   RO         1510    i._ZN4Anki5Cozmo3HAL8Watchdog3petEv  watchdog.o
    0x0000a37c   0x0000004c   Code   RO         1511    i._ZN4Anki5Cozmo3HAL8Watchdog4initEv  watchdog.o
    0x0000a3c8   0x00000014   Code   RO         1512    i._ZN4Anki5Cozmo3HAL8Watchdog4kickEh  watchdog.o
    0x0000a3dc   0x00000044   Code   RO         1513    i._ZN4Anki5Cozmo3HAL8Watchdog7suspendEv  watchdog.o
    0x0000a420   0x00000018   Code   RO          581    i._ZN4Anki5Cozmo3HAL9MicroWaitEj  timer.o
    0x0000a438   0x0000012c   Code   RO          631    i._ZN4Anki5Cozmo3HAL9simcolB2xEPh  enjpeg.o
    0x0000a564   0x0000012c   Code   RO          632    i._ZN4Anki5Cozmo3HAL9simcolB2yEPh  enjpeg.o
    0x0000a690   0x0000000c   Code   RO         3370    i._ZN4Anki5Cozmo5Robot16GetOperationModeEv  cozmobot.o
    0x0000a69c   0x000001d4   Code   RO         3373    i._ZN4Anki5Cozmo5Robot18step_MainExecutionEv  cozmobot.o
    0x0000a870   0x0000002a   Code   RO         3374    i._ZN4Anki5Cozmo5Robot22MotorCalibrationUpdateEv  cozmobot.o
    0x0000a89a   0x00000002   PAD
    0x0000a89c   0x0000007c   Code   RO         3375    i._ZN4Anki5Cozmo5Robot4InitEv  cozmobot.o
    0x0000a918   0x0000003c   Code   RO         1811    i._ZN4Anki5Cozmo8Messages12Process_stopERKNS0_14RobotInterface13StopAllMotorsE  messages.o
    0x0000a954   0x00000054   Code   RO         1813    i._ZN4Anki5Cozmo8Messages13Process_driveERKNS0_14RobotInterface11DriveWheelsE  messages.o
    0x0000a9a8   0x00000264   Code   RO         1814    i._ZN4Anki5Cozmo8Messages14ProcessMessageERNS0_14RobotInterface13EngineToRobotE  messages.o
    0x0000ac0c   0x00000008   Code   RO         1816    i._ZN4Anki5Cozmo8Messages16Process_moveHeadERKNS0_14RobotInterface8MoveHeadE  messages.o
    0x0000ac14   0x00000008   Code   RO         1817    i._ZN4Anki5Cozmo8Messages16Process_moveLiftERKNS0_14RobotInterface8MoveLiftE  messages.o
    0x0000ac1c   0x00000050   Code   RO         1818    i._ZN4Anki5Cozmo8Messages16Process_syncTimeERKNS0_14RobotInterface8SyncTimeE  messages.o
    0x0000ac6c   0x00000008   Code   RO         1819    i._ZN4Anki5Cozmo8Messages16Process_trimPathERKNS0_14RobotInterface8TrimPathE  messages.o
    0x0000ac74   0x00000010   Code   RO         1821    i._ZN4Anki5Cozmo8Messages17Process_clearPathERKNS0_14RobotInterface9ClearPathE  messages.o
    0x0000ac84   0x0000002c   Code   RO         1822    i._ZN4Anki5Cozmo8Messages17Process_headAngleERKNS0_14RobotInterface12SetHeadAngleE  messages.o
    0x0000acb0   0x00000030   Code   RO         1823    i._ZN4Anki5Cozmo8Messages17Process_wifiStateERKNS0_9WiFiStateE  messages.o
    0x0000ace0   0x000000e0   Code   RO         1824    i._ZN4Anki5Cozmo8Messages17SendRobotStateMsgEPKNS0_10RobotStateE  messages.o
    0x0000adc0   0x0000002c   Code   RO         1827    i._ZN4Anki5Cozmo8Messages18Process_liftHeightERKNS0_14RobotInterface13SetLiftHeightE  messages.o
    0x0000adec   0x00000040   Code   RO         1828    i._ZN4Anki5Cozmo8Messages18Process_powerStateERKNS0_10PowerStateE  messages.o
    0x0000ae2c   0x00000002   Code   RO         1829    i._ZN4Anki5Cozmo8Messages19ProcessBTLEMessagesEv  messages.o
    0x0000ae2e   0x00000022   Code   RO         1830    i._ZN4Anki5Cozmo8Messages19Process_executePathERKNS0_14RobotInterface11ExecutePathE  messages.o
    0x0000ae50   0x00000190   Code   RO         1831    i._ZN4Anki5Cozmo8Messages19UpdateRobotStateMsgEv  messages.o
    0x0000afe0   0x00000028   Code   RO         1833    i._ZN4Anki5Cozmo8Messages20Process_getPropStateERKNS0_9PropStateE  messages.o
    0x0000b008   0x0000001c   Code   RO         1834    i._ZN4Anki5Cozmo8Messages20Process_imageRequestERKNS0_14RobotInterface12ImageRequestE  messages.o
    0x0000b024   0x00000012   Code   RO         1835    i._ZN4Anki5Cozmo8Messages20Process_setBodyAngleERKNS0_14RobotInterface12SetBodyAngleE  messages.o
    0x0000b036   0x00000002   PAD
    0x0000b038   0x00000040   Code   RO         1837    i._ZN4Anki5Cozmo8Messages21Process_animHeadAngleERKNS0_12AnimKeyFrame9HeadAngleE  messages.o
    0x0000b078   0x0000001c   Code   RO         1840    i._ZN4Anki5Cozmo8Messages22Process_animBodyMotionERKNS0_12AnimKeyFrame10BodyMotionE  messages.o
    0x0000b094   0x00000030   Code   RO         1841    i._ZN4Anki5Cozmo8Messages22Process_animLiftHeightERKNS0_12AnimKeyFrame10LiftHeightE  messages.o
    0x0000b0c4   0x0000006c   Code   RO         1842    i._ZN4Anki5Cozmo8Messages22Process_dockWithObjectERKNS0_14DockWithObjectE  messages.o
    0x0000b130   0x0000001c   Code   RO         1843    i._ZN4Anki5Cozmo8Messages22Process_driveCurvatureERKNS0_14RobotInterface20DriveWheelsCurvatureE  messages.o
    0x0000b14c   0x00000022   Code   RO         1847    i._ZN4Anki5Cozmo8Messages23Process_animEventToRTIPERKNS0_14RobotInterface15AnimEventToRTIPE  messages.o
    0x0000b16e   0x0000000e   Code   RO         1848    i._ZN4Anki5Cozmo8Messages23Process_enableLiftPowerERKNS0_14RobotInterface15EnableLiftPowerE  messages.o
    0x0000b17c   0x00000008   Code   RO         1849    i._ZN4Anki5Cozmo8Messages23Process_headAngleUpdateERKNS0_14RobotInterface15HeadAngleUpdateE  messages.o
    0x0000b184   0x0000001a   Code   RO         1851    i._ZN4Anki5Cozmo8Messages23SendMotorCalibrationMsgEhb  messages.o
    0x0000b19e   0x0000000a   Code   RO         1853    i._ZN4Anki5Cozmo8Messages24Process_appendPathSegArcERKNS0_14RobotInterface20AppendPathSegmentArcE  messages.o
    0x0000b1a8   0x00000010   Code   RO         1855    i._ZN4Anki5Cozmo8Messages24Process_rollActionParamsERKNS0_14RobotInterface16RollActionParamsE  messages.o
    0x0000b1b8   0x0000000a   Code   RO         1857    i._ZN4Anki5Cozmo8Messages25Process_appendPathSegLineERKNS0_14RobotInterface21AppendPathSegmentLineE  messages.o
    0x0000b1c2   0x0000001e   Code   RO         1859    i._ZN4Anki5Cozmo8Messages25Process_enableStopOnCliffERKNS0_14RobotInterface17EnableStopOnCliffE  messages.o
    0x0000b1e0   0x00000008   Code   RO         1861    i._ZN4Anki5Cozmo8Messages25Process_setIMUCalibrationERKNS0_14RobotInterface18IMUCalibrationDataE  messages.o
    0x0000b1e8   0x00000036   Code   RO         1862    i._ZN4Anki5Cozmo8Messages26Process_animBackpackLightsERKNS0_12AnimKeyFrame14BackpackLightsE  messages.o
    0x0000b21e   0x00000064   Code   RO         1865    i._ZN4Anki5Cozmo8Messages26Process_setControllerGainsERKNS0_14RobotInterface15ControllerGainsE  messages.o
    0x0000b282   0x00000008   Code   RO         1866    i._ZN4Anki5Cozmo8Messages26Process_turnInPlaceAtSpeedERKNS0_14RobotInterface18TurnInPlaceAtSpeedE  messages.o
    0x0000b28a   0x00000014   Code   RO         1868    i._ZN4Anki5Cozmo8Messages27Process_placeObjectOnGroundERKNS0_19PlaceObjectOnGroundE  messages.o
    0x0000b29e   0x00000008   Code   RO         1870    i._ZN4Anki5Cozmo8Messages28Process_setMotionModelParamsERKNS0_14RobotInterface20SetMotionModelParamsE  messages.o
    0x0000b2a6   0x00000042   Code   RO         1871    i._ZN4Anki5Cozmo8Messages29Process_absLocalizationUpdateERKNS0_14RobotInterface26AbsoluteLocalizationUpdateE  messages.o
    0x0000b2e8   0x0000001c   Code   RO         1874    i._ZN4Anki5Cozmo8Messages29Process_startMotorCalibrationERKNS0_14RobotInterface21StartMotorCalibrationE  messages.o
    0x0000b304   0x00000016   Code   RO         1875    i._ZN4Anki5Cozmo8Messages30Process_appendPathSegPointTurnERKNS0_14RobotInterface26AppendPathSegmentPointTurnE  messages.o
    0x0000b31a   0x00000002   PAD
    0x0000b31c   0x000000f0   Code   RO         1877    i._ZN4Anki5Cozmo8Messages30Process_enableReadToolCodeModeERKNS0_14RobotInterface22EnableReadToolCodeModeE  messages.o
    0x0000b40c   0x0000005a   Code   RO         1879    i._ZN4Anki5Cozmo8Messages31Process_setBackpackLightsMiddleERKNS0_14RobotInterface20BackpackLightsMiddleE  messages.o
    0x0000b466   0x0000000a   Code   RO         1880    i._ZN4Anki5Cozmo8Messages31Process_startControllerTestModeERKNS0_23StartControllerTestModeE  messages.o
    0x0000b470   0x00000042   Code   RO         1881    i._ZN4Anki5Cozmo8Messages36Process_setBackpackLightsTurnSignalsERKNS0_14RobotInterface25BackpackLightsTurnSignalsE  messages.o
    0x0000b4b2   0x00000002   PAD
    0x0000b4b4   0x0000000c   Code   RO         1885    i._ZN4Anki5Cozmo8Messages9ResetInitEv  messages.o
    0x0000b4c0   0x000000d8   Code   RO         4116    i._ZN4Anki5Cozmo9IMUFilter10DetectPokeEv  imufilter.o
    0x0000b598   0x0000000c   Code   RO         4117    i._ZN4Anki5Cozmo9IMUFilter10IsPickedUpEv  imufilter.o
    0x0000b5a4   0x0000000c   Code   RO         4118    i._ZN4Anki5Cozmo9IMUFilter11GetRotationEv  imufilter.o
    0x0000b5b0   0x00000078   Code   RO         4119    i._ZN4Anki5Cozmo9IMUFilter11UpdatePitchEv  imufilter.o
    0x0000b628   0x0000007c   Code   RO         4120    i._ZN4Anki5Cozmo9IMUFilter12DetectMotionEv  imufilter.o
    0x0000b6a4   0x000001c8   Code   RO         4121    i._ZN4Anki5Cozmo9IMUFilter12DetectPickupEv  imufilter.o
    0x0000b86c   0x0000003c   Code   RO         4122    i._ZN4Anki5Cozmo9IMUFilter13DetectFallingEv  imufilter.o
    0x0000b8a8   0x00000038   Code   RO         4123    i._ZN4Anki5Cozmo9IMUFilter13RecordAndSendEj  imufilter.o
    0x0000b8e0   0x0000001c   Code   RO         4125    i._ZN4Anki5Cozmo9IMUFilter14MotionDetectedEv  imufilter.o
    0x0000b8fc   0x00000060   Code   RO         4126    i._ZN4Anki5Cozmo9IMUFilter15DetectNsideDownEv  imufilter.o
    0x0000b95c   0x00000028   Code   RO         4127    i._ZN4Anki5Cozmo9IMUFilter15SetPickupDetectEb  imufilter.o
    0x0000b984   0x0000000c   Code   RO         4128    i._ZN4Anki5Cozmo9IMUFilter16GetLatestRawDataEv  imufilter.o
    0x0000b990   0x0000000c   Code   RO         4129    i._ZN4Anki5Cozmo9IMUFilter16GetRotationSpeedEv  imufilter.o
    0x0000b99c   0x00000014   Code   RO         4130    i._ZN4Anki5Cozmo9IMUFilter18EnablePickupDetectEb  imufilter.o
    0x0000b9b0   0x0000004c   Code   RO         4131    i._ZN4Anki5Cozmo9IMUFilter18UpdateCameraMotionEv  imufilter.o
    0x0000b9fc   0x000000a0   Code   RO         4134    i._ZN4Anki5Cozmo9IMUFilter20UpdateEventDetectionEv  imufilter.o
    0x0000ba9c   0x00000028   Code   RO         4135    i._ZN4Anki5Cozmo9IMUFilter21EnablePickupParalysisEb  imufilter.o
    0x0000bac4   0x0000004c   Code   RO         4136    i._ZN4Anki5Cozmo9IMUFilter21HandlePickupParalysisEv  imufilter.o
    0x0000bb10   0x000002e0   Code   RO         4137    i._ZN4Anki5Cozmo9IMUFilter21MadgwickAHRSupdateIMUEffffff  imufilter.o
    0x0000bdf0   0x00000070   Code   RO         4139    i._ZN4Anki5Cozmo9IMUFilter27CheckUnintendedAccelerationEv  imufilter.o
    0x0000be60   0x00000018   Code   RO         4140    i._ZN4Anki5Cozmo9IMUFilter5ResetEv  imufilter.o
    0x0000be78   0x00000284   Code   RO         4141    i._ZN4Anki5Cozmo9IMUFilter6UpdateEv  imufilter.o
    0x0000c0fc   0x0000002c   Code   RO         4142    i._ZN4Anki5Cozmo9IMUFilter7invSqrtEf  imufilter.o
    0x0000c128   0x0000000c   Code   RO         4143    i._ZN4Anki5Cozmo9IMUFilter8GetPitchEv  imufilter.o
    0x0000c134   0x00000038   Code   RO         3729    i._ZN4Anki7Radians15angularDistanceERKS0_b  radians.o
    0x0000c16c   0x000000a8   Code   RO         3731    i._ZN4Anki7Radians7rescaleEv  radians.o
    0x0000c214   0x0000000e   Code   RO         3732    i._ZN4Anki7RadiansC1ERKS0_  radians.o
    0x0000c222   0x00000012   Code   RO         3733    i._ZN4Anki7RadiansC1Ef  radians.o
    0x0000c234   0x00000014   Code   RO         3734    i._ZN4Anki7RadiansC1Ev  radians.o
    0x0000c248   0x0000000e   Code   RO         3735    i._ZN4Anki7RadiansaSERKS0_  radians.o
    0x0000c256   0x00000008   Code   RO         3736    i._ZN4Anki7RadiansaSEf  radians.o
    0x0000c25e   0x0000001c   Code   RO         3740    i._ZN4Anki7RadiansmLEf  radians.o
    0x0000c27a   0x0000001c   Code   RO         3742    i._ZN4Anki7RadianspLEf  radians.o
    0x0000c296   0x00000008   Code   RO         4924    i._ZN4Anki8Embedded10Rotation2d6InvertEv  localization_geometry.o
    0x0000c29e   0x00000004   Code   RO         4925    i._ZN4Anki8Embedded10Rotation2dC1ENS_7RadiansE  localization_geometry.o
    0x0000c2a2   0x00000012   Code   RO         5059    i._ZN4Anki8Embedded6Pose2dC1ENS0_7Point2fENS0_10Rotation2dE  localization_geometry.o
    0x0000c2b4   0x00000020   Code   RO         4831    i._ZN4Anki8Embedded6Pose2dC1EffNS_7RadiansE  localization.o
    0x0000c2d4   0x0000003c   Code   RO         4549    i._ZN4Anki8Embedded6Pose2dC1Ev  dockingcontroller.o
    0x0000c310   0x0000001a   Code   RO         4561    i._ZN4Anki8Embedded6Pose2daSERKS1_  dockingcontroller.o
    0x0000c32a   0x00000072   Code   RO         4927    i._ZN4Anki8Embedded6Pose2dmlERKS1_  localization_geometry.o
    0x0000c39c   0x00000012   Code   RO         4928    i._ZN4Anki8Embedded7Point2fC1ERKS1_  localization_geometry.o
    0x0000c3ae   0x00000006   Code   RO         4929    i._ZN4Anki8Embedded7Point2fC1Eff  localization_geometry.o
    0x0000c3b4   0x00000014   Code   RO         4930    i._ZN4Anki8Embedded7Point2fC1Ev  localization_geometry.o
    0x0000c3c8   0x00000012   Code   RO         4931    i._ZN4Anki8Embedded7Point2faSERKS1_  localization_geometry.o
    0x0000c3da   0x00000022   Code   RO         4935    i._ZN4Anki8Embedded7Point2fpLERKS1_  localization_geometry.o
    0x0000c3fc   0x00000084   Code   RO         5080    i._ZN4Anki8Planning11PathSegment10DefineLineEfffffff  path.o
    0x0000c480   0x00000020   Code   RO         5082    i._ZN4Anki8Planning11PathSegment15DefinePointTurnEfffffffb  path.o
    0x0000c4a0   0x00000008   Code   RO         5083    i._ZN4Anki8Planning11PathSegment15SetSpeedProfileEfff  path.o
    0x0000c4a8   0x0000008c   Code   RO         5084    i._ZN4Anki8Planning11PathSegment9DefineArcEffffffff  path.o
    0x0000c534   0x00000006   Code   RO         5274    i._ZN4Anki8Planning11PathSegmentC1Ev  path.o
    0x0000c53a   0x00000066   Code   RO         5087    i._ZN4Anki8Planning4Path10AppendLineEjfffffff  path.o
    0x0000c5a0   0x00000068   Code   RO         5089    i._ZN4Anki8Planning4Path15AppendPointTurnEjfffffffb  path.o
    0x0000c608   0x00000038   Code   RO         5090    i._ZN4Anki8Planning4Path5ClearEv  path.o
    0x0000c640   0x000000d0   Code   RO         5091    i._ZN4Anki8Planning4Path6AddArcEffffffff  path.o
    0x0000c710   0x00000044   Code   RO         5092    i._ZN4Anki8Planning4Path7PopBackEh  path.o
    0x0000c754   0x0000005a   Code   RO         5093    i._ZN4Anki8Planning4Path8PopFrontEh  path.o
    0x0000c7ae   0x00000002   PAD
    0x0000c7b0   0x000002d4   Code   RO         5094    i._ZN4Anki8Planning4Path9AppendArcEjffffffff  path.o
    0x0000ca84   0x0000002c   Code   RO         5096    i._ZN4Anki8Planning4PathC1Ev  path.o
    0x0000cab0   0x0000000c   Code   RO         5487    i._ZN4Anki8Planning4PathixEh  pathfollower.o
    0x0000cabc   0x00000040   Code   RO         3744    i._ZN4AnkieqERKNS_7RadiansES2_  radians.o
    0x0000cafc   0x0000001c   Code   RO         3745    i._ZN4AnkigeERKNS_7RadiansES2_  radians.o
    0x0000cb18   0x00000026   Code   RO         3746    i._ZN4AnkigtERKNS_7RadiansES2_  radians.o
    0x0000cb3e   0x0000000a   Code   RO         3748    i._ZN4AnkiltERKNS_7RadiansES2_  radians.o
    0x0000cb48   0x00000020   Code   RO         3749    i._ZN4AnkimiERKNS_7RadiansES2_  radians.o
    0x0000cb68   0x00000018   Code   RO         3750    i._ZN4AnkimiERKNS_7RadiansEf  radians.o
    0x0000cb80   0x00000018   Code   RO         3751    i._ZN4AnkimiEfRKNS_7RadiansE  radians.o
    0x0000cb98   0x00000020   Code   RO         3752    i._ZN4AnkimlERKNS_7RadiansEf  radians.o
    0x0000cbb8   0x00000004   Code   RO         3753    i._ZN4AnkimlEfRKNS_7RadiansE  radians.o
    0x0000cbbc   0x0000000c   Code   RO         3754    i._ZN4AnkineERKNS_7RadiansES2_  radians.o
    0x0000cbc8   0x00000020   Code   RO         3755    i._ZN4AnkiplERKNS_7RadiansES2_  radians.o
    0x0000cbe8   0x00000018   Code   RO         3756    i._ZN4AnkiplERKNS_7RadiansEf  radians.o
    0x0000cc00   0x00000006   Code   RO         2445    i._ZNK4Anki5Cozmo12AnimKeyFrame9FaceImage4SizeEv  clad.o
    0x0000cc06   0x0000000a   Code   RO         2449    i._ZNK4Anki5Cozmo14RobotInterface10PrintTrace4SizeEv  clad.o
    0x0000cc10   0x0000037a   Code   RO         2452    i._ZNK4Anki5Cozmo14RobotInterface13EngineToRobot4SizeEv  clad.o
    0x0000cf8a   0x00000004   Code   RO         2460    i._ZNK4Anki5Cozmo14RobotInterface18NVReadResultToBody4SizeEv  clad.o
    0x0000cf8e   0x00000006   Code   RO         2469    i._ZNK4Anki5Cozmo16WriteBodyStorage4SizeEv  clad.o
    0x0000cf94   0x00000006   Code   RO         2471    i._ZNK4Anki5Cozmo19BodyStorageContents4SizeEv  clad.o
    0x0000cf9a   0x0000000a   Code   RO         2475    i._ZNK4Anki5Cozmo9CubeSlots4SizeEv  clad.o
    0x0000cfa4   0x00000006   Code   RO         2477    i._ZNK4Anki5Cozmo9NVStorage13NVStorageBlob4SizeEv  clad.o
    0x0000cfaa   0x0000000c   Code   RO         2479    i._ZNK4Anki5Cozmo9NVStorage14NVStorageWrite4SizeEv  clad.o
    0x0000cfb6   0x00000006   Code   RO         2481    i._ZNK4Anki5Cozmo9NVStorage9NVWipeAll4SizeEv  clad.o
    0x0000cfbc   0x00000014   Code   RO         3758    i._ZNK4Anki7Radians10getDegreesEv  radians.o
    0x0000cfd0   0x0000000e   Code   RO         4936    i._ZNK4Anki8Embedded10Rotation2d10GetInverseEv  localization_geometry.o
    0x0000cfde   0x00000004   Code   RO         4937    i._ZNK4Anki8Embedded10Rotation2d8GetAngleEv  localization_geometry.o
    0x0000cfe2   0x00000058   Code   RO         4938    i._ZNK4Anki8Embedded10Rotation2dmlERKNS0_7Point2fE  localization_geometry.o
    0x0000d03a   0x00000014   Code   RO         4939    i._ZNK4Anki8Embedded10Rotation2dmlERKS1_  localization_geometry.o
    0x0000d04e   0x00000042   Code   RO         4940    i._ZNK4Anki8Embedded6Pose2d16GetWithRespectToERKS1_  localization_geometry.o
    0x0000d090   0x00000006   Code   RO         4555    i._ZNK4Anki8Embedded6Pose2d8GetAngleEv  dockingcontroller.o
    0x0000d096   0x00000024   Code   RO         4941    i._ZNK4Anki8Embedded7Point2f4DistERKS1_  localization_geometry.o
    0x0000d0ba   0x0000001c   Code   RO         4944    i._ZNK4Anki8Embedded7Point2fmiERKS1_  localization_geometry.o
    0x0000d0d6   0x000000c8   Code   RO         5098    i._ZNK4Anki8Planning11PathSegment10GetEndPoseERfS2_S2_  path.o
    0x0000d19e   0x00000090   Code   RO         5099    i._ZNK4Anki8Planning11PathSegment13GetStartPointERfS2_  path.o
    0x0000d22e   0x00000054   Code   RO         5100    i._ZNK4Anki8Planning11PathSegment16GetDistToSegmentEfffRfS2_Pf  path.o
    0x0000d282   0x00000002   PAD
    0x0000d284   0x000003c8   Code   RO         5101    i._ZNK4Anki8Planning11PathSegment19GetDistToArcSegmentEfffRfS2_Pf  path.o
    0x0000d64c   0x00000348   Code   RO         5102    i._ZNK4Anki8Planning11PathSegment20GetDistToLineSegmentEfffRfS2_Pf  path.o
    0x0000d994   0x00000076   Code   RO         5103    i._ZNK4Anki8Planning11PathSegment25GetDistToPointTurnSegmentEfffRfS2_  path.o
    0x0000da0a   0x00000136   Code   RO         5104    i._ZNK4Anki8Planning11PathSegment5PrintEv  path.o
    0x0000db40   0x0000005e   Code   RO         5106    i._ZNK4Anki8Planning4Path12PrintSegmentEh  path.o
    0x0000db9e   0x00000092   Code   RO         5107    i._ZNK4Anki8Planning4Path15CheckContinuityEfa  path.o
    0x0000dc30   0x000000ea   Code   RO         5108    i._ZNK4Anki8Planning4Path22CheckSegmentContinuityEfa  path.o
    0x0000dd1a   0x0000004c   Code   RO         5109    i._ZNK4Anki8Planning4Path9PrintPathEv  path.o
    0x0000dd66   0x00000006   Code   RO         3704    i._ZSt4fabsf        velocityprofilegenerator.o
    0x0000dd6c   0x00000026   Code   RO         6573    i.__ARM_fpclassifyf  m_wm.l(fpclassifyf.o)
    0x0000dd92   0x00000004   Code   RO         5268    i.__ARM_signbitf    path.o
    0x0000dd96   0x00000028   Code   RO           10    i.__aeabi_vec_ctor_nocookie_nodtor  main.o
    0x0000ddbe   0x00000002   PAD
    0x0000ddc0   0x0000012c   Code   RO         6421    i.__hardfp_asinf    m_wm.l(asinf.o)
    0x0000deec   0x00000250   Code   RO         6433    i.__hardfp_atan2f   m_wm.l(atan2f.o)
    0x0000e13c   0x00000160   Code   RO         6445    i.__hardfp_atanf    m_wm.l(atanf.o)
    0x0000e29c   0x0000006c   Code   RO         6457    i.__hardfp_ceilf    m_wm.l(ceilf.o)
    0x0000e308   0x00000150   Code   RO         6463    i.__hardfp_cosf     m_wm.l(cosf.o)
    0x0000e458   0x00000190   Code   RO         6475    i.__hardfp_sinf     m_wm.l(sinf.o)
    0x0000e5e8   0x0000003a   Code   RO         6487    i.__hardfp_sqrtf    m_wm.l(sqrtf.o)
    0x0000e622   0x00000002   PAD
    0x0000e624   0x0000017c   Code   RO         6499    i.__hardfp_tanf     m_wm.l(tanf.o)
    0x0000e7a0   0x00000006   Code   RO         6576    i.__mathlib_flt_infnan  m_wm.l(funder.o)
    0x0000e7a6   0x00000006   Code   RO         6577    i.__mathlib_flt_infnan2  m_wm.l(funder.o)
    0x0000e7ac   0x00000010   Code   RO         6578    i.__mathlib_flt_invalid  m_wm.l(funder.o)
    0x0000e7bc   0x00000010   Code   RO         6581    i.__mathlib_flt_underflow  m_wm.l(funder.o)
    0x0000e7cc   0x00000154   Code   RO         6589    i.__mathlib_rredf2  m_wm.l(rredf.o)
    0x0000e920   0x0000000e   Code   RO         6641    i.__scatterload_copy  mc_w.l(handlers.o)
    0x0000e92e   0x00000002   Code   RO         6642    i.__scatterload_null  mc_w.l(handlers.o)
    0x0000e930   0x0000000e   Code   RO         6643    i.__scatterload_zeroinit  mc_w.l(handlers.o)
    0x0000e93e   0x00000002   PAD
    0x0000e940   0x0000000c   Code   RO         6621    i.__set_errno       mc_w.l(errno.o)
    0x0000e94c   0x00000020   Code   RO         4357    i.__sti___13_trig_fast_cpp_21420f07  trig_fast.o
    0x0000e96c   0x00000050   Code   RO         4661    i.__sti___16_localization_cpp_1cac3972  localization.o
    0x0000e9bc   0x0000000c   Code   RO         5342    i.__sti___16_pathFollower_cpp_b5ce3046  pathfollower.o
    0x0000e9c8   0x0000006c   Code   RO         3974    i.__sti___18_headController_cpp_d23a1f8e  headcontroller.o
    0x0000ea34   0x0000003c   Code   RO         3476    i.__sti___18_liftController_cpp_265a82b9  liftcontroller.o
    0x0000ea70   0x00000030   Code   RO         4418    i.__sti___21_dockingController_cpp_21f5a333  dockingcontroller.o
    0x0000eaa0   0x00000034   Code   RO         5861    i.__sti___22_steeringController_cpp_8d9ca2e6  steeringcontroller.o
    0x0000ead4   0x00000018   Code   RO         5566    i.__sti___26_pickAndPlaceController_cpp_cf406342  pickandplacecontroller.o
    0x0000eaec   0x0000007c   Code   RO           11    i.main              main.o
    0x0000eb68   0x0000003e   Code   RO         6489    i.sqrtf             m_wm.l(sqrtf.o)
    0x0000eba6   0x0000020a   Data   RO          269    .constdata          camera.o
    0x0000edb0   0x00000220   Data   RO          637    .constdata          enjpeg.o
    0x0000efd0   0x00000209   Data   RO          799    .constdata          oled.o
    0x0000f1d9   0x00000004   Data   RO          986    .constdata          uart.o
    0x0000f1dd   0x00000001   Data   RO         1276    .constdata          imu.o
    0x0000f1de   0x00000006   Data   RO         1402    .constdata          cube.o
    0x0000f1e4   0x00000030   Data   RO         4173    .constdata          imufilter.o
    0x0000f214   0x000000ca   Data   RO         4363    .constdata          trig_fast.o
    0x0000f2de   0x00000002   PAD
    0x0000f2e0   0x00000020   Data   RO         6590    .constdata          m_wm.l(rredf.o)
    0x0000f300   0x00000040   Data   RO         6639    Region$$Table       anon$$obj.o
    0x0000f340   0x00000004   Data   RO         3510    .init_array         liftcontroller.o
    0x0000f344   0x00000004   Data   RO         4004    .init_array         headcontroller.o
    0x0000f348   0x00000004   Data   RO         4365    .init_array         trig_fast.o
    0x0000f34c   0x00000004   Data   RO         4447    .init_array         dockingcontroller.o
    0x0000f350   0x00000004   Data   RO         4697    .init_array         localization.o
    0x0000f354   0x00000004   Data   RO         5373    .init_array         pathfollower.o
    0x0000f358   0x00000004   Data   RO         5588    .init_array         pickandplacecontroller.o
    0x0000f35c   0x00000004   Data   RO         5890    .init_array         steeringcontroller.o
    0x0000f360   0x00000000   Data   RO         6553    .init_array         mc_w.l(cpp_init.o)


    Execution Region RW_DATA (Base: 0x1fffe600, Size: 0x00001694, Max: 0x00001700, ABSOLUTE, COMPRESSED[0x0000012c])

    Base Addr    Size         Type   Attr      Idx    E Section Name        Object

    0x1fffe600   0x00000088   Code   RO          437    CODERAM             i2c.o
    0x1fffe688   0x0000000a   Ven    RO         6650    Veneer$$Code        anon$$obj.o
    0x1fffe692   0x00000002   PAD
    0x1fffe694   0x00000008   Data   RW           23    .data               main.o
    0x1fffe69c   0x00000044   Data   RW          270    .data               camera.o
    0x1fffe6e0   0x00000024   Data   RW          470    .data               i2c.o
    0x1fffe704   0x00000004   Data   RW          587    .data               timer.o
    0x1fffe708   0x00000008   Data   RW          638    .data               enjpeg.o
    0x1fffe710   0x00000008   Data   RW          688    .data               dac.o
    0x1fffe718   0x00000008   Data   RW          800    .data               oled.o
    0x1fffe720   0x00000018   Data   RW          874    .data               spi.o
    0x1fffe738   0x00000010   Data   RW          987    .data               uart.o
    0x1fffe748   0x00000006   Data   RW         1150    .data               wifi.o
    0x1fffe74e   0x00000002   PAD
    0x1fffe750   0x00000010   Data   RW         1277    .data               imu.o
    0x1fffe760   0x0000000a   Data   RW         1377    .data               lights.o
    0x1fffe76a   0x00000031   Data   RW         1403    .data               cube.o
    0x1fffe79b   0x00000001   PAD
    0x1fffe79c   0x00000008   Data   RW         1473    .data               spine.o
    0x1fffe7a4   0x00000008   Data   RW         1519    .data               watchdog.o
    0x1fffe7ac   0x00000004   Data   RW         1668    .data               crashlogger.o
    0x1fffe7b0   0x0000001c   Data   RW         1966    .data               messages.o
    0x1fffe7cc   0x00000020   Data   RW         3382    .data               cozmobot.o
    0x1fffe7ec   0x0000005c   Data   RW         3509    .data               liftcontroller.o
    0x1fffe848   0x0000005c   Data   RW         4003    .data               headcontroller.o
    0x1fffe8a4   0x00000070   Data   RW         4174    .data               imufilter.o
    0x1fffe914   0x00000008   Data   RW         4364    .data               trig_fast.o
    0x1fffe91c   0x00000054   Data   RW         4446    .data               dockingcontroller.o
    0x1fffe970   0x00000044   Data   RW         4696    .data               localization.o
    0x1fffe9b4   0x0000001c   Data   RW         5372    .data               pathfollower.o
    0x1fffe9d0   0x00000050   Data   RW         5587    .data               pickandplacecontroller.o
    0x1fffea20   0x00000010   Data   RW         5756    .data               speedcontroller.o
    0x1fffea30   0x00000088   Data   RW         5889    .data               steeringcontroller.o
    0x1fffeab8   0x00000040   Data   RW         6131    .data               wheelcontroller.o
    0x1fffeaf8   0x0000000c   Data   RW         6218    .data               proxsensors.o
    0x1fffeb04   0x00000008   Data   RW         6304    .data               testmodecontroller.o
    0x1fffeb0c   0x00000002   Data   RW         6354    .data               backpacklightcontroller.o
    0x1fffeb0e   0x00000002   PAD
    0x1fffeb10   0x00000004   Data   RW         6622    .data               mc_w.l(errno.o)
    0x1fffeb14   0x000000ec   PAD
    0x1fffec00   0x00000100   Data   RW         1747    VECTORS             startup_mk02f12810.o
    0x1fffed00   0x0000004c   Zero   RW           21    .bss                main.o
    0x1fffed4c   0x00000038   Zero   RW           22    .bss                main.o
    0x1fffed84   0x00000400   Zero   RW          469    .bss                i2c.o
    0x1ffff184   0x000000c8   Zero   RW          872    .bss                spi.o
    0x1ffff24c   0x00000050   Zero   RW          873    .bss                spi.o
    0x1ffff29c   0x0000004c   Zero   RW          985    .bss                uart.o
    0x1ffff2e8   0x00000200   Zero   RW         1149    .bss                wifi.o
    0x1ffff4e8   0x00000027   Zero   RW         1275    .bss                imu.o
    0x1ffff50f   0x00000001   PAD
    0x1ffff510   0x00000010   Zero   RW         1337    .bss                motors.o
    0x1ffff520   0x00000054   Zero   RW         1401    .bss                cube.o
    0x1ffff574   0x00000158   Zero   RW         1472    .bss                spine.o
    0x1ffff6cc   0x00000048   Zero   RW         1965    .bss                messages.o
    0x1ffff714   0x00000004   PAD
    0x1ffff718   0x00000058   Zero   RW         3507    .bss                liftcontroller.o
    0x1ffff770   0x00000058   Zero   RW         4000    .bss                headcontroller.o
    0x1ffff7c8   0x000000aa   Zero   RW         4172    .bss                imufilter.o
    0x1ffff872   0x00000002   PAD
    0x1ffff874   0x00000068   Zero   RW         4444    .bss                dockingcontroller.o
    0x1ffff8dc   0x000001f0   Zero   RW         4695    .bss                localization.o
    0x1ffffacc   0x000000f8   Zero   RW         5371    .bss                pathfollower.o
    0x1ffffbc4   0x00000004   PAD
    0x1ffffbc8   0x00000058   Zero   RW         5888    .bss                steeringcontroller.o
    0x1ffffc20   0x00000010   Zero   RW         6217    .bss                proxsensors.o
    0x1ffffc30   0x00000064   Zero   RW         6353    .bss                backpacklightcontroller.o


    Execution Region RW_DATA2 (Base: 0x1ffffd00, Size: 0x000022e0, Max: 0x000022f0, ABSOLUTE, COMPRESSED[0x00000048])

    Base Addr    Size         Type   Attr      Idx    E Section Name        Object

    0x1ffffd00   0x000022e0   Data   RW          639    CAMRAM              enjpeg.o


    Execution Region RW_DATA_UNINIT (Base: 0x20001ff0, Size: 0x00000000, Max: 0x00000010, ABSOLUTE, UNINIT)

    **** No section assigned to this execution region ****


==============================================================================

Image component sizes


      Code (inc. data)   RO Data    RW Data    ZI Data      Debug   Object Name

       306         26          0          2        100      35310   backpacklightcontroller.o
       734        138        522         68          0     212580   camera.o
       956        694          0          0          0      71736   clad.o
       646         24          0         32          0      15734   cozmobot.o
        84          8          0          4          0       2807   crashlogger.o
       638         14          6         49         84      19646   cube.o
       392         58          0          8          0       6075   dac.o
        72         14          0          0          0       1060   debug.o
      5258        336          4         84        104      49609   dockingcontroller.o
      3540         42        544       8936          0      16941   enjpeg.o
      1860        222          4         92         88      17164   headcontroller.o
       880        120          0         36       1024     199657   i2c.o
       748         88          1         16         39       8201   imu.o
      3196        240         48        112        170      35968   imufilter.o
      2276        264          4         92         88      22005   liftcontroller.o
        46         10          0         10          0       1804   lights.o
      2670        196          4         68        496      44116   localization.o
       496          6          0          0          0      13160   localization_geometry.o
       262         38          0          8        132     204893   main.o
      3128        174          0         28         72      93378   messages.o
       216         46          0          0         16       2948   motors.o
       296         36        521          8          0       5484   oled.o
      4932        108          0          0          0      32201   path.o
      1842        164          4         28        248      23074   pathfollower.o
      2934        268          4         80          0      37240   pickandplacecontroller.o
       232         28          0          0          0       1140   power.o
       396         40          0         12         16      18518   proxsensors.o
       698         42          0          0          0      13583   radians.o
       446         50          0         16          0       7477   speedcontroller.o
       900        144          0         24        280      33158   spi.o
       376         22          0          8        344      26276   spine.o
        92         16         28        256          0        852   startup_mk02f12810.o
      3768        264          4        136         88      20474   steeringcontroller.o
       204         26          0          8          0       3812   testmodecontroller.o
        80         12          0          4          0       2100   timer.o
       916        132        206          8          0       4657   trig_fast.o
       564         94          4         16         76      69671   uart.o
      2446         14          0          0          0       8302   velocityprofilegenerator.o
       252         38          0          8          0     191489   watchdog.o
      1184        116          0         64          0      10790   wheelcontroller.o
       604         40          0          6        512      55568   wifi.o

    ----------------------------------------------------------------------
     51624       4412       1974      10332       3988    1640658   Object Totals
        20          0         64          0          0          0   (incl. Generated)
        38          0          2          5         11          0   (incl. Padding)

    ----------------------------------------------------------------------

      Code (inc. data)   RO Data    RW Data    ZI Data      Debug   Library Member Name

       300         42          0          0          0        176   asinf.o
       592         90          0          0          0        184   atan2f.o
       352         56          0          0          0        172   atanf.o
       108         10          0          0          0        116   ceilf.o
       336         56          0          0          0        136   cosf.o
        38          0          0          0          0        116   fpclassifyf.o
        44         12          0          0          0        464   funder.o
       340         24         32          0          0        160   rredf.o
       400         56          0          0          0        212   sinf.o
       120          0          0          0          0        272   sqrtf.o
       380         58          0          0          0        200   tanf.o
        86          0          0          0          0          0   __dczerorl2.o
        32         10          0          0          0         80   cpp_init.o
         0          0          0          0          0          0   entry.o
         0          0          0          0          0          0   entry10a.o
         0          0          0          0          0          0   entry11a.o
         8          4          0          0          0          0   entry2.o
         4          0          0          0          0          0   entry5.o
         0          0          0          0          0          0   entry7b.o
         4          0          0          0          0          0   entry8a.o
         0          0          0          0          0          0   entry8b.o
         8          4          0          0          0          0   entry9a.o
        12          6          0          4          0         68   errno.o
        30          0          0          0          0          0   handlers.o
        36          8          0          0          0         68   init.o
         0          0          0          0          0          0   iusefp.o
        30          0          0          0          0         68   llshl.o
        36          0          0          0          0         68   llsshr.o
        32          0          0          0          0         68   llushr.o
        36          0          0          0          0         68   memcpya.o
        36          0          0          0          0        108   memseta.o
        48          0          0          0          0         68   cdcmple.o
        56          0          0          0          0         88   d2f.o
       334          0          0          0          0        148   dadd.o
       222          0          0          0          0        100   ddiv.o
       186          0          0          0          0        176   depilogue.o
        62          0          0          0          0         80   dfixi.o
        34          0          0          0          0         76   dflti.o
       228          0          0          0          0         96   dmul.o
        38          0          0          0          0         68   f2d.o
       110          0          0          0          0        168   fepilogue.o

    ----------------------------------------------------------------------
      4726        436         32        240          0       3872   Library Totals
         8          0          0        236          0          0   (incl. Padding)

    ----------------------------------------------------------------------

      Code (inc. data)   RO Data    RW Data    ZI Data      Debug   Library Name

      3010        404         32          0          0       2208   m_wm.l
       390         32          0          4          0        596   mc_w.l
      1318          0          0          0          0       1068   mf_w.l

    ----------------------------------------------------------------------
      4726        436         32        240          0       3872   Library Totals

    ----------------------------------------------------------------------

==============================================================================


      Code (inc. data)   RO Data    RW Data    ZI Data      Debug   

     56350       4848       2006      10572       3988    1598234   Grand Totals
     56350       4848       2006        372       3988    1598234   ELF Image Totals (compressed)
     56350       4848       2006        372          0          0   ROM Totals

==============================================================================

    Total RO  Size (Code + RO Data)                58356 (  56.99kB)
    Total RW  Size (RW Data + ZI Data)             14560 (  14.22kB)
    Total ROM Size (Code + RO Data + RW Data)      58728 (  57.35kB)

==============================================================================

