ARM Linker, 5.03 [Build 76] [MDK-ARM Basic]

==============================================================================

Section Cross References

    main.o(i.GetTimeStamp) refers to main.o(.data) for .data
    main.o(i.SetTimeStamp) refers to main.o(.data) for .data
    main.o(i._ZN4Anki5Cozmo3HAL14IsVideoEnabledEv) refers to main.o(.data) for .data
    main.o(i._ZN4Anki5Cozmo3HAL16SetImageSendModeEha) refers to main.o(.data) for .data
    main.o(i._ZN4Anki5Cozmo3HAL7HALExecEv) refers to i2c.o(i._ZN4Anki5Cozmo3HAL3I2C6EnableEv) for Anki::Cozmo::HAL::I2C::Enable()
    main.o(i._ZN4Anki5Cozmo3HAL7HALExecEv) refers to spi.o(i._ZN4Anki5Cozmo3HAL3SPI10ManageDropEv) for Anki::Cozmo::HAL::SPI::ManageDrop()
    main.o(i._ZN4Anki5Cozmo3HAL7HALExecEv) refers to uart.o(i._ZN4Anki5Cozmo3HAL4UART8TransmitEv) for Anki::Cozmo::HAL::UART::Transmit()
    main.o(i._ZN4Anki5Cozmo3HAL7HALExecEv) refers to imu.o(i._ZN4Anki5Cozmo3HAL3IMU6ManageEv) for Anki::Cozmo::HAL::IMU::Manage()
    main.o(i._ZN4Anki5Cozmo3HAL7HALExecEv) refers to watchdog.o(i._ZN4Anki5Cozmo3HAL8Watchdog4kickEh) for Anki::Cozmo::HAL::Watchdog::kick(unsigned char)
    main.o(i._ZN4Anki5Cozmo3HAL7HALExecEv) refers to watchdog.o(i._ZN4Anki5Cozmo3HAL8Watchdog3petEv) for Anki::Cozmo::HAL::Watchdog::pet()
    main.o(i._ZN4Anki5Cozmo3HAL7HALInitEv) refers to uart.o(i._ZN4Anki5Cozmo3HAL4UART4InitEv) for Anki::Cozmo::HAL::UART::Init()
    main.o(i._ZN4Anki5Cozmo3HAL7HALInitEv) refers to dac.o(i._ZN4Anki5Cozmo3HAL3DAC4SyncEv) for Anki::Cozmo::HAL::DAC::Sync()
    main.o(i.main) refers to power.o(i._ZN4Anki5Cozmo3HAL5Power15enableEspressifEv) for Anki::Cozmo::HAL::Power::enableEspressif()
    main.o(i.main) refers to debug.o(i._ZN4Anki5Cozmo3HAL4UART9DebugInitEv) for Anki::Cozmo::HAL::UART::DebugInit()
    main.o(i.main) refers to spi.o(i._ZN4Anki5Cozmo3HAL3SPI4InitEv) for Anki::Cozmo::HAL::SPI::Init()
    main.o(i.main) refers to dac.o(i._ZN4Anki5Cozmo3HAL3DAC4InitEv) for Anki::Cozmo::HAL::DAC::Init()
    main.o(i.main) refers to i2c.o(i._ZN4Anki5Cozmo3HAL3I2C4InitEv) for Anki::Cozmo::HAL::I2C::Init()
    main.o(i.main) refers to imu.o(i._ZN4Anki5Cozmo3HAL3IMU4InitEv) for Anki::Cozmo::HAL::IMU::Init()
    main.o(i.main) refers to oled.o(i._ZN4Anki5Cozmo3HAL4OLED4InitEv) for Anki::Cozmo::HAL::OLED::Init()
    main.o(i.main) refers to camera.o(i._ZN4Anki5Cozmo3HAL10CameraInitEv) for Anki::Cozmo::HAL::CameraInit()
    main.o(i.main) refers to cozmobot.o(i._ZN4Anki5Cozmo5Robot4InitEv) for Anki::Cozmo::Robot::Init()
    main.o(i.main) refers to watchdog.o(i._ZN4Anki5Cozmo3HAL8Watchdog4initEv) for Anki::Cozmo::HAL::Watchdog::init()
    main.o(i.main) refers to camera.o(i._ZN4Anki5Cozmo3HAL11CameraStartEv) for Anki::Cozmo::HAL::CameraStart()
    main.o(i.main) refers to wifi.o(i._ZN4Anki5Cozmo3HAL4WiFi6UpdateEv) for Anki::Cozmo::HAL::WiFi::Update()
    main.o(i.main) refers to uart.o(i._ZN4Anki5Cozmo3HAL4UART9FoundSyncEv) for Anki::Cozmo::HAL::UART::FoundSync()
    main.o(i.main) refers to uart.o(i._ZN4Anki5Cozmo3HAL4UART11WaitForSyncEv) for Anki::Cozmo::HAL::UART::WaitForSync()
    main.o(i.main) refers to spine.o(i._ZN4Anki5Cozmo3HAL5Spine6ManageEv) for Anki::Cozmo::HAL::Spine::Manage()
    main.o(i.main) refers to cozmobot.o(i._ZN4Anki5Cozmo5Robot18step_MainExecutionEv) for Anki::Cozmo::Robot::step_MainExecution()
    main.o(.ARM.exidx) refers to main.o(i.GetTimeStamp) for i.GetTimeStamp
    main.o(.ARM.exidx) refers to main.o(i.SetTimeStamp) for i.SetTimeStamp
    main.o(.ARM.exidx) refers to main.o(i.__aeabi_vec_ctor_nocookie_nodtor) for i.__aeabi_vec_ctor_nocookie_nodtor
    main.o(.ARM.exidx) refers to main.o(i.main) for i.main
    main.o(.ARM.exidx) refers to main.o(i._ZN4Anki5Cozmo3HAL5GetIDEv) for i._ZN4Anki5Cozmo3HAL5GetIDEv
    main.o(.ARM.exidx) refers to main.o(i._ZN4Anki5Cozmo3HAL16SetImageSendModeEha) for i._ZN4Anki5Cozmo3HAL16SetImageSendModeEha
    main.o(.ARM.exidx) refers to main.o(i._ZN4Anki5Cozmo3HAL14IsVideoEnabledEv) for i._ZN4Anki5Cozmo3HAL14IsVideoEnabledEv
    main.o(.ARM.exidx) refers to main.o(i._ZN4Anki5Cozmo3HAL7HALInitEv) for i._ZN4Anki5Cozmo3HAL7HALInitEv
    main.o(.ARM.exidx) refers to main.o(i._ZN4Anki5Cozmo3HAL7HALExecEv) for i._ZN4Anki5Cozmo3HAL7HALExecEv
    camera.o(i.DMA0_IRQHandler) refers to camera.o(i._Z14NVIC_EnableIRQ4IRQn) for NVIC_EnableIRQ(IRQn)
    camera.o(i.DMA0_IRQHandler) refers to main.o(i._ZN4Anki5Cozmo3HAL7HALInitEv) for Anki::Cozmo::HAL::HALInit()
    camera.o(i.DMA0_IRQHandler) refers to camera.o(.data) for .data
    camera.o(i.FTM2_IRQHandler) refers to spi.o(i._ZN4Anki5Cozmo3HAL3SPI8StartDMAEv) for Anki::Cozmo::HAL::SPI::StartDMA()
    camera.o(i.FTM2_IRQHandler) refers to main.o(i._ZN4Anki5Cozmo3HAL7HALExecEv) for Anki::Cozmo::HAL::HALExec()
    camera.o(i.FTM2_IRQHandler) refers to main.o(i._ZN4Anki5Cozmo3HAL14IsVideoEnabledEv) for Anki::Cozmo::HAL::IsVideoEnabled()
[...]
    Anki::Embedded::Pose2d::Pose2d__sub_object(Anki::Embedded::Point2f, Anki::Embedded::Rotation2d) 0x0000c257   Thumb Code     0  localization_geometry.o(i._ZN4Anki8Embedded6Pose2dC1ENS0_7Point2fENS0_10Rotation2dE)
    Anki::Embedded::Pose2d::Pose2d(float, float, Anki::Radians) 0x0000c269   Thumb Code    32  localization.o(i._ZN4Anki8Embedded6Pose2dC1EffNS_7RadiansE)
    Anki::Embedded::Pose2d::Pose2d__sub_object(float, float, Anki::Radians) 0x0000c269   Thumb Code     0  localization.o(i._ZN4Anki8Embedded6Pose2dC1EffNS_7RadiansE)
    Anki::Embedded::Pose2d::Pose2d()         0x0000c289   Thumb Code    56  dockingcontroller.o(i._ZN4Anki8Embedded6Pose2dC1Ev)
    Anki::Embedded::Pose2d::Pose2d__sub_object() 0x0000c289   Thumb Code     0  dockingcontroller.o(i._ZN4Anki8Embedded6Pose2dC1Ev)
    Anki::Embedded::Pose2d::operator =(const Anki::Embedded::Pose2d&) 0x0000c2c5   Thumb Code    26  dockingcontroller.o(i._ZN4Anki8Embedded6Pose2daSERKS1_)
    Anki::Embedded::Pose2d::operator *(const Anki::Embedded::Pose2d&) 0x0000c2df   Thumb Code   114  localization_geometry.o(i._ZN4Anki8Embedded6Pose2dmlERKS1_)
    Anki::Embedded::Point2f::Point2f(const Anki::Embedded::Point2f&) 0x0000c351   Thumb Code    18  localization_geometry.o(i._ZN4Anki8Embedded7Point2fC1ERKS1_)
    Anki::Embedded::Point2f::Point2f__sub_object(const Anki::Embedded::Point2f&) 0x0000c351   Thumb Code     0  localization_geometry.o(i._ZN4Anki8Embedded7Point2fC1ERKS1_)
    Anki::Embedded::Point2f::Point2f(float, float) 0x0000c363   Thumb Code     6  localization_geometry.o(i._ZN4Anki8Embedded7Point2fC1Eff)
    Anki::Embedded::Point2f::Point2f__sub_object(float, float) 0x0000c363   Thumb Code     0  localization_geometry.o(i._ZN4Anki8Embedded7Point2fC1Eff)
    Anki::Embedded::Point2f::Point2f()       0x0000c369   Thumb Code    14  localization_geometry.o(i._ZN4Anki8Embedded7Point2fC1Ev)
    Anki::Embedded::Point2f::Point2f__sub_object() 0x0000c369   Thumb Code     0  localization_geometry.o(i._ZN4Anki8Embedded7Point2fC1Ev)
    Anki::Embedded::Point2f::operator =(const Anki::Embedded::Point2f&) 0x0000c37d   Thumb Code    18  localization_geometry.o(i._ZN4Anki8Embedded7Point2faSERKS1_)
    Anki::Embedded::Point2f::operator +=(const Anki::Embedded::Point2f&) 0x0000c38f   Thumb Code    34  localization_geometry.o(i._ZN4Anki8Embedded7Point2fpLERKS1_)
    Anki::Planning::PathSegment::DefineLine(float, float, float, float, float, float, float) 0x0000c3b1   Thumb Code   120  path.o(i._ZN4Anki8Planning11PathSegment10DefineLineEfffffff)
    Anki::Planning::PathSegment::DefinePointTurn(float, float, float, float, float, float, float, bool) 0x0000c431   Thumb Code    32  path.o(i._ZN4Anki8Planning11PathSegment15DefinePointTurnEfffffffb)
    Anki::Planning::PathSegment::SetSpeedProfile(float, float, float) 0x0000c451   Thumb Code     8  path.o(i._ZN4Anki8Planning11PathSegment15SetSpeedProfileEfff)
    Anki::Planning::PathSegment::DefineArc(float, float, float, float, float, float, float, float) 0x0000c459   Thumb Code   124  path.o(i._ZN4Anki8Planning11PathSegment9DefineArcEffffffff)
    Anki::Planning::PathSegment::PathSegment() 0x0000c4e1   Thumb Code     6  path.o(i._ZN4Anki8Planning11PathSegmentC1Ev)
    Anki::Planning::PathSegment::PathSegment__sub_object() 0x0000c4e1   Thumb Code     0  path.o(i._ZN4Anki8Planning11PathSegmentC1Ev)
    Anki::Planning::Path::AppendLine(unsigned, float, float, float, float, float, float, float) 0x0000c4e7   Thumb Code   102  path.o(i._ZN4Anki8Planning4Path10AppendLineEjfffffff)
    Anki::Planning::Path::AppendPointTurn(unsigned, float, float, float, float, float, float, float, bool) 0x0000c54d   Thumb Code   104  path.o(i._ZN4Anki8Planning4Path15AppendPointTurnEjfffffffb)
    Anki::Planning::Path::Clear()            0x0000c5b5   Thumb Code    56  path.o(i._ZN4Anki8Planning4Path5ClearEv)
    Anki::Planning::Path::AddArc(float, float, float, float, float, float, float, float) 0x0000c5ed   Thumb Code   198  path.o(i._ZN4Anki8Planning4Path6AddArcEffffffff)
    Anki::Planning::Path::PopBack(unsigned char) 0x0000c6bd   Thumb Code    68  path.o(i._ZN4Anki8Planning4Path7PopBackEh)
    Anki::Planning::Path::PopFront(unsigned char) 0x0000c701   Thumb Code    90  path.o(i._ZN4Anki8Planning4Path8PopFrontEh)
    Anki::Planning::Path::AppendArc(unsigned, float, float, float, float, float, float, float, float) 0x0000c75d   Thumb Code   706  path.o(i._ZN4Anki8Planning4Path9AppendArcEjffffffff)
    Anki::Planning::Path::Path()             0x0000ca31   Thumb Code    38  path.o(i._ZN4Anki8Planning4PathC1Ev)
    Anki::Planning::Path::Path__sub_object() 0x0000ca31   Thumb Code     0  path.o(i._ZN4Anki8Planning4PathC1Ev)
    Anki::Planning::Path::operator [](unsigned char) 0x0000ca5d   Thumb Code    12  pathfollower.o(i._ZN4Anki8Planning4PathixEh)
    Anki::operator ==(const Anki::Radians&, const Anki::Radians&) 0x0000ca69   Thumb Code    58  radians.o(i._ZN4AnkieqERKNS_7RadiansES2_)
    Anki::operator >=(const Anki::Radians&, const Anki::Radians&) 0x0000caa9   Thumb Code    28  radians.o(i._ZN4AnkigeERKNS_7RadiansES2_)
    Anki::operator >(const Anki::Radians&, const Anki::Radians&) 0x0000cac5   Thumb Code    38  radians.o(i._ZN4AnkigtERKNS_7RadiansES2_)
    Anki::operator <(const Anki::Radians&, const Anki::Radians&) 0x0000caeb   Thumb Code    10  radians.o(i._ZN4AnkiltERKNS_7RadiansES2_)
    Anki::operator -(const Anki::Radians&, const Anki::Radians&) 0x0000caf5   Thumb Code    32  radians.o(i._ZN4AnkimiERKNS_7RadiansES2_)
    Anki::operator -(const Anki::Radians&, float) 0x0000cb15   Thumb Code    24  radians.o(i._ZN4AnkimiERKNS_7RadiansEf)
    Anki::operator -(float, const Anki::Radians&) 0x0000cb2d   Thumb Code    24  radians.o(i._ZN4AnkimiEfRKNS_7RadiansE)
    Anki::operator *(const Anki::Radians&, float) 0x0000cb45   Thumb Code    32  radians.o(i._ZN4AnkimlERKNS_7RadiansEf)
    Anki::operator *(float, const Anki::Radians&) 0x0000cb65   Thumb Code     4  radians.o(i._ZN4AnkimlEfRKNS_7RadiansE)
    Anki::operator !=(const Anki::Radians&, const Anki::Radians&) 0x0000cb69   Thumb Code    12  radians.o(i._ZN4AnkineERKNS_7RadiansES2_)
    Anki::operator +(const Anki::Radians&, const Anki::Radians&) 0x0000cb75   Thumb Code    32  radians.o(i._ZN4AnkiplERKNS_7RadiansES2_)
    Anki::operator +(const Anki::Radians&, float) 0x0000cb95   Thumb Code    24  radians.o(i._ZN4AnkiplERKNS_7RadiansEf)
    Anki::Cozmo::AnimKeyFrame::FaceImage::Size() const 0x0000cbad   Thumb Code     6  clad.o(i._ZNK4Anki5Cozmo12AnimKeyFrame9FaceImage4SizeEv)
    Anki::Cozmo::RobotInterface::PrintTrace::Size() const 0x0000cbb3   Thumb Code    10  clad.o(i._ZNK4Anki5Cozmo14RobotInterface10PrintTrace4SizeEv)
    Anki::Cozmo::RobotInterface::EngineToRobot::Size() const 0x0000cbbd   Thumb Code   890  clad.o(i._ZNK4Anki5Cozmo14RobotInterface13EngineToRobot4SizeEv)
    Anki::Cozmo::RobotInterface::NVReadResultToBody::Size() const 0x0000cf37   Thumb Code     4  clad.o(i._ZNK4Anki5Cozmo14RobotInterface18NVReadResultToBody4SizeEv)
    Anki::Cozmo::WriteBodyStorage::Size() const 0x0000cf3b   Thumb Code     6  clad.o(i._ZNK4Anki5Cozmo16WriteBodyStorage4SizeEv)
    Anki::Cozmo::BodyStorageContents::Size() const 0x0000cf41   Thumb Code     6  clad.o(i._ZNK4Anki5Cozmo19BodyStorageContents4SizeEv)
    Anki::Cozmo::CubeSlots::Size() const     0x0000cf47   Thumb Code    10  clad.o(i._ZNK4Anki5Cozmo9CubeSlots4SizeEv)
    Anki::Cozmo::NVStorage::NVStorageBlob::Size() const 0x0000cf51   Thumb Code     6  clad.o(i._ZNK4Anki5Cozmo9NVStorage13NVStorageBlob4SizeEv)
    Anki::Cozmo::NVStorage::NVStorageWrite::Size() const 0x0000cf57   Thumb Code    12  clad.o(i._ZNK4Anki5Cozmo9NVStorage14NVStorageWrite4SizeEv)
    Anki::Cozmo::NVStorage::NVWipeAll::Size() const 0x0000cf63   Thumb Code     6  clad.o(i._ZNK4Anki5Cozmo9NVStorage9NVWipeAll4SizeEv)
    Anki::Radians::getDegrees() const        0x0000cf69   Thumb Code    14  radians.o(i._ZNK4Anki7Radians10getDegreesEv)
    Anki::Embedded::Rotation2d::GetInverse() const 0x0000cf7d   Thumb Code    14  localization_geometry.o(i._ZNK4Anki8Embedded10Rotation2d10GetInverseEv)
    Anki::Embedded::Rotation2d::GetAngle() const 0x0000cf8b   Thumb Code     4  localization_geometry.o(i._ZNK4Anki8Embedded10Rotation2d8GetAngleEv)
    Anki::Embedded::Rotation2d::operator *(const Anki::Embedded::Point2f&) const 0x0000cf8f   Thumb Code    88  localization_geometry.o(i._ZNK4Anki8Embedded10Rotation2dmlERKNS0_7Point2fE)
    Anki::Embedded::Rotation2d::operator *(const Anki::Embedded::Rotation2d&) const 0x0000cfe7   Thumb Code    20  localization_geometry.o(i._ZNK4Anki8Embedded10Rotation2dmlERKS1_)
    Anki::Embedded::Pose2d::GetWithRespectTo(const Anki::Embedded::Pose2d&) const 0x0000cffb   Thumb Code    66  localization_geometry.o(i._ZNK4Anki8Embedded6Pose2d16GetWithRespectToERKS1_)
    Anki::Embedded::Pose2d::GetAngle() const 0x0000d03d   Thumb Code     6  dockingcontroller.o(i._ZNK4Anki8Embedded6Pose2d8GetAngleEv)
    Anki::Embedded::Point2f::Dist(const Anki::Embedded::Point2f&) const 0x0000d043   Thumb Code    36  localization_geometry.o(i._ZNK4Anki8Embedded7Point2f4DistERKS1_)
    Anki::Embedded::Point2f::operator -(const Anki::Embedded::Point2f&) const 0x0000d067   Thumb Code    28  localization_geometry.o(i._ZNK4Anki8Embedded7Point2fmiERKS1_)
    Anki::Planning::PathSegment::GetEndPose(float&, float&, float&) const 0x0000d083   Thumb Code   200  path.o(i._ZNK4Anki8Planning11PathSegment10GetEndPoseERfS2_S2_)
    Anki::Planning::PathSegment::GetStartPoint(float&, float&) const 0x0000d14b   Thumb Code   142  path.o(i._ZNK4Anki8Planning11PathSegment13GetStartPointERfS2_)
    Anki::Planning::PathSegment::GetDistToSegment(float, float, float, float&, float&, float*) const 0x0000d1d9   Thumb Code    84  path.o(i._ZNK4Anki8Planning11PathSegment16GetDistToSegmentEfffRfS2_Pf)
    Anki::Planning::PathSegment::GetDistToArcSegment(float, float, float, float&, float&, float*) const 0x0000d22d   Thumb Code   948  path.o(i._ZNK4Anki8Planning11PathSegment19GetDistToArcSegmentEfffRfS2_Pf)
    Anki::Planning::PathSegment::GetDistToLineSegment(float, float, float, float&, float&, float*) const 0x0000d5f5   Thumb Code   808  path.o(i._ZNK4Anki8Planning11PathSegment20GetDistToLineSegmentEfffRfS2_Pf)
    Anki::Planning::PathSegment::GetDistToPointTurnSegment(float, float, float, float&, float&) const 0x0000d939   Thumb Code   118  path.o(i._ZNK4Anki8Planning11PathSegment25GetDistToPointTurnSegmentEfffRfS2_)
    Anki::Planning::PathSegment::Print() const 0x0000d9af   Thumb Code   310  path.o(i._ZNK4Anki8Planning11PathSegment5PrintEv)
    Anki::Planning::Path::PrintSegment(unsigned char) const 0x0000dae5   Thumb Code    94  path.o(i._ZNK4Anki8Planning4Path12PrintSegmentEh)
    Anki::Planning::Path::CheckContinuity(float, signed char) const 0x0000db43   Thumb Code   146  path.o(i._ZNK4Anki8Planning4Path15CheckContinuityEfa)
    Anki::Planning::Path::CheckSegmentContinuity(float, signed char) const 0x0000dbd5   Thumb Code   232  path.o(i._ZNK4Anki8Planning4Path22CheckSegmentContinuityEfa)
    Anki::Planning::Path::PrintPath() const  0x0000dcbd   Thumb Code    76  path.o(i._ZNK4Anki8Planning4Path9PrintPathEv)
    std::fabs(float)                         0x0000dd09   Thumb Code     6  velocityprofilegenerator.o(i._ZSt4fabsf)
    __ARM_fpclassifyf                        0x0000dd0f   Thumb Code    38  fpclassifyf.o(i.__ARM_fpclassifyf)
    __ARM_signbitf                           0x0000dd35   Thumb Code     4  path.o(i.__ARM_signbitf)
    __aeabi_vec_ctor_nocookie_nodtor         0x0000dd39   Thumb Code    40  main.o(i.__aeabi_vec_ctor_nocookie_nodtor)
    __hardfp_asinf                           0x0000dd61   Thumb Code   250  asinf.o(i.__hardfp_asinf)
    __hardfp_atan2f                          0x0000de85   Thumb Code   486  atan2f.o(i.__hardfp_atan2f)
    __hardfp_atanf                           0x0000e0cd   Thumb Code   290  atanf.o(i.__hardfp_atanf)
    __hardfp_ceilf                           0x0000e231   Thumb Code    98  ceilf.o(i.__hardfp_ceilf)
    __mathlib_ceilf                          0x0000e231   Thumb Code     0  ceilf.o(i.__hardfp_ceilf)
    __hardfp_cosf                            0x0000e29d   Thumb Code   282  cosf.o(i.__hardfp_cosf)
    __hardfp_sinf                            0x0000e3f9   Thumb Code   314  sinf.o(i.__hardfp_sinf)
    __hardfp_sqrtf                           0x0000e571   Thumb Code    58  sqrtf.o(i.__hardfp_sqrtf)
    __hardfp_tanf                            0x0000e5ad   Thumb Code   300  tanf.o(i.__hardfp_tanf)
    __mathlib_flt_underflow                  0x0000e715   Thumb Code    10  funder.o(i.__mathlib_flt_underflow)
    __mathlib_rredf2                         0x0000e725   Thumb Code   296  rredf.o(i.__mathlib_rredf2)
    __scatterload_copy                       0x0000e865   Thumb Code    14  handlers.o(i.__scatterload_copy)
    __scatterload_null                       0x0000e873   Thumb Code     2  handlers.o(i.__scatterload_null)
    __scatterload_zeroinit                   0x0000e875   Thumb Code    14  handlers.o(i.__scatterload_zeroinit)
    __set_errno                              0x0000e885   Thumb Code     6  errno.o(i.__set_errno)
    main                                     0x0000ea15   Thumb Code   110  main.o(i.main)
    sqrtf                                    0x0000ea91   Thumb Code    62  sqrtf.o(i.sqrtf)
    Region$$Table$$Base                      0x0000f228   Number         0  anon$$obj.o(Region$$Table)
    Region$$Table$$Limit                     0x0000f268   Number         0  anon$$obj.o(Region$$Table)
    SHT$$INIT_ARRAY$$Base                    0x0000f268   Number         0  liftcontroller.o(.init_array)
    SHT$$INIT_ARRAY$$Limit                   0x0000f288   Number         0  steeringcontroller.o(.init_array)
    __initial_sp                             0x1fffe600   Number         0  startup_mk02f12810.o ABSOLUTE
    Anki::Cozmo::HAL::videoEnabled_          0x1fffe694   Data           1  main.o(.data)
    Anki::Cozmo::HAL::t_                     0x1fffe698   Data           4  main.o(.data)
    Anki::Cozmo::HAL::timingSynced_          0x1fffe69c   Data           1  camera.o(.data)
    spi_write_buff                           0x1fffe72c   Data           4  spi.o(.data)
    Anki::Cozmo::HAL::UART::HeadDataReceived 0x1fffe738   Data           1  uart.o(.data)
    Anki::Cozmo::HAL::IMU::scanLineStamp     0x1fffe74c   Data           2  imu.o(.data)
    Anki::Cozmo::HAL::IMU::frameNumberStamp  0x1fffe754   Data           4  imu.o(.data)
    CRASHLOG_POINTER                         0x1fffe7b4   Data           4  crashlogger.o(.data)
    Anki::Cozmo::IMUFilter::q0               0x1fffe8e0   Data           4  imufilter.o(.data)
    Anki::Cozmo::IMUFilter::q1               0x1fffe8e4   Data           4  imufilter.o(.data)
    Anki::Cozmo::IMUFilter::q2               0x1fffe8e8   Data           4  imufilter.o(.data)
    Anki::Cozmo::IMUFilter::q3               0x1fffe8ec   Data           4  imufilter.o(.data)
    Anki::Cozmo::IMUFilter::_zAngle          0x1fffe8f0   Data           4  imufilter.o(.data)
    __Vectors                                0x1fffec00   Data           4  startup_mk02f12810.o(VECTORS)
    I2C0_Proc                                0x1fffeca0   Data           4  startup_mk02f12810.o(VECTORS)
    __Vectors_End                            0x1fffed00   Data           0  startup_mk02f12810.o(VECTORS)
    g_dataToHead                             0x1fffed00   Data          76  main.o(.bss)
    g_dataToBody                             0x1fffed4c   Data          56  main.o(.bss)
    spi_rx_buff                              0x1ffff24c   Data          80  spi.o(.bss)
    Anki::Cozmo::HAL::IMU::IMUState          0x1ffff302   Data          13  imu.o(.bss)
    Anki::Cozmo::HAL::motorPositionOffsets   0x1ffff510   Data          16  motors.o(.bss)
    Anki::Cozmo::HAL::state                  0x1ffffd00   Data        8928  enjpeg.o(CAMRAM)



==============================================================================

Memory Map of the image

  Image Entry point : 0x0000101d

  Load Region LR_m_text (Base: 0x00001000, Size: 0x00010c68, Max: 0x0000f000, ABSOLUTE, COMPRESSED[0x0000e48c])

    Execution Region ER_IROM1 (Base: 0x00001000, Size: 0x0000e288, Max: 0x0000f000, ABSOLUTE)

    Base Addr    Size         Type   Attr      Idx    E Section Name        Object

    0x00001000   0x0000001c   Data   RO         1470    HEADER              startup_mk02f12810.o
    0x0000101c   0x00000000   Code   RO         6181  * .ARM.Collect$$$$00000000  mc_w.l(entry.o)
    0x0000101c   0x00000004   Code   RO         6250    .ARM.Collect$$$$00000001  mc_w.l(entry2.o)
    0x00001020   0x00000004   Code   RO         6253    .ARM.Collect$$$$00000004  mc_w.l(entry5.o)
    0x00001024   0x00000000   Code   RO         6255    .ARM.Collect$$$$00000008  mc_w.l(entry7b.o)
    0x00001024   0x00000004   Code   RO         6256    .ARM.Collect$$$$00000009  mc_w.l(entry8a.o)
    0x00001028   0x00000000   Code   RO         6257    .ARM.Collect$$$$0000000A  mc_w.l(entry8b.o)
    0x00001028   0x00000008   Code   RO         6258    .ARM.Collect$$$$0000000B  mc_w.l(entry9a.o)
    0x00001030   0x00000000   Code   RO         6260    .ARM.Collect$$$$0000000D  mc_w.l(entry10a.o)
    0x00001030   0x00000000   Code   RO         6262    .ARM.Collect$$$$0000000F  mc_w.l(entry11a.o)
    0x00001030   0x00000004   Code   RO         6251    .ARM.Collect$$$$00002712  mc_w.l(entry2.o)
    0x00001034   0x0000005c   Code   RO         1472    .text               startup_mk02f12810.o
    0x00001090   0x00000024   Code   RO         6184    .text               mc_w.l(memcpya.o)
    0x000010b4   0x00000024   Code   RO         6186    .text               mc_w.l(memseta.o)
    0x000010d8   0x00000020   Code   RO         6225    .text               mc_w.l(cpp_init.o)
    0x000010f8   0x0000014e   Code   RO         6227    .text               mf_w.l(dadd.o)
    0x00001246   0x000000e4   Code   RO         6229    .text               mf_w.l(dmul.o)
    0x0000132a   0x000000de   Code   RO         6231    .text               mf_w.l(ddiv.o)
    0x00001408   0x00000022   Code   RO         6233    .text               mf_w.l(dflti.o)
    0x0000142a   0x0000003e   Code   RO         6235    .text               mf_w.l(dfixi.o)
    0x00001468   0x00000026   Code   RO         6237    .text               mf_w.l(f2d.o)
    0x0000148e   0x00000002   PAD
    0x00001490   0x00000028   Code   RO         6239    .text               mf_w.l(cdcmple.o)
    0x000014b8   0x00000038   Code   RO         6241    .text               mf_w.l(d2f.o)
    0x000014f0   0x0000001e   Code   RO         6271    .text               mc_w.l(llshl.o)
    0x0000150e   0x00000020   Code   RO         6273    .text               mc_w.l(llushr.o)
    0x0000152e   0x00000024   Code   RO         6275    .text               mc_w.l(llsshr.o)
    0x00001552   0x00000000   Code   RO         6284    .text               mc_w.l(iusefp.o)
    0x00001552   0x0000006c   Code   RO         6285    .text               mf_w.l(fepilogue.o)
    0x000015be   0x000000be   Code   RO         6287    .text               mf_w.l(depilogue.o)
    0x0000167c   0x00000024   Code   RO         6293    .text               mc_w.l(init.o)
    0x000016a0   0x0000005c   Code   RO         6305    .text               mc_w.l(__dczerorl2.o)
    0x000016fc   0x0000000a   Ven    RO         6307    Veneer$$Code        anon$$obj.o
    0x00001706   0x00000002   PAD
    0x00001708   0x0000006c   Code   RO          243    i.DMA0_IRQHandler   camera.o
    0x00001774   0x00000068   Code   RO          752    i.DMA2_IRQHandler   spi.o
    0x000017dc   0x00000090   Code   RO          244    i.FTM2_IRQHandler   camera.o
    0x0000186c   0x0000000c   Code   RO            3    i.GetTimeStamp      main.o
    0x00001878   0x00000054   Code   RO         1441    i.HardFault_Handler  crashlogger.o
    0x000018cc   0x0000000c   Code   RO            4    i.SetTimeStamp      main.o
    0x000018d8   0x00000020   Code   RO         1337    i.WDOG_EWM_IRQHandler  watchdog.o
    0x000018f8   0x000000f0   Code   RO         4036    i._Z10atan2_fastff  trig_fast.o
    0x000019e8   0x00000008   Code   RO         5679    i._Z10trace_castIdEiT_  steeringcontroller.o
    0x000019f0   0x00000006   Code   RO         3025    i._Z10trace_castIfEiT_  messages.o
    0x000019f6   0x00000002   PAD
    0x000019f8   0x00000088   Code   RO          753    i._Z11ProcessDropv  spi.o
    0x00001a80   0x00000018   Code   RO          834    i._Z11WaitForBytev  spi.o
    0x00001a98   0x00000016   Code   RO          386    i._Z11inc_pointerRVi  i2c.o
    0x00001aae   0x00000002   PAD
    0x00001ab0   0x00000030   Code   RO          387    i._Z11write_queuehh  i2c.o
    0x00001ae0   0x00000080   Code   RO          388    i._Z12Read_Handlerv  i2c.o
    0x00001b60   0x0000001c   Code   RO          987    i._Z13state_updatedPKv  imu.o
    0x00001b7c   0x00000058   Code   RO          920    i._Z13transmit_mode13TRANSFER_MODE  uart.o
    0x00001bd4   0x00000018   Code   RO          245    i._Z14NVIC_EnableIRQ4IRQn  camera.o
    0x00001bec   0x00000020   Code   RO          754    i._Z16NVIC_SystemResetv  spi.o
    0x00001c0c   0x00000050   Code   RO          389    i._Z7EnqueuehPKhih  i2c.o
    0x00001c5c   0x00000064   Code   RO          755    i._Z7SyncSPIv       spi.o
    0x00001cc0   0x000000dc   Code   RO         4038    i._Z9atan2_accff    trig_fast.o
    0x00001d9c   0x000001a8   Code   RO         4039    i._Z9atan_fastf     trig_fast.o
    0x00001f44   0x000000b4   Code   RO         3345    i._ZN4Anki24VelocityProfileGenerator12StartProfileEfffff  velocityprofilegenerator.o
    0x00001ff8   0x00000260   Code   RO         3346    i._ZN4Anki24VelocityProfileGenerator12StartProfileEfffffff  velocityprofilegenerator.o
    0x00002258   0x00000388   Code   RO         3349    i._ZN4Anki24VelocityProfileGenerator26StartProfile_fixedDurationEfffffffff  velocityprofilegenerator.o
    0x000025e0   0x00000310   Code   RO         3350    i._ZN4Anki24VelocityProfileGenerator4StepERfS1_  velocityprofilegenerator.o
    0x000028f0   0x00000008   Code   RO         3351    i._ZN4Anki24VelocityProfileGeneratorC1Ev  velocityprofilegenerator.o
    0x000028f8   0x00000104   Code   RO         5888    i._ZN4Anki5Cozmo11ProxSensors11UpdateCliffEv  proxsensors.o
    0x000029fc   0x00000040   Code   RO         5889    i._ZN4Anki5Cozmo11ProxSensors15QueueCliffEventEfff  proxsensors.o
    0x00002a3c   0x0000000c   Code   RO         5890    i._ZN4Anki5Cozmo11ProxSensors17EnableStopOnCliffEb  proxsensors.o
    0x00002a48   0x0000001c   Code   RO         5891    i._ZN4Anki5Cozmo11ProxSensors17QueueUncliffEventEv  proxsensors.o
    0x00002a64   0x0000000c   Code   RO         5892    i._ZN4Anki5Cozmo11ProxSensors19EnableCliffDetectorEb  proxsensors.o
    0x00002a70   0x0000000c   Code   RO         5893    i._ZN4Anki5Cozmo11ProxSensors6UpdateEv  proxsensors.o
    0x00002a7c   0x00000074   Code   RO         4312    i._ZN4Anki5Cozmo12Localization10GetHistIdxEjRt  localization.o
    0x00002af0   0x00000024   Code   RO         4314    i._ZN4Anki5Cozmo12Localization11GetCurrPoseEv  localization.o
    0x00002b14   0x00000040   Code   RO         4315    i._ZN4Anki5Cozmo12Localization11SetOnBridgeEb  localization.o
    0x00002b54   0x00000014   Code   RO         4316    i._ZN4Anki5Cozmo12Localization12ClearHistoryEv  localization.o
    0x00002b68   0x00000074   Code   RO         4317    i._ZN4Anki5Cozmo12Localization13AddPoseToHistEv  localization.o
    0x00002bdc   0x0000000c   Code   RO         4318    i._ZN4Anki5Cozmo12Localization13GetCurrPose_xEv  localization.o
    0x00002be8   0x0000000c   Code   RO         4319    i._ZN4Anki5Cozmo12Localization13GetCurrPose_yEv  localization.o
    0x00002bf4   0x0000000c   Code   RO         4320    i._ZN4Anki5Cozmo12Localization14GetPoseFrameIdEv  localization.o
    0x00002c00   0x00000010   Code   RO         4321    i._ZN4Anki5Cozmo12Localization14ResetPoseFrameEv  localization.o
    0x00002c10   0x0000000c   Code   RO         4322    i._ZN4Anki5Cozmo12Localization15GetPoseOriginIdEv  localization.o
    0x00002c1c   0x00000118   Code   RO         4323    i._ZN4Anki5Cozmo12Localization15InterpolatePoseEiifi  localization.o
    0x00002d34   0x0000000c   Code   RO         4324    i._ZN4Anki5Cozmo12Localization17GetCurrPose_angleEv  localization.o
    0x00002d40   0x00000020   Code   RO         4325    i._ZN4Anki5Cozmo12Localization17GetCurrentMatPoseERfS2_RNS_7RadiansE  localization.o
    0x00002d60   0x000000c8   Code   RO         4326    i._ZN4Anki5Cozmo12Localization17GetHistPoseAtTimeEjRNS_8Embedded6Pose2dE  localization.o
    0x00002e28   0x00000074   Code   RO         4327    i._ZN4Anki5Cozmo12Localization17SetCurrentMatPoseERKfS3_RKNS_7RadiansE  localization.o
    0x00002e9c   0x00000020   Code   RO         4328    i._ZN4Anki5Cozmo12Localization18GetDriveCenterPoseERfS2_RNS_7RadiansE  localization.o
    0x00002ebc   0x00000038   Code   RO         4329    i._ZN4Anki5Cozmo12Localization18GetHistPoseAtIndexEtRNS_8Embedded6Pose2dE  localization.o
    0x00002ef4   0x00000020   Code   RO         4332    i._ZN4Anki5Cozmo12Localization20GetDriveCenterOffsetEv  localization.o
    0x00002f14   0x0000000c   Code   RO         4333    i._ZN4Anki5Cozmo12Localization20SetDriveCenterOffsetEf  localization.o
    0x00002f20   0x0000000c   Code   RO         4334    i._ZN4Anki5Cozmo12Localization20SetMotionModelParamsEf  localization.o
    0x00002f2c   0x00000170   Code   RO         4335    i._ZN4Anki5Cozmo12Localization22UpdatePoseWithKeyframeEjjjfff  localization.o
    0x0000309c   0x0000006a   Code   RO         4336    i._ZN4Anki5Cozmo12Localization24ConvertToDriveCenterPoseERKNS_8Embedded6Pose2dERS3_  localization.o
    0x00003106   0x00000002   PAD
    0x00003108   0x00000064   Code   RO         4339    i._ZN4Anki5Cozmo12Localization4InitEv  localization.o
    0x0000316c   0x000002c0   Code   RO         4340    i._ZN4Anki5Cozmo12Localization6UpdateEv  localization.o
    0x0000342c   0x00000024   Code   RO         4342    i._ZN4Anki5Cozmo12Localization9GetDistToEff  localization.o
    0x00003450   0x0000003c   Code   RO         4343    i._ZN4Anki5Cozmo12Localization9SetOnRampEb  localization.o
    0x0000348c   0x00000028   Code   RO         4998    i._ZN4Anki5Cozmo12PathFollower12GetPathErrorERfS2_  pathfollower.o
    0x000034b4   0x00000020   Code   RO         4999    i._ZN4Anki5Cozmo12PathFollower12PathCompleteEv  pathfollower.o
    0x000034d4   0x0000000c   Code   RO         5001    i._ZN4Anki5Cozmo12PathFollower13GetLastPathIDEv  pathfollower.o
    0x000034e0   0x00000010   Code   RO         5003    i._ZN4Anki5Cozmo12PathFollower16IsTraversingPathEv  pathfollower.o
    0x000034f0   0x0000000c   Code   RO         5007    i._ZN4Anki5Cozmo12PathFollower18GetCurrPathSegmentEv  pathfollower.o
    0x000034fc   0x000001fc   Code   RO         5008    i._ZN4Anki5Cozmo12PathFollower18ProcessPathSegmentERfS2_  pathfollower.o
    0x000036f8   0x00000050   Code   RO         5009    i._ZN4Anki5Cozmo12PathFollower18SetManualPathSpeedEfff  pathfollower.o
    0x00003748   0x000000d8   Code   RO         5010    i._ZN4Anki5Cozmo12PathFollower18StartPathTraversalEtb  pathfollower.o
    0x00003820   0x0000000c   Code   RO         5011    i._ZN4Anki5Cozmo12PathFollower19IsInManualSpeedModeEv  pathfollower.o
    0x0000382c   0x00000060   Code   RO         5012    i._ZN4Anki5Cozmo12PathFollower21AppendPathSegment_ArcEjffffffff  pathfollower.o
    0x0000388c   0x00000058   Code   RO         5013    i._ZN4Anki5Cozmo12PathFollower22AppendPathSegment_LineEjfffffff  pathfollower.o
    0x000038e4   0x0000001c   Code   RO         5014    i._ZN4Anki5Cozmo12PathFollower22GetNumFreeSegmentSlotsEv  pathfollower.o
    0x00003900   0x0000005c   Code   RO         5015    i._ZN4Anki5Cozmo12PathFollower27AppendPathSegment_PointTurnEjfffffffb  pathfollower.o
    0x0000395c   0x00000078   Code   RO         5016    i._ZN4Anki5Cozmo12PathFollower27ProcessPathSegmentPointTurnERfS2_  pathfollower.o
    0x000039d4   0x0000000a   Code   RO         5017    i._ZN4Anki5Cozmo12PathFollower4InitEv  pathfollower.o
    0x000039de   0x00000002   PAD
    0x000039e0   0x00000148   Code   RO         5018    i._ZN4Anki5Cozmo12PathFollower6UpdateEv  pathfollower.o
    0x00003b28   0x00000030   Code   RO         5021    i._ZN4Anki5Cozmo12PathFollower8TrimPathEhh  pathfollower.o
    0x00003b58   0x00000018   Code   RO         5022    i._ZN4Anki5Cozmo12PathFollower8TrimPathEv  pathfollower.o
    0x00003b70   0x0000002c   Code   RO         5023    i._ZN4Anki5Cozmo12PathFollower9ClearPathEv  pathfollower.o
    0x00003b9c   0x0000000c   Code   RO         5024    i._ZN4Anki5Cozmo12PathFollower9PrintPathEv  pathfollower.o
    0x00003ba8   0x0000000c   Code   RO         3634    i._ZN4Anki5Cozmo14HeadController11GetAngleRadEv  headcontroller.o
    0x00003bb4   0x0000000c   Code   RO         3635    i._ZN4Anki5Cozmo14HeadController11SetAngleRadEf  headcontroller.o
    0x00003bc0   0x0000000c   Code   RO         3636    i._ZN4Anki5Cozmo14HeadController12IsCalibratedEv  headcontroller.o
    0x00003bcc   0x0000000c   Code   RO         3637    i._ZN4Anki5Cozmo14HeadController12IsInPositionEv  headcontroller.o
    0x00003bd8   0x00000018   Code   RO         3638    i._ZN4Anki5Cozmo14HeadController15SetDesiredAngleEf  headcontroller.o
    0x00003bf0   0x00000004   Code   RO         3639    i._ZN4Anki5Cozmo14HeadController15SetDesiredAngleEffff  headcontroller.o
    0x00003bf4   0x000000a0   Code   RO         3640    i._ZN4Anki5Cozmo14HeadController17CalibrationUpdateEv  headcontroller.o
    0x00003c94   0x0000006c   Code   RO         3642    i._ZN4Anki5Cozmo14HeadController18SetAngularVelocityEf  headcontroller.o
    0x00003d00   0x0000001c   Code   RO         3644    i._ZN4Anki5Cozmo14HeadController19SetMaxSpeedAndAccelEff  headcontroller.o
    0x00003d1c   0x00000030   Code   RO         3646    i._ZN4Anki5Cozmo14HeadController21ResetLowAnglePositionEv  headcontroller.o
    0x00003d4c   0x00000068   Code   RO         3647    i._ZN4Anki5Cozmo14HeadController22MotorBurnoutProtectionEv  headcontroller.o
    0x00003db4   0x0000002c   Code   RO         3648    i._ZN4Anki5Cozmo14HeadController23StartCalibrationRoutineEv  headcontroller.o
    0x00003de0   0x00000044   Code   RO         3649    i._ZN4Anki5Cozmo14HeadController24PoseAndSpeedFilterUpdateEv  headcontroller.o
    0x00003e24   0x00000218   Code   RO         3650    i._ZN4Anki5Cozmo14HeadController24SetDesiredAngle_internalEffff  headcontroller.o
    0x0000403c   0x0000000c   Code   RO         3652    i._ZN4Anki5Cozmo14HeadController6EnableEv  headcontroller.o
    0x00004048   0x0000017c   Code   RO         3653    i._ZN4Anki5Cozmo14HeadController6UpdateEv  headcontroller.o
    0x000041c4   0x00000034   Code   RO         3654    i._ZN4Anki5Cozmo14HeadController7DisableEv  headcontroller.o
    0x000041f8   0x00000030   Code   RO         3655    i._ZN4Anki5Cozmo14HeadController8IsMovingEv  headcontroller.o
    0x00004228   0x00000054   Code   RO         3656    i._ZN4Anki5Cozmo14HeadController8SetGainsEffff  headcontroller.o
    0x0000427c   0x00000060   Code   RO         3136    i._ZN4Anki5Cozmo14LiftController10Height2RadEf  liftcontroller.o
    0x000042dc   0x00000020   Code   RO         3137    i._ZN4Anki5Cozmo14LiftController10Rad2HeightEf  liftcontroller.o
    0x000042fc   0x0000000c   Code   RO         3138    i._ZN4Anki5Cozmo14LiftController11GetAngleRadEv  liftcontroller.o
    0x00004308   0x00000010   Code   RO         3139    i._ZN4Anki5Cozmo14LiftController11GetHeightMMEv  liftcontroller.o
    0x00004318   0x0000000c   Code   RO         3140    i._ZN4Anki5Cozmo14LiftController12IsCalibratedEv  liftcontroller.o
    0x00004324   0x0000000c   Code   RO         3141    i._ZN4Anki5Cozmo14LiftController12IsInPositionEv  liftcontroller.o
    0x00004330   0x0000000c   Code   RO         3142    i._ZN4Anki5Cozmo14LiftController16GetDesiredHeightEv  liftcontroller.o
    0x0000433c   0x00000014   Code   RO         3143    i._ZN4Anki5Cozmo14LiftController16SetDesiredHeightEf  liftcontroller.o
    0x00004350   0x00000004   Code   RO         3144    i._ZN4Anki5Cozmo14LiftController16SetDesiredHeightEffff  liftcontroller.o
    0x00004354   0x000000a8   Code   RO         3145    i._ZN4Anki5Cozmo14LiftController17CalibrationUpdateEv  liftcontroller.o
    0x000043fc   0x00000054   Code   RO         3148    i._ZN4Anki5Cozmo14LiftController18ResetAnglePositionEf  liftcontroller.o
    0x00004450   0x000000e0   Code   RO         3149    i._ZN4Anki5Cozmo14LiftController18SetAngularVelocityEf  liftcontroller.o
    0x00004530   0x0000001c   Code   RO         3151    i._ZN4Anki5Cozmo14LiftController19SetMaxSpeedAndAccelEff  liftcontroller.o
    0x0000454c   0x00000078   Code   RO         3152    i._ZN4Anki5Cozmo14LiftController22MotorBurnoutProtectionEv  liftcontroller.o
    0x000045c4   0x00000030   Code   RO         3153    i._ZN4Anki5Cozmo14LiftController23StartCalibrationRoutineEv  liftcontroller.o
    0x000045f4   0x00000050   Code   RO         3155    i._ZN4Anki5Cozmo14LiftController24PoseAndSpeedFilterUpdateEv  liftcontroller.o
    0x00004644   0x000001c8   Code   RO         3156    i._ZN4Anki5Cozmo14LiftController25SetDesiredHeight_internalEffff  liftcontroller.o
    0x0000480c   0x0000001c   Code   RO         3158    i._ZN4Anki5Cozmo14LiftController4InitEv  liftcontroller.o
    0x00004828   0x00000030   Code   RO         3160    i._ZN4Anki5Cozmo14LiftController6EnableEv  liftcontroller.o
    0x00004858   0x000001fc   Code   RO         3161    i._ZN4Anki5Cozmo14LiftController6UpdateEv  liftcontroller.o
    0x00004a54   0x00000044   Code   RO         3162    i._ZN4Anki5Cozmo14LiftController7DisableEb  liftcontroller.o
    0x00004a98   0x00000030   Code   RO         3163    i._ZN4Anki5Cozmo14LiftController8IsMovingEv  liftcontroller.o
    0x00004ac8   0x00000054   Code   RO         3164    i._ZN4Anki5Cozmo14LiftController8SetGainsEffff  liftcontroller.o
    0x00004b1c   0x00000008   Code   RO         5930    i._ZN4Anki5Cozmo14RobotInterface11SendMessageERKNS0_10CliffEventE  proxsensors.o
    0x00004b24   0x00000008   Code   RO         4520    i._ZN4Anki5Cozmo14RobotInterface11SendMessageERKNS0_17RampTraverseStartE  localization.o
    0x00004b2c   0x00000008   Code   RO         4526    i._ZN4Anki5Cozmo14RobotInterface11SendMessageERKNS0_20RampTraverseCompleteE  localization.o
    0x00004b34   0x00000008   Code   RO         3974    i._ZN4Anki5Cozmo14RobotInterface11SendMessageERKNS1_10RobotPokedE  imufilter.o
    0x00004b3c   0x00000084   Code   RO         2545    i._ZN4Anki5Cozmo14RobotInterface7SendLogEatthz  messages.o
    0x00004bc0   0x00000094   Code   RO         5408    i._ZN4Anki5Cozmo15SpeedController21RunAccelerationUpdateEv  speedcontroller.o
    0x00004c54   0x0000000c   Code   RO         5410    i._ZN4Anki5Cozmo15SpeedController28GetUserCommandedDecelerationEv  speedcontroller.o
    0x00004c60   0x0000000c   Code   RO         5411    i._ZN4Anki5Cozmo15SpeedController28SetUserCommandedAccelerationEt  speedcontroller.o
    0x00004c6c   0x0000000c   Code   RO         5412    i._ZN4Anki5Cozmo15SpeedController28SetUserCommandedDecelerationEt  speedcontroller.o
    0x00004c78   0x00000026   Code   RO         5413    i._ZN4Anki5Cozmo15SpeedController30GetCurrentMeasuredVehicleSpeedEv  speedcontroller.o
    0x00004c9e   0x00000002   PAD
    0x00004ca0   0x0000000c   Code   RO         5415    i._ZN4Anki5Cozmo15SpeedController34GetControllerCommandedVehicleSpeedEv  speedcontroller.o
    0x00004cac   0x00000018   Code   RO         5417    i._ZN4Anki5Cozmo15SpeedController35GetUserCommandedCurrentVehicleSpeedEv  speedcontroller.o
    0x00004cc4   0x0000000c   Code   RO         5418    i._ZN4Anki5Cozmo15SpeedController35GetUserCommandedDesiredVehicleSpeedEv  speedcontroller.o
    0x00004cd0   0x000000b8   Code   RO         5420    i._ZN4Anki5Cozmo15SpeedController35SetUserCommandedDesiredVehicleSpeedEs  speedcontroller.o
    0x00004d88   0x00000014   Code   RO         5422    i._ZN4Anki5Cozmo15SpeedController6ManageEv  speedcontroller.o
    0x00004d9c   0x00000014   Code   RO         5782    i._ZN4Anki5Cozmo15WheelController12SetCoastModeEb  wheelcontroller.o
    0x00004db0   0x0000001c   Code   RO         5783    i._ZN4Anki5Cozmo15WheelController15AreWheelsMovingEv  wheelcontroller.o
    0x00004dcc   0x0000002c   Code   RO         5784    i._ZN4Anki5Cozmo15WheelController16AreWheelsPoweredEv  wheelcontroller.o
    0x00004df8   0x000000a8   Code   RO         5785    i._ZN4Anki5Cozmo15WheelController17ComputeWheelPowerEfff  wheelcontroller.o
    0x00004ea0   0x00000018   Code   RO         5786    i._ZN4Anki5Cozmo15WheelController21GetDesiredWheelSpeedsERfS2_  wheelcontroller.o
    0x00004eb8   0x00000018   Code   RO         5787    i._ZN4Anki5Cozmo15WheelController21ResetIntegralGainSumsEv  wheelcontroller.o
    0x00004ed0   0x0000000c   Code   RO         5788    i._ZN4Anki5Cozmo15WheelController21SetDesiredWheelSpeedsEff  wheelcontroller.o
    0x00004edc   0x00000018   Code   RO         5789    i._ZN4Anki5Cozmo15WheelController22GetFilteredWheelSpeedsERfS2_  wheelcontroller.o
    0x00004ef4   0x0000003c   Code   RO         5791    i._ZN4Anki5Cozmo15WheelController27EncoderSpeedFilterIterationEv  wheelcontroller.o
    0x00004f30   0x00000018   Code   RO         5792    i._ZN4Anki5Cozmo15WheelController28GetAverageFilteredWheelSpeedEv  wheelcontroller.o
    0x00004f48   0x00000248   Code   RO         5793    i._ZN4Anki5Cozmo15WheelController3RunEv  wheelcontroller.o
    0x00005190   0x0000000c   Code   RO         5794    i._ZN4Anki5Cozmo15WheelController6EnableEv  wheelcontroller.o
    0x0000519c   0x00000018   Code   RO         5795    i._ZN4Anki5Cozmo15WheelController6ManageEv  wheelcontroller.o
    0x000051b4   0x0000003c   Code   RO         5796    i._ZN4Anki5Cozmo15WheelController7DisableEv  wheelcontroller.o
    0x000051f0   0x00000040   Code   RO         5797    i._ZN4Anki5Cozmo15WheelController8SetGainsEfff  wheelcontroller.o
    0x00005230   0x00000068   Code   RO         4077    i._ZN4Anki5Cozmo17DockingController11StopDockingEa  dockingcontroller.o
    0x00005298   0x00000030   Code   RO         4078    i._ZN4Anki5Cozmo17DockingController12StartDockingEffffffbjb  dockingcontroller.o
    0x000052c8   0x00000108   Code   RO         4079    i._ZN4Anki5Cozmo17DockingController13IsMarkerInFOVERKNS_8Embedded6Pose2dEf  dockingcontroller.o
    0x000053d0   0x0000000c   Code   RO         4080    i._ZN4Anki5Cozmo17DockingController13SetMaxRetriesEh  dockingcontroller.o
    0x000053dc   0x00000654   Code   RO         4082    i._ZN4Anki5Cozmo17DockingController14SetRelDockPoseEfffj  dockingcontroller.o
    0x00005a30   0x0000000c   Code   RO         4083    i._ZN4Anki5Cozmo17DockingController16GetDockingResultEv  dockingcontroller.o
    0x00005a3c   0x00000028   Code   RO         4085    i._ZN4Anki5Cozmo17DockingController16SetDockingMethodEh  dockingcontroller.o
    0x00005a64   0x00000020   Code   RO         4086    i._ZN4Anki5Cozmo17DockingController18DidLastDockSucceedEv  dockingcontroller.o
    0x00005a84   0x00000140   Code   RO         4087    i._ZN4Anki5Cozmo17DockingController18HighDockLiftUpdateEv  dockingcontroller.o
    0x00005bc4   0x00000054   Code   RO         4088    i._ZN4Anki5Cozmo17DockingController19SendGoalPoseMessageERKNS_8Embedded6Pose2dE  dockingcontroller.o
    0x00005c18   0x00000008   Code   RO         4090    i._ZN4Anki5Cozmo17DockingController20GetLastMarkerAbsPoseEv  dockingcontroller.o
    0x00005c20   0x00000020   Code   RO         4091    i._ZN4Anki5Cozmo17DockingController20RestoreSteeringGainsEv  dockingcontroller.o
    0x00005c40   0x0000003c   Code   RO         4092    i._ZN4Anki5Cozmo17DockingController21StartDockingToRelPoseEffffffb  dockingcontroller.o
    0x00005c7c   0x00000034   Code   RO         4093    i._ZN4Anki5Cozmo17DockingController21StartDocking_internalEfffb  dockingcontroller.o
    0x00005cb0   0x00000040   Code   RO         4094    i._ZN4Anki5Cozmo17DockingController23GetDistToLastDockMarkerEv  dockingcontroller.o
    0x00005cf0   0x00000022   Code   RO         4095    i._ZN4Anki5Cozmo17DockingController24SendDockingStatusMessageEa  dockingcontroller.o
    0x00005d12   0x00000002   PAD
    0x00005d14   0x00000050   Code   RO         4096    i._ZN4Anki5Cozmo17DockingController25ApplyDockingSteeringGainsEv  dockingcontroller.o
    0x00005d64   0x0000002c   Code   RO         4097    i._ZN4Anki5Cozmo17DockingController28SetDockingErrorSignalMessageERKNS0_18DockingErrorSignalE  dockingcontroller.o
    0x00005d90   0x00000080   Code   RO         4098    i._ZN4Anki5Cozmo17DockingController4InitEv  dockingcontroller.o
    0x00005e10   0x00000010   Code   RO         4099    i._ZN4Anki5Cozmo17DockingController6IsBusyEv  dockingcontroller.o
    0x00005e20   0x00000808   Code   RO         4100    i._ZN4Anki5Cozmo17DockingController6UpdateEv  dockingcontroller.o
    0x00006628   0x00000014   Code   RO         5519    i._ZN4Anki5Cozmo18SteeringController12SetSteerModeENS1_9SteerModeE  steeringcontroller.o
    0x0000663c   0x0000001c   Code   RO         5520    i._ZN4Anki5Cozmo18SteeringController13ExitPointTurnEv  steeringcontroller.o
    0x00006658   0x000003d8   Code   RO         5521    i._ZN4Anki5Cozmo18SteeringController15ManagePointTurnEv  steeringcontroller.o
    0x00006a30   0x000000e4   Code   RO         5522    i._ZN4Anki5Cozmo18SteeringController16ExecutePointTurnEff  steeringcontroller.o
    0x00006b14   0x000001fc   Code   RO         5523    i._ZN4Anki5Cozmo18SteeringController16ExecutePointTurnEfffffb  steeringcontroller.o
    0x00006d10   0x000000fc   Code   RO         5524    i._ZN4Anki5Cozmo18SteeringController16ManagePathFollowEv  steeringcontroller.o
    0x00006e0c   0x000000d4   Code   RO         5525    i._ZN4Anki5Cozmo18SteeringController17ManageDirectDriveEv  steeringcontroller.o
    0x00006ee0   0x0000000c   Code   RO         5526    i._ZN4Anki5Cozmo18SteeringController17SetPathFollowModeEv  steeringcontroller.o
    0x00006eec   0x00000068   Code   RO         5527    i._ZN4Anki5Cozmo18SteeringController17SetPointTurnGainsEffff  steeringcontroller.o
    0x00006f54   0x0000009c   Code   RO         5528    i._ZN4Anki5Cozmo18SteeringController18ExecuteDirectDriveEffff  steeringcontroller.o
    0x00006ff0   0x0000000c   Code   RO         5529    i._ZN4Anki5Cozmo18SteeringController19GetPathAngOffsetCapEv  steeringcontroller.o
    0x00006ffc   0x0000000c   Code   RO         5530    i._ZN4Anki5Cozmo18SteeringController20GetPathDistOffsetCapEv  steeringcontroller.o
    0x00007008   0x00000108   Code   RO         5531    i._ZN4Anki5Cozmo18SteeringController21CheckWheelSpeedLimitsERfS2_  steeringcontroller.o
    0x00007110   0x0000008c   Code   RO         5532    i._ZN4Anki5Cozmo18SteeringController21ExecuteDriveCurvatureEff  steeringcontroller.o
    0x0000719c   0x00000098   Code   RO         5536    i._ZN4Anki5Cozmo18SteeringController25ExecutePointTurn_InternalEff  steeringcontroller.o
    0x00007234   0x000001c8   Code   RO         5537    i._ZN4Anki5Cozmo18SteeringController25RunLineFollowControllerNLEff  steeringcontroller.o
    0x000073fc   0x00000020   Code   RO         5538    i._ZN4Anki5Cozmo18SteeringController6ManageEv  steeringcontroller.o
    0x0000741c   0x0000000c   Code   RO         5540    i._ZN4Anki5Cozmo18SteeringController7GetModeEv  steeringcontroller.o
    0x00007428   0x00000070   Code   RO         5541    i._ZN4Anki5Cozmo18SteeringController8SetGainsEffff  steeringcontroller.o
    0x00007498   0x0000000c   Code   RO         5542    i._ZN4Anki5Cozmo18SteeringController9GetK1GainEv  steeringcontroller.o
    0x000074a4   0x0000000c   Code   RO         5543    i._ZN4Anki5Cozmo18SteeringController9GetK2GainEv  steeringcontroller.o
    0x000074b0   0x00000070   Code   RO         5979    i._ZN4Anki5Cozmo18TestModeController5ResetEv  testmodecontroller.o
    0x00007520   0x00000030   Code   RO         5980    i._ZN4Anki5Cozmo18TestModeController5StartEhiii  testmodecontroller.o
    0x00007550   0x00000020   Code   RO         5981    i._ZN4Anki5Cozmo18TestModeController6UpdateEv  testmodecontroller.o
    0x00007570   0x0000000c   Code   RO         5982    i._ZN4Anki5Cozmo18TestModeController7GetModeEv  testmodecontroller.o
    0x0000757c   0x00000044   Code   RO         5230    i._ZN4Anki5Cozmo22PickAndPlaceController11DockToBlockEhffffffbh  pickandplacecontroller.o
    0x000075c0   0x0000000c   Code   RO         5231    i._ZN4Anki5Cozmo22PickAndPlaceController12GetCurActionEv  pickandplacecontroller.o
    0x000075cc   0x0000000a   Code   RO         5233    i._ZN4Anki5Cozmo22PickAndPlaceController13PlaceOnGroundEffffffb  pickandplacecontroller.o
    0x000075d6   0x00000002   PAD
    0x000075d8   0x0000000c   Code   RO         5234    i._ZN4Anki5Cozmo22PickAndPlaceController13SetCarryStateEh  pickandplacecontroller.o
    0x000075e4   0x00000010   Code   RO         5235    i._ZN4Anki5Cozmo22PickAndPlaceController15IsCarryingBlockEv  pickandplacecontroller.o
    0x000075f4   0x000000d0   Code   RO         5236    i._ZN4Anki5Cozmo22PickAndPlaceController15StartBackingOutEv  pickandplacecontroller.o
    0x000076c4   0x00000010   Code   RO         5237    i._ZN4Anki5Cozmo22PickAndPlaceController18UpdatePoseSnapshotEv  pickandplacecontroller.o
    0x000076d4   0x00000074   Code   RO         5238    i._ZN4Anki5Cozmo22PickAndPlaceController19SetRollActionParamsEfffjf  pickandplacecontroller.o
    0x00007748   0x0000002a   Code   RO         5240    i._ZN4Anki5Cozmo22PickAndPlaceController22SendBlockPickUpMessageEb  pickandplacecontroller.o
    0x00007772   0x00000022   Code   RO         5241    i._ZN4Anki5Cozmo22PickAndPlaceController22SendBlockPlacedMessageEb  pickandplacecontroller.o
    0x00007794   0x00000024   Code   RO         5242    i._ZN4Anki5Cozmo22PickAndPlaceController29SendMovingLiftPostDockMessageEv  pickandplacecontroller.o
    0x000077b8   0x00000022   Code   RO         5243    i._ZN4Anki5Cozmo22PickAndPlaceController31SendChargerMountCompleteMessageEb  pickandplacecontroller.o
    0x000077da   0x0000000a   Code   RO         5244    i._ZN4Anki5Cozmo22PickAndPlaceController4InitEv  pickandplacecontroller.o
    0x000077e4   0x00000010   Code   RO         5245    i._ZN4Anki5Cozmo22PickAndPlaceController5ResetEv  pickandplacecontroller.o
    0x000077f4   0x00000010   Code   RO         5246    i._ZN4Anki5Cozmo22PickAndPlaceController6IsBusyEv  pickandplacecontroller.o
    0x00007804   0x000008d8   Code   RO         5247    i._ZN4Anki5Cozmo22PickAndPlaceController6UpdateEv  pickandplacecontroller.o
    0x000080dc   0x0000002e   Code   RO         6018    i._ZN4Anki5Cozmo23BackpackLightController10TurnOffAllEv  backpacklightcontroller.o
    0x0000810a   0x00000002   PAD
    0x0000810c   0x00000040   Code   RO         6019    i._ZN4Anki5Cozmo23BackpackLightController11EnableLayerENS1_18BackpackLightLayerEb  backpacklightcontroller.o
    0x0000814c   0x0000001c   Code   RO         6020    i._ZN4Anki5Cozmo23BackpackLightController4InitEv  backpacklightcontroller.o
    0x00008168   0x00000010   Code   RO         6022    i._ZN4Anki5Cozmo23BackpackLightController6UpdateEv  backpacklightcontroller.o
    0x00008178   0x00000044   Code   RO         6024    i._ZN4Anki5Cozmo23BackpackLightController9SetParamsENS1_18BackpackLightLayerEhtthhhh  backpacklightcontroller.o
    0x000081bc   0x00000008   Code   RO         6025    i._ZN4Anki5Cozmo23BackpackLightController9SetParamsERKNS0_14RobotInterface14BackpackLightsE  backpacklightcontroller.o
    0x000081c4   0x00000018   Code   RO          246    i._ZN4Anki5Cozmo3HAL10CameraInitEv  camera.o
    0x000081dc   0x00000014   Code   RO          247    i._ZN4Anki5Cozmo3HAL11CameraStartEv  camera.o
    0x000081f0   0x000000d4   Code   RO          988    i._ZN4Anki5Cozmo3HAL11IMUReadDataERNS1_17IMU_DataStructureE  imu.o
    0x000082c4   0x00000268   Code   RO         1232    i._ZN4Anki5Cozmo3HAL12GetPropStateEiiiiihaa  cube.o
    0x0000852c   0x000002fc   Code   RO          577    i._ZN4Anki5Cozmo3HAL12JPEGCompressEii  enjpeg.o
    0x00008828   0x00000038   Code   RO         1157    i._ZN4Anki5Cozmo3HAL13MotorGetSpeedEh  motors.o
    0x00008860   0x00000040   Code   RO         1158    i._ZN4Anki5Cozmo3HAL13MotorSetPowerEhf  motors.o
    0x000088a0   0x00000008   Code   RO          248    i._ZN4Anki5Cozmo3HAL14GetHeadCamInfoEv  camera.o
    0x000088a8   0x0000002c   Code   RO          989    i._ZN4Anki5Cozmo3HAL14IMUReadRawDataEPsS2_Ph  imu.o
    0x000088d4   0x0000000c   Code   RO            5    i._ZN4Anki5Cozmo3HAL14IsVideoEnabledEv  main.o
    0x000088e0   0x00000038   Code   RO          527    i._ZN4Anki5Cozmo3HAL15GetMicroCounterEv  timer.o
    0x00008918   0x0000000c   Code   RO         1201    i._ZN4Anki5Cozmo3HAL15GetRawCliffDataEv  lights.o
    0x00008924   0x0000002c   Code   RO         1202    i._ZN4Anki5Cozmo3HAL15IsCliffDetectedEv  lights.o
    0x00008950   0x000000ac   Code   RO          990    i._ZN4Anki5Cozmo3HAL16IMUGetCameraTimeEPjPh  imu.o
    0x000089fc   0x00000048   Code   RO         1159    i._ZN4Anki5Cozmo3HAL16MotorGetPositionEh  motors.o
    0x00008a44   0x00000010   Code   RO         1057    i._ZN4Anki5Cozmo3HAL16RadioIsConnectedEv  wifi.o
    0x00008a54   0x000000b0   Code   RO         1058    i._ZN4Anki5Cozmo3HAL16RadioSendMessageEPKvth  wifi.o
    0x00008b04   0x0000000c   Code   RO         1059    i._ZN4Anki5Cozmo3HAL16RadioUpdateStateEhh  wifi.o
    0x00008b10   0x00000010   Code   RO            6    i._ZN4Anki5Cozmo3HAL16SetImageSendModeEha  main.o
    0x00008b20   0x0000000c   Code   RO          249    i._ZN4Anki5Cozmo3HAL17CameraGetScanLineEv  camera.o
    0x00008b2c   0x0000000c   Code   RO         2549    i._ZN4Anki5Cozmo3HAL18BatteryIsOnChargerEv  messages.o
    0x00008b38   0x00000018   Code   RO         1160    i._ZN4Anki5Cozmo3HAL18MotorResetPositionEh  motors.o
    0x00008b50   0x0000001e   Code   RO         1233    i._ZN4Anki5Cozmo3HAL19ReportUpAxisChangedEih  cube.o
    0x00008b6e   0x00000002   PAD
    0x00008b70   0x0000000c   Code   RO          251    i._ZN4Anki5Cozmo3HAL20CameraGetFrameNumberEv  camera.o
    0x00008b7c   0x00000004   Code   RO          252    i._ZN4Anki5Cozmo3HAL22CameraGetExposureDelayEv  camera.o
    0x00008b80   0x0000001c   Code   RO          991    i._ZN4Anki5Cozmo3HAL24IMUSetCalibrationOffsetsEPKsS3_  imu.o
    0x00008b9c   0x00000018   Code   RO          624    i._ZN4Anki5Cozmo3HAL3DAC11EnableAudioEb  dac.o
    0x00008bb4   0x00000050   Code   RO          625    i._ZN4Anki5Cozmo3HAL3DAC4FeedEbPh  dac.o
    0x00008c04   0x00000070   Code   RO          626    i._ZN4Anki5Cozmo3HAL3DAC4InitEv  dac.o
    0x00008c74   0x0000001c   Code   RO          627    i._ZN4Anki5Cozmo3HAL3DAC4MuteEv  dac.o
    0x00008c90   0x00000028   Code   RO          628    i._ZN4Anki5Cozmo3HAL3DAC4SyncEv  dac.o
    0x00008cb8   0x00000068   Code   RO          629    i._ZN4Anki5Cozmo3HAL3DAC4ToneEf  dac.o
    0x00008d20   0x000000b8   Code   RO          390    i._ZN4Anki5Cozmo3HAL3I2C4InitEv  i2c.o
    0x00008dd8   0x0000002c   Code   RO          391    i._ZN4Anki5Cozmo3HAL3I2C4ReadEhh  i2c.o
    0x00008e04   0x00000020   Code   RO          392    i._ZN4Anki5Cozmo3HAL3I2C5FlushEv  i2c.o
    0x00008e24   0x00000004   Code   RO          393    i._ZN4Anki5Cozmo3HAL3I2C5WriteEhPKhih  i2c.o
    0x00008e28   0x00000034   Code   RO          394    i._ZN4Anki5Cozmo3HAL3I2C6EnableEv  i2c.o
    0x00008e5c   0x00000038   Code   RO          396    i._ZN4Anki5Cozmo3HAL3I2C7ReadRegEhh  i2c.o
    0x00008e94   0x00000030   Code   RO          397    i._ZN4Anki5Cozmo3HAL3I2C8FullStopEv  i2c.o
    0x00008ec4   0x0000001e   Code   RO          398    i._ZN4Anki5Cozmo3HAL3I2C8WriteRegEhhh  i2c.o
    0x00008ee2   0x00000002   PAD
    0x00008ee4   0x00000010   Code   RO          400    i._ZN4Anki5Cozmo3HAL3I2C9SetupReadEPviPFvPKvE  i2c.o
    0x00008ef4   0x00000078   Code   RO          992    i._ZN4Anki5Cozmo3HAL3IMU4InitEv  imu.o
    0x00008f6c   0x00000088   Code   RO          993    i._ZN4Anki5Cozmo3HAL3IMU6ManageEv  imu.o
    0x00008ff4   0x00000008   Code   RO          994    i._ZN4Anki5Cozmo3HAL3IMU6ReadIDEv  imu.o
    0x00008ffc   0x00000010   Code   RO          756    i._ZN4Anki5Cozmo3HAL3SPI10ManageDropEv  spi.o
    0x0000900c   0x0000004c   Code   RO          757    i._ZN4Anki5Cozmo3HAL3SPI12EnterOTAModeEv  spi.o
    0x00009058   0x00000058   Code   RO          758    i._ZN4Anki5Cozmo3HAL3SPI12FinalizeDropEibj  spi.o
    0x000090b0   0x00000014   Code   RO          759    i._ZN4Anki5Cozmo3HAL3SPI17EnterRecoveryModeEv  spi.o
    0x000090c4   0x00000070   Code   RO          760    i._ZN4Anki5Cozmo3HAL3SPI4InitEv  spi.o
    0x00009134   0x00000080   Code   RO          761    i._ZN4Anki5Cozmo3HAL3SPI7InitDMAEv  spi.o
    0x000091b4   0x0000003c   Code   RO          762    i._ZN4Anki5Cozmo3HAL3SPI8StartDMAEv  spi.o
    0x000091f0   0x00000048   Code   RO          700    i._ZN4Anki5Cozmo3HAL4OLED4InitEv  oled.o
    0x00009238   0x000000a0   Code   RO          701    i._ZN4Anki5Cozmo3HAL4OLED8FeedFaceEbPKh  oled.o
    0x000092d8   0x00000040   Code   RO          702    i._ZN4Anki5Cozmo3HAL4OLED9ClearFaceEv  oled.o
    0x00009318   0x00000018   Code   RO          871    i._ZN4Anki5Cozmo3HAL4UART11WaitForSyncEv  uart.o
    0x00009330   0x0000000c   Code   RO          872    i._ZN4Anki5Cozmo3HAL4UART12SendCrashLogEPKvi  uart.o
    0x0000933c   0x0000007c   Code   RO          873    i._ZN4Anki5Cozmo3HAL4UART4InitEv  uart.o
    0x000093b8   0x0000000c   Code   RO          874    i._ZN4Anki5Cozmo3HAL4UART5pauseEv  uart.o
    0x000093c4   0x00000128   Code   RO          875    i._ZN4Anki5Cozmo3HAL4UART8TransmitEv  uart.o
    0x000094ec   0x00000048   Code   RO          950    i._ZN4Anki5Cozmo3HAL4UART9DebugInitEv  debug.o
    0x00009534   0x0000000c   Code   RO          876    i._ZN4Anki5Cozmo3HAL4UART9FoundSyncEv  uart.o
    0x00009540   0x00000088   Code   RO         1060    i._ZN4Anki5Cozmo3HAL4WiFi14ReceiveMessageEPhh  wifi.o
    0x000095c8   0x000000d8   Code   RO         1061    i._ZN4Anki5Cozmo3HAL4WiFi6UpdateEv  wifi.o
    0x000096a0   0x00000030   Code   RO         1062    i._ZN4Anki5Cozmo3HAL4WiFi9GetTxDataEPhh  wifi.o
    0x000096d0   0x00000020   Code   RO         1403    i._ZN4Anki5Cozmo3HAL5Power14enterSleepModeEv  power.o
    0x000096f0   0x000000c0   Code   RO         1404    i._ZN4Anki5Cozmo3HAL5Power15enableEspressifEv  power.o
    0x000097b0   0x0000007c   Code   RO         1301    i._ZN4Anki5Cozmo3HAL5Spine6ManageEv  spine.o
    0x0000982c   0x0000004c   Code   RO         1302    i._ZN4Anki5Cozmo3HAL5Spine7DequeueEP14CladBufferDown  spine.o
    0x00009878   0x00000094   Code   RO         1303    i._ZN4Anki5Cozmo3HAL5Spine7EnqueueEPKvhh  spine.o
    0x0000990c   0x00000084   Code   RO          253    i._ZN4Anki5Cozmo3HAL6InitIOEv  camera.o
    0x00009990   0x00000002   Code   RO         1203    i._ZN4Anki5Cozmo3HAL6SetLEDEht  lights.o
    0x00009992   0x00000020   Code   RO            8    i._ZN4Anki5Cozmo3HAL7HALExecEv  main.o
    0x000099b2   0x0000000e   Code   RO            9    i._ZN4Anki5Cozmo3HAL7HALInitEv  main.o
    0x000099c0   0x0000006c   Code   RO          254    i._ZN4Anki5Cozmo3HAL7InitCamEv  camera.o
    0x00009a2c   0x00000090   Code   RO          255    i._ZN4Anki5Cozmo3HAL7InitDMAEv  camera.o
    0x00009abc   0x000008cc   Code   RO          578    i._ZN4Anki5Cozmo3HAL7unrowB2Ev  enjpeg.o
    0x0000a388   0x00000038   Code   RO         1338    i._ZN4Anki5Cozmo3HAL8Watchdog3petEv  watchdog.o
    0x0000a3c0   0x0000004c   Code   RO         1339    i._ZN4Anki5Cozmo3HAL8Watchdog4initEv  watchdog.o
    0x0000a40c   0x00000014   Code   RO         1340    i._ZN4Anki5Cozmo3HAL8Watchdog4kickEh  watchdog.o
    0x0000a420   0x00000044   Code   RO         1341    i._ZN4Anki5Cozmo3HAL8Watchdog7suspendEv  watchdog.o
    0x0000a464   0x00000018   Code   RO          529    i._ZN4Anki5Cozmo3HAL9MicroWaitEj  timer.o
    0x0000a47c   0x00000118   Code   RO          579    i._ZN4Anki5Cozmo3HAL9simcolB2xEPh  enjpeg.o
    0x0000a594   0x00000118   Code   RO          580    i._ZN4Anki5Cozmo3HAL9simcolB2yEPh  enjpeg.o
    0x0000a6ac   0x0000000c   Code   RO         2426    i._ZN4Anki5Cozmo5Robot16GetOperationModeEv  cozmobot.o
    0x0000a6b8   0x000001d4   Code   RO         2429    i._ZN4Anki5Cozmo5Robot18step_MainExecutionEv  cozmobot.o
    0x0000a88c   0x0000002a   Code   RO         2430    i._ZN4Anki5Cozmo5Robot22MotorCalibrationUpdateEv  cozmobot.o
    0x0000a8b6   0x00000002   PAD
    0x0000a8b8   0x0000007c   Code   RO         2431    i._ZN4Anki5Cozmo5Robot4InitEv  cozmobot.o
    0x0000a934   0x0000003c   Code   RO         2550    i._ZN4Anki5Cozmo8Messages12Process_stopERKNS0_14RobotInterface13StopAllMotorsE  messages.o
    0x0000a970   0x00000054   Code   RO         2552    i._ZN4Anki5Cozmo8Messages13Process_driveERKNS0_14RobotInterface11DriveWheelsE  messages.o
    0x0000a9c4   0x0000025c   Code   RO         2553    i._ZN4Anki5Cozmo8Messages14ProcessMessageERNS0_14RobotInterface13EngineToRobotE  messages.o
    0x0000ac20   0x00000008   Code   RO         2555    i._ZN4Anki5Cozmo8Messages16Process_moveHeadERKNS0_14RobotInterface8MoveHeadE  messages.o
    0x0000ac28   0x00000008   Code   RO         2556    i._ZN4Anki5Cozmo8Messages16Process_moveLiftERKNS0_14RobotInterface8MoveLiftE  messages.o
    0x0000ac30   0x00000050   Code   RO         2557    i._ZN4Anki5Cozmo8Messages16Process_syncTimeERKNS0_14RobotInterface8SyncTimeE  messages.o
    0x0000ac80   0x00000008   Code   RO         2558    i._ZN4Anki5Cozmo8Messages16Process_trimPathERKNS0_14RobotInterface8TrimPathE  messages.o
    0x0000ac88   0x00000010   Code   RO         2560    i._ZN4Anki5Cozmo8Messages17Process_clearPathERKNS0_14RobotInterface9ClearPathE  messages.o
    0x0000ac98   0x0000002c   Code   RO         2561    i._ZN4Anki5Cozmo8Messages17Process_headAngleERKNS0_14RobotInterface12SetHeadAngleE  messages.o
    0x0000acc4   0x00000030   Code   RO         2562    i._ZN4Anki5Cozmo8Messages17Process_wifiStateERKNS0_9WiFiStateE  messages.o
    0x0000acf4   0x000000e4   Code   RO         2563    i._ZN4Anki5Cozmo8Messages17SendRobotStateMsgEPKNS0_10RobotStateE  messages.o
    0x0000add8   0x0000002c   Code   RO         2566    i._ZN4Anki5Cozmo8Messages18Process_liftHeightERKNS0_14RobotInterface13SetLiftHeightE  messages.o
    0x0000ae04   0x00000040   Code   RO         2567    i._ZN4Anki5Cozmo8Messages18Process_powerStateERKNS0_10PowerStateE  messages.o
    0x0000ae44   0x00000002   Code   RO         2568    i._ZN4Anki5Cozmo8Messages19ProcessBTLEMessagesEv  messages.o
    0x0000ae46   0x00000022   Code   RO         2569    i._ZN4Anki5Cozmo8Messages19Process_executePathERKNS0_14RobotInterface11ExecutePathE  messages.o
    0x0000ae68   0x00000198   Code   RO         2570    i._ZN4Anki5Cozmo8Messages19UpdateRobotStateMsgEv  messages.o
    0x0000b000   0x00000028   Code   RO         2572    i._ZN4Anki5Cozmo8Messages20Process_getPropStateERKNS0_9PropStateE  messages.o
    0x0000b028   0x0000001c   Code   RO         2573    i._ZN4Anki5Cozmo8Messages20Process_imageRequestERKNS0_14RobotInterface12ImageRequestE  messages.o
    0x0000b044   0x00000012   Code   RO         2574    i._ZN4Anki5Cozmo8Messages20Process_setBodyAngleERKNS0_14RobotInterface12SetBodyAngleE  messages.o
    0x0000b056   0x00000002   PAD
    0x0000b058   0x00000040   Code   RO         2576    i._ZN4Anki5Cozmo8Messages21Process_animHeadAngleERKNS0_12AnimKeyFrame9HeadAngleE  messages.o
    0x0000b098   0x0000001c   Code   RO         2579    i._ZN4Anki5Cozmo8Messages22Process_animBodyMotionERKNS0_12AnimKeyFrame10BodyMotionE  messages.o
    0x0000b0b4   0x00000030   Code   RO         2580    i._ZN4Anki5Cozmo8Messages22Process_animLiftHeightERKNS0_12AnimKeyFrame10LiftHeightE  messages.o
    0x0000b0e4   0x0000006c   Code   RO         2581    i._ZN4Anki5Cozmo8Messages22Process_dockWithObjectERKNS0_14DockWithObjectE  messages.o
    0x0000b150   0x0000001c   Code   RO         2582    i._ZN4Anki5Cozmo8Messages22Process_driveCurvatureERKNS0_14RobotInterface20DriveWheelsCurvatureE  messages.o
    0x0000b16c   0x00000022   Code   RO         2586    i._ZN4Anki5Cozmo8Messages23Process_animEventToRTIPERKNS0_14RobotInterface15AnimEventToRTIPE  messages.o
    0x0000b18e   0x0000000e   Code   RO         2587    i._ZN4Anki5Cozmo8Messages23Process_enableLiftPowerERKNS0_14RobotInterface15EnableLiftPowerE  messages.o
    0x0000b19c   0x00000008   Code   RO         2588    i._ZN4Anki5Cozmo8Messages23Process_headAngleUpdateERKNS0_14RobotInterface15HeadAngleUpdateE  messages.o
    0x0000b1a4   0x0000001a   Code   RO         2590    i._ZN4Anki5Cozmo8Messages23SendMotorCalibrationMsgEhb  messages.o
    0x0000b1be   0x0000000a   Code   RO         2592    i._ZN4Anki5Cozmo8Messages24Process_appendPathSegArcERKNS0_14RobotInterface20AppendPathSegmentArcE  messages.o
    0x0000b1c8   0x00000010   Code   RO         2594    i._ZN4Anki5Cozmo8Messages24Process_rollActionParamsERKNS0_14RobotInterface16RollActionParamsE  messages.o
    0x0000b1d8   0x0000000a   Code   RO         2596    i._ZN4Anki5Cozmo8Messages25Process_appendPathSegLineERKNS0_14RobotInterface21AppendPathSegmentLineE  messages.o
    0x0000b1e2   0x0000001e   Code   RO         2598    i._ZN4Anki5Cozmo8Messages25Process_enableStopOnCliffERKNS0_14RobotInterface17EnableStopOnCliffE  messages.o
    0x0000b200   0x00000038   Code   RO         2600    i._ZN4Anki5Cozmo8Messages25Process_setBackpackLightsERKNS0_14RobotInterface14BackpackLightsE  messages.o
    0x0000b238   0x00000008   Code   RO         2601    i._ZN4Anki5Cozmo8Messages25Process_setIMUCalibrationERKNS0_14RobotInterface18IMUCalibrationDataE  messages.o
    0x0000b240   0x00000036   Code   RO         2602    i._ZN4Anki5Cozmo8Messages26Process_animBackpackLightsERKNS0_12AnimKeyFrame14BackpackLightsE  messages.o
    0x0000b276   0x00000064   Code   RO         2605    i._ZN4Anki5Cozmo8Messages26Process_setControllerGainsERKNS0_14RobotInterface15ControllerGainsE  messages.o
    0x0000b2da   0x00000008   Code   RO         2606    i._ZN4Anki5Cozmo8Messages26Process_turnInPlaceAtSpeedERKNS0_14RobotInterface18TurnInPlaceAtSpeedE  messages.o
    0x0000b2e2   0x00000014   Code   RO         2608    i._ZN4Anki5Cozmo8Messages27Process_placeObjectOnGroundERKNS0_19PlaceObjectOnGroundE  messages.o
    0x0000b2f6   0x00000008   Code   RO         2610    i._ZN4Anki5Cozmo8Messages28Process_setMotionModelParamsERKNS0_14RobotInterface20SetMotionModelParamsE  messages.o
    0x0000b2fe   0x00000042   Code   RO         2611    i._ZN4Anki5Cozmo8Messages29Process_absLocalizationUpdateERKNS0_14RobotInterface26AbsoluteLocalizationUpdateE  messages.o
    0x0000b340   0x0000001c   Code   RO         2614    i._ZN4Anki5Cozmo8Messages29Process_startMotorCalibrationERKNS0_14RobotInterface21StartMotorCalibrationE  messages.o
    0x0000b35c   0x00000016   Code   RO         2615    i._ZN4Anki5Cozmo8Messages30Process_appendPathSegPointTurnERKNS0_14RobotInterface26AppendPathSegmentPointTurnE  messages.o
    0x0000b372   0x00000002   PAD
    0x0000b374   0x000000f0   Code   RO         2617    i._ZN4Anki5Cozmo8Messages30Process_enableReadToolCodeModeERKNS0_14RobotInterface22EnableReadToolCodeModeE  messages.o
    0x0000b464   0x0000000a   Code   RO         2619    i._ZN4Anki5Cozmo8Messages31Process_startControllerTestModeERKNS0_23StartControllerTestModeE  messages.o
    0x0000b46e   0x00000002   PAD
    0x0000b470   0x0000000c   Code   RO         2623    i._ZN4Anki5Cozmo8Messages9ResetInitEv  messages.o
    0x0000b47c   0x000000d8   Code   RO         3799    i._ZN4Anki5Cozmo9IMUFilter10DetectPokeEv  imufilter.o
    0x0000b554   0x0000000c   Code   RO         3800    i._ZN4Anki5Cozmo9IMUFilter10IsPickedUpEv  imufilter.o
    0x0000b560   0x0000000c   Code   RO         3801    i._ZN4Anki5Cozmo9IMUFilter11GetRotationEv  imufilter.o
    0x0000b56c   0x00000078   Code   RO         3802    i._ZN4Anki5Cozmo9IMUFilter11UpdatePitchEv  imufilter.o
    0x0000b5e4   0x0000007c   Code   RO         3803    i._ZN4Anki5Cozmo9IMUFilter12DetectMotionEv  imufilter.o
    0x0000b660   0x000001c8   Code   RO         3804    i._ZN4Anki5Cozmo9IMUFilter12DetectPickupEv  imufilter.o
    0x0000b828   0x0000003c   Code   RO         3805    i._ZN4Anki5Cozmo9IMUFilter13DetectFallingEv  imufilter.o
    0x0000b864   0x00000038   Code   RO         3806    i._ZN4Anki5Cozmo9IMUFilter13RecordAndSendEj  imufilter.o
    0x0000b89c   0x0000001c   Code   RO         3808    i._ZN4Anki5Cozmo9IMUFilter14MotionDetectedEv  imufilter.o
    0x0000b8b8   0x00000060   Code   RO         3809    i._ZN4Anki5Cozmo9IMUFilter15DetectNsideDownEv  imufilter.o
    0x0000b918   0x00000028   Code   RO         3810    i._ZN4Anki5Cozmo9IMUFilter15SetPickupDetectEb  imufilter.o
    0x0000b940   0x0000000c   Code   RO         3811    i._ZN4Anki5Cozmo9IMUFilter16GetLatestRawDataEv  imufilter.o
    0x0000b94c   0x0000000c   Code   RO         3812    i._ZN4Anki5Cozmo9IMUFilter16GetRotationSpeedEv  imufilter.o
    0x0000b958   0x00000014   Code   RO         3813    i._ZN4Anki5Cozmo9IMUFilter18EnablePickupDetectEb  imufilter.o
    0x0000b96c   0x0000004c   Code   RO         3814    i._ZN4Anki5Cozmo9IMUFilter18UpdateCameraMotionEv  imufilter.o
    0x0000b9b8   0x000000a0   Code   RO         3817    i._ZN4Anki5Cozmo9IMUFilter20UpdateEventDetectionEv  imufilter.o
    0x0000ba58   0x00000028   Code   RO         3818    i._ZN4Anki5Cozmo9IMUFilter21EnablePickupParalysisEb  imufilter.o
    0x0000ba80   0x0000004c   Code   RO         3819    i._ZN4Anki5Cozmo9IMUFilter21HandlePickupParalysisEv  imufilter.o
    0x0000bacc   0x000002e0   Code   RO         3820    i._ZN4Anki5Cozmo9IMUFilter21MadgwickAHRSupdateIMUEffffff  imufilter.o
    0x0000bdac   0x00000068   Code   RO         3822    i._ZN4Anki5Cozmo9IMUFilter27CheckUnintendedAccelerationEv  imufilter.o
    0x0000be14   0x00000018   Code   RO         3823    i._ZN4Anki5Cozmo9IMUFilter5ResetEv  imufilter.o
    0x0000be2c   0x00000284   Code   RO         3824    i._ZN4Anki5Cozmo9IMUFilter6UpdateEv  imufilter.o
    0x0000c0b0   0x0000002c   Code   RO         3825    i._ZN4Anki5Cozmo9IMUFilter7invSqrtEf  imufilter.o
    0x0000c0dc   0x0000000c   Code   RO         3826    i._ZN4Anki5Cozmo9IMUFilter8GetPitchEv  imufilter.o
    0x0000c0e8   0x00000038   Code   RO         3415    i._ZN4Anki7Radians15angularDistanceERKS0_b  radians.o
    0x0000c120   0x000000a8   Code   RO         3417    i._ZN4Anki7Radians7rescaleEv  radians.o
    0x0000c1c8   0x0000000e   Code   RO         3418    i._ZN4Anki7RadiansC1ERKS0_  radians.o
    0x0000c1d6   0x00000012   Code   RO         3419    i._ZN4Anki7RadiansC1Ef  radians.o
    0x0000c1e8   0x00000014   Code   RO         3420    i._ZN4Anki7RadiansC1Ev  radians.o
    0x0000c1fc   0x0000000e   Code   RO         3421    i._ZN4Anki7RadiansaSERKS0_  radians.o
    0x0000c20a   0x00000008   Code   RO         3422    i._ZN4Anki7RadiansaSEf  radians.o
    0x0000c212   0x0000001c   Code   RO         3426    i._ZN4Anki7RadiansmLEf  radians.o
    0x0000c22e   0x0000001c   Code   RO         3428    i._ZN4Anki7RadianspLEf  radians.o
    0x0000c24a   0x00000008   Code   RO         4607    i._ZN4Anki8Embedded10Rotation2d6InvertEv  localization_geometry.o
    0x0000c252   0x00000004   Code   RO         4608    i._ZN4Anki8Embedded10Rotation2dC1ENS_7RadiansE  localization_geometry.o
    0x0000c256   0x00000012   Code   RO         4742    i._ZN4Anki8Embedded6Pose2dC1ENS0_7Point2fENS0_10Rotation2dE  localization_geometry.o
    0x0000c268   0x00000020   Code   RO         4514    i._ZN4Anki8Embedded6Pose2dC1EffNS_7RadiansE  localization.o
    0x0000c288   0x0000003c   Code   RO         4232    i._ZN4Anki8Embedded6Pose2dC1Ev  dockingcontroller.o
    0x0000c2c4   0x0000001a   Code   RO         4244    i._ZN4Anki8Embedded6Pose2daSERKS1_  dockingcontroller.o
    0x0000c2de   0x00000072   Code   RO         4610    i._ZN4Anki8Embedded6Pose2dmlERKS1_  localization_geometry.o
    0x0000c350   0x00000012   Code   RO         4611    i._ZN4Anki8Embedded7Point2fC1ERKS1_  localization_geometry.o
    0x0000c362   0x00000006   Code   RO         4612    i._ZN4Anki8Embedded7Point2fC1Eff  localization_geometry.o
    0x0000c368   0x00000014   Code   RO         4613    i._ZN4Anki8Embedded7Point2fC1Ev  localization_geometry.o
    0x0000c37c   0x00000012   Code   RO         4614    i._ZN4Anki8Embedded7Point2faSERKS1_  localization_geometry.o
    0x0000c38e   0x00000022   Code   RO         4618    i._ZN4Anki8Embedded7Point2fpLERKS1_  localization_geometry.o
    0x0000c3b0   0x00000080   Code   RO         4763    i._ZN4Anki8Planning11PathSegment10DefineLineEfffffff  path.o
    0x0000c430   0x00000020   Code   RO         4765    i._ZN4Anki8Planning11PathSegment15DefinePointTurnEfffffffb  path.o
    0x0000c450   0x00000008   Code   RO         4766    i._ZN4Anki8Planning11PathSegment15SetSpeedProfileEfff  path.o
    0x0000c458   0x00000088   Code   RO         4767    i._ZN4Anki8Planning11PathSegment9DefineArcEffffffff  path.o
    0x0000c4e0   0x00000006   Code   RO         4957    i._ZN4Anki8Planning11PathSegmentC1Ev  path.o
    0x0000c4e6   0x00000066   Code   RO         4770    i._ZN4Anki8Planning4Path10AppendLineEjfffffff  path.o
    0x0000c54c   0x00000068   Code   RO         4772    i._ZN4Anki8Planning4Path15AppendPointTurnEjfffffffb  path.o
    0x0000c5b4   0x00000038   Code   RO         4773    i._ZN4Anki8Planning4Path5ClearEv  path.o
    0x0000c5ec   0x000000d0   Code   RO         4774    i._ZN4Anki8Planning4Path6AddArcEffffffff  path.o
    0x0000c6bc   0x00000044   Code   RO         4775    i._ZN4Anki8Planning4Path7PopBackEh  path.o
    0x0000c700   0x0000005a   Code   RO         4776    i._ZN4Anki8Planning4Path8PopFrontEh  path.o
    0x0000c75a   0x00000002   PAD
    0x0000c75c   0x000002d4   Code   RO         4777    i._ZN4Anki8Planning4Path9AppendArcEjffffffff  path.o
    0x0000ca30   0x0000002c   Code   RO         4779    i._ZN4Anki8Planning4PathC1Ev  path.o
    0x0000ca5c   0x0000000c   Code   RO         5170    i._ZN4Anki8Planning4PathixEh  pathfollower.o
    0x0000ca68   0x00000040   Code   RO         3430    i._ZN4AnkieqERKNS_7RadiansES2_  radians.o
    0x0000caa8   0x0000001c   Code   RO         3431    i._ZN4AnkigeERKNS_7RadiansES2_  radians.o
    0x0000cac4   0x00000026   Code   RO         3432    i._ZN4AnkigtERKNS_7RadiansES2_  radians.o
    0x0000caea   0x0000000a   Code   RO         3434    i._ZN4AnkiltERKNS_7RadiansES2_  radians.o
    0x0000caf4   0x00000020   Code   RO         3435    i._ZN4AnkimiERKNS_7RadiansES2_  radians.o
    0x0000cb14   0x00000018   Code   RO         3436    i._ZN4AnkimiERKNS_7RadiansEf  radians.o
    0x0000cb2c   0x00000018   Code   RO         3437    i._ZN4AnkimiEfRKNS_7RadiansE  radians.o
    0x0000cb44   0x00000020   Code   RO         3438    i._ZN4AnkimlERKNS_7RadiansEf  radians.o
    0x0000cb64   0x00000004   Code   RO         3439    i._ZN4AnkimlEfRKNS_7RadiansE  radians.o
    0x0000cb68   0x0000000c   Code   RO         3440    i._ZN4AnkineERKNS_7RadiansES2_  radians.o
    0x0000cb74   0x00000020   Code   RO         3441    i._ZN4AnkiplERKNS_7RadiansES2_  radians.o
    0x0000cb94   0x00000018   Code   RO         3442    i._ZN4AnkiplERKNS_7RadiansEf  radians.o
    0x0000cbac   0x00000006   Code   RO         1533    i._ZNK4Anki5Cozmo12AnimKeyFrame9FaceImage4SizeEv  clad.o
    0x0000cbb2   0x0000000a   Code   RO         1537    i._ZNK4Anki5Cozmo14RobotInterface10PrintTrace4SizeEv  clad.o
    0x0000cbbc   0x0000037a   Code   RO         1540    i._ZNK4Anki5Cozmo14RobotInterface13EngineToRobot4SizeEv  clad.o
    0x0000cf36   0x00000004   Code   RO         1548    i._ZNK4Anki5Cozmo14RobotInterface18NVReadResultToBody4SizeEv  clad.o
    0x0000cf3a   0x00000006   Code   RO         1557    i._ZNK4Anki5Cozmo16WriteBodyStorage4SizeEv  clad.o
    0x0000cf40   0x00000006   Code   RO         1559    i._ZNK4Anki5Cozmo19BodyStorageContents4SizeEv  clad.o
    0x0000cf46   0x0000000a   Code   RO         1563    i._ZNK4Anki5Cozmo9CubeSlots4SizeEv  clad.o
    0x0000cf50   0x00000006   Code   RO         1565    i._ZNK4Anki5Cozmo9NVStorage13NVStorageBlob4SizeEv  clad.o
    0x0000cf56   0x0000000c   Code   RO         1567    i._ZNK4Anki5Cozmo9NVStorage14NVStorageWrite4SizeEv  clad.o
    0x0000cf62   0x00000006   Code   RO         1569    i._ZNK4Anki5Cozmo9NVStorage9NVWipeAll4SizeEv  clad.o
    0x0000cf68   0x00000014   Code   RO         3444    i._ZNK4Anki7Radians10getDegreesEv  radians.o
    0x0000cf7c   0x0000000e   Code   RO         4619    i._ZNK4Anki8Embedded10Rotation2d10GetInverseEv  localization_geometry.o
    0x0000cf8a   0x00000004   Code   RO         4620    i._ZNK4Anki8Embedded10Rotation2d8GetAngleEv  localization_geometry.o
    0x0000cf8e   0x00000058   Code   RO         4621    i._ZNK4Anki8Embedded10Rotation2dmlERKNS0_7Point2fE  localization_geometry.o
    0x0000cfe6   0x00000014   Code   RO         4622    i._ZNK4Anki8Embedded10Rotation2dmlERKS1_  localization_geometry.o
    0x0000cffa   0x00000042   Code   RO         4623    i._ZNK4Anki8Embedded6Pose2d16GetWithRespectToERKS1_  localization_geometry.o
    0x0000d03c   0x00000006   Code   RO         4238    i._ZNK4Anki8Embedded6Pose2d8GetAngleEv  dockingcontroller.o
    0x0000d042   0x00000024   Code   RO         4624    i._ZNK4Anki8Embedded7Point2f4DistERKS1_  localization_geometry.o
    0x0000d066   0x0000001c   Code   RO         4627    i._ZNK4Anki8Embedded7Point2fmiERKS1_  localization_geometry.o
    0x0000d082   0x000000c8   Code   RO         4781    i._ZNK4Anki8Planning11PathSegment10GetEndPoseERfS2_S2_  path.o
    0x0000d14a   0x0000008e   Code   RO         4782    i._ZNK4Anki8Planning11PathSegment13GetStartPointERfS2_  path.o
    0x0000d1d8   0x00000054   Code   RO         4783    i._ZNK4Anki8Planning11PathSegment16GetDistToSegmentEfffRfS2_Pf  path.o
    0x0000d22c   0x000003c8   Code   RO         4784    i._ZNK4Anki8Planning11PathSegment19GetDistToArcSegmentEfffRfS2_Pf  path.o
    0x0000d5f4   0x00000344   Code   RO         4785    i._ZNK4Anki8Planning11PathSegment20GetDistToLineSegmentEfffRfS2_Pf  path.o
    0x0000d938   0x00000076   Code   RO         4786    i._ZNK4Anki8Planning11PathSegment25GetDistToPointTurnSegmentEfffRfS2_  path.o
    0x0000d9ae   0x00000136   Code   RO         4787    i._ZNK4Anki8Planning11PathSegment5PrintEv  path.o
    0x0000dae4   0x0000005e   Code   RO         4789    i._ZNK4Anki8Planning4Path12PrintSegmentEh  path.o
    0x0000db42   0x00000092   Code   RO         4790    i._ZNK4Anki8Planning4Path15CheckContinuityEfa  path.o
    0x0000dbd4   0x000000e8   Code   RO         4791    i._ZNK4Anki8Planning4Path22CheckSegmentContinuityEfa  path.o
    0x0000dcbc   0x0000004c   Code   RO         4792    i._ZNK4Anki8Planning4Path9PrintPathEv  path.o
    0x0000dd08   0x00000006   Code   RO         3390    i._ZSt4fabsf        velocityprofilegenerator.o
    0x0000dd0e   0x00000026   Code   RO         6243    i.__ARM_fpclassifyf  m_wm.l(fpclassifyf.o)
    0x0000dd34   0x00000004   Code   RO         4951    i.__ARM_signbitf    path.o
    0x0000dd38   0x00000028   Code   RO           10    i.__aeabi_vec_ctor_nocookie_nodtor  main.o
    0x0000dd60   0x00000124   Code   RO         6091    i.__hardfp_asinf    m_wm.l(asinf.o)
    0x0000de84   0x00000248   Code   RO         6103    i.__hardfp_atan2f   m_wm.l(atan2f.o)
    0x0000e0cc   0x00000164   Code   RO         6115    i.__hardfp_atanf    m_wm.l(atanf.o)
    0x0000e230   0x0000006c   Code   RO         6127    i.__hardfp_ceilf    m_wm.l(ceilf.o)
    0x0000e29c   0x0000015c   Code   RO         6133    i.__hardfp_cosf     m_wm.l(cosf.o)
    0x0000e3f8   0x00000178   Code   RO         6145    i.__hardfp_sinf     m_wm.l(sinf.o)
    0x0000e570   0x0000003a   Code   RO         6157    i.__hardfp_sqrtf    m_wm.l(sqrtf.o)
    0x0000e5aa   0x00000002   PAD
    0x0000e5ac   0x00000168   Code   RO         6169    i.__hardfp_tanf     m_wm.l(tanf.o)
    0x0000e714   0x00000010   Code   RO         6245    i.__mathlib_flt_underflow  m_wm.l(funder.o)
    0x0000e724   0x00000140   Code   RO         6247    i.__mathlib_rredf2  m_wm.l(rredf.o)
    0x0000e864   0x0000000e   Code   RO         6299    i.__scatterload_copy  mc_w.l(handlers.o)
    0x0000e872   0x00000002   Code   RO         6300    i.__scatterload_null  mc_w.l(handlers.o)
    0x0000e874   0x0000000e   Code   RO         6301    i.__scatterload_zeroinit  mc_w.l(handlers.o)
    0x0000e882   0x00000002   PAD
    0x0000e884   0x0000000c   Code   RO         6279    i.__set_errno       mc_w.l(errno.o)
    0x0000e890   0x00000020   Code   RO         4040    i.__sti___13_trig_fast_cpp  trig_fast.o
    0x0000e8b0   0x00000050   Code   RO         4344    i.__sti___16_localization_cpp  localization.o
    0x0000e900   0x0000000c   Code   RO         5025    i.__sti___16_pathFollower_cpp  pathfollower.o
    0x0000e90c   0x00000050   Code   RO         3657    i.__sti___18_headController_cpp  headcontroller.o
    0x0000e95c   0x0000003c   Code   RO         3165    i.__sti___18_liftController_cpp  liftcontroller.o
    0x0000e998   0x00000030   Code   RO         4101    i.__sti___21_dockingController_cpp  dockingcontroller.o
    0x0000e9c8   0x00000034   Code   RO         5544    i.__sti___22_steeringController_cpp  steeringcontroller.o
    0x0000e9fc   0x00000018   Code   RO         5249    i.__sti___26_pickAndPlaceController_cpp  pickandplacecontroller.o
    0x0000ea14   0x0000007c   Code   RO           11    i.main              main.o
    0x0000ea90   0x0000003e   Code   RO         6159    i.sqrtf             m_wm.l(sqrtf.o)
    0x0000eace   0x0000020a   Data   RO          269    .constdata          camera.o
    0x0000ecd8   0x00000220   Data   RO          585    .constdata          enjpeg.o
    0x0000eef8   0x00000209   Data   RO          707    .constdata          oled.o
    0x0000f101   0x00000004   Data   RO          884    .constdata          uart.o
    0x0000f105   0x00000001   Data   RO         1004    .constdata          imu.o
    0x0000f106   0x00000006   Data   RO         1237    .constdata          cube.o
    0x0000f10c   0x00000030   Data   RO         3856    .constdata          imufilter.o
    0x0000f13c   0x000000ca   Data   RO         4046    .constdata          trig_fast.o
    0x0000f206   0x00000002   PAD
    0x0000f208   0x00000020   Data   RO         6248    .constdata          m_wm.l(rredf.o)
    0x0000f228   0x00000040   Data   RO         6297    Region$$Table       anon$$obj.o
    0x0000f268   0x00000004   Data   RO         3199    .init_array         liftcontroller.o
    0x0000f26c   0x00000004   Data   RO         3687    .init_array         headcontroller.o
    0x0000f270   0x00000004   Data   RO         4048    .init_array         trig_fast.o
    0x0000f274   0x00000004   Data   RO         4130    .init_array         dockingcontroller.o
    0x0000f278   0x00000004   Data   RO         4380    .init_array         localization.o
    0x0000f27c   0x00000004   Data   RO         5056    .init_array         pathfollower.o
    0x0000f280   0x00000004   Data   RO         5271    .init_array         pickandplacecontroller.o
    0x0000f284   0x00000004   Data   RO         5573    .init_array         steeringcontroller.o


    Execution Region RW_DATA (Base: 0x1fffe600, Size: 0x00001688, Max: 0x00001700, ABSOLUTE, COMPRESSED[0x00000128])

    Base Addr    Size         Type   Attr      Idx    E Section Name        Object

    0x1fffe600   0x00000088   Code   RO          385    CODERAM             i2c.o
    0x1fffe688   0x0000000a   Ven    RO         6308    Veneer$$Code        anon$$obj.o
    0x1fffe692   0x00000002   PAD
    0x1fffe694   0x00000008   Data   RW           23    .data               main.o
    0x1fffe69c   0x00000044   Data   RW          270    .data               camera.o
    0x1fffe6e0   0x00000024   Data   RW          418    .data               i2c.o
    0x1fffe704   0x00000004   Data   RW          535    .data               timer.o
    0x1fffe708   0x00000008   Data   RW          586    .data               enjpeg.o
    0x1fffe710   0x00000008   Data   RW          636    .data               dac.o
    0x1fffe718   0x00000008   Data   RW          708    .data               oled.o
    0x1fffe720   0x00000018   Data   RW          776    .data               spi.o
    0x1fffe738   0x00000010   Data   RW          885    .data               uart.o
    0x1fffe748   0x00000010   Data   RW         1005    .data               imu.o
    0x1fffe758   0x00000006   Data   RW         1070    .data               wifi.o
    0x1fffe75e   0x0000000a   Data   RW         1208    .data               lights.o
    0x1fffe768   0x00000031   Data   RW         1238    .data               cube.o
    0x1fffe799   0x00000003   PAD
    0x1fffe79c   0x00000010   Data   RW         1308    .data               spine.o
    0x1fffe7ac   0x00000008   Data   RW         1347    .data               watchdog.o
    0x1fffe7b4   0x00000004   Data   RW         1443    .data               crashlogger.o
    0x1fffe7b8   0x00000020   Data   RW         2438    .data               cozmobot.o
    0x1fffe7d8   0x0000001c   Data   RW         2704    .data               messages.o
    0x1fffe7f4   0x0000005c   Data   RW         3198    .data               liftcontroller.o
    0x1fffe850   0x00000058   Data   RW         3686    .data               headcontroller.o
    0x1fffe8a8   0x00000070   Data   RW         3857    .data               imufilter.o
    0x1fffe918   0x00000008   Data   RW         4047    .data               trig_fast.o
    0x1fffe920   0x00000054   Data   RW         4129    .data               dockingcontroller.o
    0x1fffe974   0x00000044   Data   RW         4379    .data               localization.o
    0x1fffe9b8   0x0000001c   Data   RW         5055    .data               pathfollower.o
    0x1fffe9d4   0x00000050   Data   RW         5270    .data               pickandplacecontroller.o
    0x1fffea24   0x00000010   Data   RW         5439    .data               speedcontroller.o
    0x1fffea34   0x00000088   Data   RW         5572    .data               steeringcontroller.o
    0x1fffeabc   0x00000040   Data   RW         5814    .data               wheelcontroller.o
    0x1fffeafc   0x0000000c   Data   RW         5901    .data               proxsensors.o
    0x1fffeb08   0x00000008   Data   RW         5987    .data               testmodecontroller.o
    0x1fffeb10   0x00000002   Data   RW         6035    .data               backpacklightcontroller.o
    0x1fffeb12   0x00000002   PAD
    0x1fffeb14   0x00000004   Data   RW         6280    .data               mc_w.l(errno.o)
    0x1fffeb18   0x000000e8   PAD
    0x1fffec00   0x00000100   Data   RW         1471    VECTORS             startup_mk02f12810.o
    0x1fffed00   0x0000004c   Zero   RW           21    .bss                main.o
    0x1fffed4c   0x00000038   Zero   RW           22    .bss                main.o
    0x1fffed84   0x00000400   Zero   RW          417    .bss                i2c.o
    0x1ffff184   0x000000c8   Zero   RW          774    .bss                spi.o
    0x1ffff24c   0x00000050   Zero   RW          775    .bss                spi.o
    0x1ffff29c   0x0000004c   Zero   RW          883    .bss                uart.o
    0x1ffff2e8   0x00000027   Zero   RW         1003    .bss                imu.o
    0x1ffff30f   0x00000200   Zero   RW         1069    .bss                wifi.o
    0x1ffff50f   0x00000001   PAD
    0x1ffff510   0x00000010   Zero   RW         1166    .bss                motors.o
    0x1ffff520   0x00000054   Zero   RW         1236    .bss                cube.o
    0x1ffff574   0x00000160   Zero   RW         1307    .bss                spine.o
    0x1ffff6d4   0x00000048   Zero   RW         2703    .bss                messages.o
    0x1ffff71c   0x00000004   PAD
    0x1ffff720   0x00000058   Zero   RW         3196    .bss                liftcontroller.o
    0x1ffff778   0x00000058   Zero   RW         3683    .bss                headcontroller.o
    0x1ffff7d0   0x000000aa   Zero   RW         3855    .bss                imufilter.o
    0x1ffff87a   0x00000002   PAD
    0x1ffff87c   0x00000068   Zero   RW         4127    .bss                dockingcontroller.o
    0x1ffff8e4   0x000001f0   Zero   RW         4378    .bss                localization.o
    0x1ffffad4   0x000000f8   Zero   RW         5054    .bss                pathfollower.o
    0x1ffffbcc   0x00000004   PAD
    0x1ffffbd0   0x00000058   Zero   RW         5571    .bss                steeringcontroller.o
    0x1ffffc28   0x00000010   Zero   RW         5900    .bss                proxsensors.o
    0x1ffffc38   0x00000050   Zero   RW         6034    .bss                backpacklightcontroller.o


    Execution Region RW_DATA2 (Base: 0x1ffffd00, Size: 0x000022e0, Max: 0x000022f0, ABSOLUTE, COMPRESSED[0x00000048])

    Base Addr    Size         Type   Attr      Idx    E Section Name        Object

    0x1ffffd00   0x000022e0   Data   RW          587    CAMRAM              enjpeg.o


    Execution Region RW_DATA_UNINIT (Base: 0x20001ff0, Size: 0x00000000, Max: 0x00000010, ABSOLUTE, UNINIT)

    **** No section assigned to this execution region ****


==============================================================================

Image component sizes


      Code (inc. data)   RO Data    RW Data    ZI Data      Debug   Object Name

       230         28          0          2         80      32098   backpacklightcontroller.o
       740        140        522         68          0      35508   camera.o
       956        694          0          0          0      64140   clad.o
       646         24          0         32          0      16738   cozmobot.o
        84          8          0          4          0       2607   crashlogger.o
       646         14          6         49         84      18378   cube.o
       388         60          0          8          0       3795   dac.o
        72         14          0          0          0        972   debug.o
      5250        332          4         84        104      45841   dockingcontroller.o
      3576         38        544       8936          0      11169   enjpeg.o
      1828        220          4         88         88      15420   headcontroller.o
       880        134          0         36       1024     198093   i2c.o
       748         88          1         16         39       7397   imu.o
      3188        234         48        112        170      32960   imufilter.o
      2268        264          4         92         88      19933   liftcontroller.o
        58         14          0         10          0       2000   lights.o
      2702        196          4         68        496      40288   localization.o
       496          6          0          0          0      11392   localization_geometry.o
       262         38          0          8        132     269525   main.o
      3032        178          0         28         72      85494   messages.o
       216         46          0          0         16       2476   motors.o
       296         36        521          8          0       3324   oled.o
      4916        102          0          0          0      23941   path.o
      1842        162          4         28        248      19954   pathfollower.o
      2934        268          4         80          0      34684   pickandplacecontroller.o
       224         30          0          0          0       1040   power.o
       396         40          0         12         16      17350   proxsensors.o
       698         42          0          0          0      11291   radians.o
       474         50          0         16          0       6769   speedcontroller.o
       896        144          0         24        280      32210   spi.o
       348         24          0         16        352       2424   spine.o
        92         16         28        256          0        800   startup_mk02f12810.o
      3780        266          4        136         88      17522   steeringcontroller.o
       204         26          0          8          0       3336   testmodecontroller.o
        80         12          0          4          0       2132   timer.o
       916        132        206          8          0       3665   trig_fast.o
       568         96          4         16         76      29143   uart.o
      2490         14          0          0          0       5618   velocityprofilegenerator.o
       252         44          0          8          0       3174   watchdog.o
      1172        114          0         64          0       9338   wheelcontroller.o
       604         40          0          6        512      29584   wifi.o

    ----------------------------------------------------------------------
     51502       4428       1974      10336       3976    1173523   Object Totals
        20          0         64          0          0          0   (incl. Generated)
        34          0          2          5         11          0   (incl. Padding)

    ----------------------------------------------------------------------

      Code (inc. data)   RO Data    RW Data    ZI Data      Debug   Library Member Name

       292         42          0          0          0        180   asinf.o
       584         98          0          0          0        176   atan2f.o
       356         66          0          0          0        164   atanf.o
       108         10          0          0          0        116   ceilf.o
       348         66          0          0          0        124   cosf.o
        38          0          0          0          0        116   fpclassifyf.o
        16          6          0          0          0        116   funder.o
       320         24         32          0          0        160   rredf.o
       376         62          0          0          0        156   sinf.o
       120          0          0          0          0        272   sqrtf.o
       360         60          0          0          0        156   tanf.o
        92          0          0          0          0          0   __dczerorl2.o
        32         10          0          0          0         80   cpp_init.o
         0          0          0          0          0          0   entry.o
         0          0          0          0          0          0   entry10a.o
         0          0          0          0          0          0   entry11a.o
         8          4          0          0          0          0   entry2.o
         4          0          0          0          0          0   entry5.o
         0          0          0          0          0          0   entry7b.o
         4          0          0          0          0          0   entry8a.o
         0          0          0          0          0          0   entry8b.o
         8          4          0          0          0          0   entry9a.o
        12          6          0          4          0         68   errno.o
        30          0          0          0          0          0   handlers.o
        36          8          0          0          0         68   init.o
         0          0          0          0          0          0   iusefp.o
        30          0          0          0          0         68   llshl.o
        36          0          0          0          0         68   llsshr.o
        32          0          0          0          0         68   llushr.o
        36          0          0          0          0         68   memcpya.o
        36          0          0          0          0        108   memseta.o
        40          2          0          0          0         68   cdcmple.o
        56          0          0          0          0         88   d2f.o
       334          0          0          0          0        148   dadd.o
       222          0          0          0          0        100   ddiv.o
       190          0          0          0          0        176   depilogue.o
        62          0          0          0          0         80   dfixi.o
        34          0          0          0          0         76   dflti.o
       228          0          0          0          0         96   dmul.o
        38          0          0          0          0         68   f2d.o
       108          0          0          0          0        168   fepilogue.o

    ----------------------------------------------------------------------
      4632        468         32        236          0       3400   Library Totals
         6          0          0        232          0          0   (incl. Padding)

    ----------------------------------------------------------------------

      Code (inc. data)   RO Data    RW Data    ZI Data      Debug   Library Name

      2918        434         32          0          0       1736   m_wm.l
       396         32          0          4          0        596   mc_w.l
      1312          2          0          0          0       1068   mf_w.l

    ----------------------------------------------------------------------
      4632        468         32        236          0       3400   Library Totals

    ----------------------------------------------------------------------

==============================================================================


      Code (inc. data)   RO Data    RW Data    ZI Data      Debug   

     56134       4896       2006      10572       3976    1130743   Grand Totals
     56134       4896       2006        368       3976    1130743   ELF Image Totals (compressed)
     56134       4896       2006        368          0          0   ROM Totals

==============================================================================

    Total RO  Size (Code + RO Data)                58140 (  56.78kB)
    Total RW  Size (RW Data + ZI Data)             14548 (  14.21kB)
    Total ROM Size (Code + RO Data + RW Data)      58508 (  57.14kB)

==============================================================================

