ARM Linker, 5.03 [Build 76] [MDK-ARM Basic]

==============================================================================

Section Cross References

    main.o(i.GetTimeStamp) refers to main.o(.data) for .data
    main.o(i.SetTimeStamp) refers to main.o(.data) for .data
    main.o(i._ZN4Anki5Cozmo3HAL14IsVideoEnabledEv) refers to main.o(.data) for .data
    main.o(i._ZN4Anki5Cozmo3HAL16SetImageSendModeEha) refers to main.o(.data) for .data
    main.o(i._ZN4Anki5Cozmo3HAL7HALExecEv) refers to i2c.o(i._ZN4Anki5Cozmo3HAL3I2C6EnableEv) for Anki::Cozmo::HAL::I2C::Enable()
    main.o(i._ZN4Anki5Cozmo3HAL7HALExecEv) refers to spi.o(i._ZN4Anki5Cozmo3HAL3SPI10ManageDropEv) for Anki::Cozmo::HAL::SPI::ManageDrop()
    main.o(i._ZN4Anki5Cozmo3HAL7HALExecEv) refers to uart.o(i._ZN4Anki5Cozmo3HAL4UART8TransmitEv) for Anki::Cozmo::HAL::UART::Transmit()
    main.o(i._ZN4Anki5Cozmo3HAL7HALExecEv) refers to imu.o(i._ZN4Anki5Cozmo3HAL3IMU6ManageEv) for Anki::Cozmo::HAL::IMU::Manage()
    main.o(i._ZN4Anki5Cozmo3HAL7HALExecEv) refers to watchdog.o(i._ZN4Anki5Cozmo3HAL8Watchdog4kickEh) for Anki::Cozmo::HAL::Watchdog::kick(unsigned char)
    main.o(i._ZN4Anki5Cozmo3HAL7HALExecEv) refers to watchdog.o(i._ZN4Anki5Cozmo3HAL8Watchdog3petEv) for Anki::Cozmo::HAL::Watchdog::pet()
    main.o(i._ZN4Anki5Cozmo3HAL7HALInitEv) refers to uart.o(i._ZN4Anki5Cozmo3HAL4UART4InitEv) for Anki::Cozmo::HAL::UART::Init()
    main.o(i._ZN4Anki5Cozmo3HAL7HALInitEv) refers to dac.o(i._ZN4Anki5Cozmo3HAL3DAC4SyncEv) for Anki::Cozmo::HAL::DAC::Sync()
    main.o(i.main) refers to power.o(i._ZN4Anki5Cozmo3HAL5Power15enableEspressifEv) for Anki::Cozmo::HAL::Power::enableEspressif()
    main.o(i.main) refers to debug.o(i._ZN4Anki5Cozmo3HAL4UART9DebugInitEv) for Anki::Cozmo::HAL::UART::DebugInit()
    main.o(i.main) refers to spi.o(i._ZN4Anki5Cozmo3HAL3SPI4InitEv) for Anki::Cozmo::HAL::SPI::Init()
    main.o(i.main) refers to dac.o(i._ZN4Anki5Cozmo3HAL3DAC4InitEv) for Anki::Cozmo::HAL::DAC::Init()
    main.o(i.main) refers to i2c.o(i._ZN4Anki5Cozmo3HAL3I2C4InitEv) for Anki::Cozmo::HAL::I2C::Init()
    main.o(i.main) refers to imu.o(i._ZN4Anki5Cozmo3HAL3IMU4InitEv) for Anki::Cozmo::HAL::IMU::Init()
    main.o(i.main) refers to oled.o(i._ZN4Anki5Cozmo3HAL4OLED4InitEv) for Anki::Cozmo::HAL::OLED::Init()
    main.o(i.main) refers to camera.o(i._ZN4Anki5Cozmo3HAL10CameraInitEv) for Anki::Cozmo::HAL::CameraInit()
    main.o(i.main) refers to cozmobot.o(i._ZN4Anki5Cozmo5Robot4InitEv) for Anki::Cozmo::Robot::Init()
    main.o(i.main) refers to watchdog.o(i._ZN4Anki5Cozmo3HAL8Watchdog4initEv) for Anki::Cozmo::HAL::Watchdog::init()
    main.o(i.main) refers to camera.o(i._ZN4Anki5Cozmo3HAL11CameraStartEv) for Anki::Cozmo::HAL::CameraStart()
    main.o(i.main) refers to wifi.o(i._ZN4Anki5Cozmo3HAL4WiFi6UpdateEv) for Anki::Cozmo::HAL::WiFi::Update()
    main.o(i.main) refers to uart.o(i._ZN4Anki5Cozmo3HAL4UART9FoundSyncEv) for Anki::Cozmo::HAL::UART::FoundSync()
    main.o(i.main) refers to uart.o(i._ZN4Anki5Cozmo3HAL4UART11WaitForSyncEv) for Anki::Cozmo::HAL::UART::WaitForSync()
    main.o(i.main) refers to spine.o(i._ZN4Anki5Cozmo3HAL5Spine6ManageEv) for Anki::Cozmo::HAL::Spine::Manage()
    main.o(i.main) refers to cozmobot.o(i._ZN4Anki5Cozmo5Robot18step_MainExecutionEv) for Anki::Cozmo::Robot::step_MainExecution()
    main.o(.ARM.exidx) refers to main.o(i.GetTimeStamp) for i.GetTimeStamp
    main.o(.ARM.exidx) refers to main.o(i.SetTimeStamp) for i.SetTimeStamp
    main.o(.ARM.exidx) refers to main.o(i.__aeabi_vec_ctor_nocookie_nodtor) for i.__aeabi_vec_ctor_nocookie_nodtor
    main.o(.ARM.exidx) refers to main.o(i.main) for i.main
    main.o(.ARM.exidx) refers to main.o(i._ZN4Anki5Cozmo3HAL5GetIDEv) for i._ZN4Anki5Cozmo3HAL5GetIDEv
    main.o(.ARM.exidx) refers to main.o(i._ZN4Anki5Cozmo3HAL16SetImageSendModeEha) for i._ZN4Anki5Cozmo3HAL16SetImageSendModeEha
    main.o(.ARM.exidx) refers to main.o(i._ZN4Anki5Cozmo3HAL14IsVideoEnabledEv) for i._ZN4Anki5Cozmo3HAL14IsVideoEnabledEv
    main.o(.ARM.exidx) refers to main.o(i._ZN4Anki5Cozmo3HAL7HALInitEv) for i._ZN4Anki5Cozmo3HAL7HALInitEv
    main.o(.ARM.exidx) refers to main.o(i._ZN4Anki5Cozmo3HAL7HALExecEv) for i._ZN4Anki5Cozmo3HAL7HALExecEv
    camera.o(i.DMA0_IRQHandler) refers to camera.o(i._Z14NVIC_EnableIRQ4IRQn) for NVIC_EnableIRQ(IRQn)
    camera.o(i.DMA0_IRQHandler) refers to main.o(i._ZN4Anki5Cozmo3HAL7HALInitEv) for Anki::Cozmo::HAL::HALInit()
    camera.o(i.DMA0_IRQHandler) refers to camera.o(.data) for .data
    camera.o(i.FTM2_IRQHandler) refers to spi.o(i._ZN4Anki5Cozmo3HAL3SPI8StartDMAEv) for Anki::Cozmo::HAL::SPI::StartDMA()
    camera.o(i.FTM2_IRQHandler) refers to main.o(i._ZN4Anki5Cozmo3HAL7HALExecEv) for Anki::Cozmo::HAL::HALExec()
    camera.o(i.FTM2_IRQHandler) refers to main.o(i._ZN4Anki5Cozmo3HAL14IsVideoEnabledEv) for Anki::Cozmo::HAL::IsVideoEnabled()
[...]
    Anki::Embedded::Pose2d::Pose2d__sub_object(float, float, Anki::Radians) 0x0000c335   Thumb Code     0  localization.o(i._ZN4Anki8Embedded6Pose2dC1EffNS_7RadiansE)
    Anki::Embedded::Pose2d::Pose2d()         0x0000c355   Thumb Code    56  dockingcontroller.o(i._ZN4Anki8Embedded6Pose2dC1Ev)
    Anki::Embedded::Pose2d::Pose2d__sub_object() 0x0000c355   Thumb Code     0  dockingcontroller.o(i._ZN4Anki8Embedded6Pose2dC1Ev)
    Anki::Embedded::Pose2d::operator =(const Anki::Embedded::Pose2d&) 0x0000c391   Thumb Code    26  dockingcontroller.o(i._ZN4Anki8Embedded6Pose2daSERKS1_)
    Anki::Embedded::Pose2d::operator *(const Anki::Embedded::Pose2d&) 0x0000c3ab   Thumb Code   114  localization_geometry.o(i._ZN4Anki8Embedded6Pose2dmlERKS1_)
    Anki::Embedded::Point2f::Point2f(const Anki::Embedded::Point2f&) 0x0000c41d   Thumb Code    18  localization_geometry.o(i._ZN4Anki8Embedded7Point2fC1ERKS1_)
    Anki::Embedded::Point2f::Point2f__sub_object(const Anki::Embedded::Point2f&) 0x0000c41d   Thumb Code     0  localization_geometry.o(i._ZN4Anki8Embedded7Point2fC1ERKS1_)
    Anki::Embedded::Point2f::Point2f(float, float) 0x0000c42f   Thumb Code     6  localization_geometry.o(i._ZN4Anki8Embedded7Point2fC1Eff)
    Anki::Embedded::Point2f::Point2f__sub_object(float, float) 0x0000c42f   Thumb Code     0  localization_geometry.o(i._ZN4Anki8Embedded7Point2fC1Eff)
    Anki::Embedded::Point2f::Point2f()       0x0000c435   Thumb Code    14  localization_geometry.o(i._ZN4Anki8Embedded7Point2fC1Ev)
    Anki::Embedded::Point2f::Point2f__sub_object() 0x0000c435   Thumb Code     0  localization_geometry.o(i._ZN4Anki8Embedded7Point2fC1Ev)
    Anki::Embedded::Point2f::operator =(const Anki::Embedded::Point2f&) 0x0000c449   Thumb Code    18  localization_geometry.o(i._ZN4Anki8Embedded7Point2faSERKS1_)
    Anki::Embedded::Point2f::operator +=(const Anki::Embedded::Point2f&) 0x0000c45b   Thumb Code    34  localization_geometry.o(i._ZN4Anki8Embedded7Point2fpLERKS1_)
    Anki::Planning::PathSegment::DefineLine(float, float, float, float, float, float, float) 0x0000c47d   Thumb Code   120  path.o(i._ZN4Anki8Planning11PathSegment10DefineLineEfffffff)
    Anki::Planning::PathSegment::DefinePointTurn(float, float, float, float, float, float, float, bool) 0x0000c4fd   Thumb Code    32  path.o(i._ZN4Anki8Planning11PathSegment15DefinePointTurnEfffffffb)
    Anki::Planning::PathSegment::SetSpeedProfile(float, float, float) 0x0000c51d   Thumb Code     8  path.o(i._ZN4Anki8Planning11PathSegment15SetSpeedProfileEfff)
    Anki::Planning::PathSegment::DefineArc(float, float, float, float, float, float, float, float) 0x0000c525   Thumb Code   124  path.o(i._ZN4Anki8Planning11PathSegment9DefineArcEffffffff)
    Anki::Planning::PathSegment::PathSegment() 0x0000c5ad   Thumb Code     6  path.o(i._ZN4Anki8Planning11PathSegmentC1Ev)
    Anki::Planning::PathSegment::PathSegment__sub_object() 0x0000c5ad   Thumb Code     0  path.o(i._ZN4Anki8Planning11PathSegmentC1Ev)
    Anki::Planning::Path::AppendLine(unsigned, float, float, float, float, float, float, float) 0x0000c5b3   Thumb Code   102  path.o(i._ZN4Anki8Planning4Path10AppendLineEjfffffff)
    Anki::Planning::Path::AppendPointTurn(unsigned, float, float, float, float, float, float, float, bool) 0x0000c619   Thumb Code   104  path.o(i._ZN4Anki8Planning4Path15AppendPointTurnEjfffffffb)
    Anki::Planning::Path::Clear()            0x0000c681   Thumb Code    56  path.o(i._ZN4Anki8Planning4Path5ClearEv)
    Anki::Planning::Path::AddArc(float, float, float, float, float, float, float, float) 0x0000c6b9   Thumb Code   198  path.o(i._ZN4Anki8Planning4Path6AddArcEffffffff)
    Anki::Planning::Path::PopBack(unsigned char) 0x0000c789   Thumb Code    68  path.o(i._ZN4Anki8Planning4Path7PopBackEh)
    Anki::Planning::Path::PopFront(unsigned char) 0x0000c7cd   Thumb Code    90  path.o(i._ZN4Anki8Planning4Path8PopFrontEh)
    Anki::Planning::Path::AppendArc(unsigned, float, float, float, float, float, float, float, float) 0x0000c829   Thumb Code   706  path.o(i._ZN4Anki8Planning4Path9AppendArcEjffffffff)
    Anki::Planning::Path::Path()             0x0000cafd   Thumb Code    38  path.o(i._ZN4Anki8Planning4PathC1Ev)
    Anki::Planning::Path::Path__sub_object() 0x0000cafd   Thumb Code     0  path.o(i._ZN4Anki8Planning4PathC1Ev)
    Anki::Planning::Path::operator [](unsigned char) 0x0000cb29   Thumb Code    12  pathfollower.o(i._ZN4Anki8Planning4PathixEh)
    Anki::operator ==(const Anki::Radians&, const Anki::Radians&) 0x0000cb35   Thumb Code    58  radians.o(i._ZN4AnkieqERKNS_7RadiansES2_)
    Anki::operator >=(const Anki::Radians&, const Anki::Radians&) 0x0000cb75   Thumb Code    28  radians.o(i._ZN4AnkigeERKNS_7RadiansES2_)
    Anki::operator >(const Anki::Radians&, const Anki::Radians&) 0x0000cb91   Thumb Code    38  radians.o(i._ZN4AnkigtERKNS_7RadiansES2_)
    Anki::operator <(const Anki::Radians&, const Anki::Radians&) 0x0000cbb7   Thumb Code    10  radians.o(i._ZN4AnkiltERKNS_7RadiansES2_)
    Anki::operator -(const Anki::Radians&, const Anki::Radians&) 0x0000cbc1   Thumb Code    32  radians.o(i._ZN4AnkimiERKNS_7RadiansES2_)
    Anki::operator -(const Anki::Radians&, float) 0x0000cbe1   Thumb Code    24  radians.o(i._ZN4AnkimiERKNS_7RadiansEf)
    Anki::operator -(float, const Anki::Radians&) 0x0000cbf9   Thumb Code    24  radians.o(i._ZN4AnkimiEfRKNS_7RadiansE)
    Anki::operator *(const Anki::Radians&, float) 0x0000cc11   Thumb Code    32  radians.o(i._ZN4AnkimlERKNS_7RadiansEf)
    Anki::operator *(float, const Anki::Radians&) 0x0000cc31   Thumb Code     4  radians.o(i._ZN4AnkimlEfRKNS_7RadiansE)
    Anki::operator !=(const Anki::Radians&, const Anki::Radians&) 0x0000cc35   Thumb Code    12  radians.o(i._ZN4AnkineERKNS_7RadiansES2_)
    Anki::operator +(const Anki::Radians&, const Anki::Radians&) 0x0000cc41   Thumb Code    32  radians.o(i._ZN4AnkiplERKNS_7RadiansES2_)
    Anki::operator +(const Anki::Radians&, float) 0x0000cc61   Thumb Code    24  radians.o(i._ZN4AnkiplERKNS_7RadiansEf)
    Anki::Cozmo::AnimKeyFrame::FaceImage::Size() const 0x0000cc79   Thumb Code     6  clad.o(i._ZNK4Anki5Cozmo12AnimKeyFrame9FaceImage4SizeEv)
    Anki::Cozmo::RobotInterface::PrintTrace::Size() const 0x0000cc7f   Thumb Code    10  clad.o(i._ZNK4Anki5Cozmo14RobotInterface10PrintTrace4SizeEv)
    Anki::Cozmo::RobotInterface::EngineToRobot::Size() const 0x0000cc89   Thumb Code   890  clad.o(i._ZNK4Anki5Cozmo14RobotInterface13EngineToRobot4SizeEv)
    Anki::Cozmo::RobotInterface::NVReadResultToBody::Size() const 0x0000d003   Thumb Code     4  clad.o(i._ZNK4Anki5Cozmo14RobotInterface18NVReadResultToBody4SizeEv)
    Anki::Cozmo::WriteBodyStorage::Size() const 0x0000d007   Thumb Code     6  clad.o(i._ZNK4Anki5Cozmo16WriteBodyStorage4SizeEv)
    Anki::Cozmo::BodyStorageContents::Size() const 0x0000d00d   Thumb Code     6  clad.o(i._ZNK4Anki5Cozmo19BodyStorageContents4SizeEv)
    Anki::Cozmo::CubeSlots::Size() const     0x0000d013   Thumb Code    10  clad.o(i._ZNK4Anki5Cozmo9CubeSlots4SizeEv)
    Anki::Cozmo::NVStorage::NVStorageBlob::Size() const 0x0000d01d   Thumb Code     6  clad.o(i._ZNK4Anki5Cozmo9NVStorage13NVStorageBlob4SizeEv)
    Anki::Cozmo::NVStorage::NVStorageWrite::Size() const 0x0000d023   Thumb Code    12  clad.o(i._ZNK4Anki5Cozmo9NVStorage14NVStorageWrite4SizeEv)
    Anki::Cozmo::NVStorage::NVWipeAll::Size() const 0x0000d02f   Thumb Code     6  clad.o(i._ZNK4Anki5Cozmo9NVStorage9NVWipeAll4SizeEv)
    Anki::Radians::getDegrees() const        0x0000d035   Thumb Code    14  radians.o(i._ZNK4Anki7Radians10getDegreesEv)
    Anki::Embedded::Rotation2d::GetInverse() const 0x0000d049   Thumb Code    14  localization_geometry.o(i._ZNK4Anki8Embedded10Rotation2d10GetInverseEv)
    Anki::Embedded::Rotation2d::GetAngle() const 0x0000d057   Thumb Code     4  localization_geometry.o(i._ZNK4Anki8Embedded10Rotation2d8GetAngleEv)
    Anki::Embedded::Rotation2d::operator *(const Anki::Embedded::Point2f&) const 0x0000d05b   Thumb Code    88  localization_geometry.o(i._ZNK4Anki8Embedded10Rotation2dmlERKNS0_7Point2fE)
    Anki::Embedded::Rotation2d::operator *(const Anki::Embedded::Rotation2d&) const 0x0000d0b3   Thumb Code    20  localization_geometry.o(i._ZNK4Anki8Embedded10Rotation2dmlERKS1_)
    Anki::Embedded::Pose2d::GetWithRespectTo(const Anki::Embedded::Pose2d&) const 0x0000d0c7   Thumb Code    66  localization_geometry.o(i._ZNK4Anki8Embedded6Pose2d16GetWithRespectToERKS1_)
    Anki::Embedded::Pose2d::GetAngle() const 0x0000d109   Thumb Code     6  dockingcontroller.o(i._ZNK4Anki8Embedded6Pose2d8GetAngleEv)
    Anki::Embedded::Point2f::Dist(const Anki::Embedded::Point2f&) const 0x0000d10f   Thumb Code    36  localization_geometry.o(i._ZNK4Anki8Embedded7Point2f4DistERKS1_)
    Anki::Embedded::Point2f::operator -(const Anki::Embedded::Point2f&) const 0x0000d133   Thumb Code    28  localization_geometry.o(i._ZNK4Anki8Embedded7Point2fmiERKS1_)
    Anki::Planning::PathSegment::GetEndPose(float&, float&, float&) const 0x0000d14f   Thumb Code   200  path.o(i._ZNK4Anki8Planning11PathSegment10GetEndPoseERfS2_S2_)
    Anki::Planning::PathSegment::GetStartPoint(float&, float&) const 0x0000d217   Thumb Code   142  path.o(i._ZNK4Anki8Planning11PathSegment13GetStartPointERfS2_)
    Anki::Planning::PathSegment::GetDistToSegment(float, float, float, float&, float&, float*) const 0x0000d2a5   Thumb Code    84  path.o(i._ZNK4Anki8Planning11PathSegment16GetDistToSegmentEfffRfS2_Pf)
    Anki::Planning::PathSegment::GetDistToArcSegment(float, float, float, float&, float&, float*) const 0x0000d2f9   Thumb Code   948  path.o(i._ZNK4Anki8Planning11PathSegment19GetDistToArcSegmentEfffRfS2_Pf)
    Anki::Planning::PathSegment::GetDistToLineSegment(float, float, float, float&, float&, float*) const 0x0000d6c1   Thumb Code   808  path.o(i._ZNK4Anki8Planning11PathSegment20GetDistToLineSegmentEfffRfS2_Pf)
    Anki::Planning::PathSegment::GetDistToPointTurnSegment(float, float, float, float&, float&) const 0x0000da05   Thumb Code   118  path.o(i._ZNK4Anki8Planning11PathSegment25GetDistToPointTurnSegmentEfffRfS2_)
    Anki::Planning::PathSegment::Print() const 0x0000da7b   Thumb Code   310  path.o(i._ZNK4Anki8Planning11PathSegment5PrintEv)
    Anki::Planning::Path::PrintSegment(unsigned char) const 0x0000dbb1   Thumb Code    94  path.o(i._ZNK4Anki8Planning4Path12PrintSegmentEh)
    Anki::Planning::Path::CheckContinuity(float, signed char) const 0x0000dc0f   Thumb Code   146  path.o(i._ZNK4Anki8Planning4Path15CheckContinuityEfa)
    Anki::Planning::Path::CheckSegmentContinuity(float, signed char) const 0x0000dca1   Thumb Code   232  path.o(i._ZNK4Anki8Planning4Path22CheckSegmentContinuityEfa)
    Anki::Planning::Path::PrintPath() const  0x0000dd89   Thumb Code    76  path.o(i._ZNK4Anki8Planning4Path9PrintPathEv)
    std::fabs(float)                         0x0000ddd5   Thumb Code     6  velocityprofilegenerator.o(i._ZSt4fabsf)
    __ARM_fpclassifyf                        0x0000dddb   Thumb Code    38  fpclassifyf.o(i.__ARM_fpclassifyf)
    __ARM_signbitf                           0x0000de01   Thumb Code     4  path.o(i.__ARM_signbitf)
    __aeabi_vec_ctor_nocookie_nodtor         0x0000de05   Thumb Code    40  main.o(i.__aeabi_vec_ctor_nocookie_nodtor)
    __hardfp_asinf                           0x0000de2d   Thumb Code   250  asinf.o(i.__hardfp_asinf)
    __hardfp_atan2f                          0x0000df51   Thumb Code   486  atan2f.o(i.__hardfp_atan2f)
    __hardfp_atanf                           0x0000e199   Thumb Code   290  atanf.o(i.__hardfp_atanf)
    __hardfp_ceilf                           0x0000e2fd   Thumb Code    98  ceilf.o(i.__hardfp_ceilf)
    __mathlib_ceilf                          0x0000e2fd   Thumb Code     0  ceilf.o(i.__hardfp_ceilf)
    __hardfp_cosf                            0x0000e369   Thumb Code   282  cosf.o(i.__hardfp_cosf)
    __hardfp_sinf                            0x0000e4c5   Thumb Code   314  sinf.o(i.__hardfp_sinf)
    __hardfp_sqrtf                           0x0000e63d   Thumb Code    58  sqrtf.o(i.__hardfp_sqrtf)
    __hardfp_tanf                            0x0000e679   Thumb Code   300  tanf.o(i.__hardfp_tanf)
    __mathlib_flt_underflow                  0x0000e7e1   Thumb Code    10  funder.o(i.__mathlib_flt_underflow)
    __mathlib_rredf2                         0x0000e7f1   Thumb Code   296  rredf.o(i.__mathlib_rredf2)
    __scatterload_copy                       0x0000e931   Thumb Code    14  handlers.o(i.__scatterload_copy)
    __scatterload_null                       0x0000e93f   Thumb Code     2  handlers.o(i.__scatterload_null)
    __scatterload_zeroinit                   0x0000e941   Thumb Code    14  handlers.o(i.__scatterload_zeroinit)
    __set_errno                              0x0000e951   Thumb Code     6  errno.o(i.__set_errno)
    main                                     0x0000eafd   Thumb Code   110  main.o(i.main)
    sqrtf                                    0x0000eb79   Thumb Code    62  sqrtf.o(i.sqrtf)
    Region$$Table$$Base                      0x0000f310   Number         0  anon$$obj.o(Region$$Table)
    Region$$Table$$Limit                     0x0000f350   Number         0  anon$$obj.o(Region$$Table)
    SHT$$INIT_ARRAY$$Base                    0x0000f350   Number         0  liftcontroller.o(.init_array)
    SHT$$INIT_ARRAY$$Limit                   0x0000f370   Number         0  steeringcontroller.o(.init_array)
    __initial_sp                             0x1fffe600   Number         0  startup_mk02f12810.o ABSOLUTE
    Anki::Cozmo::HAL::videoEnabled_          0x1fffe694   Data           1  main.o(.data)
    Anki::Cozmo::HAL::t_                     0x1fffe698   Data           4  main.o(.data)
    Anki::Cozmo::HAL::timingSynced_          0x1fffe69c   Data           1  camera.o(.data)
    spi_write_buff                           0x1fffe72c   Data           4  spi.o(.data)
    Anki::Cozmo::HAL::UART::HeadDataReceived 0x1fffe738   Data           1  uart.o(.data)
    Anki::Cozmo::HAL::IMU::scanLineStamp     0x1fffe74c   Data           2  imu.o(.data)
    Anki::Cozmo::HAL::IMU::frameNumberStamp  0x1fffe754   Data           4  imu.o(.data)
    CRASHLOG_POINTER                         0x1fffe7ac   Data           4  crashlogger.o(.data)
    Anki::Cozmo::IMUFilter::q0               0x1fffe8dc   Data           4  imufilter.o(.data)
    Anki::Cozmo::IMUFilter::q1               0x1fffe8e0   Data           4  imufilter.o(.data)
    Anki::Cozmo::IMUFilter::q2               0x1fffe8e4   Data           4  imufilter.o(.data)
    Anki::Cozmo::IMUFilter::q3               0x1fffe8e8   Data           4  imufilter.o(.data)
    Anki::Cozmo::IMUFilter::_zAngle          0x1fffe8ec   Data           4  imufilter.o(.data)
    __Vectors                                0x1fffec00   Data           4  startup_mk02f12810.o(VECTORS)
    I2C0_Proc                                0x1fffeca0   Data           4  startup_mk02f12810.o(VECTORS)
    __Vectors_End                            0x1fffed00   Data           0  startup_mk02f12810.o(VECTORS)
    g_dataToHead                             0x1fffed00   Data          76  main.o(.bss)
    g_dataToBody                             0x1fffed4c   Data          56  main.o(.bss)
    spi_rx_buff                              0x1ffff24c   Data          80  spi.o(.bss)
    Anki::Cozmo::HAL::IMU::IMUState          0x1ffff302   Data          13  imu.o(.bss)
    Anki::Cozmo::HAL::motorPositionOffsets   0x1ffff510   Data          16  motors.o(.bss)
    Anki::Cozmo::HAL::state                  0x1ffffd00   Data        8928  enjpeg.o(CAMRAM)



==============================================================================

Memory Map of the image

  Image Entry point : 0x0000101d

  Load Region LR_m_text (Base: 0x00001000, Size: 0x00010d50, Max: 0x0000f000, ABSOLUTE, COMPRESSED[0x0000e578])

    Execution Region ER_IROM1 (Base: 0x00001000, Size: 0x0000e370, Max: 0x0000f000, ABSOLUTE)

    Base Addr    Size         Type   Attr      Idx    E Section Name        Object

    0x00001000   0x0000001c   Data   RO         1471    HEADER              startup_mk02f12810.o
    0x0000101c   0x00000000   Code   RO         6203  * .ARM.Collect$$$$00000000  mc_w.l(entry.o)
    0x0000101c   0x00000004   Code   RO         6272    .ARM.Collect$$$$00000001  mc_w.l(entry2.o)
    0x00001020   0x00000004   Code   RO         6275    .ARM.Collect$$$$00000004  mc_w.l(entry5.o)
    0x00001024   0x00000000   Code   RO         6277    .ARM.Collect$$$$00000008  mc_w.l(entry7b.o)
    0x00001024   0x00000004   Code   RO         6278    .ARM.Collect$$$$00000009  mc_w.l(entry8a.o)
    0x00001028   0x00000000   Code   RO         6279    .ARM.Collect$$$$0000000A  mc_w.l(entry8b.o)
    0x00001028   0x00000008   Code   RO         6280    .ARM.Collect$$$$0000000B  mc_w.l(entry9a.o)
    0x00001030   0x00000000   Code   RO         6282    .ARM.Collect$$$$0000000D  mc_w.l(entry10a.o)
    0x00001030   0x00000000   Code   RO         6284    .ARM.Collect$$$$0000000F  mc_w.l(entry11a.o)
    0x00001030   0x00000004   Code   RO         6273    .ARM.Collect$$$$00002712  mc_w.l(entry2.o)
    0x00001034   0x0000005c   Code   RO         1473    .text               startup_mk02f12810.o
    0x00001090   0x00000024   Code   RO         6206    .text               mc_w.l(memcpya.o)
    0x000010b4   0x00000024   Code   RO         6208    .text               mc_w.l(memseta.o)
    0x000010d8   0x00000020   Code   RO         6247    .text               mc_w.l(cpp_init.o)
    0x000010f8   0x0000014e   Code   RO         6249    .text               mf_w.l(dadd.o)
    0x00001246   0x000000e4   Code   RO         6251    .text               mf_w.l(dmul.o)
    0x0000132a   0x000000de   Code   RO         6253    .text               mf_w.l(ddiv.o)
    0x00001408   0x00000022   Code   RO         6255    .text               mf_w.l(dflti.o)
    0x0000142a   0x0000003e   Code   RO         6257    .text               mf_w.l(dfixi.o)
    0x00001468   0x00000026   Code   RO         6259    .text               mf_w.l(f2d.o)
    0x0000148e   0x00000002   PAD
    0x00001490   0x00000028   Code   RO         6261    .text               mf_w.l(cdcmple.o)
    0x000014b8   0x00000038   Code   RO         6263    .text               mf_w.l(d2f.o)
    0x000014f0   0x0000001e   Code   RO         6293    .text               mc_w.l(llshl.o)
    0x0000150e   0x00000020   Code   RO         6295    .text               mc_w.l(llushr.o)
    0x0000152e   0x00000024   Code   RO         6297    .text               mc_w.l(llsshr.o)
    0x00001552   0x00000000   Code   RO         6306    .text               mc_w.l(iusefp.o)
    0x00001552   0x0000006c   Code   RO         6307    .text               mf_w.l(fepilogue.o)
    0x000015be   0x000000be   Code   RO         6309    .text               mf_w.l(depilogue.o)
    0x0000167c   0x00000024   Code   RO         6315    .text               mc_w.l(init.o)
    0x000016a0   0x0000005c   Code   RO         6327    .text               mc_w.l(__dczerorl2.o)
    0x000016fc   0x0000000a   Ven    RO         6329    Veneer$$Code        anon$$obj.o
    0x00001706   0x00000002   PAD
    0x00001708   0x0000006c   Code   RO          243    i.DMA0_IRQHandler   camera.o
    0x00001774   0x00000068   Code   RO          752    i.DMA2_IRQHandler   spi.o
    0x000017dc   0x00000090   Code   RO          244    i.FTM2_IRQHandler   camera.o
    0x0000186c   0x0000000c   Code   RO            3    i.GetTimeStamp      main.o
    0x00001878   0x00000054   Code   RO         1442    i.HardFault_Handler  crashlogger.o
    0x000018cc   0x0000000c   Code   RO            4    i.SetTimeStamp      main.o
    0x000018d8   0x00000020   Code   RO         1338    i.WDOG_EWM_IRQHandler  watchdog.o
    0x000018f8   0x000000f0   Code   RO         4045    i._Z10atan2_fastff  trig_fast.o
    0x000019e8   0x00000008   Code   RO         5688    i._Z10trace_castIdEiT_  steeringcontroller.o
    0x000019f0   0x00000006   Code   RO         3034    i._Z10trace_castIfEiT_  messages.o
    0x000019f6   0x00000002   PAD
    0x000019f8   0x00000088   Code   RO          753    i._Z11ProcessDropv  spi.o
    0x00001a80   0x00000018   Code   RO          834    i._Z11WaitForBytev  spi.o
    0x00001a98   0x00000016   Code   RO          386    i._Z11inc_pointerRVi  i2c.o
    0x00001aae   0x00000002   PAD
    0x00001ab0   0x00000030   Code   RO          387    i._Z11write_queuehh  i2c.o
    0x00001ae0   0x00000080   Code   RO          388    i._Z12Read_Handlerv  i2c.o
    0x00001b60   0x0000001c   Code   RO          987    i._Z13state_updatedPKv  imu.o
    0x00001b7c   0x00000058   Code   RO          920    i._Z13transmit_mode13TRANSFER_MODE  uart.o
    0x00001bd4   0x00000018   Code   RO          245    i._Z14NVIC_EnableIRQ4IRQn  camera.o
    0x00001bec   0x00000020   Code   RO          754    i._Z16NVIC_SystemResetv  spi.o
    0x00001c0c   0x00000050   Code   RO          389    i._Z7EnqueuehPKhih  i2c.o
    0x00001c5c   0x00000064   Code   RO          755    i._Z7SyncSPIv       spi.o
    0x00001cc0   0x000000dc   Code   RO         4047    i._Z9atan2_accff    trig_fast.o
    0x00001d9c   0x000001a8   Code   RO         4048    i._Z9atan_fastf     trig_fast.o
    0x00001f44   0x000000b4   Code   RO         3354    i._ZN4Anki24VelocityProfileGenerator12StartProfileEfffff  velocityprofilegenerator.o
    0x00001ff8   0x00000260   Code   RO         3355    i._ZN4Anki24VelocityProfileGenerator12StartProfileEfffffff  velocityprofilegenerator.o
    0x00002258   0x00000388   Code   RO         3358    i._ZN4Anki24VelocityProfileGenerator26StartProfile_fixedDurationEfffffffff  velocityprofilegenerator.o
    0x000025e0   0x00000310   Code   RO         3359    i._ZN4Anki24VelocityProfileGenerator4StepERfS1_  velocityprofilegenerator.o
    0x000028f0   0x00000008   Code   RO         3360    i._ZN4Anki24VelocityProfileGeneratorC1Ev  velocityprofilegenerator.o
    0x000028f8   0x00000104   Code   RO         5897    i._ZN4Anki5Cozmo11ProxSensors11UpdateCliffEv  proxsensors.o
    0x000029fc   0x00000040   Code   RO         5898    i._ZN4Anki5Cozmo11ProxSensors15QueueCliffEventEfff  proxsensors.o
    0x00002a3c   0x0000000c   Code   RO         5899    i._ZN4Anki5Cozmo11ProxSensors17EnableStopOnCliffEb  proxsensors.o
    0x00002a48   0x0000001c   Code   RO         5900    i._ZN4Anki5Cozmo11ProxSensors17QueueUncliffEventEv  proxsensors.o
    0x00002a64   0x0000000c   Code   RO         5901    i._ZN4Anki5Cozmo11ProxSensors19EnableCliffDetectorEb  proxsensors.o
    0x00002a70   0x0000000c   Code   RO         5902    i._ZN4Anki5Cozmo11ProxSensors6UpdateEv  proxsensors.o
    0x00002a7c   0x00000074   Code   RO         4321    i._ZN4Anki5Cozmo12Localization10GetHistIdxEjRt  localization.o
    0x00002af0   0x00000024   Code   RO         4323    i._ZN4Anki5Cozmo12Localization11GetCurrPoseEv  localization.o
    0x00002b14   0x00000040   Code   RO         4324    i._ZN4Anki5Cozmo12Localization11SetOnBridgeEb  localization.o
    0x00002b54   0x00000014   Code   RO         4325    i._ZN4Anki5Cozmo12Localization12ClearHistoryEv  localization.o
    0x00002b68   0x00000074   Code   RO         4326    i._ZN4Anki5Cozmo12Localization13AddPoseToHistEv  localization.o
    0x00002bdc   0x0000000c   Code   RO         4327    i._ZN4Anki5Cozmo12Localization13GetCurrPose_xEv  localization.o
    0x00002be8   0x0000000c   Code   RO         4328    i._ZN4Anki5Cozmo12Localization13GetCurrPose_yEv  localization.o
    0x00002bf4   0x0000000c   Code   RO         4329    i._ZN4Anki5Cozmo12Localization14GetPoseFrameIdEv  localization.o
    0x00002c00   0x00000010   Code   RO         4330    i._ZN4Anki5Cozmo12Localization14ResetPoseFrameEv  localization.o
    0x00002c10   0x0000000c   Code   RO         4331    i._ZN4Anki5Cozmo12Localization15GetPoseOriginIdEv  localization.o
    0x00002c1c   0x00000118   Code   RO         4332    i._ZN4Anki5Cozmo12Localization15InterpolatePoseEiifi  localization.o
    0x00002d34   0x0000000c   Code   RO         4333    i._ZN4Anki5Cozmo12Localization17GetCurrPose_angleEv  localization.o
    0x00002d40   0x00000020   Code   RO         4334    i._ZN4Anki5Cozmo12Localization17GetCurrentMatPoseERfS2_RNS_7RadiansE  localization.o
    0x00002d60   0x000000c8   Code   RO         4335    i._ZN4Anki5Cozmo12Localization17GetHistPoseAtTimeEjRNS_8Embedded6Pose2dE  localization.o
    0x00002e28   0x00000074   Code   RO         4336    i._ZN4Anki5Cozmo12Localization17SetCurrentMatPoseERKfS3_RKNS_7RadiansE  localization.o
    0x00002e9c   0x00000020   Code   RO         4337    i._ZN4Anki5Cozmo12Localization18GetDriveCenterPoseERfS2_RNS_7RadiansE  localization.o
    0x00002ebc   0x00000038   Code   RO         4338    i._ZN4Anki5Cozmo12Localization18GetHistPoseAtIndexEtRNS_8Embedded6Pose2dE  localization.o
    0x00002ef4   0x00000020   Code   RO         4341    i._ZN4Anki5Cozmo12Localization20GetDriveCenterOffsetEv  localization.o
    0x00002f14   0x0000000c   Code   RO         4342    i._ZN4Anki5Cozmo12Localization20SetDriveCenterOffsetEf  localization.o
    0x00002f20   0x0000000c   Code   RO         4343    i._ZN4Anki5Cozmo12Localization20SetMotionModelParamsEf  localization.o
    0x00002f2c   0x00000170   Code   RO         4344    i._ZN4Anki5Cozmo12Localization22UpdatePoseWithKeyframeEjjjfff  localization.o
    0x0000309c   0x0000006a   Code   RO         4345    i._ZN4Anki5Cozmo12Localization24ConvertToDriveCenterPoseERKNS_8Embedded6Pose2dERS3_  localization.o
    0x00003106   0x00000002   PAD
    0x00003108   0x00000064   Code   RO         4348    i._ZN4Anki5Cozmo12Localization4InitEv  localization.o
    0x0000316c   0x000002c0   Code   RO         4349    i._ZN4Anki5Cozmo12Localization6UpdateEv  localization.o
    0x0000342c   0x00000024   Code   RO         4351    i._ZN4Anki5Cozmo12Localization9GetDistToEff  localization.o
    0x00003450   0x0000003c   Code   RO         4352    i._ZN4Anki5Cozmo12Localization9SetOnRampEb  localization.o
    0x0000348c   0x00000028   Code   RO         5007    i._ZN4Anki5Cozmo12PathFollower12GetPathErrorERfS2_  pathfollower.o
    0x000034b4   0x00000020   Code   RO         5008    i._ZN4Anki5Cozmo12PathFollower12PathCompleteEv  pathfollower.o
    0x000034d4   0x0000000c   Code   RO         5010    i._ZN4Anki5Cozmo12PathFollower13GetLastPathIDEv  pathfollower.o
    0x000034e0   0x00000010   Code   RO         5012    i._ZN4Anki5Cozmo12PathFollower16IsTraversingPathEv  pathfollower.o
    0x000034f0   0x0000000c   Code   RO         5016    i._ZN4Anki5Cozmo12PathFollower18GetCurrPathSegmentEv  pathfollower.o
    0x000034fc   0x000001fc   Code   RO         5017    i._ZN4Anki5Cozmo12PathFollower18ProcessPathSegmentERfS2_  pathfollower.o
    0x000036f8   0x00000050   Code   RO         5018    i._ZN4Anki5Cozmo12PathFollower18SetManualPathSpeedEfff  pathfollower.o
    0x00003748   0x000000d8   Code   RO         5019    i._ZN4Anki5Cozmo12PathFollower18StartPathTraversalEtb  pathfollower.o
    0x00003820   0x0000000c   Code   RO         5020    i._ZN4Anki5Cozmo12PathFollower19IsInManualSpeedModeEv  pathfollower.o
    0x0000382c   0x00000060   Code   RO         5021    i._ZN4Anki5Cozmo12PathFollower21AppendPathSegment_ArcEjffffffff  pathfollower.o
    0x0000388c   0x00000058   Code   RO         5022    i._ZN4Anki5Cozmo12PathFollower22AppendPathSegment_LineEjfffffff  pathfollower.o
    0x000038e4   0x0000001c   Code   RO         5023    i._ZN4Anki5Cozmo12PathFollower22GetNumFreeSegmentSlotsEv  pathfollower.o
    0x00003900   0x0000005c   Code   RO         5024    i._ZN4Anki5Cozmo12PathFollower27AppendPathSegment_PointTurnEjfffffffb  pathfollower.o
    0x0000395c   0x00000078   Code   RO         5025    i._ZN4Anki5Cozmo12PathFollower27ProcessPathSegmentPointTurnERfS2_  pathfollower.o
    0x000039d4   0x0000000a   Code   RO         5026    i._ZN4Anki5Cozmo12PathFollower4InitEv  pathfollower.o
    0x000039de   0x00000002   PAD
    0x000039e0   0x00000148   Code   RO         5027    i._ZN4Anki5Cozmo12PathFollower6UpdateEv  pathfollower.o
    0x00003b28   0x00000030   Code   RO         5030    i._ZN4Anki5Cozmo12PathFollower8TrimPathEhh  pathfollower.o
    0x00003b58   0x00000018   Code   RO         5031    i._ZN4Anki5Cozmo12PathFollower8TrimPathEv  pathfollower.o
    0x00003b70   0x0000002c   Code   RO         5032    i._ZN4Anki5Cozmo12PathFollower9ClearPathEv  pathfollower.o
    0x00003b9c   0x0000000c   Code   RO         5033    i._ZN4Anki5Cozmo12PathFollower9PrintPathEv  pathfollower.o
    0x00003ba8   0x0000000c   Code   RO         3643    i._ZN4Anki5Cozmo14HeadController11GetAngleRadEv  headcontroller.o
    0x00003bb4   0x0000000c   Code   RO         3644    i._ZN4Anki5Cozmo14HeadController11SetAngleRadEf  headcontroller.o
    0x00003bc0   0x0000000c   Code   RO         3645    i._ZN4Anki5Cozmo14HeadController12IsCalibratedEv  headcontroller.o
    0x00003bcc   0x0000000c   Code   RO         3646    i._ZN4Anki5Cozmo14HeadController12IsInPositionEv  headcontroller.o
    0x00003bd8   0x00000018   Code   RO         3647    i._ZN4Anki5Cozmo14HeadController15SetDesiredAngleEf  headcontroller.o
    0x00003bf0   0x00000004   Code   RO         3648    i._ZN4Anki5Cozmo14HeadController15SetDesiredAngleEffff  headcontroller.o
    0x00003bf4   0x0000009c   Code   RO         3649    i._ZN4Anki5Cozmo14HeadController17CalibrationUpdateEv  headcontroller.o
    0x00003c90   0x0000006c   Code   RO         3651    i._ZN4Anki5Cozmo14HeadController18SetAngularVelocityEf  headcontroller.o
    0x00003cfc   0x0000001c   Code   RO         3653    i._ZN4Anki5Cozmo14HeadController19SetMaxSpeedAndAccelEff  headcontroller.o
    0x00003d18   0x00000030   Code   RO         3655    i._ZN4Anki5Cozmo14HeadController21ResetLowAnglePositionEv  headcontroller.o
    0x00003d48   0x00000068   Code   RO         3656    i._ZN4Anki5Cozmo14HeadController22MotorBurnoutProtectionEv  headcontroller.o
    0x00003db0   0x0000002c   Code   RO         3657    i._ZN4Anki5Cozmo14HeadController23StartCalibrationRoutineEv  headcontroller.o
    0x00003ddc   0x00000044   Code   RO         3658    i._ZN4Anki5Cozmo14HeadController24PoseAndSpeedFilterUpdateEv  headcontroller.o
    0x00003e20   0x00000218   Code   RO         3659    i._ZN4Anki5Cozmo14HeadController24SetDesiredAngle_internalEffff  headcontroller.o
    0x00004038   0x0000000c   Code   RO         3661    i._ZN4Anki5Cozmo14HeadController6EnableEv  headcontroller.o
    0x00004044   0x0000017c   Code   RO         3662    i._ZN4Anki5Cozmo14HeadController6UpdateEv  headcontroller.o
    0x000041c0   0x00000034   Code   RO         3663    i._ZN4Anki5Cozmo14HeadController7DisableEv  headcontroller.o
    0x000041f4   0x00000030   Code   RO         3664    i._ZN4Anki5Cozmo14HeadController8IsMovingEv  headcontroller.o
    0x00004224   0x00000054   Code   RO         3665    i._ZN4Anki5Cozmo14HeadController8SetGainsEffff  headcontroller.o
    0x00004278   0x00000060   Code   RO         3145    i._ZN4Anki5Cozmo14LiftController10Height2RadEf  liftcontroller.o
    0x000042d8   0x00000020   Code   RO         3146    i._ZN4Anki5Cozmo14LiftController10Rad2HeightEf  liftcontroller.o
    0x000042f8   0x0000000c   Code   RO         3147    i._ZN4Anki5Cozmo14LiftController11GetAngleRadEv  liftcontroller.o
    0x00004304   0x00000010   Code   RO         3148    i._ZN4Anki5Cozmo14LiftController11GetHeightMMEv  liftcontroller.o
    0x00004314   0x0000000c   Code   RO         3149    i._ZN4Anki5Cozmo14LiftController12IsCalibratedEv  liftcontroller.o
    0x00004320   0x0000000c   Code   RO         3150    i._ZN4Anki5Cozmo14LiftController12IsInPositionEv  liftcontroller.o
    0x0000432c   0x0000000c   Code   RO         3151    i._ZN4Anki5Cozmo14LiftController16GetDesiredHeightEv  liftcontroller.o
    0x00004338   0x00000014   Code   RO         3152    i._ZN4Anki5Cozmo14LiftController16SetDesiredHeightEf  liftcontroller.o
    0x0000434c   0x00000004   Code   RO         3153    i._ZN4Anki5Cozmo14LiftController16SetDesiredHeightEffff  liftcontroller.o
    0x00004350   0x000000a8   Code   RO         3154    i._ZN4Anki5Cozmo14LiftController17CalibrationUpdateEv  liftcontroller.o
    0x000043f8   0x00000054   Code   RO         3157    i._ZN4Anki5Cozmo14LiftController18ResetAnglePositionEf  liftcontroller.o
    0x0000444c   0x000000e0   Code   RO         3158    i._ZN4Anki5Cozmo14LiftController18SetAngularVelocityEf  liftcontroller.o
    0x0000452c   0x0000001c   Code   RO         3160    i._ZN4Anki5Cozmo14LiftController19SetMaxSpeedAndAccelEff  liftcontroller.o
    0x00004548   0x00000078   Code   RO         3161    i._ZN4Anki5Cozmo14LiftController22MotorBurnoutProtectionEv  liftcontroller.o
    0x000045c0   0x00000030   Code   RO         3162    i._ZN4Anki5Cozmo14LiftController23StartCalibrationRoutineEv  liftcontroller.o
    0x000045f0   0x00000050   Code   RO         3164    i._ZN4Anki5Cozmo14LiftController24PoseAndSpeedFilterUpdateEv  liftcontroller.o
    0x00004640   0x000001c8   Code   RO         3165    i._ZN4Anki5Cozmo14LiftController25SetDesiredHeight_internalEffff  liftcontroller.o
    0x00004808   0x0000001c   Code   RO         3167    i._ZN4Anki5Cozmo14LiftController4InitEv  liftcontroller.o
    0x00004824   0x00000030   Code   RO         3169    i._ZN4Anki5Cozmo14LiftController6EnableEv  liftcontroller.o
    0x00004854   0x000001fc   Code   RO         3170    i._ZN4Anki5Cozmo14LiftController6UpdateEv  liftcontroller.o
    0x00004a50   0x00000044   Code   RO         3171    i._ZN4Anki5Cozmo14LiftController7DisableEb  liftcontroller.o
    0x00004a94   0x00000030   Code   RO         3172    i._ZN4Anki5Cozmo14LiftController8IsMovingEv  liftcontroller.o
    0x00004ac4   0x00000054   Code   RO         3173    i._ZN4Anki5Cozmo14LiftController8SetGainsEffff  liftcontroller.o
    0x00004b18   0x00000008   Code   RO         5939    i._ZN4Anki5Cozmo14RobotInterface11SendMessageERKNS0_10CliffEventE  proxsensors.o
    0x00004b20   0x00000008   Code   RO         4529    i._ZN4Anki5Cozmo14RobotInterface11SendMessageERKNS0_17RampTraverseStartE  localization.o
    0x00004b28   0x00000008   Code   RO         4535    i._ZN4Anki5Cozmo14RobotInterface11SendMessageERKNS0_20RampTraverseCompleteE  localization.o
    0x00004b30   0x00000008   Code   RO         3983    i._ZN4Anki5Cozmo14RobotInterface11SendMessageERKNS1_10RobotPokedE  imufilter.o
    0x00004b38   0x00000084   Code   RO         2554    i._ZN4Anki5Cozmo14RobotInterface7SendLogEatthz  messages.o
    0x00004bbc   0x00000094   Code   RO         5417    i._ZN4Anki5Cozmo15SpeedController21RunAccelerationUpdateEv  speedcontroller.o
    0x00004c50   0x0000000c   Code   RO         5419    i._ZN4Anki5Cozmo15SpeedController28GetUserCommandedDecelerationEv  speedcontroller.o
    0x00004c5c   0x0000000c   Code   RO         5420    i._ZN4Anki5Cozmo15SpeedController28SetUserCommandedAccelerationEt  speedcontroller.o
    0x00004c68   0x0000000c   Code   RO         5421    i._ZN4Anki5Cozmo15SpeedController28SetUserCommandedDecelerationEt  speedcontroller.o
    0x00004c74   0x00000026   Code   RO         5422    i._ZN4Anki5Cozmo15SpeedController30GetCurrentMeasuredVehicleSpeedEv  speedcontroller.o
    0x00004c9a   0x00000002   PAD
    0x00004c9c   0x0000000c   Code   RO         5424    i._ZN4Anki5Cozmo15SpeedController34GetControllerCommandedVehicleSpeedEv  speedcontroller.o
    0x00004ca8   0x00000018   Code   RO         5426    i._ZN4Anki5Cozmo15SpeedController35GetUserCommandedCurrentVehicleSpeedEv  speedcontroller.o
    0x00004cc0   0x0000000c   Code   RO         5427    i._ZN4Anki5Cozmo15SpeedController35GetUserCommandedDesiredVehicleSpeedEv  speedcontroller.o
    0x00004ccc   0x000000b8   Code   RO         5429    i._ZN4Anki5Cozmo15SpeedController35SetUserCommandedDesiredVehicleSpeedEs  speedcontroller.o
    0x00004d84   0x00000014   Code   RO         5431    i._ZN4Anki5Cozmo15SpeedController6ManageEv  speedcontroller.o
    0x00004d98   0x00000014   Code   RO         5791    i._ZN4Anki5Cozmo15WheelController12SetCoastModeEb  wheelcontroller.o
    0x00004dac   0x0000001c   Code   RO         5792    i._ZN4Anki5Cozmo15WheelController15AreWheelsMovingEv  wheelcontroller.o
    0x00004dc8   0x0000002c   Code   RO         5793    i._ZN4Anki5Cozmo15WheelController16AreWheelsPoweredEv  wheelcontroller.o
    0x00004df4   0x000000a8   Code   RO         5794    i._ZN4Anki5Cozmo15WheelController17ComputeWheelPowerEfff  wheelcontroller.o
    0x00004e9c   0x00000018   Code   RO         5795    i._ZN4Anki5Cozmo15WheelController21GetDesiredWheelSpeedsERfS2_  wheelcontroller.o
    0x00004eb4   0x00000018   Code   RO         5796    i._ZN4Anki5Cozmo15WheelController21ResetIntegralGainSumsEv  wheelcontroller.o
    0x00004ecc   0x0000000c   Code   RO         5797    i._ZN4Anki5Cozmo15WheelController21SetDesiredWheelSpeedsEff  wheelcontroller.o
    0x00004ed8   0x00000018   Code   RO         5798    i._ZN4Anki5Cozmo15WheelController22GetFilteredWheelSpeedsERfS2_  wheelcontroller.o
    0x00004ef0   0x0000003c   Code   RO         5800    i._ZN4Anki5Cozmo15WheelController27EncoderSpeedFilterIterationEv  wheelcontroller.o
    0x00004f2c   0x00000018   Code   RO         5801    i._ZN4Anki5Cozmo15WheelController28GetAverageFilteredWheelSpeedEv  wheelcontroller.o
    0x00004f44   0x00000248   Code   RO         5802    i._ZN4Anki5Cozmo15WheelController3RunEv  wheelcontroller.o
    0x0000518c   0x0000000c   Code   RO         5803    i._ZN4Anki5Cozmo15WheelController6EnableEv  wheelcontroller.o
    0x00005198   0x00000018   Code   RO         5804    i._ZN4Anki5Cozmo15WheelController6ManageEv  wheelcontroller.o
    0x000051b0   0x0000003c   Code   RO         5805    i._ZN4Anki5Cozmo15WheelController7DisableEv  wheelcontroller.o
    0x000051ec   0x00000040   Code   RO         5806    i._ZN4Anki5Cozmo15WheelController8SetGainsEfff  wheelcontroller.o
    0x0000522c   0x00000068   Code   RO         4086    i._ZN4Anki5Cozmo17DockingController11StopDockingEa  dockingcontroller.o
    0x00005294   0x00000030   Code   RO         4087    i._ZN4Anki5Cozmo17DockingController12StartDockingEffffffbjb  dockingcontroller.o
    0x000052c4   0x00000108   Code   RO         4088    i._ZN4Anki5Cozmo17DockingController13IsMarkerInFOVERKNS_8Embedded6Pose2dEf  dockingcontroller.o
    0x000053cc   0x0000000c   Code   RO         4089    i._ZN4Anki5Cozmo17DockingController13SetMaxRetriesEh  dockingcontroller.o
    0x000053d8   0x00000654   Code   RO         4091    i._ZN4Anki5Cozmo17DockingController14SetRelDockPoseEfffj  dockingcontroller.o
    0x00005a2c   0x0000000c   Code   RO         4092    i._ZN4Anki5Cozmo17DockingController16GetDockingResultEv  dockingcontroller.o
    0x00005a38   0x00000028   Code   RO         4094    i._ZN4Anki5Cozmo17DockingController16SetDockingMethodEh  dockingcontroller.o
    0x00005a60   0x00000020   Code   RO         4095    i._ZN4Anki5Cozmo17DockingController18DidLastDockSucceedEv  dockingcontroller.o
    0x00005a80   0x00000140   Code   RO         4096    i._ZN4Anki5Cozmo17DockingController18HighDockLiftUpdateEv  dockingcontroller.o
    0x00005bc0   0x00000054   Code   RO         4097    i._ZN4Anki5Cozmo17DockingController19SendGoalPoseMessageERKNS_8Embedded6Pose2dE  dockingcontroller.o
    0x00005c14   0x00000008   Code   RO         4099    i._ZN4Anki5Cozmo17DockingController20GetLastMarkerAbsPoseEv  dockingcontroller.o
    0x00005c1c   0x00000020   Code   RO         4100    i._ZN4Anki5Cozmo17DockingController20RestoreSteeringGainsEv  dockingcontroller.o
    0x00005c3c   0x0000003c   Code   RO         4101    i._ZN4Anki5Cozmo17DockingController21StartDockingToRelPoseEffffffb  dockingcontroller.o
    0x00005c78   0x00000034   Code   RO         4102    i._ZN4Anki5Cozmo17DockingController21StartDocking_internalEfffb  dockingcontroller.o
    0x00005cac   0x00000040   Code   RO         4103    i._ZN4Anki5Cozmo17DockingController23GetDistToLastDockMarkerEv  dockingcontroller.o
    0x00005cec   0x00000022   Code   RO         4104    i._ZN4Anki5Cozmo17DockingController24SendDockingStatusMessageEa  dockingcontroller.o
    0x00005d0e   0x00000002   PAD
    0x00005d10   0x00000050   Code   RO         4105    i._ZN4Anki5Cozmo17DockingController25ApplyDockingSteeringGainsEv  dockingcontroller.o
    0x00005d60   0x0000002c   Code   RO         4106    i._ZN4Anki5Cozmo17DockingController28SetDockingErrorSignalMessageERKNS0_18DockingErrorSignalE  dockingcontroller.o
    0x00005d8c   0x00000080   Code   RO         4107    i._ZN4Anki5Cozmo17DockingController4InitEv  dockingcontroller.o
    0x00005e0c   0x00000010   Code   RO         4108    i._ZN4Anki5Cozmo17DockingController6IsBusyEv  dockingcontroller.o
    0x00005e1c   0x00000808   Code   RO         4109    i._ZN4Anki5Cozmo17DockingController6UpdateEv  dockingcontroller.o
    0x00006624   0x00000014   Code   RO         5528    i._ZN4Anki5Cozmo18SteeringController12SetSteerModeENS1_9SteerModeE  steeringcontroller.o
    0x00006638   0x0000001c   Code   RO         5529    i._ZN4Anki5Cozmo18SteeringController13ExitPointTurnEv  steeringcontroller.o
    0x00006654   0x000003d8   Code   RO         5530    i._ZN4Anki5Cozmo18SteeringController15ManagePointTurnEv  steeringcontroller.o
    0x00006a2c   0x000000e4   Code   RO         5531    i._ZN4Anki5Cozmo18SteeringController16ExecutePointTurnEff  steeringcontroller.o
    0x00006b10   0x000001fc   Code   RO         5532    i._ZN4Anki5Cozmo18SteeringController16ExecutePointTurnEfffffb  steeringcontroller.o
    0x00006d0c   0x000000fc   Code   RO         5533    i._ZN4Anki5Cozmo18SteeringController16ManagePathFollowEv  steeringcontroller.o
    0x00006e08   0x000000d4   Code   RO         5534    i._ZN4Anki5Cozmo18SteeringController17ManageDirectDriveEv  steeringcontroller.o
    0x00006edc   0x0000000c   Code   RO         5535    i._ZN4Anki5Cozmo18SteeringController17SetPathFollowModeEv  steeringcontroller.o
    0x00006ee8   0x00000068   Code   RO         5536    i._ZN4Anki5Cozmo18SteeringController17SetPointTurnGainsEffff  steeringcontroller.o
    0x00006f50   0x0000009c   Code   RO         5537    i._ZN4Anki5Cozmo18SteeringController18ExecuteDirectDriveEffff  steeringcontroller.o
    0x00006fec   0x0000000c   Code   RO         5538    i._ZN4Anki5Cozmo18SteeringController19GetPathAngOffsetCapEv  steeringcontroller.o
    0x00006ff8   0x0000000c   Code   RO         5539    i._ZN4Anki5Cozmo18SteeringController20GetPathDistOffsetCapEv  steeringcontroller.o
    0x00007004   0x00000108   Code   RO         5540    i._ZN4Anki5Cozmo18SteeringController21CheckWheelSpeedLimitsERfS2_  steeringcontroller.o
    0x0000710c   0x0000008c   Code   RO         5541    i._ZN4Anki5Cozmo18SteeringController21ExecuteDriveCurvatureEff  steeringcontroller.o
    0x00007198   0x00000098   Code   RO         5545    i._ZN4Anki5Cozmo18SteeringController25ExecutePointTurn_InternalEff  steeringcontroller.o
    0x00007230   0x000001c8   Code   RO         5546    i._ZN4Anki5Cozmo18SteeringController25RunLineFollowControllerNLEff  steeringcontroller.o
    0x000073f8   0x00000020   Code   RO         5547    i._ZN4Anki5Cozmo18SteeringController6ManageEv  steeringcontroller.o
    0x00007418   0x0000000c   Code   RO         5549    i._ZN4Anki5Cozmo18SteeringController7GetModeEv  steeringcontroller.o
    0x00007424   0x00000070   Code   RO         5550    i._ZN4Anki5Cozmo18SteeringController8SetGainsEffff  steeringcontroller.o
    0x00007494   0x0000000c   Code   RO         5551    i._ZN4Anki5Cozmo18SteeringController9GetK1GainEv  steeringcontroller.o
    0x000074a0   0x0000000c   Code   RO         5552    i._ZN4Anki5Cozmo18SteeringController9GetK2GainEv  steeringcontroller.o
    0x000074ac   0x00000070   Code   RO         5988    i._ZN4Anki5Cozmo18TestModeController5ResetEv  testmodecontroller.o
    0x0000751c   0x00000030   Code   RO         5989    i._ZN4Anki5Cozmo18TestModeController5StartEhiii  testmodecontroller.o
    0x0000754c   0x00000020   Code   RO         5990    i._ZN4Anki5Cozmo18TestModeController6UpdateEv  testmodecontroller.o
    0x0000756c   0x0000000c   Code   RO         5991    i._ZN4Anki5Cozmo18TestModeController7GetModeEv  testmodecontroller.o
    0x00007578   0x00000044   Code   RO         5239    i._ZN4Anki5Cozmo22PickAndPlaceController11DockToBlockEhffffffbh  pickandplacecontroller.o
    0x000075bc   0x0000000c   Code   RO         5240    i._ZN4Anki5Cozmo22PickAndPlaceController12GetCurActionEv  pickandplacecontroller.o
    0x000075c8   0x0000000a   Code   RO         5242    i._ZN4Anki5Cozmo22PickAndPlaceController13PlaceOnGroundEffffffb  pickandplacecontroller.o
    0x000075d2   0x00000002   PAD
    0x000075d4   0x0000000c   Code   RO         5243    i._ZN4Anki5Cozmo22PickAndPlaceController13SetCarryStateEh  pickandplacecontroller.o
    0x000075e0   0x00000010   Code   RO         5244    i._ZN4Anki5Cozmo22PickAndPlaceController15IsCarryingBlockEv  pickandplacecontroller.o
    0x000075f0   0x000000d0   Code   RO         5245    i._ZN4Anki5Cozmo22PickAndPlaceController15StartBackingOutEv  pickandplacecontroller.o
    0x000076c0   0x00000010   Code   RO         5246    i._ZN4Anki5Cozmo22PickAndPlaceController18UpdatePoseSnapshotEv  pickandplacecontroller.o
    0x000076d0   0x00000074   Code   RO         5247    i._ZN4Anki5Cozmo22PickAndPlaceController19SetRollActionParamsEfffjf  pickandplacecontroller.o
    0x00007744   0x0000002a   Code   RO         5249    i._ZN4Anki5Cozmo22PickAndPlaceController22SendBlockPickUpMessageEb  pickandplacecontroller.o
    0x0000776e   0x00000022   Code   RO         5250    i._ZN4Anki5Cozmo22PickAndPlaceController22SendBlockPlacedMessageEb  pickandplacecontroller.o
    0x00007790   0x00000024   Code   RO         5251    i._ZN4Anki5Cozmo22PickAndPlaceController29SendMovingLiftPostDockMessageEv  pickandplacecontroller.o
    0x000077b4   0x00000022   Code   RO         5252    i._ZN4Anki5Cozmo22PickAndPlaceController31SendChargerMountCompleteMessageEb  pickandplacecontroller.o
    0x000077d6   0x0000000a   Code   RO         5253    i._ZN4Anki5Cozmo22PickAndPlaceController4InitEv  pickandplacecontroller.o
    0x000077e0   0x00000010   Code   RO         5254    i._ZN4Anki5Cozmo22PickAndPlaceController5ResetEv  pickandplacecontroller.o
    0x000077f0   0x00000010   Code   RO         5255    i._ZN4Anki5Cozmo22PickAndPlaceController6IsBusyEv  pickandplacecontroller.o
    0x00007800   0x000008d8   Code   RO         5256    i._ZN4Anki5Cozmo22PickAndPlaceController6UpdateEv  pickandplacecontroller.o
    0x000080d8   0x0000002e   Code   RO         6027    i._ZN4Anki5Cozmo23BackpackLightController10TurnOffAllEv  backpacklightcontroller.o
    0x00008106   0x00000002   PAD
    0x00008108   0x00000050   Code   RO         6028    i._ZN4Anki5Cozmo23BackpackLightController11EnableLayerENS1_18BackpackLightLayerEb  backpacklightcontroller.o
    0x00008158   0x00000028   Code   RO         6029    i._ZN4Anki5Cozmo23BackpackLightController4InitEv  backpacklightcontroller.o
    0x00008180   0x00000010   Code   RO         6031    i._ZN4Anki5Cozmo23BackpackLightController6UpdateEv  backpacklightcontroller.o
    0x00008190   0x0000006c   Code   RO         6033    i._ZN4Anki5Cozmo23BackpackLightController9SetParamsENS1_18BackpackLightLayerEhtthhhh  backpacklightcontroller.o
    0x000081fc   0x00000008   Code   RO         6034    i._ZN4Anki5Cozmo23BackpackLightController9SetParamsERKNS0_14RobotInterface20BackpackLightsMiddleE  backpacklightcontroller.o
    0x00008204   0x00000008   Code   RO         6035    i._ZN4Anki5Cozmo23BackpackLightController9SetParamsERKNS0_14RobotInterface25BackpackLightsTurnSignalsE  backpacklightcontroller.o
    0x0000820c   0x00000018   Code   RO          246    i._ZN4Anki5Cozmo3HAL10CameraInitEv  camera.o
    0x00008224   0x00000014   Code   RO          247    i._ZN4Anki5Cozmo3HAL11CameraStartEv  camera.o
    0x00008238   0x000000d4   Code   RO          988    i._ZN4Anki5Cozmo3HAL11IMUReadDataERNS1_17IMU_DataStructureE  imu.o
    0x0000830c   0x00000268   Code   RO         1226    i._ZN4Anki5Cozmo3HAL12GetPropStateEiiiiihaa  cube.o
    0x00008574   0x000002fc   Code   RO          577    i._ZN4Anki5Cozmo3HAL12JPEGCompressEii  enjpeg.o
    0x00008870   0x00000038   Code   RO         1157    i._ZN4Anki5Cozmo3HAL13MotorGetSpeedEh  motors.o
    0x000088a8   0x00000040   Code   RO         1158    i._ZN4Anki5Cozmo3HAL13MotorSetPowerEhf  motors.o
    0x000088e8   0x00000008   Code   RO          248    i._ZN4Anki5Cozmo3HAL14GetHeadCamInfoEv  camera.o
    0x000088f0   0x0000002c   Code   RO          989    i._ZN4Anki5Cozmo3HAL14IMUReadRawDataEPsS2_Ph  imu.o
    0x0000891c   0x0000000c   Code   RO            5    i._ZN4Anki5Cozmo3HAL14IsVideoEnabledEv  main.o
    0x00008928   0x00000038   Code   RO          527    i._ZN4Anki5Cozmo3HAL15GetMicroCounterEv  timer.o
    0x00008960   0x0000002c   Code   RO         1201    i._ZN4Anki5Cozmo3HAL15IsCliffDetectedEv  lights.o
    0x0000898c   0x000000ac   Code   RO          990    i._ZN4Anki5Cozmo3HAL16IMUGetCameraTimeEPjPh  imu.o
    0x00008a38   0x00000048   Code   RO         1159    i._ZN4Anki5Cozmo3HAL16MotorGetPositionEh  motors.o
    0x00008a80   0x00000010   Code   RO         1057    i._ZN4Anki5Cozmo3HAL16RadioIsConnectedEv  wifi.o
    0x00008a90   0x000000b0   Code   RO         1058    i._ZN4Anki5Cozmo3HAL16RadioSendMessageEPKvth  wifi.o
    0x00008b40   0x0000000c   Code   RO         1059    i._ZN4Anki5Cozmo3HAL16RadioUpdateStateEhh  wifi.o
    0x00008b4c   0x00000010   Code   RO            6    i._ZN4Anki5Cozmo3HAL16SetImageSendModeEha  main.o
    0x00008b5c   0x0000000c   Code   RO          249    i._ZN4Anki5Cozmo3HAL17CameraGetScanLineEv  camera.o
    0x00008b68   0x0000000c   Code   RO         2557    i._ZN4Anki5Cozmo3HAL18BatteryIsOnChargerEv  messages.o
    0x00008b74   0x00000018   Code   RO         1160    i._ZN4Anki5Cozmo3HAL18MotorResetPositionEh  motors.o
    0x00008b8c   0x0000001e   Code   RO         1227    i._ZN4Anki5Cozmo3HAL19ReportUpAxisChangedEih  cube.o
    0x00008baa   0x00000002   PAD
    0x00008bac   0x0000000c   Code   RO          251    i._ZN4Anki5Cozmo3HAL20CameraGetFrameNumberEv  camera.o
    0x00008bb8   0x00000004   Code   RO          252    i._ZN4Anki5Cozmo3HAL22CameraGetExposureDelayEv  camera.o
    0x00008bbc   0x0000001c   Code   RO          991    i._ZN4Anki5Cozmo3HAL24IMUSetCalibrationOffsetsEPKsS3_  imu.o
    0x00008bd8   0x00000018   Code   RO          624    i._ZN4Anki5Cozmo3HAL3DAC11EnableAudioEb  dac.o
    0x00008bf0   0x00000050   Code   RO          625    i._ZN4Anki5Cozmo3HAL3DAC4FeedEbPh  dac.o
    0x00008c40   0x00000070   Code   RO          626    i._ZN4Anki5Cozmo3HAL3DAC4InitEv  dac.o
    0x00008cb0   0x0000001c   Code   RO          627    i._ZN4Anki5Cozmo3HAL3DAC4MuteEv  dac.o
    0x00008ccc   0x00000028   Code   RO          628    i._ZN4Anki5Cozmo3HAL3DAC4SyncEv  dac.o
    0x00008cf4   0x00000068   Code   RO          629    i._ZN4Anki5Cozmo3HAL3DAC4ToneEf  dac.o
    0x00008d5c   0x000000b8   Code   RO          390    i._ZN4Anki5Cozmo3HAL3I2C4InitEv  i2c.o
    0x00008e14   0x0000002c   Code   RO          391    i._ZN4Anki5Cozmo3HAL3I2C4ReadEhh  i2c.o
    0x00008e40   0x00000020   Code   RO          392    i._ZN4Anki5Cozmo3HAL3I2C5FlushEv  i2c.o
    0x00008e60   0x00000004   Code   RO          393    i._ZN4Anki5Cozmo3HAL3I2C5WriteEhPKhih  i2c.o
    0x00008e64   0x00000034   Code   RO          394    i._ZN4Anki5Cozmo3HAL3I2C6EnableEv  i2c.o
    0x00008e98   0x00000038   Code   RO          396    i._ZN4Anki5Cozmo3HAL3I2C7ReadRegEhh  i2c.o
    0x00008ed0   0x00000030   Code   RO          397    i._ZN4Anki5Cozmo3HAL3I2C8FullStopEv  i2c.o
    0x00008f00   0x0000001e   Code   RO          398    i._ZN4Anki5Cozmo3HAL3I2C8WriteRegEhhh  i2c.o
    0x00008f1e   0x00000002   PAD
    0x00008f20   0x00000010   Code   RO          400    i._ZN4Anki5Cozmo3HAL3I2C9SetupReadEPviPFvPKvE  i2c.o
    0x00008f30   0x00000078   Code   RO          992    i._ZN4Anki5Cozmo3HAL3IMU4InitEv  imu.o
    0x00008fa8   0x00000088   Code   RO          993    i._ZN4Anki5Cozmo3HAL3IMU6ManageEv  imu.o
    0x00009030   0x00000008   Code   RO          994    i._ZN4Anki5Cozmo3HAL3IMU6ReadIDEv  imu.o
    0x00009038   0x00000010   Code   RO          756    i._ZN4Anki5Cozmo3HAL3SPI10ManageDropEv  spi.o
    0x00009048   0x0000004c   Code   RO          757    i._ZN4Anki5Cozmo3HAL3SPI12EnterOTAModeEv  spi.o
    0x00009094   0x00000058   Code   RO          758    i._ZN4Anki5Cozmo3HAL3SPI12FinalizeDropEibj  spi.o
    0x000090ec   0x00000014   Code   RO          759    i._ZN4Anki5Cozmo3HAL3SPI17EnterRecoveryModeEv  spi.o
    0x00009100   0x00000070   Code   RO          760    i._ZN4Anki5Cozmo3HAL3SPI4InitEv  spi.o
    0x00009170   0x00000080   Code   RO          761    i._ZN4Anki5Cozmo3HAL3SPI7InitDMAEv  spi.o
    0x000091f0   0x0000003c   Code   RO          762    i._ZN4Anki5Cozmo3HAL3SPI8StartDMAEv  spi.o
    0x0000922c   0x00000048   Code   RO          700    i._ZN4Anki5Cozmo3HAL4OLED4InitEv  oled.o
    0x00009274   0x000000a0   Code   RO          701    i._ZN4Anki5Cozmo3HAL4OLED8FeedFaceEbPKh  oled.o
    0x00009314   0x00000040   Code   RO          702    i._ZN4Anki5Cozmo3HAL4OLED9ClearFaceEv  oled.o
    0x00009354   0x00000018   Code   RO          871    i._ZN4Anki5Cozmo3HAL4UART11WaitForSyncEv  uart.o
    0x0000936c   0x0000000c   Code   RO          872    i._ZN4Anki5Cozmo3HAL4UART12SendCrashLogEPKvi  uart.o
    0x00009378   0x0000007c   Code   RO          873    i._ZN4Anki5Cozmo3HAL4UART4InitEv  uart.o
    0x000093f4   0x0000000c   Code   RO          874    i._ZN4Anki5Cozmo3HAL4UART5pauseEv  uart.o
    0x00009400   0x00000128   Code   RO          875    i._ZN4Anki5Cozmo3HAL4UART8TransmitEv  uart.o
    0x00009528   0x00000048   Code   RO          950    i._ZN4Anki5Cozmo3HAL4UART9DebugInitEv  debug.o
    0x00009570   0x0000000c   Code   RO          876    i._ZN4Anki5Cozmo3HAL4UART9FoundSyncEv  uart.o
    0x0000957c   0x00000088   Code   RO         1060    i._ZN4Anki5Cozmo3HAL4WiFi14ReceiveMessageEPhh  wifi.o
    0x00009604   0x000000d8   Code   RO         1061    i._ZN4Anki5Cozmo3HAL4WiFi6UpdateEv  wifi.o
    0x000096dc   0x00000030   Code   RO         1062    i._ZN4Anki5Cozmo3HAL4WiFi9GetTxDataEPhh  wifi.o
    0x0000970c   0x00000020   Code   RO         1404    i._ZN4Anki5Cozmo3HAL5Power14enterSleepModeEv  power.o
    0x0000972c   0x000000c0   Code   RO         1405    i._ZN4Anki5Cozmo3HAL5Power15enableEspressifEv  power.o
    0x000097ec   0x000000a0   Code   RO         1295    i._ZN4Anki5Cozmo3HAL5Spine6ManageEv  spine.o
    0x0000988c   0x0000006c   Code   RO         1296    i._ZN4Anki5Cozmo3HAL5Spine7DequeueEPh  spine.o
    0x000098f8   0x00000074   Code   RO         1297    i._ZN4Anki5Cozmo3HAL5Spine7EnqueueEPKvhh  spine.o
    0x0000996c   0x00000084   Code   RO          253    i._ZN4Anki5Cozmo3HAL6InitIOEv  camera.o
    0x000099f0   0x00000002   Code   RO         1202    i._ZN4Anki5Cozmo3HAL6SetLEDEht  lights.o
    0x000099f2   0x00000020   Code   RO            8    i._ZN4Anki5Cozmo3HAL7HALExecEv  main.o
    0x00009a12   0x0000000e   Code   RO            9    i._ZN4Anki5Cozmo3HAL7HALInitEv  main.o
    0x00009a20   0x0000006c   Code   RO          254    i._ZN4Anki5Cozmo3HAL7InitCamEv  camera.o
    0x00009a8c   0x00000090   Code   RO          255    i._ZN4Anki5Cozmo3HAL7InitDMAEv  camera.o
    0x00009b1c   0x000008cc   Code   RO          578    i._ZN4Anki5Cozmo3HAL7unrowB2Ev  enjpeg.o
    0x0000a3e8   0x00000038   Code   RO         1339    i._ZN4Anki5Cozmo3HAL8Watchdog3petEv  watchdog.o
    0x0000a420   0x0000004c   Code   RO         1340    i._ZN4Anki5Cozmo3HAL8Watchdog4initEv  watchdog.o
    0x0000a46c   0x00000014   Code   RO         1341    i._ZN4Anki5Cozmo3HAL8Watchdog4kickEh  watchdog.o
    0x0000a480   0x00000044   Code   RO         1342    i._ZN4Anki5Cozmo3HAL8Watchdog7suspendEv  watchdog.o
    0x0000a4c4   0x00000018   Code   RO          529    i._ZN4Anki5Cozmo3HAL9MicroWaitEj  timer.o
    0x0000a4dc   0x00000118   Code   RO          579    i._ZN4Anki5Cozmo3HAL9simcolB2xEPh  enjpeg.o
    0x0000a5f4   0x00000118   Code   RO          580    i._ZN4Anki5Cozmo3HAL9simcolB2yEPh  enjpeg.o
    0x0000a70c   0x0000000c   Code   RO         2435    i._ZN4Anki5Cozmo5Robot16GetOperationModeEv  cozmobot.o
    0x0000a718   0x000001d4   Code   RO         2438    i._ZN4Anki5Cozmo5Robot18step_MainExecutionEv  cozmobot.o
    0x0000a8ec   0x0000002a   Code   RO         2439    i._ZN4Anki5Cozmo5Robot22MotorCalibrationUpdateEv  cozmobot.o
    0x0000a916   0x00000002   PAD
    0x0000a918   0x0000007c   Code   RO         2440    i._ZN4Anki5Cozmo5Robot4InitEv  cozmobot.o
    0x0000a994   0x0000003c   Code   RO         2558    i._ZN4Anki5Cozmo8Messages12Process_stopERKNS0_14RobotInterface13StopAllMotorsE  messages.o
    0x0000a9d0   0x00000054   Code   RO         2560    i._ZN4Anki5Cozmo8Messages13Process_driveERKNS0_14RobotInterface11DriveWheelsE  messages.o
    0x0000aa24   0x00000264   Code   RO         2561    i._ZN4Anki5Cozmo8Messages14ProcessMessageERNS0_14RobotInterface13EngineToRobotE  messages.o
    0x0000ac88   0x00000008   Code   RO         2563    i._ZN4Anki5Cozmo8Messages16Process_moveHeadERKNS0_14RobotInterface8MoveHeadE  messages.o
    0x0000ac90   0x00000008   Code   RO         2564    i._ZN4Anki5Cozmo8Messages16Process_moveLiftERKNS0_14RobotInterface8MoveLiftE  messages.o
    0x0000ac98   0x00000050   Code   RO         2565    i._ZN4Anki5Cozmo8Messages16Process_syncTimeERKNS0_14RobotInterface8SyncTimeE  messages.o
    0x0000ace8   0x00000008   Code   RO         2566    i._ZN4Anki5Cozmo8Messages16Process_trimPathERKNS0_14RobotInterface8TrimPathE  messages.o
    0x0000acf0   0x00000010   Code   RO         2568    i._ZN4Anki5Cozmo8Messages17Process_clearPathERKNS0_14RobotInterface9ClearPathE  messages.o
    0x0000ad00   0x0000002c   Code   RO         2569    i._ZN4Anki5Cozmo8Messages17Process_headAngleERKNS0_14RobotInterface12SetHeadAngleE  messages.o
    0x0000ad2c   0x00000030   Code   RO         2570    i._ZN4Anki5Cozmo8Messages17Process_wifiStateERKNS0_9WiFiStateE  messages.o
    0x0000ad5c   0x000000e4   Code   RO         2571    i._ZN4Anki5Cozmo8Messages17SendRobotStateMsgEPKNS0_10RobotStateE  messages.o
    0x0000ae40   0x0000002c   Code   RO         2574    i._ZN4Anki5Cozmo8Messages18Process_liftHeightERKNS0_14RobotInterface13SetLiftHeightE  messages.o
    0x0000ae6c   0x00000040   Code   RO         2575    i._ZN4Anki5Cozmo8Messages18Process_powerStateERKNS0_10PowerStateE  messages.o
    0x0000aeac   0x00000002   Code   RO         2576    i._ZN4Anki5Cozmo8Messages19ProcessBTLEMessagesEv  messages.o
    0x0000aeae   0x00000022   Code   RO         2577    i._ZN4Anki5Cozmo8Messages19Process_executePathERKNS0_14RobotInterface11ExecutePathE  messages.o
    0x0000aed0   0x00000190   Code   RO         2578    i._ZN4Anki5Cozmo8Messages19UpdateRobotStateMsgEv  messages.o
    0x0000b060   0x00000028   Code   RO         2580    i._ZN4Anki5Cozmo8Messages20Process_getPropStateERKNS0_9PropStateE  messages.o
    0x0000b088   0x0000001c   Code   RO         2581    i._ZN4Anki5Cozmo8Messages20Process_imageRequestERKNS0_14RobotInterface12ImageRequestE  messages.o
    0x0000b0a4   0x00000012   Code   RO         2582    i._ZN4Anki5Cozmo8Messages20Process_setBodyAngleERKNS0_14RobotInterface12SetBodyAngleE  messages.o
    0x0000b0b6   0x00000002   PAD
    0x0000b0b8   0x00000040   Code   RO         2584    i._ZN4Anki5Cozmo8Messages21Process_animHeadAngleERKNS0_12AnimKeyFrame9HeadAngleE  messages.o
    0x0000b0f8   0x0000001c   Code   RO         2587    i._ZN4Anki5Cozmo8Messages22Process_animBodyMotionERKNS0_12AnimKeyFrame10BodyMotionE  messages.o
    0x0000b114   0x00000030   Code   RO         2588    i._ZN4Anki5Cozmo8Messages22Process_animLiftHeightERKNS0_12AnimKeyFrame10LiftHeightE  messages.o
    0x0000b144   0x0000006c   Code   RO         2589    i._ZN4Anki5Cozmo8Messages22Process_dockWithObjectERKNS0_14DockWithObjectE  messages.o
    0x0000b1b0   0x0000001c   Code   RO         2590    i._ZN4Anki5Cozmo8Messages22Process_driveCurvatureERKNS0_14RobotInterface20DriveWheelsCurvatureE  messages.o
    0x0000b1cc   0x00000022   Code   RO         2594    i._ZN4Anki5Cozmo8Messages23Process_animEventToRTIPERKNS0_14RobotInterface15AnimEventToRTIPE  messages.o
    0x0000b1ee   0x0000000e   Code   RO         2595    i._ZN4Anki5Cozmo8Messages23Process_enableLiftPowerERKNS0_14RobotInterface15EnableLiftPowerE  messages.o
    0x0000b1fc   0x00000008   Code   RO         2596    i._ZN4Anki5Cozmo8Messages23Process_headAngleUpdateERKNS0_14RobotInterface15HeadAngleUpdateE  messages.o
    0x0000b204   0x0000001a   Code   RO         2598    i._ZN4Anki5Cozmo8Messages23SendMotorCalibrationMsgEhb  messages.o
    0x0000b21e   0x0000000a   Code   RO         2600    i._ZN4Anki5Cozmo8Messages24Process_appendPathSegArcERKNS0_14RobotInterface20AppendPathSegmentArcE  messages.o
    0x0000b228   0x00000010   Code   RO         2602    i._ZN4Anki5Cozmo8Messages24Process_rollActionParamsERKNS0_14RobotInterface16RollActionParamsE  messages.o
    0x0000b238   0x0000000a   Code   RO         2604    i._ZN4Anki5Cozmo8Messages25Process_appendPathSegLineERKNS0_14RobotInterface21AppendPathSegmentLineE  messages.o
    0x0000b242   0x0000001e   Code   RO         2606    i._ZN4Anki5Cozmo8Messages25Process_enableStopOnCliffERKNS0_14RobotInterface17EnableStopOnCliffE  messages.o
    0x0000b260   0x00000008   Code   RO         2608    i._ZN4Anki5Cozmo8Messages25Process_setIMUCalibrationERKNS0_14RobotInterface18IMUCalibrationDataE  messages.o
    0x0000b268   0x00000036   Code   RO         2609    i._ZN4Anki5Cozmo8Messages26Process_animBackpackLightsERKNS0_12AnimKeyFrame14BackpackLightsE  messages.o
    0x0000b29e   0x00000064   Code   RO         2612    i._ZN4Anki5Cozmo8Messages26Process_setControllerGainsERKNS0_14RobotInterface15ControllerGainsE  messages.o
    0x0000b302   0x00000008   Code   RO         2613    i._ZN4Anki5Cozmo8Messages26Process_turnInPlaceAtSpeedERKNS0_14RobotInterface18TurnInPlaceAtSpeedE  messages.o
    0x0000b30a   0x00000014   Code   RO         2615    i._ZN4Anki5Cozmo8Messages27Process_placeObjectOnGroundERKNS0_19PlaceObjectOnGroundE  messages.o
    0x0000b31e   0x00000008   Code   RO         2617    i._ZN4Anki5Cozmo8Messages28Process_setMotionModelParamsERKNS0_14RobotInterface20SetMotionModelParamsE  messages.o
    0x0000b326   0x00000042   Code   RO         2618    i._ZN4Anki5Cozmo8Messages29Process_absLocalizationUpdateERKNS0_14RobotInterface26AbsoluteLocalizationUpdateE  messages.o
    0x0000b368   0x0000001c   Code   RO         2621    i._ZN4Anki5Cozmo8Messages29Process_startMotorCalibrationERKNS0_14RobotInterface21StartMotorCalibrationE  messages.o
    0x0000b384   0x00000016   Code   RO         2622    i._ZN4Anki5Cozmo8Messages30Process_appendPathSegPointTurnERKNS0_14RobotInterface26AppendPathSegmentPointTurnE  messages.o
    0x0000b39a   0x00000002   PAD
    0x0000b39c   0x000000f0   Code   RO         2624    i._ZN4Anki5Cozmo8Messages30Process_enableReadToolCodeModeERKNS0_14RobotInterface22EnableReadToolCodeModeE  messages.o
    0x0000b48c   0x0000005a   Code   RO         2626    i._ZN4Anki5Cozmo8Messages31Process_setBackpackLightsMiddleERKNS0_14RobotInterface20BackpackLightsMiddleE  messages.o
    0x0000b4e6   0x0000000a   Code   RO         2627    i._ZN4Anki5Cozmo8Messages31Process_startControllerTestModeERKNS0_23StartControllerTestModeE  messages.o
    0x0000b4f0   0x00000042   Code   RO         2628    i._ZN4Anki5Cozmo8Messages36Process_setBackpackLightsTurnSignalsERKNS0_14RobotInterface25BackpackLightsTurnSignalsE  messages.o
    0x0000b532   0x00000002   PAD
    0x0000b534   0x0000000c   Code   RO         2632    i._ZN4Anki5Cozmo8Messages9ResetInitEv  messages.o
    0x0000b540   0x000000d8   Code   RO         3808    i._ZN4Anki5Cozmo9IMUFilter10DetectPokeEv  imufilter.o
    0x0000b618   0x0000000c   Code   RO         3809    i._ZN4Anki5Cozmo9IMUFilter10IsPickedUpEv  imufilter.o
    0x0000b624   0x0000000c   Code   RO         3810    i._ZN4Anki5Cozmo9IMUFilter11GetRotationEv  imufilter.o
    0x0000b630   0x00000078   Code   RO         3811    i._ZN4Anki5Cozmo9IMUFilter11UpdatePitchEv  imufilter.o
    0x0000b6a8   0x0000007c   Code   RO         3812    i._ZN4Anki5Cozmo9IMUFilter12DetectMotionEv  imufilter.o
    0x0000b724   0x000001c8   Code   RO         3813    i._ZN4Anki5Cozmo9IMUFilter12DetectPickupEv  imufilter.o
    0x0000b8ec   0x0000003c   Code   RO         3814    i._ZN4Anki5Cozmo9IMUFilter13DetectFallingEv  imufilter.o
    0x0000b928   0x00000038   Code   RO         3815    i._ZN4Anki5Cozmo9IMUFilter13RecordAndSendEj  imufilter.o
    0x0000b960   0x0000001c   Code   RO         3817    i._ZN4Anki5Cozmo9IMUFilter14MotionDetectedEv  imufilter.o
    0x0000b97c   0x00000060   Code   RO         3818    i._ZN4Anki5Cozmo9IMUFilter15DetectNsideDownEv  imufilter.o
    0x0000b9dc   0x00000028   Code   RO         3819    i._ZN4Anki5Cozmo9IMUFilter15SetPickupDetectEb  imufilter.o
    0x0000ba04   0x0000000c   Code   RO         3820    i._ZN4Anki5Cozmo9IMUFilter16GetLatestRawDataEv  imufilter.o
    0x0000ba10   0x0000000c   Code   RO         3821    i._ZN4Anki5Cozmo9IMUFilter16GetRotationSpeedEv  imufilter.o
    0x0000ba1c   0x00000014   Code   RO         3822    i._ZN4Anki5Cozmo9IMUFilter18EnablePickupDetectEb  imufilter.o
    0x0000ba30   0x0000004c   Code   RO         3823    i._ZN4Anki5Cozmo9IMUFilter18UpdateCameraMotionEv  imufilter.o
    0x0000ba7c   0x000000a0   Code   RO         3826    i._ZN4Anki5Cozmo9IMUFilter20UpdateEventDetectionEv  imufilter.o
    0x0000bb1c   0x00000028   Code   RO         3827    i._ZN4Anki5Cozmo9IMUFilter21EnablePickupParalysisEb  imufilter.o
    0x0000bb44   0x0000004c   Code   RO         3828    i._ZN4Anki5Cozmo9IMUFilter21HandlePickupParalysisEv  imufilter.o
    0x0000bb90   0x000002e0   Code   RO         3829    i._ZN4Anki5Cozmo9IMUFilter21MadgwickAHRSupdateIMUEffffff  imufilter.o
    0x0000be70   0x00000070   Code   RO         3831    i._ZN4Anki5Cozmo9IMUFilter27CheckUnintendedAccelerationEv  imufilter.o
    0x0000bee0   0x00000018   Code   RO         3832    i._ZN4Anki5Cozmo9IMUFilter5ResetEv  imufilter.o
    0x0000bef8   0x00000284   Code   RO         3833    i._ZN4Anki5Cozmo9IMUFilter6UpdateEv  imufilter.o
    0x0000c17c   0x0000002c   Code   RO         3834    i._ZN4Anki5Cozmo9IMUFilter7invSqrtEf  imufilter.o
    0x0000c1a8   0x0000000c   Code   RO         3835    i._ZN4Anki5Cozmo9IMUFilter8GetPitchEv  imufilter.o
    0x0000c1b4   0x00000038   Code   RO         3424    i._ZN4Anki7Radians15angularDistanceERKS0_b  radians.o
    0x0000c1ec   0x000000a8   Code   RO         3426    i._ZN4Anki7Radians7rescaleEv  radians.o
    0x0000c294   0x0000000e   Code   RO         3427    i._ZN4Anki7RadiansC1ERKS0_  radians.o
    0x0000c2a2   0x00000012   Code   RO         3428    i._ZN4Anki7RadiansC1Ef  radians.o
    0x0000c2b4   0x00000014   Code   RO         3429    i._ZN4Anki7RadiansC1Ev  radians.o
    0x0000c2c8   0x0000000e   Code   RO         3430    i._ZN4Anki7RadiansaSERKS0_  radians.o
    0x0000c2d6   0x00000008   Code   RO         3431    i._ZN4Anki7RadiansaSEf  radians.o
    0x0000c2de   0x0000001c   Code   RO         3435    i._ZN4Anki7RadiansmLEf  radians.o
    0x0000c2fa   0x0000001c   Code   RO         3437    i._ZN4Anki7RadianspLEf  radians.o
    0x0000c316   0x00000008   Code   RO         4616    i._ZN4Anki8Embedded10Rotation2d6InvertEv  localization_geometry.o
    0x0000c31e   0x00000004   Code   RO         4617    i._ZN4Anki8Embedded10Rotation2dC1ENS_7RadiansE  localization_geometry.o
    0x0000c322   0x00000012   Code   RO         4751    i._ZN4Anki8Embedded6Pose2dC1ENS0_7Point2fENS0_10Rotation2dE  localization_geometry.o
    0x0000c334   0x00000020   Code   RO         4523    i._ZN4Anki8Embedded6Pose2dC1EffNS_7RadiansE  localization.o
    0x0000c354   0x0000003c   Code   RO         4241    i._ZN4Anki8Embedded6Pose2dC1Ev  dockingcontroller.o
    0x0000c390   0x0000001a   Code   RO         4253    i._ZN4Anki8Embedded6Pose2daSERKS1_  dockingcontroller.o
    0x0000c3aa   0x00000072   Code   RO         4619    i._ZN4Anki8Embedded6Pose2dmlERKS1_  localization_geometry.o
    0x0000c41c   0x00000012   Code   RO         4620    i._ZN4Anki8Embedded7Point2fC1ERKS1_  localization_geometry.o
    0x0000c42e   0x00000006   Code   RO         4621    i._ZN4Anki8Embedded7Point2fC1Eff  localization_geometry.o
    0x0000c434   0x00000014   Code   RO         4622    i._ZN4Anki8Embedded7Point2fC1Ev  localization_geometry.o
    0x0000c448   0x00000012   Code   RO         4623    i._ZN4Anki8Embedded7Point2faSERKS1_  localization_geometry.o
    0x0000c45a   0x00000022   Code   RO         4627    i._ZN4Anki8Embedded7Point2fpLERKS1_  localization_geometry.o
    0x0000c47c   0x00000080   Code   RO         4772    i._ZN4Anki8Planning11PathSegment10DefineLineEfffffff  path.o
    0x0000c4fc   0x00000020   Code   RO         4774    i._ZN4Anki8Planning11PathSegment15DefinePointTurnEfffffffb  path.o
    0x0000c51c   0x00000008   Code   RO         4775    i._ZN4Anki8Planning11PathSegment15SetSpeedProfileEfff  path.o
    0x0000c524   0x00000088   Code   RO         4776    i._ZN4Anki8Planning11PathSegment9DefineArcEffffffff  path.o
    0x0000c5ac   0x00000006   Code   RO         4966    i._ZN4Anki8Planning11PathSegmentC1Ev  path.o
    0x0000c5b2   0x00000066   Code   RO         4779    i._ZN4Anki8Planning4Path10AppendLineEjfffffff  path.o
    0x0000c618   0x00000068   Code   RO         4781    i._ZN4Anki8Planning4Path15AppendPointTurnEjfffffffb  path.o
    0x0000c680   0x00000038   Code   RO         4782    i._ZN4Anki8Planning4Path5ClearEv  path.o
    0x0000c6b8   0x000000d0   Code   RO         4783    i._ZN4Anki8Planning4Path6AddArcEffffffff  path.o
    0x0000c788   0x00000044   Code   RO         4784    i._ZN4Anki8Planning4Path7PopBackEh  path.o
    0x0000c7cc   0x0000005a   Code   RO         4785    i._ZN4Anki8Planning4Path8PopFrontEh  path.o
    0x0000c826   0x00000002   PAD
    0x0000c828   0x000002d4   Code   RO         4786    i._ZN4Anki8Planning4Path9AppendArcEjffffffff  path.o
    0x0000cafc   0x0000002c   Code   RO         4788    i._ZN4Anki8Planning4PathC1Ev  path.o
    0x0000cb28   0x0000000c   Code   RO         5179    i._ZN4Anki8Planning4PathixEh  pathfollower.o
    0x0000cb34   0x00000040   Code   RO         3439    i._ZN4AnkieqERKNS_7RadiansES2_  radians.o
    0x0000cb74   0x0000001c   Code   RO         3440    i._ZN4AnkigeERKNS_7RadiansES2_  radians.o
    0x0000cb90   0x00000026   Code   RO         3441    i._ZN4AnkigtERKNS_7RadiansES2_  radians.o
    0x0000cbb6   0x0000000a   Code   RO         3443    i._ZN4AnkiltERKNS_7RadiansES2_  radians.o
    0x0000cbc0   0x00000020   Code   RO         3444    i._ZN4AnkimiERKNS_7RadiansES2_  radians.o
    0x0000cbe0   0x00000018   Code   RO         3445    i._ZN4AnkimiERKNS_7RadiansEf  radians.o
    0x0000cbf8   0x00000018   Code   RO         3446    i._ZN4AnkimiEfRKNS_7RadiansE  radians.o
    0x0000cc10   0x00000020   Code   RO         3447    i._ZN4AnkimlERKNS_7RadiansEf  radians.o
    0x0000cc30   0x00000004   Code   RO         3448    i._ZN4AnkimlEfRKNS_7RadiansE  radians.o
    0x0000cc34   0x0000000c   Code   RO         3449    i._ZN4AnkineERKNS_7RadiansES2_  radians.o
    0x0000cc40   0x00000020   Code   RO         3450    i._ZN4AnkiplERKNS_7RadiansES2_  radians.o
    0x0000cc60   0x00000018   Code   RO         3451    i._ZN4AnkiplERKNS_7RadiansEf  radians.o
    0x0000cc78   0x00000006   Code   RO         1534    i._ZNK4Anki5Cozmo12AnimKeyFrame9FaceImage4SizeEv  clad.o
    0x0000cc7e   0x0000000a   Code   RO         1538    i._ZNK4Anki5Cozmo14RobotInterface10PrintTrace4SizeEv  clad.o
    0x0000cc88   0x0000037a   Code   RO         1541    i._ZNK4Anki5Cozmo14RobotInterface13EngineToRobot4SizeEv  clad.o
    0x0000d002   0x00000004   Code   RO         1549    i._ZNK4Anki5Cozmo14RobotInterface18NVReadResultToBody4SizeEv  clad.o
    0x0000d006   0x00000006   Code   RO         1558    i._ZNK4Anki5Cozmo16WriteBodyStorage4SizeEv  clad.o
    0x0000d00c   0x00000006   Code   RO         1560    i._ZNK4Anki5Cozmo19BodyStorageContents4SizeEv  clad.o
    0x0000d012   0x0000000a   Code   RO         1564    i._ZNK4Anki5Cozmo9CubeSlots4SizeEv  clad.o
    0x0000d01c   0x00000006   Code   RO         1566    i._ZNK4Anki5Cozmo9NVStorage13NVStorageBlob4SizeEv  clad.o
    0x0000d022   0x0000000c   Code   RO         1568    i._ZNK4Anki5Cozmo9NVStorage14NVStorageWrite4SizeEv  clad.o
    0x0000d02e   0x00000006   Code   RO         1570    i._ZNK4Anki5Cozmo9NVStorage9NVWipeAll4SizeEv  clad.o
    0x0000d034   0x00000014   Code   RO         3453    i._ZNK4Anki7Radians10getDegreesEv  radians.o
    0x0000d048   0x0000000e   Code   RO         4628    i._ZNK4Anki8Embedded10Rotation2d10GetInverseEv  localization_geometry.o
    0x0000d056   0x00000004   Code   RO         4629    i._ZNK4Anki8Embedded10Rotation2d8GetAngleEv  localization_geometry.o
    0x0000d05a   0x00000058   Code   RO         4630    i._ZNK4Anki8Embedded10Rotation2dmlERKNS0_7Point2fE  localization_geometry.o
    0x0000d0b2   0x00000014   Code   RO         4631    i._ZNK4Anki8Embedded10Rotation2dmlERKS1_  localization_geometry.o
    0x0000d0c6   0x00000042   Code   RO         4632    i._ZNK4Anki8Embedded6Pose2d16GetWithRespectToERKS1_  localization_geometry.o
    0x0000d108   0x00000006   Code   RO         4247    i._ZNK4Anki8Embedded6Pose2d8GetAngleEv  dockingcontroller.o
    0x0000d10e   0x00000024   Code   RO         4633    i._ZNK4Anki8Embedded7Point2f4DistERKS1_  localization_geometry.o
    0x0000d132   0x0000001c   Code   RO         4636    i._ZNK4Anki8Embedded7Point2fmiERKS1_  localization_geometry.o
    0x0000d14e   0x000000c8   Code   RO         4790    i._ZNK4Anki8Planning11PathSegment10GetEndPoseERfS2_S2_  path.o
    0x0000d216   0x0000008e   Code   RO         4791    i._ZNK4Anki8Planning11PathSegment13GetStartPointERfS2_  path.o
    0x0000d2a4   0x00000054   Code   RO         4792    i._ZNK4Anki8Planning11PathSegment16GetDistToSegmentEfffRfS2_Pf  path.o
    0x0000d2f8   0x000003c8   Code   RO         4793    i._ZNK4Anki8Planning11PathSegment19GetDistToArcSegmentEfffRfS2_Pf  path.o
    0x0000d6c0   0x00000344   Code   RO         4794    i._ZNK4Anki8Planning11PathSegment20GetDistToLineSegmentEfffRfS2_Pf  path.o
    0x0000da04   0x00000076   Code   RO         4795    i._ZNK4Anki8Planning11PathSegment25GetDistToPointTurnSegmentEfffRfS2_  path.o
    0x0000da7a   0x00000136   Code   RO         4796    i._ZNK4Anki8Planning11PathSegment5PrintEv  path.o
    0x0000dbb0   0x0000005e   Code   RO         4798    i._ZNK4Anki8Planning4Path12PrintSegmentEh  path.o
    0x0000dc0e   0x00000092   Code   RO         4799    i._ZNK4Anki8Planning4Path15CheckContinuityEfa  path.o
    0x0000dca0   0x000000e8   Code   RO         4800    i._ZNK4Anki8Planning4Path22CheckSegmentContinuityEfa  path.o
    0x0000dd88   0x0000004c   Code   RO         4801    i._ZNK4Anki8Planning4Path9PrintPathEv  path.o
    0x0000ddd4   0x00000006   Code   RO         3399    i._ZSt4fabsf        velocityprofilegenerator.o
    0x0000ddda   0x00000026   Code   RO         6265    i.__ARM_fpclassifyf  m_wm.l(fpclassifyf.o)
    0x0000de00   0x00000004   Code   RO         4960    i.__ARM_signbitf    path.o
    0x0000de04   0x00000028   Code   RO           10    i.__aeabi_vec_ctor_nocookie_nodtor  main.o
    0x0000de2c   0x00000124   Code   RO         6113    i.__hardfp_asinf    m_wm.l(asinf.o)
    0x0000df50   0x00000248   Code   RO         6125    i.__hardfp_atan2f   m_wm.l(atan2f.o)
    0x0000e198   0x00000164   Code   RO         6137    i.__hardfp_atanf    m_wm.l(atanf.o)
    0x0000e2fc   0x0000006c   Code   RO         6149    i.__hardfp_ceilf    m_wm.l(ceilf.o)
    0x0000e368   0x0000015c   Code   RO         6155    i.__hardfp_cosf     m_wm.l(cosf.o)
    0x0000e4c4   0x00000178   Code   RO         6167    i.__hardfp_sinf     m_wm.l(sinf.o)
    0x0000e63c   0x0000003a   Code   RO         6179    i.__hardfp_sqrtf    m_wm.l(sqrtf.o)
    0x0000e676   0x00000002   PAD
    0x0000e678   0x00000168   Code   RO         6191    i.__hardfp_tanf     m_wm.l(tanf.o)
    0x0000e7e0   0x00000010   Code   RO         6267    i.__mathlib_flt_underflow  m_wm.l(funder.o)
    0x0000e7f0   0x00000140   Code   RO         6269    i.__mathlib_rredf2  m_wm.l(rredf.o)
    0x0000e930   0x0000000e   Code   RO         6321    i.__scatterload_copy  mc_w.l(handlers.o)
    0x0000e93e   0x00000002   Code   RO         6322    i.__scatterload_null  mc_w.l(handlers.o)
    0x0000e940   0x0000000e   Code   RO         6323    i.__scatterload_zeroinit  mc_w.l(handlers.o)
    0x0000e94e   0x00000002   PAD
    0x0000e950   0x0000000c   Code   RO         6301    i.__set_errno       mc_w.l(errno.o)
    0x0000e95c   0x00000020   Code   RO         4049    i.__sti___13_trig_fast_cpp  trig_fast.o
    0x0000e97c   0x00000050   Code   RO         4353    i.__sti___16_localization_cpp  localization.o
    0x0000e9cc   0x0000000c   Code   RO         5034    i.__sti___16_pathFollower_cpp  pathfollower.o
    0x0000e9d8   0x0000006c   Code   RO         3666    i.__sti___18_headController_cpp  headcontroller.o
    0x0000ea44   0x0000003c   Code   RO         3174    i.__sti___18_liftController_cpp  liftcontroller.o
    0x0000ea80   0x00000030   Code   RO         4110    i.__sti___21_dockingController_cpp  dockingcontroller.o
    0x0000eab0   0x00000034   Code   RO         5553    i.__sti___22_steeringController_cpp  steeringcontroller.o
    0x0000eae4   0x00000018   Code   RO         5258    i.__sti___26_pickAndPlaceController_cpp  pickandplacecontroller.o
    0x0000eafc   0x0000007c   Code   RO           11    i.main              main.o
    0x0000eb78   0x0000003e   Code   RO         6181    i.sqrtf             m_wm.l(sqrtf.o)
    0x0000ebb6   0x0000020a   Data   RO          269    .constdata          camera.o
    0x0000edc0   0x00000220   Data   RO          585    .constdata          enjpeg.o
    0x0000efe0   0x00000209   Data   RO          707    .constdata          oled.o
    0x0000f1e9   0x00000004   Data   RO          884    .constdata          uart.o
    0x0000f1ed   0x00000001   Data   RO         1004    .constdata          imu.o
    0x0000f1ee   0x00000006   Data   RO         1231    .constdata          cube.o
    0x0000f1f4   0x00000030   Data   RO         3865    .constdata          imufilter.o
    0x0000f224   0x000000ca   Data   RO         4055    .constdata          trig_fast.o
    0x0000f2ee   0x00000002   PAD
    0x0000f2f0   0x00000020   Data   RO         6270    .constdata          m_wm.l(rredf.o)
    0x0000f310   0x00000040   Data   RO         6319    Region$$Table       anon$$obj.o
    0x0000f350   0x00000004   Data   RO         3208    .init_array         liftcontroller.o
    0x0000f354   0x00000004   Data   RO         3696    .init_array         headcontroller.o
    0x0000f358   0x00000004   Data   RO         4057    .init_array         trig_fast.o
    0x0000f35c   0x00000004   Data   RO         4139    .init_array         dockingcontroller.o
    0x0000f360   0x00000004   Data   RO         4389    .init_array         localization.o
    0x0000f364   0x00000004   Data   RO         5065    .init_array         pathfollower.o
    0x0000f368   0x00000004   Data   RO         5280    .init_array         pickandplacecontroller.o
    0x0000f36c   0x00000004   Data   RO         5582    .init_array         steeringcontroller.o


    Execution Region RW_DATA (Base: 0x1fffe600, Size: 0x00001664, Max: 0x00001700, ABSOLUTE, COMPRESSED[0x0000012c])

    Base Addr    Size         Type   Attr      Idx    E Section Name        Object

    0x1fffe600   0x00000088   Code   RO          385    CODERAM             i2c.o
    0x1fffe688   0x0000000a   Ven    RO         6330    Veneer$$Code        anon$$obj.o
    0x1fffe692   0x00000002   PAD
    0x1fffe694   0x00000008   Data   RW           23    .data               main.o
    0x1fffe69c   0x00000044   Data   RW          270    .data               camera.o
    0x1fffe6e0   0x00000024   Data   RW          418    .data               i2c.o
    0x1fffe704   0x00000004   Data   RW          535    .data               timer.o
    0x1fffe708   0x00000008   Data   RW          586    .data               enjpeg.o
    0x1fffe710   0x00000008   Data   RW          636    .data               dac.o
    0x1fffe718   0x00000008   Data   RW          708    .data               oled.o
    0x1fffe720   0x00000018   Data   RW          776    .data               spi.o
    0x1fffe738   0x00000010   Data   RW          885    .data               uart.o
    0x1fffe748   0x00000010   Data   RW         1005    .data               imu.o
    0x1fffe758   0x00000006   Data   RW         1070    .data               wifi.o
    0x1fffe75e   0x0000000a   Data   RW         1206    .data               lights.o
    0x1fffe768   0x00000031   Data   RW         1232    .data               cube.o
    0x1fffe799   0x00000003   PAD
    0x1fffe79c   0x00000008   Data   RW         1302    .data               spine.o
    0x1fffe7a4   0x00000008   Data   RW         1348    .data               watchdog.o
    0x1fffe7ac   0x00000004   Data   RW         1444    .data               crashlogger.o
    0x1fffe7b0   0x00000020   Data   RW         2447    .data               cozmobot.o
    0x1fffe7d0   0x0000001c   Data   RW         2713    .data               messages.o
    0x1fffe7ec   0x0000005c   Data   RW         3207    .data               liftcontroller.o
    0x1fffe848   0x0000005c   Data   RW         3695    .data               headcontroller.o
    0x1fffe8a4   0x00000070   Data   RW         3866    .data               imufilter.o
    0x1fffe914   0x00000008   Data   RW         4056    .data               trig_fast.o
    0x1fffe91c   0x00000054   Data   RW         4138    .data               dockingcontroller.o
    0x1fffe970   0x00000044   Data   RW         4388    .data               localization.o
    0x1fffe9b4   0x0000001c   Data   RW         5064    .data               pathfollower.o
    0x1fffe9d0   0x00000050   Data   RW         5279    .data               pickandplacecontroller.o
    0x1fffea20   0x00000010   Data   RW         5448    .data               speedcontroller.o
    0x1fffea30   0x00000088   Data   RW         5581    .data               steeringcontroller.o
    0x1fffeab8   0x00000040   Data   RW         5823    .data               wheelcontroller.o
    0x1fffeaf8   0x0000000c   Data   RW         5910    .data               proxsensors.o
    0x1fffeb04   0x00000008   Data   RW         5996    .data               testmodecontroller.o
    0x1fffeb0c   0x00000002   Data   RW         6046    .data               backpacklightcontroller.o
    0x1fffeb0e   0x00000002   PAD
    0x1fffeb10   0x00000004   Data   RW         6302    .data               mc_w.l(errno.o)
    0x1fffeb14   0x000000ec   PAD
    0x1fffec00   0x00000100   Data   RW         1472    VECTORS             startup_mk02f12810.o
    0x1fffed00   0x0000004c   Zero   RW           21    .bss                main.o
    0x1fffed4c   0x00000038   Zero   RW           22    .bss                main.o
    0x1fffed84   0x00000400   Zero   RW          417    .bss                i2c.o
    0x1ffff184   0x000000c8   Zero   RW          774    .bss                spi.o
    0x1ffff24c   0x00000050   Zero   RW          775    .bss                spi.o
    0x1ffff29c   0x0000004c   Zero   RW          883    .bss                uart.o
    0x1ffff2e8   0x00000027   Zero   RW         1003    .bss                imu.o
    0x1ffff30f   0x00000200   Zero   RW         1069    .bss                wifi.o
    0x1ffff50f   0x00000001   PAD
    0x1ffff510   0x00000010   Zero   RW         1166    .bss                motors.o
    0x1ffff520   0x00000054   Zero   RW         1230    .bss                cube.o
    0x1ffff574   0x00000128   Zero   RW         1301    .bss                spine.o
    0x1ffff69c   0x00000048   Zero   RW         2712    .bss                messages.o
    0x1ffff6e4   0x00000004   PAD
    0x1ffff6e8   0x00000058   Zero   RW         3205    .bss                liftcontroller.o
    0x1ffff740   0x00000058   Zero   RW         3692    .bss                headcontroller.o
    0x1ffff798   0x000000aa   Zero   RW         3864    .bss                imufilter.o
    0x1ffff842   0x00000002   PAD
    0x1ffff844   0x00000068   Zero   RW         4136    .bss                dockingcontroller.o
    0x1ffff8ac   0x000001f0   Zero   RW         4387    .bss                localization.o
    0x1ffffa9c   0x000000f8   Zero   RW         5063    .bss                pathfollower.o
    0x1ffffb94   0x00000004   PAD
    0x1ffffb98   0x00000058   Zero   RW         5580    .bss                steeringcontroller.o
    0x1ffffbf0   0x00000010   Zero   RW         5909    .bss                proxsensors.o
    0x1ffffc00   0x00000064   Zero   RW         6045    .bss                backpacklightcontroller.o


    Execution Region RW_DATA2 (Base: 0x1ffffd00, Size: 0x000022e0, Max: 0x000022f0, ABSOLUTE, COMPRESSED[0x00000048])

    Base Addr    Size         Type   Attr      Idx    E Section Name        Object

    0x1ffffd00   0x000022e0   Data   RW          587    CAMRAM              enjpeg.o


    Execution Region RW_DATA_UNINIT (Base: 0x20001ff0, Size: 0x00000000, Max: 0x00000010, ABSOLUTE, UNINIT)

    **** No section assigned to this execution region ****


==============================================================================

Image component sizes


      Code (inc. data)   RO Data    RW Data    ZI Data      Debug   Object Name

       306         26          0          2        100      34242   backpacklightcontroller.o
       740        140        522         68          0      35796   camera.o
       956        694          0          0          0      65308   clad.o
       646         24          0         32          0      16950   cozmobot.o
        84          8          0          4          0       2695   crashlogger.o
       646         14          6         49         84      18642   cube.o
       388         60          0          8          0       3927   dac.o
        72         14          0          0          0        992   debug.o
      5250        332          4         84        104      46549   dockingcontroller.o
      3576         38        544       8936          0      11345   enjpeg.o
      1852        222          4         92         88      15800   headcontroller.o
       880        134          0         36       1024     198453   i2c.o
       748         88          1         16         39       7589   imu.o
      3196        240         48        112        170      33620   imufilter.o
      2268        264          4         92         88      20385   liftcontroller.o
        46         10          0         10          0       1640   lights.o
      2702        196          4         68        496      41076   localization.o
       496          6          0          0          0      11752   localization_geometry.o
       262         38          0          8        132     248301   main.o
      3132        176          0         28         72      87906   messages.o
       216         46          0          0         16       2576   motors.o
       296         36        521          8          0       3436   oled.o
      4916        102          0          0          0      24493   path.o
      1842        162          4         28        248      20506   pathfollower.o
      2934        268          4         80          0      35216   pickandplacecontroller.o
       224         30          0          0          0       1072   power.o
       396         40          0         12         16      17650   proxsensors.o
       698         42          0          0          0      11683   radians.o
       474         50          0         16          0       6977   speedcontroller.o
       896        144          0         24        280      32490   spi.o
       384         22          0          8        296      26092   spine.o
        92         16         28        256          0        816   startup_mk02f12810.o
      3780        266          4        136         88      17934   steeringcontroller.o
       204         26          0          8          0       3436   testmodecontroller.o
        80         12          0          4          0       2020   timer.o
       916        132        206          8          0       3773   trig_fast.o
       568         96          4         16         76      29319   uart.o
      2490         14          0          0          0       5738   velocityprofilegenerator.o
       252         44          0          8          0       3294   watchdog.o
      1172        114          0         64          0       9622   wheelcontroller.o
       604         40          0          6        512      30288   wifi.o

    ----------------------------------------------------------------------
     51734       4426       1974      10332       3940    1191399   Object Totals
        20          0         64          0          0          0   (incl. Generated)
        34          0          2          5         11          0   (incl. Padding)

    ----------------------------------------------------------------------

      Code (inc. data)   RO Data    RW Data    ZI Data      Debug   Library Member Name

       292         42          0          0          0        180   asinf.o
       584         98          0          0          0        176   atan2f.o
       356         66          0          0          0        164   atanf.o
       108         10          0          0          0        116   ceilf.o
       348         66          0          0          0        124   cosf.o
        38          0          0          0          0        116   fpclassifyf.o
        16          6          0          0          0        116   funder.o
       320         24         32          0          0        160   rredf.o
       376         62          0          0          0        156   sinf.o
       120          0          0          0          0        272   sqrtf.o
       360         60          0          0          0        156   tanf.o
        92          0          0          0          0          0   __dczerorl2.o
        32         10          0          0          0         80   cpp_init.o
         0          0          0          0          0          0   entry.o
         0          0          0          0          0          0   entry10a.o
         0          0          0          0          0          0   entry11a.o
         8          4          0          0          0          0   entry2.o
         4          0          0          0          0          0   entry5.o
         0          0          0          0          0          0   entry7b.o
         4          0          0          0          0          0   entry8a.o
         0          0          0          0          0          0   entry8b.o
         8          4          0          0          0          0   entry9a.o
        12          6          0          4          0         68   errno.o
        30          0          0          0          0          0   handlers.o
        36          8          0          0          0         68   init.o
         0          0          0          0          0          0   iusefp.o
        30          0          0          0          0         68   llshl.o
        36          0          0          0          0         68   llsshr.o
        32          0          0          0          0         68   llushr.o
        36          0          0          0          0         68   memcpya.o
        36          0          0          0          0        108   memseta.o
        40          2          0          0          0         68   cdcmple.o
        56          0          0          0          0         88   d2f.o
       334          0          0          0          0        148   dadd.o
       222          0          0          0          0        100   ddiv.o
       190          0          0          0          0        176   depilogue.o
        62          0          0          0          0         80   dfixi.o
        34          0          0          0          0         76   dflti.o
       228          0          0          0          0         96   dmul.o
        38          0          0          0          0         68   f2d.o
       108          0          0          0          0        168   fepilogue.o

    ----------------------------------------------------------------------
      4632        468         32        240          0       3400   Library Totals
         6          0          0        236          0          0   (incl. Padding)

    ----------------------------------------------------------------------

      Code (inc. data)   RO Data    RW Data    ZI Data      Debug   Library Name

      2918        434         32          0          0       1736   m_wm.l
       396         32          0          4          0        596   mc_w.l
      1312          2          0          0          0       1068   mf_w.l

    ----------------------------------------------------------------------
      4632        468         32        240          0       3400   Library Totals

    ----------------------------------------------------------------------

==============================================================================


      Code (inc. data)   RO Data    RW Data    ZI Data      Debug   

     56366       4894       2006      10572       3940    1148519   Grand Totals
     56366       4894       2006        372       3940    1148519   ELF Image Totals (compressed)
     56366       4894       2006        372          0          0   ROM Totals

==============================================================================

    Total RO  Size (Code + RO Data)                58372 (  57.00kB)
    Total RW  Size (RW Data + ZI Data)             14512 (  14.17kB)
    Total ROM Size (Code + RO Data + RW Data)      58744 (  57.37kB)

==============================================================================

