Component: ARM Compiler 5.06 update 2 (build 183) Tool: armlink [4d35b7]

==============================================================================

Section Cross References

    battery.o(i._Z10calcResulti) refers to uidiv.o(.text) for __aeabi_uidivmod
    battery.o(i._Z10calcResulti) refers to dfltui.o(.text) for __aeabi_ui2d
    battery.o(i._Z10calcResulti) refers to dscalb.o(.text) for __ARM_scalbn
    battery.o(i._Z10calcResulti) refers to dadd.o(.text) for __aeabi_dadd
    battery.o(i._Z10calcResulti) refers to dfixl.o(.text) for __aeabi_d2lz
    battery.o(i._Z10calcResulti) refers to dfltl.o(.text) for __aeabi_l2d
    battery.o(i._Z10calcResulti) refers to ddiv.o(.text) for __aeabi_ddiv
    battery.o(i._Z10calcResulti) refers to dfixi.o(.text) for __aeabi_d2iz
    battery.o(i._Z10calcResulti) refers to battery.o(i.__ARM_common_ll_mulss) for __ARM_common_ll_mulss
    battery.o(i._Z14setChargeState18CurrentChargeState) refers to backpack.o(i._ZN8Backpack14defaultPatternE22DefaultBackpackPattern) for Backpack::defaultPattern(DefaultBackpackPattern)
    battery.o(i._Z14setChargeState18CurrentChargeState) refers to battery.o(.data) for .data
    battery.o(i._Z14startADCsample11AnalogInput) refers to battery.o(.data) for .data
    battery.o(i._ZN7Battery16setOperatingModeEa) refers to battery.o(.data) for .data
    battery.o(i._ZN7Battery19updateOperatingModeEv) refers to bluetooth.o(i._ZN9Bluetooth8shutdownEv) for Bluetooth::shutdown()
    battery.o(i._ZN7Battery19updateOperatingModeEv) refers to cubes.o(i._ZN5Radio8shutdownEv) for Radio::shutdown()
    battery.o(i._ZN7Battery19updateOperatingModeEv) refers to backpack.o(i._ZN8Backpack14defaultPatternE22DefaultBackpackPattern) for Backpack::defaultPattern(DefaultBackpackPattern)
    battery.o(i._ZN7Battery19updateOperatingModeEv) refers to motors.o(i._ZN6Motors7disableEb) for Motors::disable(bool)
    battery.o(i._ZN7Battery19updateOperatingModeEv) refers to head.o(i._ZN4Head17enterLowPowerModeEv) for Head::enterLowPowerMode()
    battery.o(i._ZN7Battery19updateOperatingModeEv) refers to timer.o(.emb_text) for MicroWait(unsigned)
    battery.o(i._ZN7Battery19updateOperatingModeEv) refers to bluetooth.o(i._ZN9Bluetooth9advertiseEv) for Bluetooth::advertise()
    battery.o(i._ZN7Battery19updateOperatingModeEv) refers to cubes.o(i._ZN5Radio9advertiseEv) for Radio::advertise()
    battery.o(i._ZN7Battery19updateOperatingModeEv) refers to battery.o(.data) for .data
    battery.o(i._ZN7Battery4initEv) refers to battery.o(i._Z14startADCsample11AnalogInput) for startADCsample(AnalogInput)
    battery.o(i._ZN7Battery4initEv) refers to battery.o(i._Z10calcResulti) for calcResult(int)
    battery.o(i._ZN7Battery4initEv) refers to battery.o(.data) for .data
    battery.o(i._ZN7Battery6manageEv) refers to timer.o(.emb_text) for MicroWait(unsigned)
    battery.o(i._ZN7Battery6manageEv) refers to battery.o(i._Z10calcResulti) for calcResult(int)
    battery.o(i._ZN7Battery6manageEv) refers to cxa_guard_acquire.o(i.__cxa_guard_acquire) for __cxa_guard_acquire
    battery.o(i._ZN7Battery6manageEv) refers to battery.o(i._Z14startADCsample11AnalogInput) for startADCsample(AnalogInput)
    battery.o(i._ZN7Battery6manageEv) refers to temp.o(i._ZN4Temp7getTempEv) for Temp::getTemp()
    battery.o(i._ZN7Battery6manageEv) refers to idiv.o(.text) for __aeabi_idivmod
    battery.o(i._ZN7Battery6manageEv) refers to messages.o(i._ZN4Anki5Cozmo3HAL16RadioSendMessageEPKvth) for Anki::Cozmo::HAL::RadioSendMessage(const void*, unsigned short, unsigned char)
    battery.o(i._ZN7Battery6manageEv) refers to motors.o(i._ZN6Motors13getChargeOkayEv) for Motors::getChargeOkay()
    battery.o(i._ZN7Battery6manageEv) refers to battery.o(i._Z14setChargeState18CurrentChargeState) for setChargeState(CurrentChargeState)
    battery.o(i._ZN7Battery6manageEv) refers to battery.o(.data) for .data
    battery.o(i._ZN7Battery6manageEv) refers to head.o(.data) for Head::synced
    battery.o(i._ZN7Battery6manageEv) refers to head.o(.bss) for g_dataToHead
    battery.o(i._ZN7Battery7powerOnEv) refers to battery.o(.data) for .data
    battery.o(i._ZN7Battery8getLevelEv) refers to idiv.o(.text) for __aeabi_idivmod
    battery.o(i._ZN7Battery8getLevelEv) refers to battery.o(.data) for .data
    battery.o(i._ZN7Battery8powerOffEv) refers to timer.o(.emb_text) for MicroWait(unsigned)
    battery.o(i._ZN7Battery8powerOffEv) refers to battery.o(.data) for .data
    battery.o(.ARM.exidx) refers to battery.o(i._Z10calcResulti) for i._Z10calcResulti
    battery.o(.ARM.exidx) refers to battery.o(i._ZN7Battery8getLevelEv) for i._ZN7Battery8getLevelEv
    battery.o(.ARM.exidx) refers to battery.o(i._Z14setChargeState18CurrentChargeState) for i._Z14setChargeState18CurrentChargeState
    battery.o(.ARM.exidx) refers to battery.o(i._ZN7Battery4initEv) for i._ZN7Battery4initEv
[...]
    i.HardFault_Handler                      0x000188b4   Section        0  crashlogger.o(i.HardFault_Handler)
    i.RADIO_IRQHandler                       0x000188e0   Section        0  micro_esb.o(i.RADIO_IRQHandler)
    i.RTC1_IRQHandler                        0x000189b8   Section        0  timer.o(i.RTC1_IRQHandler)
    i.SWI2_IRQHandler                        0x00018a0c   Section        0  bluetooth.o(i.SWI2_IRQHandler)
    i.SystemInit                             0x00018c74   Section        0  system_nrf51.o(i.SystemInit)
    i.TIMER0_IRQHandler                      0x00018cf4   Section        0  cubes.o(i.TIMER0_IRQHandler)
    i.UART0_IRQHandler                       0x00018e74   Section        0  head.o(i.UART0_IRQHandler)
    i._Z10EnterState10RadioState             0x00018fd0   Section        0  cubes.o(i._Z10EnterState10RadioState)
    EnterState(RadioState)                   0x00018fd1   Thumb Code    52  cubes.o(i._Z10EnterState10RadioState)
    i._Z10MD5_UpdateP7MD5_CTXPKvm            0x00019014   Section        0  md5.o(i._Z10MD5_UpdateP7MD5_CTXPKvm)
    i._Z10calcResulti                        0x00019094   Section        0  battery.o(i._Z10calcResulti)
    calcResult(int)                          0x00019095   Thumb Code    82  battery.o(i._Z10calcResulti)
    i._Z10gen_randomPvi                      0x000190f8   Section        0  random.o(i._Z10gen_randomPvi)
    i._Z10sha1_finalP8SHA1_CTXPh             0x0001917c   Section        0  sha1.o(i._Z10sha1_finalP8SHA1_CTXPh)
    i._Z10uesb_startv                        0x00019234   Section        0  micro_esb.o(i._Z10uesb_startv)
    i._Z11AddRoundKeyh                       0x0001933c   Section        0  aes.o(i._Z11AddRoundKeyh)
    AddRoundKey(unsigned char)               0x0001933d   Thumb Code    56  aes.o(i._Z11AddRoundKeyh)
    i._Z11create_hmacPhPKhiS1_i              0x0001937c   Section        0  hmac.o(i._Z11create_hmacPhPKhiS1_i)
    i._Z11dh_completePKv                     0x0001940c   Section        0  bluetooth.o(i._Z11dh_completePKv)
    dh_complete(const void*)                 0x0001940d   Thumb Code    38  bluetooth.o(i._Z11dh_completePKv)
    i._Z11sha1_updateP8SHA1_CTXPKhj          0x00019432   Section        0  sha1.o(i._Z11sha1_updateP8SHA1_CTXPKhj)
    i._Z12KeyExpansionv                      0x00019474   Section        0  aes.o(i._Z12KeyExpansionv)
    KeyExpansion()                           0x00019475   Thumb Code   158  aes.o(i._Z12KeyExpansionv)
    i._Z12uesb_disablev                      0x00019524   Section        0  micro_esb.o(i._Z12uesb_disablev)
    i._Z12updateLightsPKN4Anki5Cozmo10LightStateE 0x000195a4   Section        0  backpack.o(i._Z12updateLightsPKN4Anki5Cozmo10LightStateE)
    updateLights(const Anki::Cozmo::LightState*) 0x000195a5   Thumb Code    36  backpack.o(i._Z12updateLightsPKN4Anki5Cozmo10LightStateE)
    i._Z13ConfigureTaskhPVj                  0x000195cc   Section        0  motors.o(i._Z13ConfigureTaskhPVj)
    ConfigureTask(unsigned char, volatile unsigned*) 0x000195cd   Thumb Code   322  motors.o(i._Z13ConfigureTaskhPVj)
    i._Z13aes_fix_blockPhRi                  0x00019724   Section        0  aes.o(i._Z13aes_fix_blockPhRi)
    i._Z13setup_storagev                     0x0001974c   Section        0  storage.o(i._Z13setup_storagev)
    setup_storage()                          0x0001974d   Thumb Code   108  storage.o(i._Z13setup_storagev)
    i._Z13storage_levelv                     0x000197c0   Section        0  storage.o(i._Z13storage_levelv)
    storage_level()                          0x000197c1   Thumb Code   242  storage.o(i._Z13storage_levelv)
    i._Z14ConfigureTimerP14NRF_TIMER_Typehh  0x000198c4   Section        0  motors.o(i._Z14ConfigureTimerP14NRF_TIMER_Typehh)
    ConfigureTimer(NRF_TIMER_Type*, unsigned char, unsigned char) 0x000198c5   Thumb Code   112  motors.o(i._Z14ConfigureTimerP14NRF_TIMER_Typehh)
    i._Z14aes_cfb_decodePKvS0_PKhPhiPv       0x00019940   Section        0  aes.o(i._Z14aes_cfb_decodePKvS0_PKhPhiPv)
    i._Z14aes_cfb_encodePKvPvPKhPhi          0x000199ac   Section        0  aes.o(i._Z14aes_cfb_encodePKvPvPKhPhi)
    i._Z14main_executionv                    0x00019a24   Section        0  main.o(i._Z14main_executionv)
    i._Z14setChargeState18CurrentChargeState 0x00019a40   Section        0  battery.o(i._Z14setChargeState18CurrentChargeState)
    setChargeState(CurrentChargeState)       0x00019a41   Thumb Code    86  battery.o(i._Z14setChargeState18CurrentChargeState)
    i._Z14sha1_transformP8SHA1_CTXPKh        0x00019aa0   Section        0  sha1.o(i._Z14sha1_transformP8SHA1_CTXPKh)
    i._Z14startADCsample11AnalogInput        0x00019c2c   Section        0  battery.o(i._Z14startADCsample11AnalogInput)
    startADCsample(AnalogInput)              0x00019c2d   Thumb Code    38  battery.o(i._Z14startADCsample11AnalogInput)
    i._Z15setTransmitMode13TRANSMIT_MODE     0x00019c64   Section        0  head.o(i._Z15setTransmitMode13TRANSMIT_MODE)
    setTransmitMode(TRANSMIT_MODE)           0x00019c65   Thumb Code    96  head.o(i._Z15setTransmitMode13TRANSMIT_MODE)
    i._Z16NVIC_SystemResetv                  0x00019ce4   Section        0  messages.o(i._Z16NVIC_SystemResetv)
    NVIC_SystemReset()                       0x00019ce5   Thumb Code    44  messages.o(i._Z16NVIC_SystemResetv)
    i._Z16dh_encode_randomPhiPKh             0x00019d18   Section        0  diffie.o(i._Z16dh_encode_randomPhiPKh)
    i._Z18AES128_ECB_encryptPKhS0_Ph         0x00019d48   Section        0  aes.o(i._Z18AES128_ECB_encryptPKhS0_Ph)
    i._Z18aes_message_decodePKhS0_iPhRi      0x00019d6c   Section        0  packet.o(i._Z18aes_message_decodePKhS0_iPhRi)
    i._Z18aes_message_encodePKhS0_iPhRi      0x00019da6   Section        0  packet.o(i._Z18aes_message_encodePKhS0_iPhRi)
    i._Z18storage_write_wordPjj              0x00019dec   Section        0  storage.o(i._Z18storage_write_wordPjj)
    storage_write_word(unsigned*, unsigned)  0x00019ded   Thumb Code    76  storage.o(i._Z18storage_write_wordPjj)
    i._Z18uesb_event_handlerj                0x00019e40   Section        0  cubes.o(i._Z18uesb_event_handlerj)
    i._Z19Process_bodyRestartRKN4Anki5Cozmo14RobotInterface3OTA11BodyRestartE 0x0001a07c   Section        0  messages.o(i._Z19Process_bodyRestartRKN4Anki5Cozmo14RobotInterface3OTA11BodyRestartE)
    Process_bodyRestart(const Anki::Cozmo::RobotInterface::OTA::BodyRestart&) 0x0001a07d   Thumb Code     4  messages.o(i._Z19Process_bodyRestartRKN4Anki5Cozmo14RobotInterface3OTA11BodyRestartE)
    i._Z19Process_setPropSlotRKN4Anki5Cozmo11SetPropSlotE 0x0001a080   Section        0  messages.o(i._Z19Process_setPropSlotRKN4Anki5Cozmo11SetPropSlotE)
    Process_setPropSlot(const Anki::Cozmo::SetPropSlot&) 0x0001a081   Thumb Code    14  messages.o(i._Z19Process_setPropSlotRKN4Anki5Cozmo11SetPropSlotE)
    i._Z19configure_addressesPK19uesb_address_desc_t 0x0001a090   Section        0  micro_esb.o(i._Z19configure_addressesPK19uesb_address_desc_t)
    configure_addresses(const uesb_address_desc_t*) 0x0001a091   Thumb Code    90  micro_esb.o(i._Z19configure_addressesPK19uesb_address_desc_t)
    i._Z19frame_data_receivedPKv             0x0001a0fc   Section        0  bluetooth.o(i._Z19frame_data_receivedPKv)
    frame_data_received(const void*)         0x0001a0fd   Thumb Code    60  bluetooth.o(i._Z19frame_data_receivedPKv)
    i._Z19ota_send_next_blockv               0x0001a140   Section        0  cubes.o(i._Z19ota_send_next_blockv)
    ota_send_next_block()                    0x0001a141   Thumb Code    56  cubes.o(i._Z19ota_send_next_blockv)
    i._Z19uesb_set_rx_addressPK19uesb_address_desc_t 0x0001a180   Section        0  micro_esb.o(i._Z19uesb_set_rx_addressPK19uesb_address_desc_t)
    i._Z20Process_enterPairingRKN4Anki5Cozmo12EnterPairingE 0x0001a198   Section        0  messages.o(i._Z20Process_enterPairingRKN4Anki5Cozmo12EnterPairingE)
    Process_enterPairing(const Anki::Cozmo::EnterPairing&) 0x0001a199   Thumb Code    12  messages.o(i._Z20Process_enterPairingRKN4Anki5Cozmo12EnterPairingE)
    i._Z20Process_killBodyCodeRKN4Anki5Cozmo12KillBodyCodeE 0x0001a1a4   Section        0  messages.o(i._Z20Process_killBodyCodeRKN4Anki5Cozmo12KillBodyCodeE)
    Process_killBodyCode(const Anki::Cozmo::KillBodyCode&) 0x0001a1a5   Thumb Code    54  messages.o(i._Z20Process_killBodyCodeRKN4Anki5Cozmo12KillBodyCodeE)
    i._Z20Process_nvReadToBodyRKN4Anki5Cozmo14RobotInterface18NVReadResultToBodyE 0x0001a1e4   Section        0  messages.o(i._Z20Process_nvReadToBodyRKN4Anki5Cozmo14RobotInterface18NVReadResultToBodyE)
    Process_nvReadToBody(const Anki::Cozmo::RobotInterface::NVReadResultToBody&) 0x0001a1e5   Thumb Code     2  messages.o(i._Z20Process_nvReadToBodyRKN4Anki5Cozmo14RobotInterface18NVReadResultToBodyE)
    i._Z20Process_setCubeGammaRKN4Anki5Cozmo12SetCubeGammaE 0x0001a1e6   Section        0  messages.o(i._Z20Process_setCubeGammaRKN4Anki5Cozmo12SetCubeGammaE)
    Process_setCubeGamma(const Anki::Cozmo::SetCubeGamma&) 0x0001a1e7   Thumb Code    12  messages.o(i._Z20Process_setCubeGammaRKN4Anki5Cozmo12SetCubeGammaE)
    i._Z20Process_setHeadlightRKN4Anki5Cozmo14RobotInterface12SetHeadlightE 0x0001a1f2   Section        0  messages.o(i._Z20Process_setHeadlightRKN4Anki5Cozmo14RobotInterface12SetHeadlightE)
    Process_setHeadlight(const Anki::Cozmo::RobotInterface::SetHeadlight&) 0x0001a1f3   Thumb Code    12  messages.o(i._Z20Process_setHeadlightRKN4Anki5Cozmo14RobotInterface12SetHeadlightE)
    i._Z20send_welcome_messagePKv            0x0001a200   Section        0  bluetooth.o(i._Z20send_welcome_messagePKv)
    send_welcome_message(const void*)        0x0001a201   Thumb Code    28  bluetooth.o(i._Z20send_welcome_messagePKv)
    i._Z20uesb_read_rx_payloadP14uesb_payload_t 0x0001a220   Section        0  micro_esb.o(i._Z20uesb_read_rx_payloadP14uesb_payload_t)
    i._Z21Process_setCubeLightsRKN4Anki5Cozmo10CubeLightsE 0x0001a28c   Section        0  messages.o(i._Z21Process_setCubeLightsRKN4Anki5Cozmo10CubeLightsE)
    Process_setCubeLights(const Anki::Cozmo::CubeLights&) 0x0001a28d   Thumb Code    14  messages.o(i._Z21Process_setCubeLightsRKN4Anki5Cozmo10CubeLightsE)
    i._Z21uesb_write_tx_payloadPK19uesb_address_desc_tPKvh 0x0001a29a   Section        0  micro_esb.o(i._Z21uesb_write_tx_payloadPK19uesb_address_desc_tPKvh)
    i._Z23Process_readBodyStorageRKN4Anki5Cozmo15ReadBodyStorageE 0x0001a2aa   Section        0  messages.o(i._Z23Process_readBodyStorageRKN4Anki5Cozmo15ReadBodyStorageE)
    Process_readBodyStorage(const Anki::Cozmo::ReadBodyStorage&) 0x0001a2ab   Thumb Code   108  messages.o(i._Z23Process_readBodyStorageRKN4Anki5Cozmo15ReadBodyStorageE)
    i._Z23uesb_prepare_tx_payloadPK19uesb_address_desc_tPKvh 0x0001a318   Section        0  micro_esb.o(i._Z23uesb_prepare_tx_payloadPK19uesb_address_desc_tPKvh)
    i._Z24Process_nvOpResultToBodyRKN4Anki5Cozmo14RobotInterface16NVOpResultToBodyE 0x0001a3a0   Section        0  messages.o(i._Z24Process_nvOpResultToBodyRKN4Anki5Cozmo14RobotInterface16NVOpResultToBodyE)
    Process_nvOpResultToBody(const Anki::Cozmo::RobotInterface::NVOpResultToBody&) 0x0001a3a1   Thumb Code     2  messages.o(i._Z24Process_nvOpResultToBodyRKN4Anki5Cozmo14RobotInterface16NVOpResultToBodyE)
    i._Z24Process_setBodyRadioModeRKN4Anki5Cozmo16SetBodyRadioModeE 0x0001a3a2   Section        0  messages.o(i._Z24Process_setBodyRadioModeRKN4Anki5Cozmo16SetBodyRadioModeE)
    Process_setBodyRadioMode(const Anki::Cozmo::SetBodyRadioMode&) 0x0001a3a3   Thumb Code    14  messages.o(i._Z24Process_setBodyRadioModeRKN4Anki5Cozmo16SetBodyRadioModeE)
    i._Z24Process_writeBodyStorageRKN4Anki5Cozmo16WriteBodyStorageE 0x0001a3b0   Section        0  messages.o(i._Z24Process_writeBodyStorageRKN4Anki5Cozmo16WriteBodyStorageE)
    Process_writeBodyStorage(const Anki::Cozmo::WriteBodyStorage&) 0x0001a3b1   Thumb Code    16  messages.o(i._Z24Process_writeBodyStorageRKN4Anki5Cozmo16WriteBodyStorageE)
    i._Z25Process_setBackpackLightsRKN4Anki5Cozmo14RobotInterface14BackpackLightsE 0x0001a3c0   Section        0  messages.o(i._Z25Process_setBackpackLightsRKN4Anki5Cozmo14RobotInterface14BackpackLightsE)
    Process_setBackpackLights(const Anki::Cozmo::RobotInterface::BackpackLights&) 0x0001a3c1   Thumb Code    12  messages.o(i._Z25Process_setBackpackLightsRKN4Anki5Cozmo14RobotInterface14BackpackLightsE)
    i._Z25SendObjectConnectionStatei         0x0001a3cc   Section        0  cubes.o(i._Z25SendObjectConnectionStatei)
    SendObjectConnectionState(int)           0x0001a3cd   Thumb Code    42  cubes.o(i._Z25SendObjectConnectionStatei)
    i._Z26start_message_transmissionPKv      0x0001a3fc   Section        0  bluetooth.o(i._Z26start_message_transmissionPKv)
    start_message_transmission(const void*)  0x0001a3fd   Thumb Code    14  bluetooth.o(i._Z26start_message_transmissionPKv)
    i._Z28Process_diffieHellmanResultsRKN4Anki5Cozmo20DiffieHellmanResultsE 0x0001a414   Section        0  messages.o(i._Z28Process_diffieHellmanResultsRKN4Anki5Cozmo20DiffieHellmanResultsE)
    Process_diffieHellmanResults(const Anki::Cozmo::DiffieHellmanResults&) 0x0001a415   Thumb Code    12  messages.o(i._Z28Process_diffieHellmanResultsRKN4Anki5Cozmo20DiffieHellmanResultsE)
    i._Z28softdevice_assertion_handlerjtPKh  0x0001a420   Section        0  bluetooth.o(i._Z28softdevice_assertion_handlerjtPKh)
    softdevice_assertion_handler(unsigned, unsigned short, const unsigned char*) 0x0001a421   Thumb Code    18  bluetooth.o(i._Z28softdevice_assertion_handlerjtPKh)
    i._Z4bodyP7MD5_CTXPKvm                   0x0001a43c   Section        0  md5.o(i._Z4bodyP7MD5_CTXPKvm)
    body(MD5_CTX*, const void*, unsigned long) 0x0001a43d   Thumb Code  2506  md5.o(i._Z4bodyP7MD5_CTXPKvm)
    i._Z6Cipherv                             0x0001ae14   Section        0  aes.o(i._Z6Cipherv)
    Cipher()                                 0x0001ae15   Thumb Code   246  aes.o(i._Z6Cipherv)
    i._Z8MD5_InitP7MD5_CTX                   0x0001af14   Section        0  md5.o(i._Z8MD5_InitP7MD5_CTX)
    i._Z8dh_setupPKv                         0x0001af3c   Section        0  bluetooth.o(i._Z8dh_setupPKv)
    dh_setup(const void*)                    0x0001af3d   Thumb Code    98  bluetooth.o(i._Z8dh_setupPKv)
    i._Z9MD5_FinalPhP7MD5_CTX                0x0001afa8   Section        0  md5.o(i._Z9MD5_FinalPhP7MD5_CTX)
    i._Z9ShiftRowsv                          0x0001b07c   Section        0  aes.o(i._Z9ShiftRowsv)
    ShiftRows()                              0x0001b07d   Thumb Code    54  aes.o(i._Z9ShiftRowsv)
    i._Z9sha1_initP8SHA1_CTX                 0x0001b0b8   Section        0  sha1.o(i._Z9sha1_initP8SHA1_CTX)
    i._Z9store_key10StorageKeyPKvi           0x0001b10c   Section        0  storage.o(i._Z9store_key10StorageKeyPKvi)
    store_key(StorageKey, const void*, int)  0x0001b10d   Thumb Code   234  storage.o(i._Z9store_key10StorageKeyPKvi)
    i._Z9test_hmacPKhS0_iS0_i                0x0001b208   Section        0  hmac.o(i._Z9test_hmacPKhS0_iS0_i)
    i._Z9uesb_initPK13uesb_config_t          0x0001b234   Section        0  micro_esb.o(i._Z9uesb_initPK13uesb_config_t)
    i._Z9uesb_stopv                          0x0001b2c0   Section        0  micro_esb.o(i._Z9uesb_stopv)
    i._ZN4Anki5Cozmo14RobotInterface7SendLogEatthz 0x0001b2f8   Section        0  logging.o(i._ZN4Anki5Cozmo14RobotInterface7SendLogEatthz)
    i._ZN4Anki5Cozmo3HAL16RadioSendMessageEPKvth 0x0001b378   Section        0  messages.o(i._ZN4Anki5Cozmo3HAL16RadioSendMessageEPKvth)
    i._ZN4Head17enterLowPowerModeEv          0x0001b430   Section        0  head.o(i._ZN4Head17enterLowPowerModeEv)
    i._ZN4Head4initEv                        0x0001b448   Section        0  head.o(i._ZN4Head4initEv)
    i._ZN4Head6manageEv                      0x0001b4cc   Section        0  head.o(i._ZN4Head6manageEv)
    i._ZN4Temp4initEv                        0x0001b55c   Section        0  temp.o(i._ZN4Temp4initEv)
    i._ZN4Temp6manageEv                      0x0001b570   Section        0  temp.o(i._ZN4Temp6manageEv)
    i._ZN4Temp7getTempEv                     0x0001b5ac   Section        0  temp.o(i._ZN4Temp7getTempEv)
    i._ZN5Radio10assignPropEjj               0x0001b5b8   Section        0  cubes.o(i._ZN5Radio10assignPropEjj)
    i._ZN5Radio13setLightGammaEh             0x0001b5fc   Section        0  cubes.o(i._ZN5Radio13setLightGammaEh)
    i._ZN5Radio13setPropLightsEjPKN4Anki5Cozmo10LightStateE 0x0001b608   Section        0  cubes.o(i._ZN5Radio13setPropLightsEjPKN4Anki5Cozmo10LightStateE)
    i._ZN5Radio4initEv                       0x0001b638   Section        0  cubes.o(i._ZN5Radio4initEv)
    i._ZN5Radio8shutdownEv                   0x0001b648   Section        0  cubes.o(i._ZN5Radio8shutdownEv)
    i._ZN5Radio9advertiseEv                  0x0001b664   Section        0  cubes.o(i._ZN5Radio9advertiseEv)
    i._ZN5Spine15processMessagesEPKh         0x0001b75c   Section        0  messages.o(i._ZN5Spine15processMessagesEPKh)
    i._ZN5Spine4initEv                       0x0001b88c   Section        0  messages.o(i._ZN5Spine4initEv)
    i._ZN5Spine7dequeueEPh                   0x0001b8ac   Section        0  messages.o(i._ZN5Spine7dequeueEPh)
    i._ZN5Tasks4initEv                       0x0001b92c   Section        0  tasks.o(i._ZN5Tasks4initEv)
    i._ZN5Tasks6manageEv                     0x0001b97c   Section        0  tasks.o(i._ZN5Tasks6manageEv)
    i._ZN5Tasks7executeEPK4Task              0x0001ba80   Section        0  tasks.o(i._ZN5Tasks7executeEPK4Task)
    i._ZN5Timer4initEv                       0x0001bacc   Section        0  timer.o(i._ZN5Timer4initEv)
    i._ZN6Lights4initEv                      0x0001bb28   Section        0  lights.o(i._ZN6Lights4initEv)
    i._ZN6Lights6manageEv                    0x0001bbdc   Section        0  lights.o(i._ZN6Lights6manageEv)
    i._ZN6Lights6updateER11LightValuesPKN4Anki5Cozmo10LightStateE 0x0001bd7c   Section        0  lights.o(i._ZN6Lights6updateER11LightValuesPKN4Anki5Cozmo10LightStateE)
    i._ZN6Motors13getChargeOkayEv            0x0001be32   Section        0  motors.o(i._ZN6Motors13getChargeOkayEv)
    i._ZN6Motors4initEv                      0x0001be38   Section        0  motors.o(i._ZN6Motors4initEv)
    i._ZN6Motors6manageEv                    0x0001bf30   Section        0  motors.o(i._ZN6Motors6manageEv)
    i._ZN6Motors7disableEb                   0x0001c090   Section        0  motors.o(i._ZN6Motors7disableEb)
    i._ZN6Motors8getSpeedEh                  0x0001c0bc   Section        0  motors.o(i._ZN6Motors8getSpeedEh)
    i._ZN7Battery12setHeadlightEb            0x0001c12c   Section        0  battery.o(i._ZN7Battery12setHeadlightEb)
    i._ZN7Battery16setOperatingModeEa        0x0001c144   Section        0  battery.o(i._ZN7Battery16setOperatingModeEa)
    i._ZN7Battery19updateOperatingModeEv     0x0001c150   Section        0  battery.o(i._ZN7Battery19updateOperatingModeEv)
    i._ZN7Battery4initEv                     0x0001c204   Section        0  battery.o(i._ZN7Battery4initEv)
    i._ZN7Battery6manageEv                   0x0001c2d4   Section        0  battery.o(i._ZN7Battery6manageEv)
    i._ZN7Storage3getE10StorageKey           0x0001c558   Section        0  storage.o(i._ZN7Storage3getE10StorageKey)
    i._ZN7Storage3getE10StorageKeyRi         0x0001c564   Section        0  storage.o(i._ZN7Storage3getE10StorageKeyRi)
    i._ZN7Storage3setE10StorageKeyPKvi       0x0001c578   Section        0  storage.o(i._ZN7Storage3setE10StorageKeyPKvi)
    i._ZN7Storage4initEv                     0x0001c5c4   Section        0  storage.o(i._ZN7Storage4initEv)
    i._ZN8Backpack14defaultPatternE22DefaultBackpackPattern 0x0001c620   Section        0  backpack.o(i._ZN8Backpack14defaultPatternE22DefaultBackpackPattern)
    i._ZN8Backpack4initEv                    0x0001c67c   Section        0  backpack.o(i._ZN8Backpack4initEv)
    i._ZN8Backpack6manageEv                  0x0001c6b0   Section        0  backpack.o(i._ZN8Backpack6manageEv)
    i._ZN8Backpack6updateEi                  0x0001c744   Section        0  backpack.o(i._ZN8Backpack6updateEi)
    i._ZN8Backpack9setLightsEPKN4Anki5Cozmo10LightStateE 0x0001c82c   Section        0  backpack.o(i._ZN8Backpack9setLightsEPKN4Anki5Cozmo10LightStateE)
    i._ZN8Watchdog4initEv                    0x0001c850   Section        0  watchdog.o(i._ZN8Watchdog4initEv)
    i._ZN8Watchdog4kickEh                    0x0001c870   Section        0  watchdog.o(i._ZN8Watchdog4kickEh)
    i._ZN9Bluetooth12enterPairingERKN4Anki5Cozmo12EnterPairingE 0x0001c884   Section        0  bluetooth.o(i._ZN9Bluetooth12enterPairingERKN4Anki5Cozmo12EnterPairingE)
    i._ZN9Bluetooth20diffieHellmanResultsERKN4Anki5Cozmo20DiffieHellmanResultsE 0x0001c8c4   Section        0  bluetooth.o(i._ZN9Bluetooth20diffieHellmanResultsERKN4Anki5Cozmo20DiffieHellmanResultsE)
    i._ZN9Bluetooth4initEv                   0x0001c904   Section        0  bluetooth.o(i._ZN9Bluetooth4initEv)
    i._ZN9Bluetooth6manageEv                 0x0001c94c   Section        0  bluetooth.o(i._ZN9Bluetooth6manageEv)
    i._ZN9Bluetooth7enabledEv                0x0001ca10   Section        0  bluetooth.o(i._ZN9Bluetooth7enabledEv)
    i._ZN9Bluetooth8shutdownEv               0x0001ca1c   Section        0  bluetooth.o(i._ZN9Bluetooth8shutdownEv)
    i._ZN9Bluetooth8transmitEPKhih           0x0001ca38   Section        0  bluetooth.o(i._ZN9Bluetooth8transmitEPKhih)
    i._ZN9Bluetooth9advertiseEv              0x0001cae0   Section        0  bluetooth.o(i._ZN9Bluetooth9advertiseEv)
    i._ZNK4Anki5Cozmo14RobotInterface10PrintTrace4SizeEv 0x0001cdd0   Section        0  clad.o(i._ZNK4Anki5Cozmo14RobotInterface10PrintTrace4SizeEv)
    i._ZNK4Anki5Cozmo19BodyStorageContents4SizeEv 0x0001cdd8   Section        0  clad.o(i._ZNK4Anki5Cozmo19BodyStorageContents4SizeEv)
    i.__ARM_clz                              0x0001cdde   Section        0  depilogue.o(i.__ARM_clz)
    i.__ARM_common_ll_mulss                  0x0001ce0c   Section        0  battery.o(i.__ARM_common_ll_mulss)
    i.__ARM_common_switch8                   0x0001ce3e   Section        0  messages.o(i.__ARM_common_switch8)
    i.__cxa_guard_acquire                    0x0001ce5a   Section        0  cxa_guard_acquire.o(i.__cxa_guard_acquire)
    i.__scatterload_copy                     0x0001ce6c   Section       14  handlers.o(i.__scatterload_copy)
    i.__scatterload_null                     0x0001ce7a   Section        2  handlers.o(i.__scatterload_null)
    i.__scatterload_zeroinit                 0x0001ce7c   Section       14  handlers.o(i.__scatterload_zeroinit)
    i.adv_data_encode                        0x0001ce8c   Section        0  ble_advdata.o(i.adv_data_encode)
    adv_data_encode                          0x0001ce8d   Thumb Code   826  ble_advdata.o(i.adv_data_encode)
    i.ble_advdata_set                        0x0001d1cc   Section        0  ble_advdata.o(i.ble_advdata_set)
    i.ble_app_timer_manage                   0x0001d238   Section        0  conn_params.o(i.ble_app_timer_manage)
    i.ble_conn_params_init                   0x0001d2bc   Section        0  conn_params.o(i.ble_conn_params_init)
    i.ble_conn_params_on_ble_evt             0x0001d31c   Section        0  conn_params.o(i.ble_conn_params_on_ble_evt)
    i.conn_params_error_handler              0x0001d3a8   Section        0  bluetooth.o(i.conn_params_error_handler)
    i.conn_params_negotiation                0x0001d3c4   Section        0  conn_params.o(i.conn_params_negotiation)
    conn_params_negotiation                  0x0001d3c5   Thumb Code    90  conn_params.o(i.conn_params_negotiation)
    i.main                                   0x0001d434   Section        0  main.o(i.main)
    i.on_conn_params_evt                     0x0001d484   Section        0  bluetooth.o(i.on_conn_params_evt)
    i.uuid_list_sized_encode                 0x0001d4b8   Section        0  ble_advdata.o(i.uuid_list_sized_encode)
    uuid_list_sized_encode                   0x0001d4b9   Thumb Code   166  ble_advdata.o(i.uuid_list_sized_encode)
    .constdata                               0x0001d55e   Section       24  motors.o(.constdata)
    m_config                                 0x0001d55e   Data          24  motors.o(.constdata)
    .constdata                               0x0001d578   Section      288  backpack.o(.constdata)
    PinSet                                   0x0001d578   Data          16  backpack.o(.constdata)
    BackpackLights::charging                 0x0001d588   Data          40  backpack.o(.constdata)
    BackpackLights::charged                  0x0001d5b0   Data          40  backpack.o(.constdata)
    BackpackLights::off                      0x0001d5d8   Data          40  backpack.o(.constdata)
    BackpackLights::charger_oos              0x0001d600   Data          40  backpack.o(.constdata)
    BackpackLights::startup                  0x0001d628   Data          40  backpack.o(.constdata)
    setting                                  0x0001d650   Data          55  backpack.o(.constdata)
    pins                                     0x0001d688   Data          16  backpack.o(.constdata)
    .constdata                               0x0001d698   Section      512  lights.o(.constdata)
    DivTable                                 0x0001d698   Data         512  lights.o(.constdata)
    .constdata                               0x0001d898   Section        8  bluetooth.o(.constdata)
    random                                   0x0001d898   Data           8  bluetooth.o(.constdata)
    .constdata                               0x0001d8a0   Section       16  settings.o(.constdata)
    .constdata                               0x0001d8b0   Section        2  settings.o(.constdata)
    .constdata                               0x0001d8b2   Section        2  settings.o(.constdata)
    .constdata                               0x0001d8b4   Section        2  settings.o(.constdata)
    .constdata                               0x0001d8b6   Section        8  settings.o(.constdata)
    .constdata                               0x0001d8c0   Section       24  settings.o(.constdata)
    .constdata                               0x0001d8d8   Section       28  settings.o(.constdata)
    .constdata                               0x0001d8f4   Section        5  settings.o(.constdata)
    .constdata                               0x0001d8f9   Section        6  settings.o(.constdata)
    .constdata                               0x0001d900   Section        4  settings.o(.constdata)
    .constdata                               0x0001d904   Section       12  settings.o(.constdata)
    .constdata                               0x0001d910   Section       48  settings.o(.constdata)
    .constdata                               0x0001d940   Section      767  aes.o(.constdata)
    sbox                                     0x0001d940   Data         256  aes.o(.constdata)
    rsbox                                    0x0001da40   Data         256  aes.o(.constdata)
    Rcon                                     0x0001db40   Data         255  aes.o(.constdata)
    .constdata                               0x0001dc40   Section       80  cubes.o(.constdata)
    PairingAddress                           0x0001dc40   Data          12  cubes.o(.constdata)
    channel_order                            0x0001dc64   Data          16  cubes.o(.constdata)
    .text                                    0x0001dc90   Section     1824  firmware.o(.text)
    .data                                    0x20002000   Section       48  battery.o(.data)
    isCharging                               0x20002000   Data           1  battery.o(.data)
    disableCharge                            0x20002001   Data           1  battery.o(.data)
    current_operating_mode                   0x20002002   Data           1  battery.o(.data)
    active_operating_mode                    0x20002003   Data           1  battery.o(.data)
    charge_state                             0x20002004   Data           1  battery.o(.data)
    ContactTime                              0x20002008   Data           4  battery.o(.data)
    chargeBounces                            0x2000200c   Data           4  battery.o(.data)
    off_charger_time                         0x20002010   Data           4  battery.o(.data)
    resultLedOn                              0x20002014   Data           4  battery.o(.data)
    resultLedOff                             0x20002018   Data           4  battery.o(.data)
    _ZGVlowBatTimer                          0x2000201c   Data           4  battery.o(.data)
    lowBatTimer                              0x20002020   Data           4  battery.o(.data)
    ground_short                             0x20002024   Data           4  battery.o(.data)
    vBat                                     0x20002028   Data           4  battery.o(.data)
    vExt                                     0x2000202c   Data           4  battery.o(.data)
    .data                                    0x20002030   Section       16  head.o(.data)
    uart_mode                                0x20002030   Data           1  head.o(.data)
    header_shift                             0x20002034   Data           4  head.o(.data)
    fixture_data                             0x20002038   Data           4  head.o(.data)
    txRxIndex                                0x2000203c   Data           4  head.o(.data)
    .data                                    0x20002040   Section      124  motors.o(.data)
    motorDisable                             0x20002040   Data           1  motors.o(.data)
    m_motors                                 0x2000204c   Data         112  motors.o(.data)
    .data                                    0x200020bc   Section        4  timer.o(.data)
    target                                   0x200020bc   Data           4  timer.o(.data)
    .data                                    0x200020c0   Section        4  logging.o(.data)
    missedMessages                           0x200020c0   Data           4  logging.o(.data)
    .data                                    0x200020c4   Section       20  backpack.o(.data)
    lights_locked                            0x200020c4   Data           1  backpack.o(.data)
    active                                   0x200020c5   Data           3  backpack.o(.data)
    active_channel                           0x200020c8   Data           4  backpack.o(.data)
    currentChannel                           0x200020cc   Data           4  backpack.o(.data)
    total_active                             0x200020d0   Data           4  backpack.o(.data)
    off_time                                 0x200020d4   Data           4  backpack.o(.data)
    .data                                    0x200020d8   Section       12  lights.o(.data)
    last_counter                             0x200020d8   Data           4  lights.o(.data)
    frame_time                               0x200020dc   Data           4  lights.o(.data)
    accumulator                              0x200020e0   Data           4  lights.o(.data)
    .data                                    0x200020e4   Section       12  storage.o(.data)
    words_left                               0x200020e4   Data           4  storage.o(.data)
    end_of_data                              0x200020e8   Data           4  storage.o(.data)
    end_of_toc                               0x200020ec   Data           4  storage.o(.data)
    .data                                    0x200020f0   Section        4  temp.o(.data)
    .data                                    0x200020f4   Section       12  tasks.o(.data)
    fifoHead                                 0x200020f4   Data           4  tasks.o(.data)
    fifoTail                                 0x200020f8   Data           4  tasks.o(.data)
    fifoActive                               0x200020fc   Data           4  tasks.o(.data)
    .data                                    0x20002100   Section        4  crashlogger.o(.data)
    .data                                    0x20002104   Section        4  system_nrf51.o(.data)
    __tagsym$$used                           0x20002104   Number         0  system_nrf51.o(.data)
    .data                                    0x20002108   Section       80  bluetooth.o(.data)
    m_sd_enabled                             0x20002108   Data           1  bluetooth.o(.data)
    m_task_enabled                           0x20002109   Data           1  bluetooth.o(.data)
    dh_started                               0x2000210a   Data           1  bluetooth.o(.data)
    tx_pending                               0x2000210b   Data           1  bluetooth.o(.data)
    tx_buffered                              0x2000210c   Data           1  bluetooth.o(.data)
    _ZGV_ZZ13frame_receiveR10CozmoFrameE5state 0x20002114   Data           4  bluetooth.o(.data)
    _ZGV_ZZN9Bluetooth8transmitEPKhihE5state 0x20002118   Data           4  bluetooth.o(.data)
    dh_timeout                               0x2000211c   Data           4  bluetooth.o(.data)
    frame_receive(CozmoFrame&)::state        0x20002130   Data          20  bluetooth.o(.data)
    Bluetooth::transmit(const unsigned char*, int, unsigned char)::state 0x20002144   Data          20  bluetooth.o(.data)
    .data                                    0x20002158   Section        8  settings.o(.data)
    .data                                    0x20002160   Section       22  conn_params.o(.data)
    m_timeout_active                         0x20002160   Data           1  conn_params.o(.data)
    m_change_param                           0x20002161   Data           1  conn_params.o(.data)
    m_update_count                           0x20002162   Data           1  conn_params.o(.data)
    m_timeout_clock                          0x20002163   Data           1  conn_params.o(.data)
    m_conn_handle                            0x20002164   Data           2  conn_params.o(.data)
    m_preferred_conn_params                  0x20002166   Data           8  conn_params.o(.data)
    m_current_conn_params                    0x2000216e   Data           8  conn_params.o(.data)
    .data                                    0x20002178   Section        8  messages.o(.data)
    queue_enter                              0x20002178   Data           4  messages.o(.data)
    queue_exit                               0x2000217c   Data           4  messages.o(.data)
    .data                                    0x20002180   Section        8  aes.o(.data)
    state                                    0x20002180   Data           4  aes.o(.data)
    Key                                      0x20002184   Data           4  aes.o(.data)
    .data                                    0x20002188   Section        1  micro_esb.o(.data)
    .data                                    0x2000218c   Section       52  cubes.o(.data)
    _tapTime                                 0x2000218c   Data           1  cubes.o(.data)
    c                                        0x2000218d   Data           1  cubes.o(.data)
    ota_pending                              0x2000218e   Data           1  cubes.o(.data)
    currentAccessory                         0x2000218f   Data           1  cubes.o(.data)
    radioState                               0x20002190   Data           1  cubes.o(.data)
    ota_device                               0x20002194   Data           4  cubes.o(.data)
    ota_block_index                          0x20002198   Data           4  cubes.o(.data)
    ack_timeouts                             0x2000219c   Data           4  cubes.o(.data)
    light_gamma                              0x200021a0   Data           4  cubes.o(.data)
    ota_timeout_countdown                    0x200021a4   Data           4  cubes.o(.data)
    ValidPerfs                               0x200021a8   Data          12  cubes.o(.data)
    OTAAddress                               0x200021b4   Data          12  cubes.o(.data)
    .bss                                     0x200021c0   Section      220  head.o(.bss)
    .bss                                     0x2000229c   Section       52  backpack.o(.bss)
    _userLights                              0x2000229c   Data          40  backpack.o(.bss)
    drive_value                              0x200022c4   Data          12  backpack.o(.bss)
    .bss                                     0x200022d0   Section      924  lights.o(.bss)
    .bss                                     0x2000266c   Section       24  storage.o(.bss)
    toc                                      0x2000266c   Data          24  storage.o(.bss)
    .bss                                     0x20002684   Section       48  tasks.o(.bss)
    fifoQueue                                0x20002684   Data          48  tasks.o(.bss)
    .bss                                     0x200026b4   Section      740  bluetooth.o(.bss)
    p_master_id                              0x200026b4   Data          10  bluetooth.o(.bss)
    keys_exchanged                           0x200026c0   Data          24  bluetooth.o(.bss)
    value                                    0x200026d8   Data          17  bluetooth.o(.bss)
    value                                    0x200026e9   Data          17  bluetooth.o(.bss)
    m_nonce                                  0x200026fa   Data          32  bluetooth.o(.bss)
    dh_state                                 0x2000271c   Data         100  bluetooth.o(.bss)
    rx_buffer                                0x20002780   Data         268  bluetooth.o(.bss)
    tx_buffer                                0x2000288c   Data         268  bluetooth.o(.bss)
    .bss                                     0x20002998   Section       28  conn_params.o(.bss)
    m_conn_params_config                     0x20002998   Data          28  conn_params.o(.bss)
    .bss                                     0x200029b4   Section      296  messages.o(.bss)
    queue                                    0x200029b4   Data         296  messages.o(.bss)
    .bss                                     0x20002adc   Section      176  aes.o(.bss)
    RoundKey                                 0x20002adc   Data         176  aes.o(.bss)
    .bss                                     0x20002b8c   Section      884  micro_esb.o(.bss)
    m_config_local                           0x20002b8c   Data          28  micro_esb.o(.bss)
    m_tx_fifo                                0x20002ba8   Data         428  micro_esb.o(.bss)
    m_rx_fifo                                0x20002d54   Data         428  micro_esb.o(.bss)
    .bss                                     0x20002f00   Section      252  cubes.o(.bss)
    accessories                              0x20002f00   Data         252  cubes.o(.bss)
    STACK                                    0x20003000   Section     3072  startup_nrf51.o(STACK)

    Global Symbols

    Symbol Name                              Value     Ov Type        Size  Object(Section)

    BuildAttributes$$THM_ISAv3M$S$PE$A:L22$X:L11$S22$IEEE1$IW$USESV6$~STKCKD$USESV7$~SHL$OTIME$ROPI$EBA8$UX$MICROLIB$REQ8$PRES8$EABIv2 0x00000000   Number         0  anon$$obj.o ABSOLUTE
    __ARM_use_no_argv                        0x00000000   Number         0  main.o ABSOLUTE
    __cpp_initialize__aeabi_                  - Undefined Weak Reference
    __cxa_finalize                            - Undefined Weak Reference
    _clock_init                               - Undefined Weak Reference
    _microlib_exit                            - Undefined Weak Reference
    __Vectors_Size                           0x000000c0   Number         0  startup_nrf51.o ABSOLUTE
    __Vectors                                0x0001801c   Data           4  startup_nrf51.o(RESET)
    __Vectors_End                            0x000180dc   Data           0  startup_nrf51.o(RESET)
    __main                                   0x000180dd   Thumb Code     0  entry.o(.ARM.Collect$$$$00000000)
    _main_stk                                0x000180dd   Thumb Code     0  entry2.o(.ARM.Collect$$$$00000001)
    _main_scatterload                        0x000180e1   Thumb Code     0  entry5.o(.ARM.Collect$$$$00000004)
    __main_after_scatterload                 0x000180e5   Thumb Code     0  entry5.o(.ARM.Collect$$$$00000004)
    _main_clock                              0x000180e5   Thumb Code     0  entry7b.o(.ARM.Collect$$$$00000008)
    _main_cpp_init                           0x000180e5   Thumb Code     0  entry8b.o(.ARM.Collect$$$$0000000A)
    _main_init                               0x000180e5   Thumb Code     0  entry9a.o(.ARM.Collect$$$$0000000B)
    __rt_final_cpp                           0x000180ed   Thumb Code     0  entry10a.o(.ARM.Collect$$$$0000000D)
    __rt_final_exit                          0x000180ed   Thumb Code     0  entry11a.o(.ARM.Collect$$$$0000000F)
    MicroWait(unsigned)                      0x000180f1   Thumb Code    30  timer.o(.emb_text)
    Reset_Handler                            0x00018111   Thumb Code    28  startup_nrf51.o(.text)
    ADC_IRQHandler                           0x00018143   Thumb Code     0  startup_nrf51.o(.text)
    CCM_AAR_IRQHandler                       0x00018143   Thumb Code     0  startup_nrf51.o(.text)
    ECB_IRQHandler                           0x00018143   Thumb Code     0  startup_nrf51.o(.text)
    LPCOMP_IRQHandler                        0x00018143   Thumb Code     0  startup_nrf51.o(.text)
    NMI_Handler                              0x00018143   Thumb Code     0  startup_nrf51.o(.text)
    POWER_CLOCK_IRQHandler                   0x00018143   Thumb Code     0  startup_nrf51.o(.text)
    PendSV_Handler                           0x00018143   Thumb Code     0  startup_nrf51.o(.text)
    QDEC_IRQHandler                          0x00018143   Thumb Code     0  startup_nrf51.o(.text)
    RNG_IRQHandler                           0x00018143   Thumb Code     0  startup_nrf51.o(.text)
    RTC0_IRQHandler                          0x00018143   Thumb Code     0  startup_nrf51.o(.text)
    SPI0_TWI0_IRQHandler                     0x00018143   Thumb Code     0  startup_nrf51.o(.text)
    SPI1_TWI1_IRQHandler                     0x00018143   Thumb Code     0  startup_nrf51.o(.text)
    SVC_Handler                              0x00018143   Thumb Code     0  startup_nrf51.o(.text)
    SWI0_IRQHandler                          0x00018143   Thumb Code     0  startup_nrf51.o(.text)
    SWI1_IRQHandler                          0x00018143   Thumb Code     0  startup_nrf51.o(.text)
    SWI3_IRQHandler                          0x00018143   Thumb Code     0  startup_nrf51.o(.text)
    SWI4_IRQHandler                          0x00018143   Thumb Code     0  startup_nrf51.o(.text)
    SWI5_IRQHandler                          0x00018143   Thumb Code     0  startup_nrf51.o(.text)
    SysTick_Handler                          0x00018143   Thumb Code     0  startup_nrf51.o(.text)
    TEMP_IRQHandler                          0x00018143   Thumb Code     0  startup_nrf51.o(.text)
    TIMER1_IRQHandler                        0x00018143   Thumb Code     0  startup_nrf51.o(.text)
    TIMER2_IRQHandler                        0x00018143   Thumb Code     0  startup_nrf51.o(.text)
    WDT_IRQHandler                           0x00018143   Thumb Code     0  startup_nrf51.o(.text)
    __aeabi_uidiv                            0x0001815d   Thumb Code     0  uidiv.o(.text)
    __aeabi_uidivmod                         0x0001815d   Thumb Code    44  uidiv.o(.text)
    __aeabi_idiv                             0x00018189   Thumb Code     0  idiv.o(.text)
    __aeabi_idivmod                          0x00018189   Thumb Code    40  idiv.o(.text)
    __aeabi_ldivmod                          0x000181b1   Thumb Code    76  ldiv.o(.text)
    __aeabi_memcpy                           0x000181fd   Thumb Code    36  memcpya.o(.text)
    __aeabi_memcpy4                          0x000181fd   Thumb Code     0  memcpya.o(.text)
    __aeabi_memcpy8                          0x000181fd   Thumb Code     0  memcpya.o(.text)
    __aeabi_memset                           0x00018221   Thumb Code    14  memseta.o(.text)
    __aeabi_memset4                          0x00018221   Thumb Code     0  memseta.o(.text)
    __aeabi_memset8                          0x00018221   Thumb Code     0  memseta.o(.text)
    __aeabi_memclr                           0x0001822f   Thumb Code     4  memseta.o(.text)
    __aeabi_memclr4                          0x0001822f   Thumb Code     0  memseta.o(.text)
    __aeabi_memclr8                          0x0001822f   Thumb Code     0  memseta.o(.text)
    _memset$wrapper                          0x00018233   Thumb Code    18  memseta.o(.text)
    memcmp                                   0x00018245   Thumb Code    26  memcmp.o(.text)
    __aeabi_dadd                             0x00018261   Thumb Code   328  dadd.o(.text)
    __aeabi_dsub                             0x000183a9   Thumb Code    12  dadd.o(.text)
    __aeabi_drsub                            0x000183b5   Thumb Code    12  dadd.o(.text)
    __aeabi_ddiv                             0x000183c5   Thumb Code   234  ddiv.o(.text)
    __ARM_scalbn                             0x000184b5   Thumb Code    44  dscalb.o(.text)
    scalbn                                   0x000184b5   Thumb Code     0  dscalb.o(.text)
    __aeabi_ui2d                             0x000184e1   Thumb Code    24  dfltui.o(.text)
    __aeabi_l2d                              0x000184fd   Thumb Code    38  dfltl.o(.text)
    __aeabi_d2iz                             0x00018529   Thumb Code    62  dfixi.o(.text)
    __aeabi_d2lz                             0x00018571   Thumb Code    72  dfixl.o(.text)
    __aeabi_uldivmod                         0x000185c1   Thumb Code    96  uldiv.o(.text)
    __aeabi_llsl                             0x00018621   Thumb Code    32  llshl.o(.text)
    _ll_shift_l                              0x00018621   Thumb Code     0  llshl.o(.text)
    __aeabi_llsr                             0x00018641   Thumb Code    34  llushr.o(.text)
    _ll_ushift_r                             0x00018641   Thumb Code     0  llushr.o(.text)
    __aeabi_lasr                             0x00018663   Thumb Code    38  llsshr.o(.text)
    _ll_sshift_r                             0x00018663   Thumb Code     0  llsshr.o(.text)
    __I$use$fp                               0x00018689   Thumb Code     0  iusefp.o(.text)
    _double_round                            0x00018689   Thumb Code    26  depilogue.o(.text)
    _double_epilogue                         0x000186a3   Thumb Code   164  depilogue.o(.text)
    __scatterload                            0x00018749   Thumb Code    28  init.o(.text)
    __scatterload_rt2                        0x00018749   Thumb Code     0  init.o(.text)
    __decompress                             0x0001876d   Thumb Code     0  __dczerorl2.o(.text)
    __decompress1                            0x0001876d   Thumb Code    86  __dczerorl2.o(.text)
    GPIOTE_IRQHandler                        0x000187c5   Thumb Code   214  motors.o(i.GPIOTE_IRQHandler)
    HardFault_Handler                        0x000188b5   Thumb Code    30  crashlogger.o(i.HardFault_Handler)
    RADIO_IRQHandler                         0x000188e1   Thumb Code   166  micro_esb.o(i.RADIO_IRQHandler)
    RTC1_IRQHandler                          0x000189b9   Thumb Code    68  timer.o(i.RTC1_IRQHandler)
    SWI2_IRQHandler                          0x00018a0d   Thumb Code   556  bluetooth.o(i.SWI2_IRQHandler)
    SystemInit                               0x00018c75   Thumb Code   108  system_nrf51.o(i.SystemInit)
    TIMER0_IRQHandler                        0x00018cf5   Thumb Code   356  cubes.o(i.TIMER0_IRQHandler)
    UART0_IRQHandler                         0x00018e75   Thumb Code   282  head.o(i.UART0_IRQHandler)
    MD5_Update(MD5_CTX*, const void*, unsigned long) 0x00019015   Thumb Code   126  md5.o(i._Z10MD5_UpdateP7MD5_CTXPKvm)
    gen_random(void*, int)                   0x000190f9   Thumb Code   118  random.o(i._Z10gen_randomPvi)
    sha1_final(SHA1_CTX*, unsigned char*)    0x0001917d   Thumb Code   182  sha1.o(i._Z10sha1_finalP8SHA1_CTXPh)
    uesb_start()                             0x00019235   Thumb Code   206  micro_esb.o(i._Z10uesb_startv)
    create_hmac(unsigned char*, const unsigned char*, int, const unsigned char*, int) 0x0001937d   Thumb Code   144  hmac.o(i._Z11create_hmacPhPKhiS1_i)
    sha1_update(SHA1_CTX*, const unsigned char*, unsigned) 0x00019433   Thumb Code    66  sha1.o(i._Z11sha1_updateP8SHA1_CTXPKhj)
    uesb_disable()                           0x00019525   Thumb Code    96  micro_esb.o(i._Z12uesb_disablev)
    aes_fix_block(unsigned char*, int&)      0x00019725   Thumb Code    40  aes.o(i._Z13aes_fix_blockPhRi)
    aes_cfb_decode(const void*, const void*, const unsigned char*, unsigned char*, int, void*) 0x00019941   Thumb Code   104  aes.o(i._Z14aes_cfb_decodePKvS0_PKhPhiPv)
    aes_cfb_encode(const void*, void*, const unsigned char*, unsigned char*, int) 0x000199ad   Thumb Code   116  aes.o(i._Z14aes_cfb_encodePKvPvPKhPhi)
    main_execution()                         0x00019a25   Thumb Code    26  main.o(i._Z14main_executionv)
    sha1_transform(SHA1_CTX*, const unsigned char*) 0x00019aa1   Thumb Code   394  sha1.o(i._Z14sha1_transformP8SHA1_CTXPKh)
    dh_encode_random(unsigned char*, int, const unsigned char*) 0x00019d19   Thumb Code    46  diffie.o(i._Z16dh_encode_randomPhiPKh)
    AES128_ECB_encrypt(const unsigned char*, const unsigned char*, unsigned char*) 0x00019d49   Thumb Code    32  aes.o(i._Z18AES128_ECB_encryptPKhS0_Ph)
    aes_message_decode(const unsigned char*, const unsigned char*, int, unsigned char*, int&) 0x00019d6d   Thumb Code    58  packet.o(i._Z18aes_message_decodePKhS0_iPhRi)
    aes_message_encode(const unsigned char*, const unsigned char*, int, unsigned char*, int&) 0x00019da7   Thumb Code    68  packet.o(i._Z18aes_message_encodePKhS0_iPhRi)
    uesb_event_handler(unsigned)             0x00019e41   Thumb Code   548  cubes.o(i._Z18uesb_event_handlerj)
    uesb_set_rx_address(const uesb_address_desc_t*) 0x0001a181   Thumb Code    18  micro_esb.o(i._Z19uesb_set_rx_addressPK19uesb_address_desc_t)
    uesb_read_rx_payload(uesb_payload_t*)    0x0001a221   Thumb Code    82  micro_esb.o(i._Z20uesb_read_rx_payloadP14uesb_payload_t)
    uesb_write_tx_payload(const uesb_address_desc_t*, const void*, unsigned char) 0x0001a29b   Thumb Code    16  micro_esb.o(i._Z21uesb_write_tx_payloadPK19uesb_address_desc_tPKvh)
    uesb_prepare_tx_payload(const uesb_address_desc_t*, const void*, unsigned char) 0x0001a319   Thumb Code   112  micro_esb.o(i._Z23uesb_prepare_tx_payloadPK19uesb_address_desc_tPKvh)
    MD5_Init(MD5_CTX*)                       0x0001af15   Thumb Code    24  md5.o(i._Z8MD5_InitP7MD5_CTX)
    MD5_Final(unsigned char*, MD5_CTX*)      0x0001afa9   Thumb Code   212  md5.o(i._Z9MD5_FinalPhP7MD5_CTX)
    sha1_init(SHA1_CTX*)                     0x0001b0b9   Thumb Code    46  sha1.o(i._Z9sha1_initP8SHA1_CTX)
    test_hmac(const unsigned char*, const unsigned char*, int, const unsigned char*, int) 0x0001b209   Thumb Code    42  hmac.o(i._Z9test_hmacPKhS0_iS0_i)
    uesb_init(const uesb_config_t*)          0x0001b235   Thumb Code   108  micro_esb.o(i._Z9uesb_initPK13uesb_config_t)
    uesb_stop()                              0x0001b2c1   Thumb Code    36  micro_esb.o(i._Z9uesb_stopv)
    Anki::Cozmo::RobotInterface::SendLog(signed char, unsigned short, unsigned short, unsigned char, ...) 0x0001b2f9   Thumb Code   124  logging.o(i._ZN4Anki5Cozmo14RobotInterface7SendLogEatthz)
    Anki::Cozmo::HAL::RadioSendMessage(const void*, unsigned short, unsigned char) 0x0001b379   Thumb Code   176  messages.o(i._ZN4Anki5Cozmo3HAL16RadioSendMessageEPKvth)
    Head::enterLowPowerMode()                0x0001b431   Thumb Code    20  head.o(i._ZN4Head17enterLowPowerModeEv)
    Head::init()                             0x0001b449   Thumb Code    86  head.o(i._ZN4Head4initEv)
    Head::manage()                           0x0001b4cd   Thumb Code   102  head.o(i._ZN4Head6manageEv)
    Temp::init()                             0x0001b55d   Thumb Code    12  temp.o(i._ZN4Temp4initEv)
    Temp::manage()                           0x0001b571   Thumb Code    44  temp.o(i._ZN4Temp6manageEv)
    Temp::getTemp()                          0x0001b5ad   Thumb Code     6  temp.o(i._ZN4Temp7getTempEv)
    Radio::assignProp(unsigned, unsigned)    0x0001b5b9   Thumb Code    64  cubes.o(i._ZN5Radio10assignPropEjj)
    Radio::setLightGamma(unsigned char)      0x0001b5fd   Thumb Code     8  cubes.o(i._ZN5Radio13setLightGammaEh)
    Radio::setPropLights(unsigned, const Anki::Cozmo::LightState*) 0x0001b609   Thumb Code    42  cubes.o(i._ZN5Radio13setPropLightsEjPKN4Anki5Cozmo10LightStateE)
    Radio::init()                            0x0001b639   Thumb Code    10  cubes.o(i._ZN5Radio4initEv)
    Radio::shutdown()                        0x0001b649   Thumb Code    20  cubes.o(i._ZN5Radio8shutdownEv)
    Radio::advertise()                       0x0001b665   Thumb Code   194  cubes.o(i._ZN5Radio9advertiseEv)
    Spine::processMessages(const unsigned char*) 0x0001b75d   Thumb Code   304  messages.o(i._ZN5Spine15processMessagesEPKh)
    Spine::init()                            0x0001b88d   Thumb Code    26  messages.o(i._ZN5Spine4initEv)
    Spine::dequeue(unsigned char*)           0x0001b8ad   Thumb Code   120  messages.o(i._ZN5Spine7dequeueEPh)
    Tasks::init()                            0x0001b92d   Thumb Code    70  tasks.o(i._ZN5Tasks4initEv)
    Tasks::manage()                          0x0001b97d   Thumb Code   248  tasks.o(i._ZN5Tasks6manageEv)
    Tasks::execute(const Task*)              0x0001ba81   Thumb Code    62  tasks.o(i._ZN5Tasks7executeEPK4Task)
    Timer::init()                            0x0001bacd   Thumb Code    60  timer.o(i._ZN5Timer4initEv)
    Lights::init()                           0x0001bb29   Thumb Code   176  lights.o(i._ZN6Lights4initEv)
    Lights::manage()                         0x0001bbdd   Thumb Code   400  lights.o(i._ZN6Lights6manageEv)
    Lights::update(LightValues&, const Anki::Cozmo::LightState*) 0x0001bd7d   Thumb Code   182  lights.o(i._ZN6Lights6updateER11LightValuesPKN4Anki5Cozmo10LightStateE)
    Motors::getChargeOkay()                  0x0001be33   Thumb Code     4  motors.o(i._ZN6Motors13getChargeOkayEv)
    Motors::init()                           0x0001be39   Thumb Code   214  motors.o(i._ZN6Motors4initEv)
    Motors::manage()                         0x0001bf31   Thumb Code   290  motors.o(i._ZN6Motors6manageEv)
    Motors::disable(bool)                    0x0001c091   Thumb Code    38  motors.o(i._ZN6Motors7disableEb)
    Motors::getSpeed(unsigned char)          0x0001c0bd   Thumb Code   100  motors.o(i._ZN6Motors8getSpeedEh)
    Battery::setHeadlight(bool)              0x0001c12d   Thumb Code    18  battery.o(i._ZN7Battery12setHeadlightEb)
    Battery::setOperatingMode(signed char)   0x0001c145   Thumb Code     6  battery.o(i._ZN7Battery16setOperatingModeEa)
    Battery::updateOperatingMode()           0x0001c151   Thumb Code   160  battery.o(i._ZN7Battery19updateOperatingModeEv)
    Battery::init()                          0x0001c205   Thumb Code   156  battery.o(i._ZN7Battery4initEv)
    Battery::manage()                        0x0001c2d5   Thumb Code   576  battery.o(i._ZN7Battery6manageEv)
    Storage::get(StorageKey)                 0x0001c559   Thumb Code     8  storage.o(i._ZN7Storage3getE10StorageKey)
    Storage::get(StorageKey, int&)           0x0001c565   Thumb Code    14  storage.o(i._ZN7Storage3getE10StorageKeyRi)
    Storage::set(StorageKey, const void*, int) 0x0001c579   Thumb Code    72  storage.o(i._ZN7Storage3setE10StorageKeyPKvi)
    Storage::init()                          0x0001c5c5   Thumb Code    80  storage.o(i._ZN7Storage4initEv)
    Backpack::defaultPattern(DefaultBackpackPattern) 0x0001c621   Thumb Code    66  backpack.o(i._ZN8Backpack14defaultPatternE22DefaultBackpackPattern)
    Backpack::init()                         0x0001c67d   Thumb Code    40  backpack.o(i._ZN8Backpack4initEv)
    Backpack::manage()                       0x0001c6b1   Thumb Code   120  backpack.o(i._ZN8Backpack6manageEv)
    Backpack::update(int)                    0x0001c745   Thumb Code   200  backpack.o(i._ZN8Backpack6updateEi)
    Backpack::setLights(const Anki::Cozmo::LightState*) 0x0001c82d   Thumb Code    28  backpack.o(i._ZN8Backpack9setLightsEPKN4Anki5Cozmo10LightStateE)
    Watchdog::init()                         0x0001c851   Thumb Code    22  watchdog.o(i._ZN8Watchdog4initEv)
    Watchdog::kick(unsigned char)            0x0001c871   Thumb Code    12  watchdog.o(i._ZN8Watchdog4kickEh)
    Bluetooth::enterPairing(const Anki::Cozmo::EnterPairing&) 0x0001c885   Thumb Code    48  bluetooth.o(i._ZN9Bluetooth12enterPairingERKN4Anki5Cozmo12EnterPairingE)
    Bluetooth::diffieHellmanResults(const Anki::Cozmo::DiffieHellmanResults&) 0x0001c8c5   Thumb Code    48  bluetooth.o(i._ZN9Bluetooth20diffieHellmanResultsERKN4Anki5Cozmo20DiffieHellmanResultsE)
    Bluetooth::init()                        0x0001c905   Thumb Code    54  bluetooth.o(i._ZN9Bluetooth4initEv)
    Bluetooth::manage()                      0x0001c94d   Thumb Code   174  bluetooth.o(i._ZN9Bluetooth6manageEv)
    Bluetooth::enabled()                     0x0001ca11   Thumb Code     6  bluetooth.o(i._ZN9Bluetooth7enabledEv)
    Bluetooth::shutdown()                    0x0001ca1d   Thumb Code    22  bluetooth.o(i._ZN9Bluetooth8shutdownEv)
    Bluetooth::transmit(const unsigned char*, int, unsigned char) 0x0001ca39   Thumb Code   144  bluetooth.o(i._ZN9Bluetooth8transmitEPKhih)
    Bluetooth::advertise()                   0x0001cae1   Thumb Code   668  bluetooth.o(i._ZN9Bluetooth9advertiseEv)
    Anki::Cozmo::RobotInterface::PrintTrace::Size() const 0x0001cdd1   Thumb Code     8  clad.o(i._ZNK4Anki5Cozmo14RobotInterface10PrintTrace4SizeEv)
    Anki::Cozmo::BodyStorageContents::Size() const 0x0001cdd9   Thumb Code     6  clad.o(i._ZNK4Anki5Cozmo19BodyStorageContents4SizeEv)
    __ARM_clz                                0x0001cddf   Thumb Code    46  depilogue.o(i.__ARM_clz)
    __ARM_common_ll_mulss                    0x0001ce0d   Thumb Code    50  battery.o(i.__ARM_common_ll_mulss)
    __ARM_common_switch8                     0x0001ce3f   Thumb Code    28  messages.o(i.__ARM_common_switch8)
    __cxa_guard_acquire                      0x0001ce5b   Thumb Code    18  cxa_guard_acquire.o(i.__cxa_guard_acquire)
    __scatterload_copy                       0x0001ce6d   Thumb Code    14  handlers.o(i.__scatterload_copy)
    __scatterload_null                       0x0001ce7b   Thumb Code     2  handlers.o(i.__scatterload_null)
    __scatterload_zeroinit                   0x0001ce7d   Thumb Code    14  handlers.o(i.__scatterload_zeroinit)
    ble_advdata_set                          0x0001d1cd   Thumb Code   106  ble_advdata.o(i.ble_advdata_set)
    ble_app_timer_manage                     0x0001d239   Thumb Code   110  conn_params.o(i.ble_app_timer_manage)
    ble_conn_params_init                     0x0001d2bd   Thumb Code    84  conn_params.o(i.ble_conn_params_init)
    ble_conn_params_on_ble_evt               0x0001d31d   Thumb Code   132  conn_params.o(i.ble_conn_params_on_ble_evt)
    conn_params_error_handler                0x0001d3a9   Thumb Code    18  bluetooth.o(i.conn_params_error_handler)
    main                                     0x0001d435   Thumb Code    80  main.o(i.main)
    on_conn_params_evt                       0x0001d485   Thumb Code    38  bluetooth.o(i.on_conn_params_evt)
    COZMO_UUID_BASE                          0x0001d8a0   Data          16  settings.o(.constdata)
    COZMO_UUID_SERVICE                       0x0001d8b0   Data           2  settings.o(.constdata)
    COZMO_UUID_RECEIVE_CHAR                  0x0001d8b2   Data           2  settings.o(.constdata)
    COZMO_UUID_TRANSMIT_CHAR                 0x0001d8b4   Data           2  settings.o(.constdata)
    gap_conn_params                          0x0001d8b6   Data           8  settings.o(.constdata)
    adv_params                               0x0001d8c0   Data          24  settings.o(.constdata)
    cp_init                                  0x0001d8d8   Data          28  settings.o(.constdata)
    m_sec_params                             0x0001d8f4   Data           5  settings.o(.constdata)
    DEVICE_NAME                              0x0001d8f9   Data           6  settings.o(.constdata)
    DEVICE_NAME_LENGTH                       0x0001d900   Data           4  settings.o(.constdata)
    m_manuf_data                             0x0001d904   Data          12  settings.o(.constdata)
    m_advdata                                0x0001d910   Data          48  settings.o(.constdata)
    __CUBE_XS                                0x0001dc90   Data           0  firmware.o(.text)
    __CUBE_XS6                               0x0001e0a0   Data           0  firmware.o(.text)
    Region$$Table$$Base                      0x0001e3b0   Number         0  anon$$obj.o(Region$$Table)
    Region$$Table$$Limit                     0x0001e3d0   Number         0  anon$$obj.o(Region$$Table)
    Battery::onContacts                      0x20002005   Data           1  battery.o(.data)
    m_pinIndex                               0x20002006   Data           1  battery.o(.data)
    lowPowerMode                             0x20002031   Data           1  head.o(.data)
    Head::spokenTo                           0x20002032   Data           1  head.o(.data)
    Head::synced                             0x20002033   Data           1  head.o(.data)
    m_lastState                              0x20002044   Data           4  motors.o(.data)
    g_radiansPerHeadTick                     0x20002048   Data           4  motors.o(.data)
    temperature                              0x200020f0   Data           4  temp.o(.data)
    CRASHLOG_POINTER                         0x20002100   Data           4  crashlogger.o(.data)
    SystemCoreClock                          0x20002104   Data           4  system_nrf51.o(.data)
    Bluetooth::service_handle                0x2000210e   Data           2  bluetooth.o(.data)
    Bluetooth::conn_handle                   0x20002110   Data           2  bluetooth.o(.data)
    Bluetooth::receive_handles               0x20002120   Data           8  bluetooth.o(.data)
    Bluetooth::transmit_handles              0x20002128   Data           8  bluetooth.o(.data)
    manif_data                               0x20002158   Data           8  settings.o(.data)
    m_uesb_mainstate                         0x20002188   Data           1  micro_esb.o(.data)
    txRxBuffer                               0x200021c0   Data          88  head.o(.bss)
    g_dataToHead                             0x20002218   Data          76  head.o(.bss)
    g_dataToBody                             0x20002264   Data          56  head.o(.bss)
    lightController                          0x200022d0   Data         924  lights.o(.bss)
    __initial_sp                             0x20003c00   Data           0  startup_nrf51.o(STACK)



==============================================================================

Memory Map of the image

  Image Entry point : 0x000180dd

  Load Region LR_IROM1 (Base: 0x00018000, Size: 0x00006590, Max: 0x00006c00, ABSOLUTE, COMPRESSED[0x00006414])

    Execution Region ER_IROM1 (Base: 0x00018000, Size: 0x000063d0, Max: 0x00006c00, ABSOLUTE)

    Base Addr    Size         Type   Attr      Idx    E Section Name        Object

    0x00018000   0x000000dc   Data   RO         1562    RESET               startup_nrf51.o
    0x000180dc   0x00000000   Code   RO         4075  * .ARM.Collect$$$$00000000  mc_p.l(entry.o)
    0x000180dc   0x00000004   Code   RO         4106    .ARM.Collect$$$$00000001  mc_p.l(entry2.o)
    0x000180e0   0x00000004   Code   RO         4109    .ARM.Collect$$$$00000004  mc_p.l(entry5.o)
    0x000180e4   0x00000000   Code   RO         4111    .ARM.Collect$$$$00000008  mc_p.l(entry7b.o)
    0x000180e4   0x00000000   Code   RO         4113    .ARM.Collect$$$$0000000A  mc_p.l(entry8b.o)
    0x000180e4   0x00000008   Code   RO         4114    .ARM.Collect$$$$0000000B  mc_p.l(entry9a.o)
    0x000180ec   0x00000000   Code   RO         4116    .ARM.Collect$$$$0000000D  mc_p.l(entry10a.o)
    0x000180ec   0x00000000   Code   RO         4118    .ARM.Collect$$$$0000000F  mc_p.l(entry11a.o)
    0x000180ec   0x00000004   Code   RO         4107    .ARM.Collect$$$$00002712  mc_p.l(entry2.o)
    0x000180f0   0x0000001e   Code   RO          980    .emb_text           timer.o
    0x0001810e   0x00000002   PAD
    0x00018110   0x0000004c   Code   RO         1563    .text               startup_nrf51.o
    0x0001815c   0x0000002c   Code   RO         4078    .text               mc_p.l(uidiv.o)
    0x00018188   0x00000028   Code   RO         4080    .text               mc_p.l(idiv.o)
    0x000181b0   0x0000004c   Code   RO         4082    .text               mc_p.l(ldiv.o)
    0x000181fc   0x00000024   Code   RO         4084    .text               mc_p.l(memcpya.o)
    0x00018220   0x00000024   Code   RO         4086    .text               mc_p.l(memseta.o)
    0x00018244   0x0000001a   Code   RO         4088    .text               mc_p.l(memcmp.o)
    0x0001825e   0x00000002   PAD
    0x00018260   0x00000164   Code   RO         4092    .text               mf_p.l(dadd.o)
    0x000183c4   0x000000f0   Code   RO         4094    .text               mf_p.l(ddiv.o)
    0x000184b4   0x0000002c   Code   RO         4096    .text               mf_p.l(dscalb.o)
    0x000184e0   0x0000001c   Code   RO         4098    .text               mf_p.l(dfltui.o)
    0x000184fc   0x0000002c   Code   RO         4100    .text               mf_p.l(dfltl.o)
    0x00018528   0x00000048   Code   RO         4102    .text               mf_p.l(dfixi.o)
    0x00018570   0x00000050   Code   RO         4104    .text               mf_p.l(dfixl.o)
    0x000185c0   0x00000060   Code   RO         4120    .text               mc_p.l(uldiv.o)
    0x00018620   0x00000020   Code   RO         4122    .text               mc_p.l(llshl.o)
    0x00018640   0x00000022   Code   RO         4124    .text               mc_p.l(llushr.o)
    0x00018662   0x00000026   Code   RO         4126    .text               mc_p.l(llsshr.o)
    0x00018688   0x00000000   Code   RO         4128    .text               mc_p.l(iusefp.o)
    0x00018688   0x000000be   Code   RO         4129    .text               mf_p.l(depilogue.o)
    0x00018746   0x00000002   PAD
    0x00018748   0x00000024   Code   RO         4133    .text               mc_p.l(init.o)
    0x0001876c   0x00000056   Code   RO         4143    .text               mc_p.l(__dczerorl2.o)
    0x000187c2   0x00000002   PAD
    0x000187c4   0x000000f0   Code   RO          782    i.GPIOTE_IRQHandler  motors.o
    0x000188b4   0x0000002c   Code   RO         1532    i.HardFault_Handler  crashlogger.o
    0x000188e0   0x000000d8   Code   RO         3790    i.RADIO_IRQHandler  micro_esb.o
    0x000189b8   0x00000054   Code   RO          981    i.RTC1_IRQHandler   timer.o
    0x00018a0c   0x00000268   Code   RO         1635    i.SWI2_IRQHandler   bluetooth.o
    0x00018c74   0x00000080   Code   RO         1570    i.SystemInit        system_nrf51.o
    0x00018cf4   0x00000180   Code   RO         3895    i.TIMER0_IRQHandler  cubes.o
    0x00018e74   0x0000015c   Code   RO          333    i.UART0_IRQHandler  head.o
    0x00018fd0   0x00000044   Code   RO         3896    i._Z10EnterState10RadioState  cubes.o
    0x00019014   0x0000007e   Code   RO         3708    i._Z10MD5_UpdateP7MD5_CTXPKvm  md5.o
    0x00019092   0x00000002   PAD
    0x00019094   0x00000064   Code   RO            3    i._Z10calcResulti   battery.o
    0x000190f8   0x00000084   Code   RO         3649    i._Z10gen_randomPvi  random.o
    0x0001917c   0x000000b6   Code   RO         3668    i._Z10sha1_finalP8SHA1_CTXPh  sha1.o
    0x00019232   0x00000002   PAD
    0x00019234   0x00000108   Code   RO         3791    i._Z10uesb_startv   micro_esb.o
    0x0001933c   0x00000040   Code   RO         3294    i._Z11AddRoundKeyh  aes.o
    0x0001937c   0x00000090   Code   RO         3744    i._Z11create_hmacPhPKhiS1_i  hmac.o
    0x0001940c   0x00000026   Code   RO         1636    i._Z11dh_completePKv  bluetooth.o
    0x00019432   0x00000042   Code   RO         3669    i._Z11sha1_updateP8SHA1_CTXPKhj  sha1.o
    0x00019474   0x000000b0   Code   RO         3296    i._Z12KeyExpansionv  aes.o
    0x00019524   0x00000080   Code   RO         3792    i._Z12uesb_disablev  micro_esb.o
    0x000195a4   0x00000028   Code   RO         1109    i._Z12updateLightsPKN4Anki5Cozmo10LightStateE  backpack.o
    0x000195cc   0x00000158   Code   RO          783    i._Z13ConfigureTaskhPVj  motors.o
    0x00019724   0x00000028   Code   RO         3298    i._Z13aes_fix_blockPhRi  aes.o
    0x0001974c   0x00000074   Code   RO         1270    i._Z13setup_storagev  storage.o
    0x000197c0   0x00000104   Code   RO         1271    i._Z13storage_levelv  storage.o
    0x000198c4   0x0000007c   Code   RO          784    i._Z14ConfigureTimerP14NRF_TIMER_Typehh  motors.o
    0x00019940   0x0000006c   Code   RO         3299    i._Z14aes_cfb_decodePKvS0_PKhPhiPv  aes.o
    0x000199ac   0x00000078   Code   RO         3300    i._Z14aes_cfb_encodePKvPvPKhPhi  aes.o
    0x00019a24   0x0000001a   Code   RO          586    i._Z14main_executionv  main.o
    0x00019a3e   0x00000002   PAD
    0x00019a40   0x00000060   Code   RO            4    i._Z14setChargeState18CurrentChargeState  battery.o
    0x00019aa0   0x0000018a   Code   RO         3670    i._Z14sha1_transformP8SHA1_CTXPKh  sha1.o
    0x00019c2a   0x00000002   PAD
    0x00019c2c   0x00000038   Code   RO            5    i._Z14startADCsample11AnalogInput  battery.o
    0x00019c64   0x00000080   Code   RO          334    i._Z15setTransmitMode13TRANSMIT_MODE  head.o
    0x00019ce4   0x00000034   Code   RO         2068    i._Z16NVIC_SystemResetv  messages.o
    0x00019d18   0x0000002e   Code   RO         3611    i._Z16dh_encode_randomPhiPKh  diffie.o
    0x00019d46   0x00000002   PAD
    0x00019d48   0x00000024   Code   RO         3302    i._Z18AES128_ECB_encryptPKhS0_Ph  aes.o
    0x00019d6c   0x0000003a   Code   RO         3767    i._Z18aes_message_decodePKhS0_iPhRi  packet.o
    0x00019da6   0x00000044   Code   RO         3768    i._Z18aes_message_encodePKhS0_iPhRi  packet.o
    0x00019dea   0x00000002   PAD
    0x00019dec   0x00000054   Code   RO         1272    i._Z18storage_write_wordPjj  storage.o
    0x00019e40   0x0000023c   Code   RO         3897    i._Z18uesb_event_handlerj  cubes.o
    0x0001a07c   0x00000004   Code   RO         2069    i._Z19Process_bodyRestartRKN4Anki5Cozmo14RobotInterface3OTA11BodyRestartE  messages.o
    0x0001a080   0x0000000e   Code   RO         2070    i._Z19Process_setPropSlotRKN4Anki5Cozmo11SetPropSlotE  messages.o
    0x0001a08e   0x00000002   PAD
    0x0001a090   0x0000006c   Code   RO         3793    i._Z19configure_addressesPK19uesb_address_desc_t  micro_esb.o
    0x0001a0fc   0x00000044   Code   RO         1637    i._Z19frame_data_receivedPKv  bluetooth.o
    0x0001a140   0x00000040   Code   RO         3898    i._Z19ota_send_next_blockv  cubes.o
    0x0001a180   0x00000018   Code   RO         3794    i._Z19uesb_set_rx_addressPK19uesb_address_desc_t  micro_esb.o
    0x0001a198   0x0000000c   Code   RO         2071    i._Z20Process_enterPairingRKN4Anki5Cozmo12EnterPairingE  messages.o
    0x0001a1a4   0x00000040   Code   RO         2072    i._Z20Process_killBodyCodeRKN4Anki5Cozmo12KillBodyCodeE  messages.o
    0x0001a1e4   0x00000002   Code   RO         2073    i._Z20Process_nvReadToBodyRKN4Anki5Cozmo14RobotInterface18NVReadResultToBodyE  messages.o
    0x0001a1e6   0x0000000c   Code   RO         2074    i._Z20Process_setCubeGammaRKN4Anki5Cozmo12SetCubeGammaE  messages.o
    0x0001a1f2   0x0000000c   Code   RO         2075    i._Z20Process_setHeadlightRKN4Anki5Cozmo14RobotInterface12SetHeadlightE  messages.o
    0x0001a1fe   0x00000002   PAD
    0x0001a200   0x00000020   Code   RO         1638    i._Z20send_welcome_messagePKv  bluetooth.o
    0x0001a220   0x0000006c   Code   RO         3795    i._Z20uesb_read_rx_payloadP14uesb_payload_t  micro_esb.o
    0x0001a28c   0x0000000e   Code   RO         2076    i._Z21Process_setCubeLightsRKN4Anki5Cozmo10CubeLightsE  messages.o
    0x0001a29a   0x00000010   Code   RO         3796    i._Z21uesb_write_tx_payloadPK19uesb_address_desc_tPKvh  micro_esb.o
    0x0001a2aa   0x0000006c   Code   RO         2077    i._Z23Process_readBodyStorageRKN4Anki5Cozmo15ReadBodyStorageE  messages.o
    0x0001a316   0x00000002   PAD
    0x0001a318   0x00000088   Code   RO         3797    i._Z23uesb_prepare_tx_payloadPK19uesb_address_desc_tPKvh  micro_esb.o
    0x0001a3a0   0x00000002   Code   RO         2078    i._Z24Process_nvOpResultToBodyRKN4Anki5Cozmo14RobotInterface16NVOpResultToBodyE  messages.o
    0x0001a3a2   0x0000000e   Code   RO         2079    i._Z24Process_setBodyRadioModeRKN4Anki5Cozmo16SetBodyRadioModeE  messages.o
    0x0001a3b0   0x00000010   Code   RO         2080    i._Z24Process_writeBodyStorageRKN4Anki5Cozmo16WriteBodyStorageE  messages.o
    0x0001a3c0   0x0000000c   Code   RO         2081    i._Z25Process_setBackpackLightsRKN4Anki5Cozmo14RobotInterface14BackpackLightsE  messages.o
    0x0001a3cc   0x00000030   Code   RO         3899    i._Z25SendObjectConnectionStatei  cubes.o
    0x0001a3fc   0x00000018   Code   RO         1639    i._Z26start_message_transmissionPKv  bluetooth.o
    0x0001a414   0x0000000c   Code   RO         2082    i._Z28Process_diffieHellmanResultsRKN4Anki5Cozmo20DiffieHellmanResultsE  messages.o
    0x0001a420   0x0000001c   Code   RO         1640    i._Z28softdevice_assertion_handlerjtPKh  bluetooth.o
    0x0001a43c   0x000009d8   Code   RO         3709    i._Z4bodyP7MD5_CTXPKvm  md5.o
    0x0001ae14   0x00000100   Code   RO         3303    i._Z6Cipherv        aes.o
    0x0001af14   0x00000028   Code   RO         3710    i._Z8MD5_InitP7MD5_CTX  md5.o
    0x0001af3c   0x0000006c   Code   RO         1641    i._Z8dh_setupPKv    bluetooth.o
    0x0001afa8   0x000000d4   Code   RO         3711    i._Z9MD5_FinalPhP7MD5_CTX  md5.o
    0x0001b07c   0x0000003c   Code   RO         3304    i._Z9ShiftRowsv     aes.o
    0x0001b0b8   0x00000054   Code   RO         3671    i._Z9sha1_initP8SHA1_CTX  sha1.o
    0x0001b10c   0x000000fc   Code   RO         1273    i._Z9store_key10StorageKeyPKvi  storage.o
    0x0001b208   0x0000002a   Code   RO         3745    i._Z9test_hmacPKhS0_iS0_i  hmac.o
    0x0001b232   0x00000002   PAD
    0x0001b234   0x0000008c   Code   RO         3798    i._Z9uesb_initPK13uesb_config_t  micro_esb.o
    0x0001b2c0   0x00000038   Code   RO         3799    i._Z9uesb_stopv     micro_esb.o
    0x0001b2f8   0x00000080   Code   RO         1023    i._ZN4Anki5Cozmo14RobotInterface7SendLogEatthz  logging.o
    0x0001b378   0x000000b8   Code   RO         2083    i._ZN4Anki5Cozmo3HAL16RadioSendMessageEPKvth  messages.o
    0x0001b430   0x00000018   Code   RO          335    i._ZN4Head17enterLowPowerModeEv  head.o
    0x0001b448   0x00000084   Code   RO          337    i._ZN4Head4initEv   head.o
    0x0001b4cc   0x00000090   Code   RO          338    i._ZN4Head6manageEv  head.o
    0x0001b55c   0x00000014   Code   RO         1338    i._ZN4Temp4initEv   temp.o
    0x0001b570   0x0000003c   Code   RO         1339    i._ZN4Temp6manageEv  temp.o
    0x0001b5ac   0x0000000c   Code   RO         1340    i._ZN4Temp7getTempEv  temp.o
    0x0001b5b8   0x00000044   Code   RO         3900    i._ZN5Radio10assignPropEjj  cubes.o
    0x0001b5fc   0x0000000c   Code   RO         3901    i._ZN5Radio13setLightGammaEh  cubes.o
    0x0001b608   0x00000030   Code   RO         3902    i._ZN5Radio13setPropLightsEjPKN4Anki5Cozmo10LightStateE  cubes.o
    0x0001b638   0x00000010   Code   RO         3903    i._ZN5Radio4initEv  cubes.o
    0x0001b648   0x0000001c   Code   RO         3904    i._ZN5Radio8shutdownEv  cubes.o
    0x0001b664   0x000000f8   Code   RO         3905    i._ZN5Radio9advertiseEv  cubes.o
    0x0001b75c   0x00000130   Code   RO         2084    i._ZN5Spine15processMessagesEPKh  messages.o
    0x0001b88c   0x00000020   Code   RO         2085    i._ZN5Spine4initEv  messages.o
    0x0001b8ac   0x00000080   Code   RO         2086    i._ZN5Spine7dequeueEPh  messages.o
    0x0001b92c   0x00000050   Code   RO         1422    i._ZN5Tasks4initEv  tasks.o
    0x0001b97c   0x00000104   Code   RO         1423    i._ZN5Tasks6manageEv  tasks.o
    0x0001ba80   0x0000004c   Code   RO         1425    i._ZN5Tasks7executeEPK4Task  tasks.o
    0x0001bacc   0x0000005c   Code   RO          982    i._ZN5Timer4initEv  timer.o
    0x0001bb28   0x000000b4   Code   RO         1223    i._ZN6Lights4initEv  lights.o
    0x0001bbdc   0x000001a0   Code   RO         1224    i._ZN6Lights6manageEv  lights.o
    0x0001bd7c   0x000000b6   Code   RO         1225    i._ZN6Lights6updateER11LightValuesPKN4Anki5Cozmo10LightStateE  lights.o
    0x0001be32   0x00000004   Code   RO          786    i._ZN6Motors13getChargeOkayEv  motors.o
    0x0001be36   0x00000002   PAD
    0x0001be38   0x000000f8   Code   RO          788    i._ZN6Motors4initEv  motors.o
    0x0001bf30   0x00000160   Code   RO          789    i._ZN6Motors6manageEv  motors.o
    0x0001c090   0x0000002c   Code   RO          790    i._ZN6Motors7disableEb  motors.o
    0x0001c0bc   0x00000070   Code   RO          791    i._ZN6Motors8getSpeedEh  motors.o
    0x0001c12c   0x00000018   Code   RO            6    i._ZN7Battery12setHeadlightEb  battery.o
    0x0001c144   0x0000000c   Code   RO            7    i._ZN7Battery16setOperatingModeEa  battery.o
    0x0001c150   0x000000b4   Code   RO            8    i._ZN7Battery19updateOperatingModeEv  battery.o
    0x0001c204   0x000000d0   Code   RO            9    i._ZN7Battery4initEv  battery.o
    0x0001c2d4   0x00000284   Code   RO           10    i._ZN7Battery6manageEv  battery.o
    0x0001c558   0x0000000c   Code   RO         1274    i._ZN7Storage3getE10StorageKey  storage.o
    0x0001c564   0x00000014   Code   RO         1275    i._ZN7Storage3getE10StorageKeyRi  storage.o
    0x0001c578   0x0000004c   Code   RO         1276    i._ZN7Storage3setE10StorageKeyPKvi  storage.o
    0x0001c5c4   0x0000005c   Code   RO         1277    i._ZN7Storage4initEv  storage.o
    0x0001c620   0x0000005c   Code   RO         1110    i._ZN8Backpack14defaultPatternE22DefaultBackpackPattern  backpack.o
    0x0001c67c   0x00000034   Code   RO         1111    i._ZN8Backpack4initEv  backpack.o
    0x0001c6b0   0x00000094   Code   RO         1113    i._ZN8Backpack6manageEv  backpack.o
    0x0001c744   0x000000e8   Code   RO         1114    i._ZN8Backpack6updateEi  backpack.o
    0x0001c82c   0x00000024   Code   RO         1115    i._ZN8Backpack9setLightsEPKN4Anki5Cozmo10LightStateE  backpack.o
    0x0001c850   0x00000020   Code   RO         1376    i._ZN8Watchdog4initEv  watchdog.o
    0x0001c870   0x00000014   Code   RO         1377    i._ZN8Watchdog4kickEh  watchdog.o
    0x0001c884   0x00000040   Code   RO         1642    i._ZN9Bluetooth12enterPairingERKN4Anki5Cozmo12EnterPairingE  bluetooth.o
    0x0001c8c4   0x00000040   Code   RO         1643    i._ZN9Bluetooth20diffieHellmanResultsERKN4Anki5Cozmo20DiffieHellmanResultsE  bluetooth.o
    0x0001c904   0x00000048   Code   RO         1644    i._ZN9Bluetooth4initEv  bluetooth.o
    0x0001c94c   0x000000c4   Code   RO         1645    i._ZN9Bluetooth6manageEv  bluetooth.o
    0x0001ca10   0x0000000c   Code   RO         1646    i._ZN9Bluetooth7enabledEv  bluetooth.o
    0x0001ca1c   0x0000001c   Code   RO         1647    i._ZN9Bluetooth8shutdownEv  bluetooth.o
    0x0001ca38   0x000000a8   Code   RO         1648    i._ZN9Bluetooth8transmitEPKhih  bluetooth.o
    0x0001cae0   0x000002f0   Code   RO         1649    i._ZN9Bluetooth9advertiseEv  bluetooth.o
    0x0001cdd0   0x00000008   Code   RO         2387    i._ZNK4Anki5Cozmo14RobotInterface10PrintTrace4SizeEv  clad.o
    0x0001cdd8   0x00000006   Code   RO         2409    i._ZNK4Anki5Cozmo19BodyStorageContents4SizeEv  clad.o
    0x0001cdde   0x0000002e   Code   RO         4131    i.__ARM_clz         mf_p.l(depilogue.o)
    0x0001ce0c   0x00000032   Code   RO           82    i.__ARM_common_ll_mulss  battery.o
    0x0001ce3e   0x0000001c   Code   RO         2194    i.__ARM_common_switch8  messages.o
    0x0001ce5a   0x00000012   Code   RO         4069    i.__cxa_guard_acquire  cpprt_p.l(cxa_guard_acquire.o)
    0x0001ce6c   0x0000000e   Code   RO         4137    i.__scatterload_copy  mc_p.l(handlers.o)
    0x0001ce7a   0x00000002   Code   RO         4138    i.__scatterload_null  mc_p.l(handlers.o)
    0x0001ce7c   0x0000000e   Code   RO         4139    i.__scatterload_zeroinit  mc_p.l(handlers.o)
    0x0001ce8a   0x00000002   PAD
    0x0001ce8c   0x00000340   Code   RO         1850    i.adv_data_encode   ble_advdata.o
    0x0001d1cc   0x0000006a   Code   RO         1851    i.ble_advdata_set   ble_advdata.o
    0x0001d236   0x00000002   PAD
    0x0001d238   0x00000084   Code   RO         2004    i.ble_app_timer_manage  conn_params.o
    0x0001d2bc   0x00000060   Code   RO         2006    i.ble_conn_params_init  conn_params.o
    0x0001d31c   0x0000008c   Code   RO         2007    i.ble_conn_params_on_ble_evt  conn_params.o
    0x0001d3a8   0x0000001c   Code   RO         1651    i.conn_params_error_handler  bluetooth.o
    0x0001d3c4   0x00000070   Code   RO         2009    i.conn_params_negotiation  conn_params.o
    0x0001d434   0x00000050   Code   RO          587    i.main              main.o
    0x0001d484   0x00000034   Code   RO         1652    i.on_conn_params_evt  bluetooth.o
    0x0001d4b8   0x000000a6   Code   RO         1852    i.uuid_list_sized_encode  ble_advdata.o
    0x0001d55e   0x00000018   Data   RO          806    .constdata          motors.o
    0x0001d576   0x00000002   PAD
    0x0001d578   0x00000120   Data   RO         1124    .constdata          backpack.o
    0x0001d698   0x00000200   Data   RO         1230    .constdata          lights.o
    0x0001d898   0x00000008   Data   RO         1672    .constdata          bluetooth.o
    0x0001d8a0   0x00000010   Data   RO         1925    .constdata          settings.o
    0x0001d8b0   0x00000002   Data   RO         1926    .constdata          settings.o
    0x0001d8b2   0x00000002   Data   RO         1927    .constdata          settings.o
    0x0001d8b4   0x00000002   Data   RO         1928    .constdata          settings.o
    0x0001d8b6   0x00000008   Data   RO         1929    .constdata          settings.o
    0x0001d8be   0x00000002   PAD
    0x0001d8c0   0x00000018   Data   RO         1930    .constdata          settings.o
    0x0001d8d8   0x0000001c   Data   RO         1931    .constdata          settings.o
    0x0001d8f4   0x00000005   Data   RO         1932    .constdata          settings.o
    0x0001d8f9   0x00000006   Data   RO         1933    .constdata          settings.o
    0x0001d8ff   0x00000001   PAD
    0x0001d900   0x00000004   Data   RO         1934    .constdata          settings.o
    0x0001d904   0x0000000c   Data   RO         1935    .constdata          settings.o
    0x0001d910   0x00000030   Data   RO         1936    .constdata          settings.o
    0x0001d940   0x000002ff   Data   RO         3317    .constdata          aes.o
    0x0001dc3f   0x00000001   PAD
    0x0001dc40   0x00000050   Data   RO         3918    .constdata          cubes.o
    0x0001dc90   0x00000720   Data   RO         3787    .text               firmware.o
    0x0001e3b0   0x00000020   Data   RO         4135    Region$$Table       anon$$obj.o


    Execution Region RW_IRAM1 (Base: 0x20002000, Size: 0x00001c00, Max: 0x00001ffc, ABSOLUTE, COMPRESSED[0x00000044])

    Base Addr    Size         Type   Attr      Idx    E Section Name        Object

    0x20002000   0x00000030   Data   RW           25    .data               battery.o
    0x20002030   0x00000010   Data   RW          346    .data               head.o
    0x20002040   0x0000007c   Data   RW          807    .data               motors.o
    0x200020bc   0x00000004   Data   RW          985    .data               timer.o
    0x200020c0   0x00000004   Data   RW         1025    .data               logging.o
    0x200020c4   0x00000014   Data   RW         1125    .data               backpack.o
    0x200020d8   0x0000000c   Data   RW         1231    .data               lights.o
    0x200020e4   0x0000000c   Data   RW         1287    .data               storage.o
    0x200020f0   0x00000004   Data   RW         1344    .data               temp.o
    0x200020f4   0x0000000c   Data   RW         1431    .data               tasks.o
    0x20002100   0x00000004   Data   RW         1534    .data               crashlogger.o
    0x20002104   0x00000004   Data   RW         1571    .data               system_nrf51.o
    0x20002108   0x00000050   Data   RW         1673    .data               bluetooth.o
    0x20002158   0x00000008   Data   RW         1937    .data               settings.o
    0x20002160   0x00000016   Data   RW         2011    .data               conn_params.o
    0x20002176   0x00000002   PAD
    0x20002178   0x00000008   Data   RW         2107    .data               messages.o
    0x20002180   0x00000008   Data   RW         3318    .data               aes.o
    0x20002188   0x00000001   Data   RW         3811    .data               micro_esb.o
    0x20002189   0x00000003   PAD
    0x2000218c   0x00000034   Data   RW         3919    .data               cubes.o
    0x200021c0   0x000000dc   Zero   RW          345    .bss                head.o
    0x2000229c   0x00000034   Zero   RW         1123    .bss                backpack.o
    0x200022d0   0x0000039c   Zero   RW         1229    .bss                lights.o
    0x2000266c   0x00000018   Zero   RW         1286    .bss                storage.o
    0x20002684   0x00000030   Zero   RW         1430    .bss                tasks.o
    0x200026b4   0x000002e4   Zero   RW         1671    .bss                bluetooth.o
    0x20002998   0x0000001c   Zero   RW         2010    .bss                conn_params.o
    0x200029b4   0x00000128   Zero   RW         2106    .bss                messages.o
    0x20002adc   0x000000b0   Zero   RW         3316    .bss                aes.o
    0x20002b8c   0x00000374   Zero   RW         3810    .bss                micro_esb.o
    0x20002f00   0x000000fc   Zero   RW         3917    .bss                cubes.o
    0x20002ffc   0x00000004   PAD
    0x20003000   0x00000c00   Zero   RW         1560    STACK               startup_nrf51.o


==============================================================================

Image component sizes


      Code (inc. data)   RO Data    RW Data    ZI Data      Debug   Object Name

       860         54        767          8        176       9155   aes.o
       600        116        288         20         52      14240   backpack.o
      1370        198          0         48          0     117356   battery.o
      1104          6          0          0          0      39150   ble_advdata.o
      2350        318          8         80        740      76305   bluetooth.o
        14          0          0          0          0      66788   clad.o
       480         64          0         22         28      11586   conn_params.o
        44         14          0          4          0       9267   crashlogger.o
      1556        164         80         52        252      80437   cubes.o
        46          0          0          0          0       3871   diffie.o
         0          0       1824          0          0          0   firmware.o
       776        190          0         16        220     109527   head.o
       186          0          0          0          0       2290   hmac.o
       778         20        512         12        924       5819   lights.o
       128          4          0          4          0      47386   logging.o
       106          0          0          0          0      84784   main.o
      2898        274          0          0          0       5112   md5.o
      1026         52          0          8        296     109025   messages.o
      1196        266          0          1        884      34199   micro_esb.o
      1468        174         24        124          0     108258   motors.o
       126          0          0          0          0       1974   packet.o
       132         14          0          0          0       1537   random.o
         0          0        157          8          0      10541   settings.o
       726         38          0          0          0       5360   sha1.o
        76         24        220          0       3072        432   startup_nrf51.o
       912         78          0         12         24       7352   storage.o
       128         20          0          4          0       5871   system_nrf51.o
       416         42          0         12         48       5636   tasks.o
        92         30          0          4          0       1286   temp.o
       206         48          0          4          0       9329   timer.o
        52         18          0          0          0      18907   watchdog.o

    ----------------------------------------------------------------------
     19878       2226       3918        448       6720    1002780   Object Totals
         0          0         32          0          0          0   (incl. Generated)
        26          0          6          5          4          0   (incl. Padding)

    ----------------------------------------------------------------------

      Code (inc. data)   RO Data    RW Data    ZI Data      Debug   Library Member Name

        18          0          0          0          0         60   cxa_guard_acquire.o
        86          0          0          0          0          0   __dczerorl2.o
         0          0          0          0          0          0   entry.o
         0          0          0          0          0          0   entry10a.o
         0          0          0          0          0          0   entry11a.o
         8          4          0          0          0          0   entry2.o
         4          0          0          0          0          0   entry5.o
         0          0          0          0          0          0   entry7b.o
         0          0          0          0          0          0   entry8b.o
         8          4          0          0          0          0   entry9a.o
        30          0          0          0          0          0   handlers.o
        40          0          0          0          0         72   idiv.o
        36          8          0          0          0         68   init.o
         0          0          0          0          0          0   iusefp.o
        76          0          0          0          0         76   ldiv.o
        32          0          0          0          0         68   llshl.o
        38          0          0          0          0         68   llsshr.o
        34          0          0          0          0         68   llushr.o
        26          0          0          0          0         72   memcmp.o
        36          0          0          0          0         60   memcpya.o
        36          0          0          0          0        100   memseta.o
        44          0          0          0          0         72   uidiv.o
        96          0          0          0          0         84   uldiv.o
       356          4          0          0          0        140   dadd.o
       240          6          0          0          0         84   ddiv.o
       236          0          0          0          0        216   depilogue.o
        72         10          0          0          0         72   dfixi.o
        80          8          0          0          0         72   dfixl.o
        44          6          0          0          0         72   dfltl.o
        28          4          0          0          0         68   dfltui.o
        44          0          0          0          0         72   dscalb.o

    ----------------------------------------------------------------------
      1756         54          0          0          0       1664   Library Totals
         8          0          0          0          0          0   (incl. Padding)

    ----------------------------------------------------------------------

      Code (inc. data)   RO Data    RW Data    ZI Data      Debug   Library Name

        18          0          0          0          0         60   cpprt_p.l
       630         16          0          0          0        808   mc_p.l
      1100         38          0          0          0        796   mf_p.l

    ----------------------------------------------------------------------
      1756         54          0          0          0       1664   Library Totals

    ----------------------------------------------------------------------

==============================================================================


      Code (inc. data)   RO Data    RW Data    ZI Data      Debug   

     21634       2280       3918        448       6720     997620   Grand Totals
     21634       2280       3918         68       6720     997620   ELF Image Totals (compressed)
     21634       2280       3918         68          0          0   ROM Totals

==============================================================================

    Total RO  Size (Code + RO Data)                25552 (  24.95kB)
    Total RW  Size (RW Data + ZI Data)              7168 (   7.00kB)
    Total ROM Size (Code + RO Data + RW Data)      25620 (  25.02kB)

==============================================================================

