../../source/3rd/kazmath/src/kazmath.h
../../source/3rd/kazmath/src/aabb2.c
../../source/3rd/kazmath/src/aabb2.h
../../source/3rd/kazmath/src/aabb3.c
../../source/3rd/kazmath/src/aabb3.h
../../source/3rd/kazmath/src/GL/mat4stack.c
../../source/3rd/kazmath/src/GL/mat4stack.h
../../source/3rd/kazmath/src/GL/matrix.c
../../source/3rd/kazmath/src/GL/matrix.h
../../source/3rd/kazmath/src/mat3.c
../../source/3rd/kazmath/src/mat3.h
../../source/3rd/kazmath/src/mat4.c
../../source/3rd/kazmath/src/mat4.h
../../source/3rd/kazmath/src/plane.c
../../source/3rd/kazmath/src/plane.h
../../source/3rd/kazmath/src/quaternion.c
../../source/3rd/kazmath/src/quaternion.h
../../source/3rd/kazmath/src/ray2.c
../../source/3rd/kazmath/src/ray2.h
../../source/3rd/kazmath/src/ray3.c
../../source/3rd/kazmath/src/ray3.h
../../source/3rd/kazmath/src/utility.c
../../source/3rd/kazmath/src/utility.h
../../source/3rd/kazmath/src/vec2.c
../../source/3rd/kazmath/src/vec2.h
../../source/3rd/kazmath/src/vec3.c
../../source/3rd/kazmath/src/vec3.h
../../source/3rd/kazmath/src/vec4.c
../../source/3rd/kazmath/src/vec4.h
