../../source/3rd/libwebp/src/dec/alpha_dec.c
../../source/3rd/libwebp/src/dec/buffer_dec.c
../../source/3rd/libwebp/src/dec/frame_dec.c
../../source/3rd/libwebp/src/dec/idec_dec.c
../../source/3rd/libwebp/src/dec/io_dec.c
../../source/3rd/libwebp/src/dec/quant_dec.c
../../source/3rd/libwebp/src/dec/tree_dec.c
../../source/3rd/libwebp/src/dec/vp8_dec.c
../../source/3rd/libwebp/src/dec/vp8l_dec.c
../../source/3rd/libwebp/src/dec/webp_dec.c
../../source/3rd/libwebp/src/dsp/alpha_processing.c
../../source/3rd/libwebp/src/dsp/alpha_processing_neon.c
../../source/3rd/libwebp/src/dsp/alpha_processing_mips_dsp_r2.c
../../source/3rd/libwebp/src/dsp/alpha_processing_sse2.c
../../source/3rd/libwebp/src/dsp/alpha_processing_sse41.c
../../source/3rd/libwebp/src/dsp/cpu.c
../../source/3rd/libwebp/src/dsp/dec.c
../../source/3rd/libwebp/src/dsp/dec_clip_tables.c
../../source/3rd/libwebp/src/dsp/dec_mips32.c
../../source/3rd/libwebp/src/dsp/dec_mips_dsp_r2.c
../../source/3rd/libwebp/src/dsp/dec_msa.c
../../source/3rd/libwebp/src/dsp/dec_neon.c
../../source/3rd/libwebp/src/dsp/dec_sse2.c
../../source/3rd/libwebp/src/dsp/dec_sse41.c
../../source/3rd/libwebp/src/dsp/filters.c
../../source/3rd/libwebp/src/dsp/filters_neon.c
../../source/3rd/libwebp/src/dsp/filters_mips_dsp_r2.c
../../source/3rd/libwebp/src/dsp/filters_msa.c
../../source/3rd/libwebp/src/dsp/filters_sse2.c
../../source/3rd/libwebp/src/dsp/lossless.c
../../source/3rd/libwebp/src/dsp/lossless_mips_dsp_r2.c
../../source/3rd/libwebp/src/dsp/lossless_neon.c
../../source/3rd/libwebp/src/dsp/lossless_sse2.c
../../source/3rd/libwebp/src/dsp/rescaler.c
../../source/3rd/libwebp/src/dsp/rescaler_mips32.c
../../source/3rd/libwebp/src/dsp/rescaler_mips_dsp_r2.c
../../source/3rd/libwebp/src/dsp/rescaler_msa.c
../../source/3rd/libwebp/src/dsp/rescaler_neon.c
../../source/3rd/libwebp/src/dsp/rescaler_sse2.c
../../source/3rd/libwebp/src/dsp/upsampling.c
../../source/3rd/libwebp/src/dsp/upsampling_mips_dsp_r2.c
../../source/3rd/libwebp/src/dsp/upsampling_msa.c
../../source/3rd/libwebp/src/dsp/upsampling_neon.c
../../source/3rd/libwebp/src/dsp/upsampling_sse2.c
../../source/3rd/libwebp/src/dsp/yuv.c
../../source/3rd/libwebp/src/dsp/yuv_mips32.c
../../source/3rd/libwebp/src/dsp/yuv_mips_dsp_r2.c
../../source/3rd/libwebp/src/dsp/yuv_sse2.c
../../source/3rd/libwebp/src/utils/bit_reader_utils.c
../../source/3rd/libwebp/src/utils/color_cache_utils.c
../../source/3rd/libwebp/src/utils/filters_utils.c
../../source/3rd/libwebp/src/utils/huffman_utils.c
../../source/3rd/libwebp/src/utils/quant_levels_dec_utils.c
../../source/3rd/libwebp/src/utils/random_utils.c
../../source/3rd/libwebp/src/utils/rescaler_utils.c
../../source/3rd/libwebp/src/utils/thread_utils.c
../../source/3rd/libwebp/src/utils/utils.c
