<html>
<body>
<pre>
<h1>µVision Build Log</h1>
<h2>Project:</h2>
C:\Users\BHood\Documents\GitHub\products-cozmo\robot\robot.uvproj
Project File Date:  05/30/2014

<h2>Output:</h2>
Build target 'robot2.0'
linking...
Program Size: Code=176990 RO-data=93602 RW-data=6764908 ZI-data=8004  
".\build\20\robot20.axf" - 0 Error(s), 0 Warning(s).
d but never referenced
        GPIO_PIN_SOURCE(RESET_N, GPIOE, 3);
arm_hal\hal20\frontCamera.cpp(30): warning:  #177-D: variable "Anki::Cozmo::HAL::SOURCE_PWDN" was declared but never referenced
        GPIO_PIN_SOURCE(PWDN, GPIOE, 2);
arm_hal\hal20\frontCamera.cpp(32): warning:  #177-D: variable "Anki::Cozmo::HAL::SOURCE_SCL" was declared but never referenced
        GPIO_PIN_SOURCE(SCL, GPIOB, 6);
arm_hal\hal20\frontCamera.cpp(33): warning:  #177-D: variable "Anki::Cozmo::HAL::SOURCE_SDA" was declared but never referenced
        GPIO_PIN_SOURCE(SDA, GPIOB, 7);
arm_hal\hal20\frontCamera.cpp(35): warning:  #177-D: variable "Anki::Cozmo::HAL::DCMI_TIMEOUT_MAX" was declared but never referenced
        const u32 DCMI_TIMEOUT_MAX = 10000;
arm_hal\hal20\frontCamera.cpp(241): warning:  #177-D: function "Anki::Cozmo::HAL::CamRead" was declared but never referenced
        static int CamRead(u8 reg)
arm_hal\hal20\frontCamera.cpp: 6 warnings, 0 errors
compiling imu.cpp...
arm_hal\hal20\imu.cpp(198): warning:  #177-D: variable "Anki::Cozmo::HAL::SOURCE_IMU_CS_ACC" was declared but never referenced
        GPIO_PIN_SOURCE(IMU_CS_ACC, GPIOG, 7);
arm_hal\hal20\imu.cpp(199): warning:  #177-D: variable "Anki::Cozmo::HAL::SOURCE_IMU_CS_GYRO" was declared but never referenced
        GPIO_PIN_SOURCE(IMU_CS_GYRO, GPIOG, 2);
arm_hal\hal20\imu.cpp(200): warning:  #177-D: variable "Anki::Cozmo::HAL::SOURCE_IMU_INT" was declared but never referenced
        GPIO_PIN_SOURCE(IMU_INT, GPIOG, 3);
arm_hal\hal20\imu.cpp: 3 warnings, 0 errors
compiling lights.cpp...
compiling main.cpp...
compiling spi.cpp...
compiling startup.cpp...
compiling timer.cpp...
compiling uart.cpp...
compiling wifi.cpp...
arm_hal\hal20\wifi.cpp(280): warning:  #177-D: variable "Anki::Cozmo::HAL::SOURCE_SPI_CS" was declared but never referenced
        GPIO_PIN_SOURCE(SPI_CS, GPIOA, 13);  // Multiplexed with SWDIO
arm_hal\hal20\wifi.cpp(286): warning:  #177-D: variable "Anki::Cozmo::HAL::SOURCE_RESET_N" was declared but never referenced
        GPIO_PIN_SOURCE(RESET_N, GPIOA, 14);  // Multiplexed with SWCLK
arm_hal\hal20\wifi.cpp(308): warning:  #177-D: variable "Anki::Cozmo::HAL::MAX_PAYLOAD_LENGTH" was declared but never referenced
        const s32 MAX_PAYLOAD_LENGTH = 1398;
arm_hal\hal20\wifi.cpp: 3 warnings, 0 errors
compiling system_stm32f4xx.c...
compiling misc.c...
compiling stm32f4xx_adc.c...
compiling stm32f4xx_can.c...
compiling stm32f4xx_crc.c...
compiling stm32f4xx_cryp.c...
compiling stm32f4xx_cryp_aes.c...
compiling stm32f4xx_cryp_des.c...
compiling stm32f4xx_cryp_tdes.c...
compiling stm32f4xx_dac.c...
compiling stm32f4xx_dbgmcu.c...
compiling stm32f4xx_dcmi.c...
compiling stm32f4xx_dma.c...
compiling stm32f4xx_dma2d.c...
compiling stm32f4xx_exti.c...
compiling stm32f4xx_flash.c...
compiling stm32f4xx_fmc.c...
compiling stm32f4xx_gpio.c...
compiling stm32f4xx_hash.c...
compiling stm32f4xx_hash_md5.c...
compiling stm32f4xx_hash_sha1.c...
compiling stm32f4xx_i2c.c...
compiling stm32f4xx_iwdg.c...
compiling stm32f4xx_ltdc.c...
compiling stm32f4xx_pwr.c...
compiling stm32f4xx_rcc.c...
compiling stm32f4xx_rng.c...
compiling stm32f4xx_rtc.c...
compiling stm32f4xx_sai.c...
compiling stm32f4xx_sdio.c...
compiling stm32f4xx_spi.c...
compiling stm32f4xx_syscfg.c...
compiling stm32f4xx_tim.c...
compiling stm32f4xx_usart.c...
compiling stm32f4xx_wwdg.c...
compiling visionSystem.cpp...
supervisor\src\visionSystem.cpp(180): warning:  #550-D: variable "Anki::Cozmo::VisionSystem::<unnamed>::havePreviousRobotState_" was set but never used
          static bool wasCalledOnce_, havePreviousRobotState_;
supervisor\src\visionSystem.cpp(187): warning:  #550-D: variable "Anki::Cozmo::VisionSystem::<unnamed>::faceDetectionResolution_" was set but never used
          static Vision::CameraResolution        faceDetectionResolution_;
supervisor\src\visionSystem.cpp: 2 warnings, 0 errors
compiling opencvLight.cpp...
compiling binaryTracker.cpp...
compiling cameraImagingPipeline.cpp...
compiling cascadeClassifier.cpp...
compiling colorConversion.cpp...
compiling computeCharacteristicScale.cpp...
compiling filtering.cpp...
compiling laplacianPeaks.cpp...
compiling lucasKanade_Affine.cpp...
compiling lucasKanade_Fast.cpp...
compiling lucasKanade_General.cpp...
compiling lucasKanade_Projective.cpp...
compiling lucasKanade_SampledPlanar6dof.cpp...
..\coretech\vision\robot\src\lucasKanade_SampledPlanar6dof.cpp(414): warning: C4017W: templateDarkValue may be used before being set
          u8 templateBrightValue, templateDarkValue;
..\coretech\vision\robot\src\lucasKanade_SampledPlanar6dof.cpp(414): warning: C4017W: templateBrightValue may be used before being set
          u8 templateBrightValue, templateDarkValue;
..\coretech\vision\robot\src\lucasKanade_SampledPlanar6dof.cpp: 2 warnings, 0 errors
compiling lucasKanade_SampledProjective.cpp...
compiling lucasKanade_Slow.cpp...
compiling opencvLight_vision.cpp...
compiling quadRefinement.cpp...
linking...
Program Size: Code=176990 RO-data=93602 RW-data=6764908 ZI-data=8004  
".\build\20\robot20.axf" - 0 Error(s), 16 Warning(s).
Load "C:\\Users\\BHood\\Documents\\GitHub\\products-cozmo\\robot\\build\\20\\robot20.axf" 
Error: Flash Download failed  -  Target DLL has been cancelled
Load "C:\\Users\\BHood\\Documents\\GitHub\\products-cozmo\\robot\\build\\20\\robot20.axf" 
Erase Done.
Programming Done.
Cannot Write to RAM for Flash Algorithms !
Verify Failed!
Error: Flash Download failed  -  "Cortex-M4"
