/home/anki/Anki/movidius-tools/mdk_13.08.0_general/tools/00.50.35.1/linux32/sparc-elf-4.4.2/bin/sparc-elf-ld: mode sparcleon
./output/obj/DrvCif.o
./output/obj/DrvCpr.o
./output/obj/DrvDdr.o
./output/obj/DrvGpio.o
./output/obj/DrvHsdio.o
./output/obj/DrvI2c.o
./output/obj/DrvI2cMaster.o
./output/obj/DrvI2s.o
./output/obj/DrvIcb.o
./output/obj/DrvL2Cache.o
./output/obj/DrvLcd.o
./output/obj/DrvPwm.o
./output/obj/DrvRegUtils.o
./output/obj/DrvSpi.o
./output/obj/DrvSvu.o
./output/obj/DrvSvuDebug.o
./output/obj/DrvTimer.o
./output/obj/DrvUart.o
./output/obj/DrvVcs.o
./output/obj/brdMv0153.o
./output/obj/brdMv0155.o
./output/obj/brdMv0155DCard.o
./output/obj/brdMv0160DCard.o
./output/obj/brdMv0161DCard.o
./output/obj/brdMv0162.o
./output/obj/brdMv0163.o
./output/obj/brdMv0163DCard.o
./output/obj/brdMv0167DCard.o
./output/obj/brdMv0171.o
./output/obj/brdMv0171DCard.o
./output/obj/brdMv0172DCard.o
./output/obj/brdMv0174DCard.o
./output/obj/brdMv0177DCard.o
./output/obj/icEeprom.o
./output/obj/icMipiTC358746.o
./output/obj/icPllCDCE913.o
./output/obj/icRegulatorLT3906.o
./output/obj/math_consts.o
./output/obj/memcpy_fast.o
./output/obj/memset_fast.o
./output/obj/puts.o
./output/obj/strtol.o
./output/obj/swcCrc.o
./output/obj/swcL2Cache.o
./output/obj/swcLedControl.o
./output/obj/swcLeonMath.o
./output/obj/swcLeonUtils.o
./output/obj/swcMemoryTransfer.o
./output/obj/swcRandom.o
./output/obj/swcShaveLoader.o
./output/obj/swcSliceUtils.o
./output/obj/swcTestUtils.o
./output/obj/asinf_acosf.o
./output/obj/crt0.o
./output/obj/expf_exp2f_exp10f.o
./output/obj/frexpf.o
./output/obj/ldexpf.o
./output/obj/logf_log2f_log10f.o
./output/obj/memmap.o
./output/obj/misc.o
./output/obj/modff_ceilf_floorf.o
./output/obj/mp_rom.o
./output/obj/sinf_cosf.o
./output/obj/stdio.xprintf.o
./output/obj/string.memchr_strchr.o
./output/obj/string.memcmp_strncmp_strcmp.o
./output/obj/string.memmove_memcpy.o
./output/obj/string.memset.o
./output/obj/string.strcat_strncat.o
./output/obj/string.strcpy_strncpy.o
./output/obj/string.strcspn_strlen.o
./output/obj/string.strrchr.o
./output/obj/string.strspn.o
./output/obj/string.strstr.o
./output/obj/sysbss.o
./output/obj/tanf.o
./output/obj/traps.o
./output/obj/app_config.o
./output/obj/main.o
./output/obj/array2d.o
./output/obj/array2d_vision.o
./output/obj/binomialFilter.o
./output/obj/computeCharacteristicScale.o
./output/obj/connectedComponents.o
./output/obj/cppInterface.o
./output/obj/dataStructures_vision.o
./output/obj/detectFiducialMarkers.o
./output/obj/downsampleByFactor.o
./output/obj/errorHandling.o
./output/obj/fixedLengthList.o
./output/obj/fixedLengthList_vision.o
./output/obj/matlabInterface.o
./output/obj/memory.o
./output/obj/opencvLight.o
./output/obj/point.o
./output/obj/thresholdScaleImage.o
./output/obj/traceBoundary.o
./output/obj/utilities.o
./output/obj/visionTests.o
./output/obj/shave_common.sym.o

Discarded input sections

 .text          0x00000000        0x0 ./output/obj/DrvCif.o
 .data          0x00000000        0x0 ./output/obj/DrvCif.o
 .bss           0x00000000        0x0 ./output/obj/DrvCif.o
 .text.GreatestCommonDivisor
                0x00000000        0x0 ./output/obj/DrvCif.o
 .text.DrvCifSetCsc
                0x00000000        0x0 ./output/obj/DrvCif.o
 .text.DrvCifGetCsc
                0x00000000        0x0 ./output/obj/DrvCif.o
 .text.DrvCifSetCrc
                0x00000000        0x0 ./output/obj/DrvCif.o
 .text.DrvCifGetCrc
                0x00000000        0x0 ./output/obj/DrvCif.o
 .text.DrvCifDma3Cfg
                0x00000000        0x0 ./output/obj/DrvCif.o
 .text.DrvCifDma3CfgPP
                0x00000000        0x0 ./output/obj/DrvCif.o
 .text.DrvCifDma2Cfg
                0x00000000        0x0 ./output/obj/DrvCif.o
 .text.DrvCifDma2CfgPP
                0x00000000        0x0 ./output/obj/DrvCif.o
 .text.DrvCifDma1Cfg
                0x00000000        0x0 ./output/obj/DrvCif.o
 .text.DrvCifDma1CfgPP
                0x00000000        0x0 ./output/obj/DrvCif.o
 .text.DrvCifDma0Cfg
                0x00000000        0x0 ./output/obj/DrvCif.o
 .text.DrvCifDma0CfgPP
                0x00000000        0x0 ./output/obj/DrvCif.o
 .text.DrvCifTimingCfg
                0x00000000        0x0 ./output/obj/DrvCif.o
 .text.DrvCifInOutCfg
                0x00000000        0x0 ./output/obj/DrvCif.o
 .text.DrvCifCtrlCfg
                0x00000000        0x0 ./output/obj/DrvCif.o
 .text.DrvCifPwm0Ctrl
                0x00000000        0x0 ./output/obj/DrvCif.o
 .text.DrvCifPwm1Ctrl
                0x00000000        0x0 ./output/obj/DrvCif.o
 .text.DrvCIFPwm2Ctrl
                0x00000000        0x0 ./output/obj/DrvCif.o
 .text.drvCifDummyInit
                0x00000000        0x0 ./output/obj/DrvCif.o
 .text.DrvCifWindowing
                0x00000000        0x0 ./output/obj/DrvCif.o
 .text.DrvCifScale
                0x00000000        0x0 ./output/obj/DrvCif.o
 .text.drvCifPrevScale
                0x00000000        0x0 ./output/obj/DrvCif.o
 .rodata.str1.8
[...]
Memory Configuration

Name             Origin             Length             Attributes
*default*        0x00000000         0xffffffff

Linker script and memory map

                0x1c010000                . = 0x1c010000

.sve.s0.__STACK__sect
 *(.sve.s0.__STACK__sect)
                0x1d000000                . = 0x1d000000

.sve.s0.__MAIN__sect
 *(.sve.s0.__MAIN__sect)
                0x1c000000                . = 0x1c000000

.sve.s0.__static_data__Peaffbb69_b7603ac6T_
 *(.sve.s0.__static_data__Peaffbb69_b7603ac6T_)
                0x1d000030                . = 0x1d000030

.sve.s0.puts
 *(.sve.s0.puts)
                0x1d000090                . = 0x1d000090

.sve.s0.printf
 *(.sve.s0.printf)
                0x1d0000e0                . = 0x1d0000e0

.sve.s0.print
 *(.sve.s0.print)
                0x1c000030                . = 0x1c000030

.sve.s0.__static_data__Pa8bf0496_86ddc185T_
 *(.sve.s0.__static_data__Pa8bf0496_86ddc185T_)
                0x1d000920                . = 0x1d000920

.sve.s0.printi
 *(.sve.s0.printi)
                0x1d000ba0                . = 0x1d000ba0

.sve.s0.printchar
 *(.sve.s0.printchar)
                0x1d000c30                . = 0x1d000c30

.sve.s0.prints
 *(.sve.s0.prints)
                0x1d000ef0                . = 0x1d000ef0

.sve.s0.isValid
 *(.sve.s0.isValid)
                0x1c0000e0                . = 0x1c0000e0

.sve.s0.print_data
 *(.sve.s0.print_data)
                0x1d000f40                . = 0x1d000f40

.sve.s0.dbl2stri
 *(.sve.s0.dbl2stri)
                0x1d001390                . = 0x1d001390

.sve.s0.memset
 *(.sve.s0.memset)
                0x1d001420                . = 0x1d001420

.sve.s0.strlen
 *(.sve.s0.strlen)
                0xa0020000                __NEXT_FREE_CMX_SLICE = 0xa0020000
                0xa0020000                . = __NEXT_FREE_CMX_SLICE
                0x90100000                . = __LRAM

.sys.traps      0x90100000      0x1d4
 *(.sys.text.traps)
 .sys.text.traps
                0x90100000      0x1d4 ./output/obj/traps.o
                0x90100000                traphandler

.sys.text       0x901001d4       0xe4
 *(.sys.text.start)
 .sys.text.start
                0x901001d4       0xe4 ./output/obj/crt0.o
                0x9010027c                exit
                0x901001d4                start

.text           0x901002b8     0x202c
 *(.text*)
 .text.DrvCprAuxClocksEnable
                0x901002b8       0x88 ./output/obj/DrvCpr.o
                0x901002b8                DrvCprAuxClocksEnable
 .text.DrvCprAuxClockArrayConfig
                0x90100340       0x3c ./output/obj/DrvCpr.o
                0x90100340                DrvCprAuxClockArrayConfig
 .text.calculateSystemClockKhz
                0x9010037c       0xa4 ./output/obj/DrvCpr.o
 .text.DrvCprGetClockFreqKhz
                0x90100420       0xfc ./output/obj/DrvCpr.o
                0x90100420                DrvCprGetClockFreqKhz
 .text.notifySystemClockChange
                0x9010051c       0x64 ./output/obj/DrvCpr.o
 .text.DrvCprPllBypass
                0x90100580       0x48 ./output/obj/DrvCpr.o
                0x90100580                DrvCprPllBypass
 .text.DrvCprSysDeviceAction
                0x901005c8       0x90 ./output/obj/DrvCpr.o
                0x901005c8                DrvCprSysDeviceAction
 .text.DrvCprInit
                0x90100658       0x64 ./output/obj/DrvCpr.o
                0x90100658                DrvCprInit
 .text.T.21     0x901006bc      0x23c ./output/obj/DrvCpr.o
 .text.setupSystemClk
                0x901008f8      0x18c ./output/obj/DrvCpr.o
 .text.DrvCprSetupClocks
                0x90100a84      0x11c ./output/obj/DrvCpr.o
                0x90100a84                DrvCprSetupClocks
 .text.DrvDdrNotifyClockChange
                0x90100ba0      0x24c ./output/obj/DrvDdr.o
                0x90100ba0                DrvDdrNotifyClockChange
 .text.basicDdrInit
                0x90100dec      0x124 ./output/obj/DrvDdr.o
 .text.DrvDdrInitialise
                0x90100f10      0x14c ./output/obj/DrvDdr.o
                0x90100f10                DrvDdrInitialise
 .text.DrvIcbEnableIrq
                0x9010105c       0x34 ./output/obj/DrvIcb.o
                0x9010105c                DrvIcbEnableIrq
 .text.DrvIcbDisableIrq
                0x90101090       0x34 ./output/obj/DrvIcb.o
                0x90101090                DrvIcbDisableIrq
 .text.DrvIcbSetIrqHandler
                0x901010c4       0x20 ./output/obj/DrvIcb.o
                0x901010c4                DrvIcbSetIrqHandler
 .text.DrvIcbIrqClear
                0x901010e4       0x2c ./output/obj/DrvIcb.o
                0x901010e4                DrvIcbIrqClear
 .text.DrvIcbConfigureIrq
                0x90101110       0xa8 ./output/obj/DrvIcb.o
                0x90101110                DrvIcbConfigureIrq
 .text.DrvIcbSetupIrq
                0x901011b8       0x44 ./output/obj/DrvIcb.o
                0x901011b8                DrvIcbSetupIrq
 .text.PartitionUtil
                0x901011fc       0x68 ./output/obj/DrvL2Cache.o
                0x901011fc                PartitionUtil
 .text.DrvL2CachePartitionInvalidate
                0x90101264       0x14 ./output/obj/DrvL2Cache.o
                0x90101264                DrvL2CachePartitionInvalidate
 .text.DrvL2CacheSetupPartition
                0x90101278       0x24 ./output/obj/DrvL2Cache.o
                0x90101278                DrvL2CacheSetupPartition
 .text.DrvL2CacheAllocateSetPartitions
                0x9010129c       0xa4 ./output/obj/DrvL2Cache.o
                0x9010129c                DrvL2CacheAllocateSetPartitions
 .text.DrvRegWaitForBitsSetAll
                0x90101340       0x50 ./output/obj/DrvRegUtils.o
                0x90101340                DrvRegWaitForBitsSetAll
 .text.DrvRegWaitForBitsSetAny
                0x90101390       0x4c ./output/obj/DrvRegUtils.o
                0x90101390                DrvRegWaitForBitsSetAny
 .text.DrvSvuEnablePerformanceCounter
                0x901013dc      0x104 ./output/obj/DrvSvu.o
                0x901013dc                DrvSvuEnablePerformanceCounter
 .text.DrvSvuGetPerformanceCounter0
                0x901014e0       0x24 ./output/obj/DrvSvu.o
                0x901014e0                DrvSvuGetPerformanceCounter0
 .text.DrvSvuGetPerformanceCounter1
                0x90101504       0x24 ./output/obj/DrvSvu.o
                0x90101504                DrvSvuGetPerformanceCounter1
 .text.setupTickCounterIrq
                0x90101528       0x4c ./output/obj/DrvTimer.o
 .text.update64BitTicksCounter
                0x90101574       0x5c ./output/obj/DrvTimer.o
 .text.DrvTimerGetSysTicks64
                0x901015d0       0x6c ./output/obj/DrvTimer.o
                0x901015d0                DrvTimerGetSysTicks64
 .text.SleepMicro
                0x9010163c       0x68 ./output/obj/DrvTimer.o
                0x9010163c                SleepMicro
 .text.DrvTimerElapsedTicks
                0x901016a4       0x24 ./output/obj/DrvTimer.o
                0x901016a4                DrvTimerElapsedTicks
 .text.DrvTimerStart
                0x901016c8       0x18 ./output/obj/DrvTimer.o
                0x901016c8                DrvTimerStart
 .text.DrvTimerTimeout
                0x901016e0       0x44 ./output/obj/DrvTimer.o
                0x901016e0                DrvTimerTimeout
 .text.DrvTimerTimeoutInitUs
                0x90101724       0x48 ./output/obj/DrvTimer.o
                0x90101724                DrvTimerTimeoutInitUs
 .text.DrvTimerInit
                0x9010176c       0x84 ./output/obj/DrvTimer.o
                0x9010176c                DrvTimerInit
 .text.DrvApbUartVcsPutChar
                0x901017f0       0x1c ./output/obj/DrvUart.o
                0x901017f0                DrvApbUartVcsPutChar
 .text.DrvApbUartPutChar
                0x9010180c       0x64 ./output/obj/DrvUart.o
                0x9010180c                DrvApbUartPutChar
 .text.swcLongLongToDouble
                0x90101870       0x54 ./output/obj/swcLeonMath.o
                0x90101870                swcLongLongToDouble
 .text.swcShaveProfInit
                0x901018c4       0x24 ./output/obj/swcTestUtils.o
                0x901018c4                swcShaveProfInit
 .text.swcShaveProfStopGathering
                0x901018e8       0x8c ./output/obj/swcTestUtils.o
                0x901018e8                swcShaveProfStopGathering
 .text.swcShaveProfStartGathering
                0x90101974       0xb0 ./output/obj/swcTestUtils.o
                0x90101974                swcShaveProfStartGathering
 .text.swcLeonSetPIL
                0x90101a24       0x24 ./output/obj/traps.o
                0x90101a24                swcLeonSetPIL
 .text.swcLeonDisableTraps
                0x90101a48       0x18 ./output/obj/traps.o
                0x90101a48                swcLeonDisableTraps
 .text.swcLeonEnableTraps
                0x90101a60       0x18 ./output/obj/traps.o
                0x90101a60                swcLeonEnableTraps
 .text.initClocksAndMemory
                0x90101a78       0x7c ./output/obj/app_config.o
                0x90101a78                initClocksAndMemory
 .text.DrvTimerTicksToMs
                0x90101af4       0x68 ./output/obj/main.o
 .text.main     0x90101b5c      0x208 ./output/obj/main.o
                0x90101b5c                main
 .text._ZN4Anki8Embedded5ArrayIhE10InitializeEiiPvib
                0x90101d64      0x1ac ./output/obj/computeCharacteristicScale.o
                0x90101d64                Anki::Embedded::Array<unsigned char>::Initialize(int, int, void*, int, bool)
 .text.T.76     0x90101f10      0x1ac ./output/obj/connectedComponents.o
 .text.runTests
                0x901020bc       0x10 ./output/obj/cppInterface.o
                0x901020bc                runTests
 .text._ZN4Anki8Embedded25ConnectedComponentSegmentC1Essst
                0x901020cc       0x14 ./output/obj/dataStructures_vision.o
                0x901020cc                Anki::Embedded::ConnectedComponentSegment::ConnectedComponentSegment(short, short, short, unsigned short)
 .text._ZNK4Anki8Embedded25ConnectedComponentSegmenteqERKS1_
                0x901020e0       0x58 ./output/obj/dataStructures_vision.o
                0x901020e0                Anki::Embedded::ConnectedComponentSegment::operator==(Anki::Embedded::ConnectedComponentSegment const&) const
 .text.T.242    0x90102138      0x1ac ./output/obj/visionTests.o

.sys.rodata     0x901022e4        0x4
 *(.sys.rodata*)
 .sys.rodata.4  0x901022e4        0x4 ./output/obj/sysbss.o
                0x901022e4                __fsr_default

.rodata         0x901022e8     0x43e0
 *(.rodata*)
 .rodata.str1.8
                0x901022e8       0xd6 ./output/obj/DrvCpr.o
                                 0xd8 (size before relaxing)
 *fill*         0x901023be        0x2 00
 .rodata.auxClkDividerLookupWOffset
                0x901023c0       0x18 ./output/obj/DrvCpr.o
 .rodata.str1.8
                0x901023d8       0x5e ./output/obj/DrvDdr.o
                                 0xa0 (size before relaxing)
 *fill*         0x90102436        0x2 00
 .rodata.str1.8
                0x90102438       0xa6 ./output/obj/DrvIcb.o
                                 0xe0 (size before relaxing)
 *fill*         0x901024de        0x2 00
 .rodata.cst8   0x901024e0        0x8 ./output/obj/swcLeonMath.o
 .rodata.cst8   0x901024e8       0x10 ./output/obj/main.o
                                 0x20 (size before relaxing)
 .rodata.str1.8
                0x901024f8       0x6d ./output/obj/main.o
                                 0x70 (size before relaxing)
 *fill*         0x90102565        0x3 00
 .rodata.str1.8
                0x90102568        0xc ./output/obj/errorHandling.o
                                 0x18 (size before relaxing)
 *fill*         0x90102574        0x4 00
 .rodata.str1.8
                0x90102578     0x3900 ./output/obj/visionTests.o
                               0x3910 (size before relaxing)
 .rodata.cst8   0x90105e78       0x20 ./output/obj/visionTests.o
 .rodata._ZZ28CoreTech_VisionTraceBoundaryvE19__PRETTY_FUNCTION__
                0x90105e98       0x28 ./output/obj/visionTests.o
 .rodata._ZZ28CoreTech_VisionTraceBoundaryvE4C.87
                0x90105ec0      0x100 ./output/obj/visionTests.o
 .rodata._ZZ41CoreTech_VisionComputeCharacteristicScalevE19__PRETTY_FUNCTION__
                0x90105fc0       0x30 ./output/obj/visionTests.o
 .rodata._ZZ41CoreTech_VisionComputeCharacteristicScalevE4C.77
                0x90105ff0      0x400 ./output/obj/visionTests.o
 .rodata._ZZ41CoreTech_VisionComputeCharacteristicScalevE4C.76
                0x901063f0      0x100 ./output/obj/visionTests.o
 .rodata._ZZ33CoreTech_VisionDownsampleByFactorvE19__PRETTY_FUNCTION__
                0x901064f0       0x28 ./output/obj/visionTests.o
 .rodata._ZZ29CoreTech_VisionBinomialFiltervE19__PRETTY_FUNCTION__
                0x90106518       0x28 ./output/obj/visionTests.o
 .rodata._ZZ29CoreTech_VisionBinomialFiltervE4C.61
                0x90106540       0x32 ./output/obj/visionTests.o
 *fill*         0x90106572        0x6 00
 .rodata._ZZ47CoreTech_VisionApproximateConnectedComponents1dvE19__PRETTY_FUNCTION__
                0x90106578       0x38 ./output/obj/visionTests.o
 .rodata._ZZ47CoreTech_VisionApproximateConnectedComponents2dvE19__PRETTY_FUNCTION__
                0x901065b0       0x38 ./output/obj/visionTests.o
 .rodata._ZZ47CoreTech_VisionApproximateConnectedComponents2dvE4C.31
                0x901065e8       0x60 ./output/obj/visionTests.o
 .rodata._ZZ29CoreTech_VisionSortComponentsvE19__PRETTY_FUNCTION__
                0x90106648       0x28 ./output/obj/visionTests.o
 .rodata._ZZ29CoreTech_VisionComponentsSizevE19__PRETTY_FUNCTION__
                0x90106670       0x28 ./output/obj/visionTests.o
 .rodata._ZZ35CoreTech_VisionCompressComponentIdsvE19__PRETTY_FUNCTION__
                0x90106698       0x30 ./output/obj/visionTests.o

.data           0x901066c8       0x80
 *(.data*)
 .data.partitions_configuration
                0x901066c8       0x24 ./output/obj/DrvL2Cache.o
 .data.SVU_CTRL_ADDR
                0x901066ec       0x20 ./output/obj/DrvSvu.o
                0x901066ec                SVU_CTRL_ADDR
 .data.auxClkCfg180_180
                0x9010670c       0x18 ./output/obj/app_config.o
                0x9010670c                auxClkCfg180_180
 *fill*         0x90106724        0x4 00
 .data.appClockConfig180_180
                0x90106728       0x20 ./output/obj/app_config.o
                0x90106728                appClockConfig180_180

.bss            0x90106748       0xf8
                0x90106748                . = ALIGN (0x8)
                0x90106748                __bss_start = .
 *(.bss*)
 .bss.cprState  0x90106748       0x1c ./output/obj/DrvCpr.o
 .bss.pGlobalSysclockKhz
                0x90106764        0x4 ./output/obj/DrvCpr.o
                0x90106764                pGlobalSysclockKhz
 .bss.timCfg    0x90106768       0x8c ./output/obj/DrvTimer.o
 *fill*         0x901067f4        0x4 00
 .bss.perfStr   0x901067f8       0x28 ./output/obj/main.o
                0x901067f8                perfStr
 .bss._ZN4Anki8EmbeddedL7offsetsE
                0x90106820       0x20 ./output/obj/traceBoundary.o
 *(COMMON)
                0x90106840                . = ALIGN (0x8)
                0x90106840                __bss_end = .
                0x90106840                __EMPTY_RAM = ALIGN (0x4)

.init_text      0x90106840        0x0
 *(.init_text*)
                0x90106840                __init_text_end = ALIGN (0x4)
                0x90107f40                . = ((__LRAM + 0x8000) - 0xc0)

.sys.bss        0x90107f40       0xc0
                0x90107f40                . = ALIGN (0x8)
                0x90107f40                __sys_bss_start = .
 *(.sys.bss*)
 .sys.bss.4     0x90107f40       0xbc ./output/obj/sysbss.o
                0x90107f40                __irq_table
                0x90108000                . = ALIGN (0x8)
 *fill*         0x90107ffc        0x4 00
                0x90108000                __sys_bss_end = .
                0x00000001                ASSERT ((__bss_end < __sys_bss_start), LRAM content overflows 32KB)
                0x90108000                __RAM_TOP = (__LRAM + 0x8000)
                [0x00000e00]                __MIN_STACK_SIZE = DEFINED (__MIN_STACK_SIZE)?__MIN_STACK_SIZE:0xe00
                [0x00000400]                __MIN_INIT_STACK_SIZE = DEFINED (__MIN_INIT_STACK_SIZE)?__MIN_INIT_STACK_SIZE:0x400
                0x00001700                __STACK_SIZE = ABSOLUTE ((__sys_bss_start - __bss_end))
                0x00000001                ASSERT ((__STACK_SIZE > __MIN_STACK_SIZE), Leon Code + data too big. Stack space left is smaller than the required minimum (3.5 KB)!)
                0x00001700                __INIT_STACK_SIZE = ABSOLUTE ((__sys_bss_start - __init_text_end))
                0x00000001                ASSERT ((__INIT_STACK_SIZE > __MIN_INIT_STACK_SIZE), Stack available to the init code is smaller than the specified minimum (which by default is 1 KB)!)

/DISCARD/
 *(.stab .stabstr .comment .gnu.attributes)
 *(.stab .stabstr .comment)

.l2.mode        0x800f0000        0x4
 *(.l2.mode)
 .l2.mode       0x800f0000        0x4 ./output/obj/app_config.o
                0x800f0000                __l2_config

.cmx.ctrl       0xae000020        0x4
 *(.cmx.ctrl)
 .cmx.ctrl      0xae000020        0x4 ./output/obj/app_config.o
                0xae000020                __cmx_config

.winregs.S0     0x80140010       0x10
 *(.winregs.S0)
 .winregs.S0    0x80140010       0x10 ./output/obj/swcShaveLoader.o
                0x80140010                __wins_shave0

.winregs.S1     0x80150010       0x10
 *(.winregs.S1)
 .winregs.S1    0x80150010       0x10 ./output/obj/swcShaveLoader.o
                0x80150010                __wins_shave1

.winregs.S2     0x80160010       0x10
 *(.winregs.S2)
 .winregs.S2    0x80160010       0x10 ./output/obj/swcShaveLoader.o
                0x80160010                __wins_shave2

.winregs.S3     0x80170010       0x10
 *(.winregs.S3)
 .winregs.S3    0x80170010       0x10 ./output/obj/swcShaveLoader.o
                0x80170010                __wins_shave3

.winregs.S4     0x80180010       0x10
 *(.winregs.S4)
 .winregs.S4    0x80180010       0x10 ./output/obj/swcShaveLoader.o
                0x80180010                __wins_shave4

.winregs.S5     0x80190010       0x10
 *(.winregs.S5)
 .winregs.S5    0x80190010       0x10 ./output/obj/swcShaveLoader.o
                0x80190010                __wins_shave5

.winregs.S6     0x801a0010       0x10
 *(.winregs.S6)
 .winregs.S6    0x801a0010       0x10 ./output/obj/swcShaveLoader.o
                0x801a0010                __wins_shave6

.winregs.S7     0x801b0010       0x10
 *(.winregs.S7)
 .winregs.S7    0x801b0010       0x10 ./output/obj/swcShaveLoader.o
                0x801b0010                __wins_shave7
                0xae000020                . = 0xae000020

.cfg.cmx_layout
 *(.cmx.ctrl)
                0x800f0000                . = 0x800f0000

.cfg.l2_mode
 *(.l2.mode)
                0x40000000                . = 0x40000000

.ddr.text
 *(.ddr.text*)

.ddr.rodata
 *(.ddr.rodata*)

.ddr.data
 *(.ddr.data*)

.ddr.bss        0x40000000        0x0
                0x40000000                __ddr_bss_start = ALIGN (0x8)
 *(.ddr.bss*)
                0x40000000                __ddr_bss_end = ALIGN (0x8)
                0x40000000                __END_OF_L2_ACCESS_SECTIONS = ALIGN (0x4)
                0x48000000                . = (__END_OF_L2_ACCESS_SECTIONS + 0x8000000)

.ddr_direct.text
                0x48000000     0x6bb4
 *(.ddr_direct.text*)
 .ddr_direct.text
                0x48000000      0x690 ./output/obj/binomialFilter.o
                0x48000000                Anki::Embedded::BinomialFilter(Anki::Embedded::Array<unsigned char> const&, Anki::Embedded::Array<unsigned char>&, Anki::Embedded::MemoryStack)
 .ddr_direct.text
                0x48000690      0xc04 ./output/obj/computeCharacteristicScale.o
                0x48000690                Anki::Embedded::ComputeCharacteristicScaleImage(Anki::Embedded::Array<unsigned char> const&, int, Anki::Embedded::Array<unsigned int>&, Anki::Embedded::MemoryStack)
 .ddr_direct.text
                0x48001294      0xfa4 ./output/obj/connectedComponents.o
                0x48001294                Anki::Embedded::SortConnectedComponentSegments(Anki::Embedded::FixedLengthList<Anki::Embedded::ConnectedComponentSegment>&)
                0x480018e8                Anki::Embedded::Extract2dComponents(Anki::Embedded::Array<unsigned char> const&, short, short, Anki::Embedded::FixedLengthList<Anki::Embedded::ConnectedComponentSegment>&, Anki::Embedded::MemoryStack)
                0x4800148c                Anki::Embedded::MarkSmallComponentsAsInvalid(Anki::Embedded::FixedLengthList<Anki::Embedded::ConnectedComponentSegment>&, int, Anki::Embedded::MemoryStack)
                0x48001594                Anki::Embedded::CompressConnectedComponentSegmentIds(Anki::Embedded::FixedLengthList<Anki::Embedded::ConnectedComponentSegment>&, Anki::Embedded::MemoryStack)
                0x480016ec                Anki::Embedded::Extract1dComponents(unsigned char const*, short, short, short, Anki::Embedded::FixedLengthList<Anki::Embedded::ConnectedComponentSegment>&)
 .ddr_direct.text
                0x48002238       0xbc ./output/obj/downsampleByFactor.o
                0x48002238                Anki::Embedded::DownsampleByFactor(Anki::Embedded::Array<unsigned char> const&, int, Anki::Embedded::Array<unsigned char>&)
 .ddr_direct.text
                0x480022f4      0x180 ./output/obj/errorHandling.o
                0x480022f4                _Anki_Log
                0x480023b4                _Anki_Logf
 .ddr_direct.text
                0x48002474      0x22c ./output/obj/memory.o
                0x480025e8                Anki::Embedded::MemoryStack::get_buffer() const
                0x480025d0                Anki::Embedded::MemoryStack::get_totalBytes()
                0x480025f0                Anki::Embedded::MemoryStack::Allocate(int, int*)
                0x480024b0                Anki::Embedded::MemoryStack::MemoryStack(Anki::Embedded::MemoryStack const&)
                0x48002494                Anki::Embedded::MemoryStack::MemoryStack(Anki::Embedded::MemoryStack const&)
                0x4800258c                Anki::Embedded::MemoryStack::ComputeLargestPossibleAllocation()
                0x480025d8                Anki::Embedded::MemoryStack::get_usedBytes()
                0x48002474                Anki::Embedded::MemoryStack::MemoryStack(void*, int)
                0x480024cc                Anki::Embedded::MemoryStack::IsValid()
                0x480025e0                Anki::Embedded::MemoryStack::get_buffer()
                0x48002484                Anki::Embedded::MemoryStack::MemoryStack(void*, int)
 .ddr_direct.text
                0x480026a0      0x500 ./output/obj/traceBoundary.o
                0x480026a0                Anki::Embedded::TraceBoundary(Anki::Embedded::Array<unsigned char> const&, Anki::Embedded::Point<short> const&, Anki::Embedded::BoundaryDirection, Anki::Embedded::FixedLengthList<Anki::Embedded::Point<short> >&)
 .ddr_direct.text
                0x48002ba0      0x174 ./output/obj/utilities.o
                0x48002bcc                Anki::Embedded::Log2(unsigned int)
                0x48002c44                Anki::Embedded::memset(void*, int, unsigned long)
                0x48002ba0                Anki::Embedded::IsPowerOfTwo(unsigned int)
                0x48002bf4                Anki::Embedded::Log2(unsigned long long)
 .ddr_direct.text
                0x48002d14     0x3ea0 ./output/obj/visionTests.o
                0x48002d14                CoreTech_VisionSortComponents()
                0x48003f14                CoreTech_VisionApproximateConnectedComponents2d()
                0x48005fc8                RUN_ALL_TESTS()
                0x48005984                CoreTech_VisionBinomialFilter()
                0x480052d4                CoreTech_VisionTraceBoundary()
                0x48004964                CoreTech_VisionComputeCharacteristicScale()
                0x48003b34                CoreTech_VisionApproximateConnectedComponents1d()
                0x48004fa4                CoreTech_VisionDownsampleByFactor()
                0x480033a4                CoreTech_VisionCompressComponentIds()
                0x480039b0                CoreTech_VisionComponentsSize()

.ddr_direct.rodata
 *(.ddr_direct.rodata*)

.ddr_direct.data
 *(.ddr_direct.data*)

.ddr_direct.bss
                0x48006bb4        0x0
                0x48006bb8                __ddr_direct_bss_start = ALIGN (0x8)
 *(.ddr_direct.bss*)
                0x48006bb8                __ddr_direct_bss_end = ALIGN (0x8)
                [0xa0020000]                __NEXT_FREE_CMX_SLICE = DEFINED (__NEXT_FREE_CMX_SLICE)?__NEXT_FREE_CMX_SLICE:0xa0000000
                0xa0020000                . = __NEXT_FREE_CMX_SLICE

.cmx.text
 *(.cmx.text*)

.cmx.rodata
 *(.cmx.rodata*)

.cmx.data
 *(.cmx.data*)

.cmx.bss        0xa0020000     0x2710
                0xa0020000                __cmx_bss_start = ALIGN (0x8)
 *(.cmx.bss*)
 .cmx.bss,CMX   0xa0020000     0x2710 ./output/obj/visionTests.o
                0xa0022710                __cmx_bss_end = ALIGN (0x8)
                [0x10008000]                __WinRegShave0_winC = DEFINED (__WinRegShave0_winC)?__WinRegShave0_winC:0x10008000
                [0x10000000]                __WinRegShave0_winD = DEFINED (__WinRegShave0_winD)?__WinRegShave0_winD:0x10000000
                [0x00000000]                __WinRegShave0_winE = DEFINED (__WinRegShave0_winE)?__WinRegShave0_winE:0x0
                [0x40000000]                __WinRegShave0_winF = DEFINED (__WinRegShave0_winF)?__WinRegShave0_winF:0x40000000
                [0x10028000]                __WinRegShave1_winC = DEFINED (__WinRegShave1_winC)?__WinRegShave1_winC:0x10028000
                [0x10020000]                __WinRegShave1_winD = DEFINED (__WinRegShave1_winD)?__WinRegShave1_winD:0x10020000
                [0x00000000]                __WinRegShave1_winE = DEFINED (__WinRegShave1_winE)?__WinRegShave1_winE:0x0
                [0x40000000]                __WinRegShave1_winF = DEFINED (__WinRegShave1_winF)?__WinRegShave1_winF:0x40000000
                [0x10048000]                __WinRegShave2_winC = DEFINED (__WinRegShave2_winC)?__WinRegShave2_winC:0x10048000
                [0x10040000]                __WinRegShave2_winD = DEFINED (__WinRegShave2_winD)?__WinRegShave2_winD:0x10040000
                [0x00000000]                __WinRegShave2_winE = DEFINED (__WinRegShave2_winE)?__WinRegShave2_winE:0x0
                [0x40000000]                __WinRegShave2_winF = DEFINED (__WinRegShave2_winF)?__WinRegShave2_winF:0x40000000
                [0x10068000]                __WinRegShave3_winC = DEFINED (__WinRegShave3_winC)?__WinRegShave3_winC:0x10068000
                [0x10060000]                __WinRegShave3_winD = DEFINED (__WinRegShave3_winD)?__WinRegShave3_winD:0x10060000
                [0x00000000]                __WinRegShave3_winE = DEFINED (__WinRegShave3_winE)?__WinRegShave3_winE:0x0
                [0x40000000]                __WinRegShave3_winF = DEFINED (__WinRegShave3_winF)?__WinRegShave3_winF:0x40000000
                [0x10088000]                __WinRegShave4_winC = DEFINED (__WinRegShave4_winC)?__WinRegShave4_winC:0x10088000
                [0x10080000]                __WinRegShave4_winD = DEFINED (__WinRegShave4_winD)?__WinRegShave4_winD:0x10080000
                [0x00000000]                __WinRegShave4_winE = DEFINED (__WinRegShave4_winE)?__WinRegShave4_winE:0x0
                [0x40000000]                __WinRegShave4_winF = DEFINED (__WinRegShave4_winF)?__WinRegShave4_winF:0x40000000
                [0x100a8000]                __WinRegShave5_winC = DEFINED (__WinRegShave5_winC)?__WinRegShave5_winC:0x100a8000
                [0x100a0000]                __WinRegShave5_winD = DEFINED (__WinRegShave5_winD)?__WinRegShave5_winD:0x100a0000
                [0x00000000]                __WinRegShave5_winE = DEFINED (__WinRegShave5_winE)?__WinRegShave5_winE:0x0
                [0x40000000]                __WinRegShave5_winF = DEFINED (__WinRegShave5_winF)?__WinRegShave5_winF:0x40000000
                [0x100c8000]                __WinRegShave6_winC = DEFINED (__WinRegShave6_winC)?__WinRegShave6_winC:0x100c8000
                [0x100c0000]                __WinRegShave6_winD = DEFINED (__WinRegShave6_winD)?__WinRegShave6_winD:0x100c0000
                [0x00000000]                __WinRegShave6_winE = DEFINED (__WinRegShave6_winE)?__WinRegShave6_winE:0x0
                [0x40000000]                __WinRegShave6_winF = DEFINED (__WinRegShave6_winF)?__WinRegShave6_winF:0x40000000
                [0x100e8000]                __WinRegShave7_winC = DEFINED (__WinRegShave7_winC)?__WinRegShave7_winC:0x100e8000
                [0x100e0000]                __WinRegShave7_winD = DEFINED (__WinRegShave7_winD)?__WinRegShave7_winD:0x100e0000
                [0x00000000]                __WinRegShave7_winE = DEFINED (__WinRegShave7_winE)?__WinRegShave7_winE:0x0
                [0x40000000]                __WinRegShave7_winF = DEFINED (__WinRegShave7_winF)?__WinRegShave7_winF:0x40000000

.debug
 *(.debug)

.line
 *(.line)

.debug_srcinfo
 *(.debug_srcinfo)

.debug_sfnames
 *(.debug_sfnames)

.debug_aranges  0x00000000     0x1c00
 *(.debug_aranges)
 .debug_aranges
                0x00000000       0xe8 ./output/obj/DrvCif.o
 .debug_aranges
                0x000000e8       0x78 ./output/obj/DrvCpr.o
 .debug_aranges
                0x00000160       0x30 ./output/obj/DrvDdr.o
 .debug_aranges
                0x00000190      0x138 ./output/obj/DrvGpio.o
 .debug_aranges
                0x000002c8       0xf8 ./output/obj/DrvHsdio.o
 .debug_aranges
                0x000003c0      0x1e8 ./output/obj/DrvI2c.o
 .debug_aranges
                0x000005a8       0xa8 ./output/obj/DrvI2cMaster.o
 .debug_aranges
                0x00000650       0x70 ./output/obj/DrvI2s.o
 .debug_aranges
                0x000006c0       0x60 ./output/obj/DrvIcb.o
 .debug_aranges
                0x00000720       0x70 ./output/obj/DrvL2Cache.o
 .debug_aranges
                0x00000790       0xf8 ./output/obj/DrvLcd.o
 .debug_aranges
                0x00000888       0x38 ./output/obj/DrvPwm.o
 .debug_aranges
                0x000008c0       0x40 ./output/obj/DrvRegUtils.o
 .debug_aranges
                0x00000900      0x138 ./output/obj/DrvSpi.o
 .debug_aranges
                0x00000a38       0xc8 ./output/obj/DrvSvu.o
 .debug_aranges
                0x00000b00      0x128 ./output/obj/DrvSvuDebug.o
 .debug_aranges
                0x00000c28       0xb0 ./output/obj/DrvTimer.o
 .debug_aranges
                0x00000cd8       0x70 ./output/obj/DrvUart.o
 .debug_aranges
                0x00000d48       0x70 ./output/obj/brdMv0153.o
 .debug_aranges
                0x00000db8       0x68 ./output/obj/brdMv0155.o
 .debug_aranges
                0x00000e20       0x20 ./output/obj/brdMv0155DCard.o
 .debug_aranges
                0x00000e40       0x20 ./output/obj/brdMv0160DCard.o
 .debug_aranges
                0x00000e60       0x20 ./output/obj/brdMv0161DCard.o
 .debug_aranges
                0x00000e80       0x30 ./output/obj/brdMv0162.o
 .debug_aranges
                0x00000eb0       0x50 ./output/obj/brdMv0163.o
 .debug_aranges
                0x00000f00       0x20 ./output/obj/brdMv0163DCard.o
 .debug_aranges
                0x00000f20       0x20 ./output/obj/brdMv0167DCard.o
 .debug_aranges
                0x00000f40       0x50 ./output/obj/brdMv0171.o
 .debug_aranges
                0x00000f90       0x20 ./output/obj/brdMv0171DCard.o
 .debug_aranges
                0x00000fb0       0x28 ./output/obj/brdMv0172DCard.o
 .debug_aranges
                0x00000fd8       0x20 ./output/obj/brdMv0174DCard.o
 .debug_aranges
                0x00000ff8       0x28 ./output/obj/brdMv0177DCard.o
 .debug_aranges
                0x00001020       0x28 ./output/obj/icEeprom.o
 .debug_aranges
                0x00001048       0x80 ./output/obj/icMipiTC358746.o
 .debug_aranges
                0x000010c8       0x20 ./output/obj/icPllCDCE913.o
 .debug_aranges
                0x000010e8       0x38 ./output/obj/icRegulatorLT3906.o
 .debug_aranges
                0x00001120       0x20 ./output/obj/memcpy_fast.o
 .debug_aranges
                0x00001140       0x20 ./output/obj/memset_fast.o
 .debug_aranges
                0x00001160       0x20 ./output/obj/puts.o
 .debug_aranges
                0x00001180       0x28 ./output/obj/strtol.o
 .debug_aranges
                0x000011a8       0x20 ./output/obj/swcCrc.o
 .debug_aranges
                0x000011c8       0x28 ./output/obj/swcL2Cache.o
 .debug_aranges
                0x000011f0       0x50 ./output/obj/swcLedControl.o
 .debug_aranges
                0x00001240       0x38 ./output/obj/swcLeonMath.o
 .debug_aranges
                0x00001278       0x60 ./output/obj/swcLeonUtils.o
 .debug_aranges
                0x000012d8       0x28 ./output/obj/swcMemoryTransfer.o
 .debug_aranges
                0x00001300       0x38 ./output/obj/swcRandom.o
 .debug_aranges
                0x00001338       0xd0 ./output/obj/swcShaveLoader.o
 .debug_aranges
                0x00001408       0x88 ./output/obj/swcSliceUtils.o
 .debug_aranges
                0x00001490       0x50 ./output/obj/swcTestUtils.o
 .debug_aranges
                0x000014e0       0x20 ./output/obj/asinf_acosf.o
 .debug_aranges
                0x00001500       0x20 ./output/obj/crt0.o
 .debug_aranges
                0x00001520       0x20 ./output/obj/expf_exp2f_exp10f.o
 .debug_aranges
                0x00001540       0x20 ./output/obj/frexpf.o
 .debug_aranges
                0x00001560       0x20 ./output/obj/ldexpf.o
 .debug_aranges
                0x00001580       0x20 ./output/obj/logf_log2f_log10f.o
 .debug_aranges
                0x000015a0       0x20 ./output/obj/misc.o
 .debug_aranges
                0x000015c0       0x20 ./output/obj/modff_ceilf_floorf.o
 .debug_aranges
                0x000015e0       0x20 ./output/obj/sinf_cosf.o
 .debug_aranges
                0x00001600       0x20 ./output/obj/stdio.xprintf.o
 .debug_aranges
                0x00001620       0x20 ./output/obj/string.memchr_strchr.o
 .debug_aranges
                0x00001640       0x20 ./output/obj/string.memcmp_strncmp_strcmp.o
 .debug_aranges
                0x00001660       0x20 ./output/obj/string.memmove_memcpy.o
 .debug_aranges
                0x00001680       0x20 ./output/obj/string.memset.o
 .debug_aranges
                0x000016a0       0x20 ./output/obj/string.strcat_strncat.o
 .debug_aranges
                0x000016c0       0x20 ./output/obj/string.strcpy_strncpy.o
 .debug_aranges
                0x000016e0       0x20 ./output/obj/string.strcspn_strlen.o
 .debug_aranges
                0x00001700       0x20 ./output/obj/string.strrchr.o
 .debug_aranges
                0x00001720       0x20 ./output/obj/string.strspn.o
 .debug_aranges
                0x00001740       0x20 ./output/obj/string.strstr.o
 .debug_aranges
                0x00001760       0x20 ./output/obj/tanf.o
 .debug_aranges
                0x00001780       0x40 ./output/obj/traps.o
 .debug_aranges
                0x000017c0       0x20 ./output/obj/app_config.o
 .debug_aranges
                0x000017e0       0x30 ./output/obj/main.o
 .debug_aranges
                0x00001810       0x38 ./output/obj/array2d.o
 .debug_aranges
                0x00001848       0x28 ./output/obj/array2d_vision.o
 .debug_aranges
                0x00001870       0x20 ./output/obj/binomialFilter.o
 .debug_aranges
                0x00001890       0x28 ./output/obj/computeCharacteristicScale.o
 .debug_aranges
                0x000018b8       0x50 ./output/obj/connectedComponents.o
 .debug_aranges
                0x00001908       0x20 ./output/obj/cppInterface.o
 .debug_aranges
                0x00001928       0x70 ./output/obj/dataStructures_vision.o
 .debug_aranges
                0x00001998       0x20 ./output/obj/detectFiducialMarkers.o
 .debug_aranges
                0x000019b8       0x20 ./output/obj/downsampleByFactor.o
 .debug_aranges
                0x000019d8       0x28 ./output/obj/errorHandling.o
 .debug_aranges
                0x00001a00       0x70 ./output/obj/memory.o
 .debug_aranges
                0x00001a70       0x60 ./output/obj/opencvLight.o
 .debug_aranges
                0x00001ad0       0x28 ./output/obj/point.o
 .debug_aranges
                0x00001af8       0x20 ./output/obj/thresholdScaleImage.o
 .debug_aranges
                0x00001b18       0x28 ./output/obj/traceBoundary.o
 .debug_aranges
                0x00001b40       0x48 ./output/obj/utilities.o
 .debug_aranges
                0x00001b88       0x78 ./output/obj/visionTests.o

.debug_ranges   0x00000000     0x4f98
 *(.debug_ranges)
 .debug_ranges  0x00000000       0xe0 ./output/obj/DrvCif.o
 .debug_ranges  0x000000e0       0x70 ./output/obj/DrvCpr.o
 .debug_ranges  0x00000150       0x40 ./output/obj/DrvDdr.o
 .debug_ranges  0x00000190      0x338 ./output/obj/DrvGpio.o
 .debug_ranges  0x000004c8       0xf0 ./output/obj/DrvHsdio.o
 .debug_ranges  0x000005b8      0x200 ./output/obj/DrvI2c.o
 .debug_ranges  0x000007b8      0x318 ./output/obj/DrvI2cMaster.o
 .debug_ranges  0x00000ad0       0x68 ./output/obj/DrvI2s.o
 .debug_ranges  0x00000b38       0x58 ./output/obj/DrvIcb.o
 .debug_ranges  0x00000b90       0x80 ./output/obj/DrvL2Cache.o
 .debug_ranges  0x00000c10       0xf0 ./output/obj/DrvLcd.o
 .debug_ranges  0x00000d00       0x30 ./output/obj/DrvPwm.o
 .debug_ranges  0x00000d30       0x38 ./output/obj/DrvRegUtils.o
 .debug_ranges  0x00000d68      0x130 ./output/obj/DrvSpi.o
 .debug_ranges  0x00000e98       0xc0 ./output/obj/DrvSvu.o
 .debug_ranges  0x00000f58      0x138 ./output/obj/DrvSvuDebug.o
 .debug_ranges  0x00001090       0xd0 ./output/obj/DrvTimer.o
 .debug_ranges  0x00001160       0x68 ./output/obj/DrvUart.o
 .debug_ranges  0x000011c8       0x68 ./output/obj/brdMv0153.o
 .debug_ranges  0x00001230       0x60 ./output/obj/brdMv0155.o
 .debug_ranges  0x00001290       0x18 ./output/obj/brdMv0155DCard.o
 .debug_ranges  0x000012a8       0x18 ./output/obj/brdMv0160DCard.o
 .debug_ranges  0x000012c0       0x18 ./output/obj/brdMv0161DCard.o
 .debug_ranges  0x000012d8       0x28 ./output/obj/brdMv0162.o
 .debug_ranges  0x00001300       0x48 ./output/obj/brdMv0163.o
 .debug_ranges  0x00001348       0x18 ./output/obj/brdMv0163DCard.o
 .debug_ranges  0x00001360       0x18 ./output/obj/brdMv0167DCard.o
 .debug_ranges  0x00001378       0x48 ./output/obj/brdMv0171.o
 .debug_ranges  0x000013c0       0x18 ./output/obj/brdMv0171DCard.o
 .debug_ranges  0x000013d8       0x20 ./output/obj/brdMv0172DCard.o
 .debug_ranges  0x000013f8       0x18 ./output/obj/brdMv0174DCard.o
 .debug_ranges  0x00001410       0x20 ./output/obj/brdMv0177DCard.o
 .debug_ranges  0x00001430       0x20 ./output/obj/icEeprom.o
 .debug_ranges  0x00001450       0x98 ./output/obj/icMipiTC358746.o
 .debug_ranges  0x000014e8       0x18 ./output/obj/icPllCDCE913.o
 .debug_ranges  0x00001500       0x30 ./output/obj/icRegulatorLT3906.o
 .debug_ranges  0x00001530       0x18 ./output/obj/memcpy_fast.o
 .debug_ranges  0x00001548       0x18 ./output/obj/memset_fast.o
 .debug_ranges  0x00001560       0x18 ./output/obj/puts.o
 .debug_ranges  0x00001578       0x20 ./output/obj/strtol.o
 .debug_ranges  0x00001598       0x18 ./output/obj/swcCrc.o
 .debug_ranges  0x000015b0       0x20 ./output/obj/swcL2Cache.o
 .debug_ranges  0x000015d0       0x48 ./output/obj/swcLedControl.o
 .debug_ranges  0x00001618       0x30 ./output/obj/swcLeonMath.o
 .debug_ranges  0x00001648       0x98 ./output/obj/swcLeonUtils.o
 .debug_ranges  0x000016e0       0x20 ./output/obj/swcMemoryTransfer.o
 .debug_ranges  0x00001700       0x30 ./output/obj/swcRandom.o
 .debug_ranges  0x00001730       0xc8 ./output/obj/swcShaveLoader.o
 .debug_ranges  0x000017f8       0x80 ./output/obj/swcSliceUtils.o
 .debug_ranges  0x00001878       0x48 ./output/obj/swcTestUtils.o
 .debug_ranges  0x000018c0       0x38 ./output/obj/traps.o
 .debug_ranges  0x000018f8       0x18 ./output/obj/app_config.o
 .debug_ranges  0x00001910       0x28 ./output/obj/main.o
 .debug_ranges  0x00001938      0x1d0 ./output/obj/array2d.o
 .debug_ranges  0x00001b08       0xe0 ./output/obj/array2d_vision.o
 .debug_ranges  0x00001be8      0x250 ./output/obj/binomialFilter.o
 .debug_ranges  0x00001e38      0x8c8 ./output/obj/computeCharacteristicScale.o
 .debug_ranges  0x00002700      0x8c0 ./output/obj/connectedComponents.o
 .debug_ranges  0x00002fc0       0x18 ./output/obj/cppInterface.o
 .debug_ranges  0x00002fd8      0x168 ./output/obj/dataStructures_vision.o
 .debug_ranges  0x00003140      0x270 ./output/obj/detectFiducialMarkers.o
 .debug_ranges  0x000033b0       0x88 ./output/obj/downsampleByFactor.o
 .debug_ranges  0x00003438       0x20 ./output/obj/errorHandling.o
 .debug_ranges  0x00003458      0x120 ./output/obj/memory.o
 .debug_ranges  0x00003578      0xbf8 ./output/obj/opencvLight.o
 .debug_ranges  0x00004170       0x20 ./output/obj/point.o
 .debug_ranges  0x00004190       0x48 ./output/obj/thresholdScaleImage.o
 .debug_ranges  0x000041d8      0x270 ./output/obj/traceBoundary.o
 .debug_ranges  0x00004448       0x40 ./output/obj/utilities.o
 .debug_ranges  0x00004488      0xb10 ./output/obj/visionTests.o

.debug_pubnames
                0x00000000     0x3cb6
 *(.debug_pubnames)
 .debug_pubnames
                0x00000000      0x232 ./output/obj/DrvCif.o
 .debug_pubnames
                0x00000232       0xeb ./output/obj/DrvCpr.o
 .debug_pubnames
                0x0000031d       0x43 ./output/obj/DrvDdr.o
 .debug_pubnames
                0x00000360      0x2df ./output/obj/DrvGpio.o
 .debug_pubnames
                0x0000063f      0x215 ./output/obj/DrvHsdio.o
 .debug_pubnames
                0x00000854      0x377 ./output/obj/DrvI2c.o
 .debug_pubnames
                0x00000bcb       0xe7 ./output/obj/DrvI2cMaster.o
 .debug_pubnames
                0x00000cb2      0x16e ./output/obj/DrvI2s.o
 .debug_pubnames
                0x00000e20       0xcb ./output/obj/DrvIcb.o
 .debug_pubnames
                0x00000eeb      0x164 ./output/obj/DrvL2Cache.o
 .debug_pubnames
                0x0000104f      0x215 ./output/obj/DrvLcd.o
 .debug_pubnames
                0x00001264       0x55 ./output/obj/DrvPwm.o
 .debug_pubnames
                0x000012b9       0x94 ./output/obj/DrvRegUtils.o
 .debug_pubnames
                0x0000134d      0x21d ./output/obj/DrvSpi.o
 .debug_pubnames
                0x0000156a      0x24c ./output/obj/DrvSvu.o
 .debug_pubnames
                0x000017b6      0x2c5 ./output/obj/DrvSvuDebug.o
 .debug_pubnames
                0x00001a7b      0x132 ./output/obj/DrvTimer.o
 .debug_pubnames
                0x00001bad      0x102 ./output/obj/DrvUart.o
 .debug_pubnames
                0x00001caf      0x104 ./output/obj/brdMv0153.o
 .debug_pubnames
                0x00001db3      0x10b ./output/obj/brdMv0155.o
 .debug_pubnames
                0x00001ebe       0x48 ./output/obj/brdMv0155DCard.o
 .debug_pubnames
                0x00001f06       0x48 ./output/obj/brdMv0160DCard.o
 .debug_pubnames
                0x00001f4e       0x48 ./output/obj/brdMv0161DCard.o
 .debug_pubnames
                0x00001f96       0x79 ./output/obj/brdMv0162.o
 .debug_pubnames
                0x0000200f       0xef ./output/obj/brdMv0163.o
 .debug_pubnames
                0x000020fe       0x48 ./output/obj/brdMv0163DCard.o
 .debug_pubnames
                0x00002146       0x4f ./output/obj/brdMv0167DCard.o
 .debug_pubnames
                0x00002195       0xc9 ./output/obj/brdMv0171.o
 .debug_pubnames
                0x0000225e       0x48 ./output/obj/brdMv0171DCard.o
 .debug_pubnames
                0x000022a6       0x85 ./output/obj/brdMv0172DCard.o
 .debug_pubnames
                0x0000232b       0x65 ./output/obj/brdMv0174DCard.o
 .debug_pubnames
                0x00002390       0x99 ./output/obj/brdMv0177DCard.o
 .debug_pubnames
                0x00002429       0x35 ./output/obj/icEeprom.o
 .debug_pubnames
                0x0000245e      0x20b ./output/obj/icMipiTC358746.o
 .debug_pubnames
                0x00002669       0x2c ./output/obj/icPllCDCE913.o
 .debug_pubnames
                0x00002695       0x43 ./output/obj/icRegulatorLT3906.o
 .debug_pubnames
                0x000026d8       0x21 ./output/obj/math_consts.o
 .debug_pubnames
                0x000026f9       0x24 ./output/obj/memcpy_fast.o
 .debug_pubnames
                0x0000271d       0x24 ./output/obj/memset_fast.o
 .debug_pubnames
                0x00002741       0x21 ./output/obj/puts.o
 .debug_pubnames
                0x00002762       0x26 ./output/obj/strtol.o
 .debug_pubnames
                0x00002788       0x23 ./output/obj/swcCrc.o
 .debug_pubnames
                0x000027ab       0x2e ./output/obj/swcL2Cache.o
 .debug_pubnames
                0x000027d9       0x97 ./output/obj/swcLedControl.o
 .debug_pubnames
                0x00002870       0x56 ./output/obj/swcLeonMath.o
 .debug_pubnames
                0x000028c6       0xdc ./output/obj/swcLeonUtils.o
 .debug_pubnames
                0x000029a2       0x37 ./output/obj/swcMemoryTransfer.o
 .debug_pubnames
                0x000029d9       0x68 ./output/obj/swcRandom.o
 .debug_pubnames
                0x00002a41      0x29b ./output/obj/swcShaveLoader.o
 .debug_pubnames
                0x00002cdc      0x184 ./output/obj/swcSliceUtils.o
 .debug_pubnames
                0x00002e60       0xb0 ./output/obj/swcTestUtils.o
 .debug_pubnames
                0x00002f10       0x7a ./output/obj/app_config.o
 .debug_pubnames
                0x00002f8a       0x45 ./output/obj/main.o
 .debug_pubnames
                0x00002fcf       0xd7 ./output/obj/array2d.o
 .debug_pubnames
                0x000030a6       0x9f ./output/obj/array2d_vision.o
 .debug_pubnames
                0x00003145       0x35 ./output/obj/binomialFilter.o
 .debug_pubnames
                0x0000317a       0x7b ./output/obj/computeCharacteristicScale.o
 .debug_pubnames
                0x000031f5      0x121 ./output/obj/connectedComponents.o
 .debug_pubnames
                0x00003316       0x1f ./output/obj/cppInterface.o
 .debug_pubnames
                0x00003335      0x29b ./output/obj/dataStructures_vision.o
 .debug_pubnames
                0x000035d0       0x3c ./output/obj/detectFiducialMarkers.o
 .debug_pubnames
                0x0000360c       0x39 ./output/obj/downsampleByFactor.o
 .debug_pubnames
                0x00003645       0x2f ./output/obj/errorHandling.o
 .debug_pubnames
                0x00003674      0x212 ./output/obj/memory.o
 .debug_pubnames
                0x00003886       0xe7 ./output/obj/opencvLight.o
 .debug_pubnames
                0x0000396d       0x63 ./output/obj/point.o
 .debug_pubnames
                0x000039d0       0x3a ./output/obj/thresholdScaleImage.o
 .debug_pubnames
                0x00003a0a       0x34 ./output/obj/traceBoundary.o
 .debug_pubnames
                0x00003a3e       0xb4 ./output/obj/utilities.o
 .debug_pubnames
                0x00003af2      0x1c4 ./output/obj/visionTests.o

.debug_info     0x00000000    0x2c3c2
 *(.debug_info .gnu.linkonce.wi.*)
 .debug_info    0x00000000      0xb8b ./output/obj/DrvCif.o
 .debug_info    0x00000b8b      0x88e ./output/obj/DrvCpr.o
 .debug_info    0x00001419      0x277 ./output/obj/DrvDdr.o
 .debug_info    0x00001690      0xd33 ./output/obj/DrvGpio.o
 .debug_info    0x000023c3      0xafb ./output/obj/DrvHsdio.o
 .debug_info    0x00002ebe     0x1b24 ./output/obj/DrvI2c.o
 .debug_info    0x000049e2     0x12b3 ./output/obj/DrvI2cMaster.o
 .debug_info    0x00005c95      0x766 ./output/obj/DrvI2s.o
 .debug_info    0x000063fb      0x2a1 ./output/obj/DrvIcb.o
 .debug_info    0x0000669c      0x3b2 ./output/obj/DrvL2Cache.o
 .debug_info    0x00006a4e      0xbff ./output/obj/DrvLcd.o
 .debug_info    0x0000764d      0x2e3 ./output/obj/DrvPwm.o
 .debug_info    0x00007930      0x274 ./output/obj/DrvRegUtils.o
 .debug_info    0x00007ba4      0xcf2 ./output/obj/DrvSpi.o
 .debug_info    0x00008896      0x6b9 ./output/obj/DrvSvu.o
 .debug_info    0x00008f4f      0xc0b ./output/obj/DrvSvuDebug.o
 .debug_info    0x00009b5a      0x73d ./output/obj/DrvTimer.o
 .debug_info    0x0000a297      0x30c ./output/obj/DrvUart.o
 .debug_info    0x0000a5a3        0x0 ./output/obj/DrvVcs.o
 .debug_info    0x0000a5a3      0xae7 ./output/obj/brdMv0153.o
 .debug_info    0x0000b08a      0x7fe ./output/obj/brdMv0155.o
 .debug_info    0x0000b888      0x164 ./output/obj/brdMv0155DCard.o
 .debug_info    0x0000b9ec      0x164 ./output/obj/brdMv0160DCard.o
 .debug_info    0x0000bb50      0x164 ./output/obj/brdMv0161DCard.o
 .debug_info    0x0000bcb4      0x5b6 ./output/obj/brdMv0162.o
 .debug_info    0x0000c26a      0x7ab ./output/obj/brdMv0163.o
 .debug_info    0x0000ca15      0x164 ./output/obj/brdMv0163DCard.o
 .debug_info    0x0000cb79      0x13d ./output/obj/brdMv0167DCard.o
 .debug_info    0x0000ccb6      0x7aa ./output/obj/brdMv0171.o
 .debug_info    0x0000d460      0x164 ./output/obj/brdMv0171DCard.o
 .debug_info    0x0000d5c4      0x20c ./output/obj/brdMv0172DCard.o
 .debug_info    0x0000d7d0      0x470 ./output/obj/brdMv0174DCard.o
 .debug_info    0x0000dc40      0x5a9 ./output/obj/brdMv0177DCard.o
 .debug_info    0x0000e1e9      0x5b8 ./output/obj/icEeprom.o
 .debug_info    0x0000e7a1      0xb8e ./output/obj/icMipiTC358746.o
 .debug_info    0x0000f32f      0x41c ./output/obj/icPllCDCE913.o
 .debug_info    0x0000f74b      0x663 ./output/obj/icRegulatorLT3906.o
 .debug_info    0x0000fdae       0x74 ./output/obj/math_consts.o
 .debug_info    0x0000fe22       0xa5 ./output/obj/memcpy_fast.o
 .debug_info    0x0000fec7       0xf3 ./output/obj/memset_fast.o
 .debug_info    0x0000ffba       0x9e ./output/obj/puts.o
 .debug_info    0x00010058      0x162 ./output/obj/strtol.o
 .debug_info    0x000101ba      0x130 ./output/obj/swcCrc.o
 .debug_info    0x000102ea      0x111 ./output/obj/swcL2Cache.o
 .debug_info    0x000103fb      0x31a ./output/obj/swcLedControl.o
 .debug_info    0x00010715      0x17e ./output/obj/swcLeonMath.o
 .debug_info    0x00010893      0x43e ./output/obj/swcLeonUtils.o
 .debug_info    0x00010cd1      0x120 ./output/obj/swcMemoryTransfer.o
 .debug_info    0x00010df1      0x1f2 ./output/obj/swcRandom.o
 .debug_info    0x00010fe3      0xbb9 ./output/obj/swcShaveLoader.o
 .debug_info    0x00011b9c      0x773 ./output/obj/swcSliceUtils.o
 .debug_info    0x0001230f      0x323 ./output/obj/swcTestUtils.o
 .debug_info    0x00012632       0xbc ./output/obj/asinf_acosf.o
 .debug_info    0x000126ee       0xbe ./output/obj/crt0.o
 .debug_info    0x000127ac       0xc2 ./output/obj/expf_exp2f_exp10f.o
 .debug_info    0x0001286e       0xb7 ./output/obj/frexpf.o
 .debug_info    0x00012925       0xb7 ./output/obj/ldexpf.o
 .debug_info    0x000129dc       0xc2 ./output/obj/logf_log2f_log10f.o
 .debug_info    0x00012a9e       0xb5 ./output/obj/misc.o
 .debug_info    0x00012b53       0xc3 ./output/obj/modff_ceilf_floorf.o
 .debug_info    0x00012c16       0xba ./output/obj/sinf_cosf.o
 .debug_info    0x00012cd0       0xbe ./output/obj/stdio.xprintf.o
 .debug_info    0x00012d8e       0xc5 ./output/obj/string.memchr_strchr.o
 .debug_info    0x00012e53       0xcd ./output/obj/string.memcmp_strncmp_strcmp.o
 .debug_info    0x00012f20       0xc6 ./output/obj/string.memmove_memcpy.o
 .debug_info    0x00012fe6       0xbe ./output/obj/string.memset.o
 .debug_info    0x000130a4       0xc6 ./output/obj/string.strcat_strncat.o
 .debug_info    0x0001316a       0xc6 ./output/obj/string.strcpy_strncpy.o
 .debug_info    0x00013230       0xc6 ./output/obj/string.strcspn_strlen.o
 .debug_info    0x000132f6       0xbf ./output/obj/string.strrchr.o
 .debug_info    0x000133b5       0xbe ./output/obj/string.strspn.o
 .debug_info    0x00013473       0xbe ./output/obj/string.strstr.o
 .debug_info    0x00013531       0xb5 ./output/obj/tanf.o
 .debug_info    0x000135e6       0xbb ./output/obj/traps.o
 .debug_info    0x000136a1      0x283 ./output/obj/app_config.o
 .debug_info    0x00013924      0x211 ./output/obj/main.o
 .debug_info    0x00013b35     0x19e7 ./output/obj/array2d.o
 .debug_info    0x0001551c     0x12d0 ./output/obj/array2d_vision.o
 .debug_info    0x000167ec     0x163d ./output/obj/binomialFilter.o
 .debug_info    0x00017e29     0x2175 ./output/obj/computeCharacteristicScale.o
 .debug_info    0x00019f9e     0x2409 ./output/obj/connectedComponents.o
 .debug_info    0x0001c3a7       0x3c ./output/obj/cppInterface.o
 .debug_info    0x0001c3e3      0xa6b ./output/obj/dataStructures_vision.o
 .debug_info    0x0001ce4e     0x2bf3 ./output/obj/detectFiducialMarkers.o
 .debug_info    0x0001fa41      0xc13 ./output/obj/downsampleByFactor.o
 .debug_info    0x00020654      0x2d0 ./output/obj/errorHandling.o
 .debug_info    0x00020924      0x1ec ./output/obj/fixedLengthList.o
 .debug_info    0x00020b10      0x291 ./output/obj/fixedLengthList_vision.o
 .debug_info    0x00020da1      0x1ec ./output/obj/matlabInterface.o
 .debug_info    0x00020f8d      0x8c9 ./output/obj/memory.o
 .debug_info    0x00021856     0x3af1 ./output/obj/opencvLight.o
 .debug_info    0x00025347      0x484 ./output/obj/point.o
 .debug_info    0x000257cb     0x1076 ./output/obj/thresholdScaleImage.o
 .debug_info    0x00026841     0x16ef ./output/obj/traceBoundary.o
 .debug_info    0x00027f30      0x3d4 ./output/obj/utilities.o
 .debug_info    0x00028304     0x40be ./output/obj/visionTests.o

.debug_abbrev   0x00000000     0x7e37
 *(.debug_abbrev)
 .debug_abbrev  0x00000000      0x181 ./output/obj/DrvCif.o
 .debug_abbrev  0x00000181      0x2a7 ./output/obj/DrvCpr.o
 .debug_abbrev  0x00000428      0x18e ./output/obj/DrvDdr.o
 .debug_abbrev  0x000005b6      0x291 ./output/obj/DrvGpio.o
 .debug_abbrev  0x00000847      0x180 ./output/obj/DrvHsdio.o
 .debug_abbrev  0x000009c7      0x340 ./output/obj/DrvI2c.o
 .debug_abbrev  0x00000d07      0x380 ./output/obj/DrvI2cMaster.o
 .debug_abbrev  0x00001087      0x153 ./output/obj/DrvI2s.o
 .debug_abbrev  0x000011da      0x125 ./output/obj/DrvIcb.o
 .debug_abbrev  0x000012ff      0x1d0 ./output/obj/DrvL2Cache.o
 .debug_abbrev  0x000014cf      0x114 ./output/obj/DrvLcd.o
 .debug_abbrev  0x000015e3      0x10a ./output/obj/DrvPwm.o
 .debug_abbrev  0x000016ed       0xdf ./output/obj/DrvRegUtils.o
 .debug_abbrev  0x000017cc      0x228 ./output/obj/DrvSpi.o
 .debug_abbrev  0x000019f4      0x1cb ./output/obj/DrvSvu.o
 .debug_abbrev  0x00001bbf      0x203 ./output/obj/DrvSvuDebug.o
 .debug_abbrev  0x00001dc2      0x2d3 ./output/obj/DrvTimer.o
 .debug_abbrev  0x00002095      0x14b ./output/obj/DrvUart.o
 .debug_abbrev  0x000021e0        0x1 ./output/obj/DrvVcs.o
 .debug_abbrev  0x000021e1      0x1de ./output/obj/brdMv0153.o
 .debug_abbrev  0x000023bf      0x1e4 ./output/obj/brdMv0155.o
 .debug_abbrev  0x000025a3       0xb4 ./output/obj/brdMv0155DCard.o
 .debug_abbrev  0x00002657       0xb4 ./output/obj/brdMv0160DCard.o
 .debug_abbrev  0x0000270b       0xb4 ./output/obj/brdMv0161DCard.o
 .debug_abbrev  0x000027bf      0x129 ./output/obj/brdMv0162.o
 .debug_abbrev  0x000028e8      0x17c ./output/obj/brdMv0163.o
 .debug_abbrev  0x00002a64       0xb4 ./output/obj/brdMv0163DCard.o
 .debug_abbrev  0x00002b18       0xbb ./output/obj/brdMv0167DCard.o
 .debug_abbrev  0x00002bd3      0x17c ./output/obj/brdMv0171.o
 .debug_abbrev  0x00002d4f       0xb4 ./output/obj/brdMv0171DCard.o
 .debug_abbrev  0x00002e03       0xd2 ./output/obj/brdMv0172DCard.o
 .debug_abbrev  0x00002ed5       0xdd ./output/obj/brdMv0174DCard.o
 .debug_abbrev  0x00002fb2      0x10c ./output/obj/brdMv0177DCard.o
 .debug_abbrev  0x000030be      0x14c ./output/obj/icEeprom.o
 .debug_abbrev  0x0000320a      0x20b ./output/obj/icMipiTC358746.o
 .debug_abbrev  0x00003415      0x12e ./output/obj/icPllCDCE913.o
 .debug_abbrev  0x00003543      0x157 ./output/obj/icRegulatorLT3906.o
 .debug_abbrev  0x0000369a       0x65 ./output/obj/math_consts.o
 .debug_abbrev  0x000036ff       0x7a ./output/obj/memcpy_fast.o
 .debug_abbrev  0x00003779       0xb2 ./output/obj/memset_fast.o
 .debug_abbrev  0x0000382b       0x92 ./output/obj/puts.o
 .debug_abbrev  0x000038bd       0xd1 ./output/obj/strtol.o
 .debug_abbrev  0x0000398e       0xeb ./output/obj/swcCrc.o
 .debug_abbrev  0x00003a79       0xc8 ./output/obj/swcL2Cache.o
 .debug_abbrev  0x00003b41      0x11d ./output/obj/swcLedControl.o
 .debug_abbrev  0x00003c5e       0xd4 ./output/obj/swcLeonMath.o
 .debug_abbrev  0x00003d32      0x14a ./output/obj/swcLeonUtils.o
 .debug_abbrev  0x00003e7c       0xb9 ./output/obj/swcMemoryTransfer.o
 .debug_abbrev  0x00003f35      0x129 ./output/obj/swcRandom.o
 .debug_abbrev  0x0000405e      0x2c6 ./output/obj/swcShaveLoader.o
 .debug_abbrev  0x00004324      0x182 ./output/obj/swcSliceUtils.o
 .debug_abbrev  0x000044a6      0x165 ./output/obj/swcTestUtils.o
 .debug_abbrev  0x0000460b       0x14 ./output/obj/asinf_acosf.o
 .debug_abbrev  0x0000461f       0x14 ./output/obj/crt0.o
 .debug_abbrev  0x00004633       0x14 ./output/obj/expf_exp2f_exp10f.o
 .debug_abbrev  0x00004647       0x14 ./output/obj/frexpf.o
 .debug_abbrev  0x0000465b       0x14 ./output/obj/ldexpf.o
 .debug_abbrev  0x0000466f       0x14 ./output/obj/logf_log2f_log10f.o
 .debug_abbrev  0x00004683       0x14 ./output/obj/misc.o
 .debug_abbrev  0x00004697       0x14 ./output/obj/modff_ceilf_floorf.o
 .debug_abbrev  0x000046ab       0x14 ./output/obj/sinf_cosf.o
 .debug_abbrev  0x000046bf       0x14 ./output/obj/stdio.xprintf.o
 .debug_abbrev  0x000046d3       0x14 ./output/obj/string.memchr_strchr.o
 .debug_abbrev  0x000046e7       0x14 ./output/obj/string.memcmp_strncmp_strcmp.o
 .debug_abbrev  0x000046fb       0x14 ./output/obj/string.memmove_memcpy.o
 .debug_abbrev  0x0000470f       0x14 ./output/obj/string.memset.o
 .debug_abbrev  0x00004723       0x14 ./output/obj/string.strcat_strncat.o
 .debug_abbrev  0x00004737       0x14 ./output/obj/string.strcpy_strncpy.o
 .debug_abbrev  0x0000474b       0x14 ./output/obj/string.strcspn_strlen.o
 .debug_abbrev  0x0000475f       0x14 ./output/obj/string.strrchr.o
 .debug_abbrev  0x00004773       0x14 ./output/obj/string.strspn.o
 .debug_abbrev  0x00004787       0x14 ./output/obj/string.strstr.o
 .debug_abbrev  0x0000479b       0x14 ./output/obj/tanf.o
 .debug_abbrev  0x000047af       0x12 ./output/obj/traps.o
 .debug_abbrev  0x000047c1      0x109 ./output/obj/app_config.o
 .debug_abbrev  0x000048ca      0x149 ./output/obj/main.o
 .debug_abbrev  0x00004a13      0x2e2 ./output/obj/array2d.o
 .debug_abbrev  0x00004cf5      0x309 ./output/obj/array2d_vision.o
 .debug_abbrev  0x00004ffe      0x3bb ./output/obj/binomialFilter.o
 .debug_abbrev  0x000053b9      0x433 ./output/obj/computeCharacteristicScale.o
 .debug_abbrev  0x000057ec      0x498 ./output/obj/connectedComponents.o
 .debug_abbrev  0x00005c84       0x29 ./output/obj/cppInterface.o
 .debug_abbrev  0x00005cad      0x251 ./output/obj/dataStructures_vision.o
 .debug_abbrev  0x00005efe      0x3cd ./output/obj/detectFiducialMarkers.o
 .debug_abbrev  0x000062cb      0x306 ./output/obj/downsampleByFactor.o
 .debug_abbrev  0x000065d1       0xf1 ./output/obj/errorHandling.o
 .debug_abbrev  0x000066c2       0x8f ./output/obj/fixedLengthList.o
 .debug_abbrev  0x00006751       0xa9 ./output/obj/fixedLengthList_vision.o
 .debug_abbrev  0x000067fa       0x8f ./output/obj/matlabInterface.o
 .debug_abbrev  0x00006889      0x283 ./output/obj/memory.o
 .debug_abbrev  0x00006b0c      0x4d3 ./output/obj/opencvLight.o
 .debug_abbrev  0x00006fdf      0x147 ./output/obj/point.o
 .debug_abbrev  0x00007126      0x308 ./output/obj/thresholdScaleImage.o
 .debug_abbrev  0x0000742e      0x3cc ./output/obj/traceBoundary.o
 .debug_abbrev  0x000077fa      0x14a ./output/obj/utilities.o
 .debug_abbrev  0x00007944      0x4f3 ./output/obj/visionTests.o

.debug_line     0x00000000     0xd7c3
 *(.debug_line)
 .debug_line    0x00000000      0x39d ./output/obj/DrvCif.o
 .debug_line    0x0000039d      0x2fc ./output/obj/DrvCpr.o
 .debug_line    0x00000699      0x1fa ./output/obj/DrvDdr.o
 .debug_line    0x00000893      0x5e8 ./output/obj/DrvGpio.o
 .debug_line    0x00000e7b      0x34b ./output/obj/DrvHsdio.o
 .debug_line    0x000011c6      0x8d2 ./output/obj/DrvI2c.o
 .debug_line    0x00001a98      0x536 ./output/obj/DrvI2cMaster.o
 .debug_line    0x00001fce      0x3a5 ./output/obj/DrvI2s.o
 .debug_line    0x00002373      0x1f5 ./output/obj/DrvIcb.o
 .debug_line    0x00002568      0x25a ./output/obj/DrvL2Cache.o
 .debug_line    0x000027c2      0x355 ./output/obj/DrvLcd.o
 .debug_line    0x00002b17      0x1a4 ./output/obj/DrvPwm.o
 .debug_line    0x00002cbb      0x1a9 ./output/obj/DrvRegUtils.o
 .debug_line    0x00002e64      0x558 ./output/obj/DrvSpi.o
 .debug_line    0x000033bc      0x2c0 ./output/obj/DrvSvu.o
 .debug_line    0x0000367c      0x535 ./output/obj/DrvSvuDebug.o
 .debug_line    0x00003bb1      0x398 ./output/obj/DrvTimer.o
 .debug_line    0x00003f49      0x234 ./output/obj/DrvUart.o
 .debug_line    0x0000417d        0x0 ./output/obj/DrvVcs.o
 .debug_line    0x0000417d      0x441 ./output/obj/brdMv0153.o
 .debug_line    0x000045be      0x353 ./output/obj/brdMv0155.o
 .debug_line    0x00004911      0x1e7 ./output/obj/brdMv0155DCard.o
 .debug_line    0x00004af8      0x1e7 ./output/obj/brdMv0160DCard.o
 .debug_line    0x00004cdf      0x1e7 ./output/obj/brdMv0161DCard.o
 .debug_line    0x00004ec6      0x22e ./output/obj/brdMv0162.o
 .debug_line    0x000050f4      0x319 ./output/obj/brdMv0163.o
 .debug_line    0x0000540d      0x1e7 ./output/obj/brdMv0163DCard.o
 .debug_line    0x000055f4      0x1ef ./output/obj/brdMv0167DCard.o
 .debug_line    0x000057e3      0x312 ./output/obj/brdMv0171.o
 .debug_line    0x00005af5      0x1e7 ./output/obj/brdMv0171DCard.o
 .debug_line    0x00005cdc      0x2f0 ./output/obj/brdMv0172DCard.o
 .debug_line    0x00005fcc      0x279 ./output/obj/brdMv0174DCard.o
 .debug_line    0x00006245      0x3d8 ./output/obj/brdMv0177DCard.o
 .debug_line    0x0000661d      0x251 ./output/obj/icEeprom.o
 .debug_line    0x0000686e      0x397 ./output/obj/icMipiTC358746.o
 .debug_line    0x00006c05      0x179 ./output/obj/icPllCDCE913.o
 .debug_line    0x00006d7e      0x274 ./output/obj/icRegulatorLT3906.o
 .debug_line    0x00006ff2       0x76 ./output/obj/math_consts.o
 .debug_line    0x00007068       0xe4 ./output/obj/memcpy_fast.o
 .debug_line    0x0000714c       0xad ./output/obj/memset_fast.o
 .debug_line    0x000071f9       0x82 ./output/obj/puts.o
 .debug_line    0x0000727b       0xbc ./output/obj/strtol.o
 .debug_line    0x00007337      0x13e ./output/obj/swcCrc.o
 .debug_line    0x00007475      0x184 ./output/obj/swcL2Cache.o
 .debug_line    0x000075f9      0x267 ./output/obj/swcLedControl.o
 .debug_line    0x00007860      0x123 ./output/obj/swcLeonMath.o
 .debug_line    0x00007983      0x245 ./output/obj/swcLeonUtils.o
 .debug_line    0x00007bc8      0x108 ./output/obj/swcMemoryTransfer.o
 .debug_line    0x00007cd0      0x19b ./output/obj/swcRandom.o
 .debug_line    0x00007e6b      0x496 ./output/obj/swcShaveLoader.o
 .debug_line    0x00008301      0x24b ./output/obj/swcSliceUtils.o
 .debug_line    0x0000854c      0x286 ./output/obj/swcTestUtils.o
 .debug_line    0x000087d2       0xcc ./output/obj/asinf_acosf.o
 .debug_line    0x0000889e       0xbc ./output/obj/crt0.o
 .debug_line    0x0000895a       0xee ./output/obj/expf_exp2f_exp10f.o
 .debug_line    0x00008a48       0x93 ./output/obj/frexpf.o
 .debug_line    0x00008adb       0xa0 ./output/obj/ldexpf.o
 .debug_line    0x00008b7b       0xe5 ./output/obj/logf_log2f_log10f.o
 .debug_line    0x00008c60       0xdd ./output/obj/misc.o
 .debug_line    0x00008d3d       0xfd ./output/obj/modff_ceilf_floorf.o
 .debug_line    0x00008e3a       0xbe ./output/obj/sinf_cosf.o
 .debug_line    0x00008ef8      0x1d2 ./output/obj/stdio.xprintf.o
 .debug_line    0x000090ca       0xa4 ./output/obj/string.memchr_strchr.o
 .debug_line    0x0000916e       0xac ./output/obj/string.memcmp_strncmp_strcmp.o
 .debug_line    0x0000921a       0xa3 ./output/obj/string.memmove_memcpy.o
 .debug_line    0x000092bd       0x8f ./output/obj/string.memset.o
 .debug_line    0x0000934c       0xa7 ./output/obj/string.strcat_strncat.o
 .debug_line    0x000093f3       0xa6 ./output/obj/string.strcpy_strncpy.o
 .debug_line    0x00009499       0xa5 ./output/obj/string.strcspn_strlen.o
 .debug_line    0x0000953e       0x96 ./output/obj/string.strrchr.o
 .debug_line    0x000095d4       0x99 ./output/obj/string.strspn.o
 .debug_line    0x0000966d       0x9a ./output/obj/string.strstr.o
 .debug_line    0x00009707       0xb6 ./output/obj/tanf.o
 .debug_line    0x000097bd      0x16a ./output/obj/traps.o
 .debug_line    0x00009927      0x19d ./output/obj/app_config.o
 .debug_line    0x00009ac4      0x1db ./output/obj/main.o
 .debug_line    0x00009c9f      0x21e ./output/obj/array2d.o
 .debug_line    0x00009ebd      0x205 ./output/obj/array2d_vision.o
 .debug_line    0x0000a0c2      0x286 ./output/obj/binomialFilter.o
 .debug_line    0x0000a348      0x5bc ./output/obj/computeCharacteristicScale.o
 .debug_line    0x0000a904      0x5db ./output/obj/connectedComponents.o
 .debug_line    0x0000aedf       0x46 ./output/obj/cppInterface.o
 .debug_line    0x0000af25      0x298 ./output/obj/dataStructures_vision.o
 .debug_line    0x0000b1bd      0x2bc ./output/obj/detectFiducialMarkers.o
 .debug_line    0x0000b479      0x1a6 ./output/obj/downsampleByFactor.o
 .debug_line    0x0000b61f      0x122 ./output/obj/errorHandling.o
 .debug_line    0x0000b741       0xc6 ./output/obj/fixedLengthList.o
 .debug_line    0x0000b807      0x111 ./output/obj/fixedLengthList_vision.o
 .debug_line    0x0000b918       0xc6 ./output/obj/matlabInterface.o
 .debug_line    0x0000b9de      0x1af ./output/obj/memory.o
 .debug_line    0x0000bb8d      0xc4d ./output/obj/opencvLight.o
 .debug_line    0x0000c7da      0x11f ./output/obj/point.o
 .debug_line    0x0000c8f9      0x1c0 ./output/obj/thresholdScaleImage.o
 .debug_line    0x0000cab9      0x2f9 ./output/obj/traceBoundary.o
 .debug_line    0x0000cdb2      0x158 ./output/obj/utilities.o
 .debug_line    0x0000cf0a      0x8b9 ./output/obj/visionTests.o

.debug_frame
 *(.debug_frame)

.debug_str      0x00000000     0xce4d
 *(.debug_str)
 .debug_str     0x00000000      0x574 ./output/obj/DrvCif.o
                                0x5b5 (size before relaxing)
 .debug_str     0x00000574      0x4f4 ./output/obj/DrvCpr.o
                                0x753 (size before relaxing)
 .debug_str     0x00000a68      0x166 ./output/obj/DrvDdr.o
                                0x28a (size before relaxing)
 .debug_str     0x00000bce      0x43d ./output/obj/DrvGpio.o
                                0x53c (size before relaxing)
 .debug_str     0x0000100b      0x29c ./output/obj/DrvHsdio.o
                                0x378 (size before relaxing)
 .debug_str     0x000012a7      0x5a5 ./output/obj/DrvI2c.o
                                0x6e2 (size before relaxing)
 .debug_str     0x0000184c      0x9a7 ./output/obj/DrvI2cMaster.o
                                0xc3c (size before relaxing)
 .debug_str     0x000021f3      0x2db ./output/obj/DrvI2s.o
                                0x3bc (size before relaxing)
 .debug_str     0x000024ce      0x116 ./output/obj/DrvIcb.o
                                0x1ff (size before relaxing)
 .debug_str     0x000025e4      0x301 ./output/obj/DrvL2Cache.o
                                0x3d5 (size before relaxing)
 .debug_str     0x000028e5      0x2d2 ./output/obj/DrvLcd.o
                                0x3de (size before relaxing)
 .debug_str     0x00002bb7      0x1db ./output/obj/DrvPwm.o
                                0x2d1 (size before relaxing)
 .debug_str     0x00002d92      0x135 ./output/obj/DrvRegUtils.o
                                0x21d (size before relaxing)
 .debug_str     0x00002ec7      0x313 ./output/obj/DrvSpi.o
                                0x474 (size before relaxing)
 .debug_str     0x000031da      0x30a ./output/obj/DrvSvu.o
                                0x401 (size before relaxing)
 .debug_str     0x000034e4      0x479 ./output/obj/DrvSvuDebug.o
                                0x5ac (size before relaxing)
 .debug_str     0x0000395d      0x35c ./output/obj/DrvTimer.o
                                0x4ad (size before relaxing)
 .debug_str     0x00003cb9      0x188 ./output/obj/DrvUart.o
                                0x2a4 (size before relaxing)
 .debug_str     0x00003e41      0x4ca ./output/obj/brdMv0153.o
                                0xbdf (size before relaxing)
 .debug_str     0x0000430b      0x2c2 ./output/obj/brdMv0155.o
                                0x944 (size before relaxing)
 .debug_str     0x000045cd       0xb1 ./output/obj/brdMv0155DCard.o
                                0x1fb (size before relaxing)
 .debug_str     0x0000467e       0x9e ./output/obj/brdMv0160DCard.o
                                0x1fb (size before relaxing)
 .debug_str     0x0000471c       0x9e ./output/obj/brdMv0161DCard.o
                                0x1fb (size before relaxing)
 .debug_str     0x000047ba      0x116 ./output/obj/brdMv0162.o
                                0x7be (size before relaxing)
 .debug_str     0x000048d0      0x17a ./output/obj/brdMv0163.o
                                0x8ed (size before relaxing)
 .debug_str     0x00004a4a       0x9e ./output/obj/brdMv0163DCard.o
                                0x1fb (size before relaxing)
 .debug_str     0x00004ae8       0xb4 ./output/obj/brdMv0167DCard.o
                                0x1d0 (size before relaxing)
 .debug_str     0x00004b9c      0x17a ./output/obj/brdMv0171.o
                                0x8ed (size before relaxing)
 .debug_str     0x00004d16       0x9e ./output/obj/brdMv0171DCard.o
                                0x1fb (size before relaxing)
 .debug_str     0x00004db4       0xd3 ./output/obj/brdMv0172DCard.o
                                0x27d (size before relaxing)
 .debug_str     0x00004e87       0xb7 ./output/obj/brdMv0174DCard.o
                                0x700 (size before relaxing)
 .debug_str     0x00004f3e      0x119 ./output/obj/brdMv0177DCard.o
                                0x803 (size before relaxing)
 .debug_str     0x00005057      0x151 ./output/obj/icEeprom.o
                                0x73b (size before relaxing)
 .debug_str     0x000051a8      0x323 ./output/obj/icMipiTC358746.o
                                0x9ba (size before relaxing)
 .debug_str     0x000054cb       0xd2 ./output/obj/icPllCDCE913.o
                                0x67d (size before relaxing)
 .debug_str     0x0000559d      0x145 ./output/obj/icRegulatorLT3906.o
                                0x7d9 (size before relaxing)
 .debug_str     0x000056e2       0x61 ./output/obj/math_consts.o
                                 0xb9 (size before relaxing)
 .debug_str     0x00005743       0x73 ./output/obj/memcpy_fast.o
                                0x102 (size before relaxing)
 .debug_str     0x000057b6       0x6a ./output/obj/memset_fast.o
                                0x10a (size before relaxing)
 .debug_str     0x00005820       0x6a ./output/obj/puts.o
                                 0xb4 (size before relaxing)
 .debug_str     0x0000588a       0x77 ./output/obj/strtol.o
                                0x150 (size before relaxing)
 .debug_str     0x00005901       0x9a ./output/obj/swcCrc.o
                                0x171 (size before relaxing)
 .debug_str     0x0000599b       0x98 ./output/obj/swcL2Cache.o
                                0x17a (size before relaxing)
 .debug_str     0x00005a33      0x12e ./output/obj/swcLedControl.o
                                0x25d (size before relaxing)
 .debug_str     0x00005b61       0x97 ./output/obj/swcLeonMath.o
                                0x179 (size before relaxing)
 .debug_str     0x00005bf8      0x141 ./output/obj/swcLeonUtils.o
                                0x24c (size before relaxing)
 .debug_str     0x00005d39       0x85 ./output/obj/swcMemoryTransfer.o
                                0x159 (size before relaxing)
 .debug_str     0x00005dbe      0x115 ./output/obj/swcRandom.o
                                0x1f5 (size before relaxing)
 .debug_str     0x00005ed3      0x77b ./output/obj/swcShaveLoader.o
                                0x8b8 (size before relaxing)
 .debug_str     0x0000664e      0x24a ./output/obj/swcSliceUtils.o
                                0x328 (size before relaxing)
 .debug_str     0x00006898      0x1d1 ./output/obj/swcTestUtils.o
                                0x325 (size before relaxing)
 .debug_str     0x00006a69       0x68 ./output/obj/app_config.o
                                0x352 (size before relaxing)
 .debug_str     0x00006ad1       0x3f ./output/obj/main.o
                                0x219 (size before relaxing)
 .debug_str     0x00006b10     0x19ba ./output/obj/array2d.o
                               0x1af1 (size before relaxing)
 .debug_str     0x000084ca     0x1095 ./output/obj/array2d_vision.o
                               0x1a7f (size before relaxing)
 .debug_str     0x0000955f      0x871 ./output/obj/binomialFilter.o
                               0x18ab (size before relaxing)
 .debug_str     0x00009dd0      0x454 ./output/obj/computeCharacteristicScale.o
                               0x19fb (size before relaxing)
 .debug_str     0x0000a224      0x9e6 ./output/obj/connectedComponents.o
                               0x2246 (size before relaxing)
 .debug_str     0x0000ac0a       0x21 ./output/obj/cppInterface.o
                                 0x68 (size before relaxing)
 .debug_str     0x0000ac2b       0x4e ./output/obj/dataStructures_vision.o
                                0x8e0 (size before relaxing)
 .debug_str     0x0000ac79      0x446 ./output/obj/detectFiducialMarkers.o
                               0x2c0d (size before relaxing)
 .debug_str     0x0000b0bf       0xf7 ./output/obj/downsampleByFactor.o
                               0x111d (size before relaxing)
 .debug_str     0x0000b1b6       0x87 ./output/obj/errorHandling.o
                                0x4d3 (size before relaxing)
 .debug_str     0x0000b23d       0x3d ./output/obj/fixedLengthList.o
                                0x489 (size before relaxing)
 .debug_str     0x0000b27a       0x44 ./output/obj/fixedLengthList_vision.o
                                0x6d8 (size before relaxing)
 .debug_str     0x0000b2be       0x3d ./output/obj/matlabInterface.o
                                0x489 (size before relaxing)
 .debug_str     0x0000b2fb      0x158 ./output/obj/memory.o
                                0x8d0 (size before relaxing)
 .debug_str     0x0000b453      0xd1b ./output/obj/opencvLight.o
                               0x201d (size before relaxing)
 .debug_str     0x0000c16e       0xef ./output/obj/point.o
                                0x633 (size before relaxing)
 .debug_str     0x0000c25d       0xc2 ./output/obj/thresholdScaleImage.o
                               0x15af (size before relaxing)
 .debug_str     0x0000c31f      0x530 ./output/obj/traceBoundary.o
                               0x1b2a (size before relaxing)
 .debug_str     0x0000c84f      0x107 ./output/obj/utilities.o
                                0x565 (size before relaxing)
 .debug_str     0x0000c956      0x4f7 ./output/obj/visionTests.o
                               0x2ec5 (size before relaxing)

.debug_loc      0x00000000     0xfd87
 *(.debug_loc)
 .debug_loc     0x00000000      0x435 ./output/obj/DrvCif.o
 .debug_loc     0x00000435      0x575 ./output/obj/DrvCpr.o
 .debug_loc     0x000009aa      0x12c ./output/obj/DrvDdr.o
 .debug_loc     0x00000ad6      0x754 ./output/obj/DrvGpio.o
 .debug_loc     0x0000122a      0x604 ./output/obj/DrvHsdio.o
 .debug_loc     0x0000182e     0x1506 ./output/obj/DrvI2c.o
 .debug_loc     0x00002d34      0xb41 ./output/obj/DrvI2cMaster.o
 .debug_loc     0x00003875      0x2a3 ./output/obj/DrvI2s.o
 .debug_loc     0x00003b18      0x139 ./output/obj/DrvIcb.o
 .debug_loc     0x00003c51       0xe2 ./output/obj/DrvL2Cache.o
 .debug_loc     0x00003d33      0x3da ./output/obj/DrvLcd.o
 .debug_loc     0x0000410d      0x14c ./output/obj/DrvPwm.o
 .debug_loc     0x00004259      0x178 ./output/obj/DrvRegUtils.o
 .debug_loc     0x000043d1      0xb70 ./output/obj/DrvSpi.o
 .debug_loc     0x00004f41      0x348 ./output/obj/DrvSvu.o
 .debug_loc     0x00005289      0x810 ./output/obj/DrvSvuDebug.o
 .debug_loc     0x00005a99      0x395 ./output/obj/DrvTimer.o
 .debug_loc     0x00005e2e      0x188 ./output/obj/DrvUart.o
 .debug_loc     0x00005fb6      0x30f ./output/obj/brdMv0153.o
 .debug_loc     0x000062c5      0x2e7 ./output/obj/brdMv0155.o
 .debug_loc     0x000065ac       0x1e ./output/obj/brdMv0155DCard.o
 .debug_loc     0x000065ca       0x1e ./output/obj/brdMv0160DCard.o
 .debug_loc     0x000065e8       0x1e ./output/obj/brdMv0161DCard.o
 .debug_loc     0x00006606      0x124 ./output/obj/brdMv0162.o
 .debug_loc     0x0000672a      0x282 ./output/obj/brdMv0163.o
 .debug_loc     0x000069ac       0x1e ./output/obj/brdMv0163DCard.o
 .debug_loc     0x000069ca       0x1e ./output/obj/brdMv0167DCard.o
 .debug_loc     0x000069e8      0x282 ./output/obj/brdMv0171.o
 .debug_loc     0x00006c6a       0x1e ./output/obj/brdMv0171DCard.o
 .debug_loc     0x00006c88       0x3c ./output/obj/brdMv0172DCard.o
 .debug_loc     0x00006cc4       0x1e ./output/obj/brdMv0174DCard.o
 .debug_loc     0x00006ce2       0x4f ./output/obj/brdMv0177DCard.o
 .debug_loc     0x00006d31      0x3a1 ./output/obj/icEeprom.o
 .debug_loc     0x000070d2      0x5f5 ./output/obj/icMipiTC358746.o
 .debug_loc     0x000076c7       0x4f ./output/obj/icPllCDCE913.o
 .debug_loc     0x00007716       0xdd ./output/obj/icRegulatorLT3906.o
 .debug_loc     0x000077f3       0xf1 ./output/obj/memcpy_fast.o
 .debug_loc     0x000078e4       0x86 ./output/obj/memset_fast.o
 .debug_loc     0x0000796a       0x4f ./output/obj/puts.o
 .debug_loc     0x000079b9      0x15e ./output/obj/strtol.o
 .debug_loc     0x00007b17       0x4f ./output/obj/swcCrc.o
 .debug_loc     0x00007b66       0x1e ./output/obj/swcL2Cache.o
 .debug_loc     0x00007b84      0x287 ./output/obj/swcLedControl.o
 .debug_loc     0x00007e0b       0xca ./output/obj/swcLeonMath.o
 .debug_loc     0x00007ed5      0x3b9 ./output/obj/swcLeonUtils.o
 .debug_loc     0x0000828e       0x6d ./output/obj/swcMemoryTransfer.o
 .debug_loc     0x000082fb      0x175 ./output/obj/swcRandom.o
 .debug_loc     0x00008470      0x43e ./output/obj/swcShaveLoader.o
 .debug_loc     0x000088ae      0x559 ./output/obj/swcSliceUtils.o
 .debug_loc     0x00008e07      0x14a ./output/obj/swcTestUtils.o
 .debug_loc     0x00008f51       0x31 ./output/obj/app_config.o
 .debug_loc     0x00008f82       0x5a ./output/obj/main.o
 .debug_loc     0x00008fdc      0x459 ./output/obj/array2d.o
 .debug_loc     0x00009435      0x248 ./output/obj/array2d_vision.o
 .debug_loc     0x0000967d      0x209 ./output/obj/binomialFilter.o
 .debug_loc     0x00009886      0x6c9 ./output/obj/computeCharacteristicScale.o
 .debug_loc     0x00009f4f      0x8bf ./output/obj/connectedComponents.o
 .debug_loc     0x0000a80e       0x5a ./output/obj/dataStructures_vision.o
 .debug_loc     0x0000a868      0x1c2 ./output/obj/detectFiducialMarkers.o
 .debug_loc     0x0000aa2a       0x80 ./output/obj/downsampleByFactor.o
 .debug_loc     0x0000aaaa       0x8e ./output/obj/errorHandling.o
 .debug_loc     0x0000ab38      0x1bf ./output/obj/memory.o
 .debug_loc     0x0000acf7     0x4247 ./output/obj/opencvLight.o
 .debug_loc     0x0000ef3e       0x3c ./output/obj/point.o
 .debug_loc     0x0000ef7a       0x44 ./output/obj/thresholdScaleImage.o
 .debug_loc     0x0000efbe      0x2bd ./output/obj/traceBoundary.o
 .debug_loc     0x0000f27b      0x1c5 ./output/obj/utilities.o
 .debug_loc     0x0000f440      0x947 ./output/obj/visionTests.o

.debug_macinfo
 *(.debug_macinfo)

.debug_weaknames
 *(.debug_weaknames)

.debug_funcnames
 *(.debug_funcnames)

.debug_typenames
 *(.debug_typenames)

.debug_varnames
 *(.debug_varnames)
                0x00000000                . = 0x0

.stuff          0x00000000        0x0
 *(*)
 .rela.text.DrvCifSetMclkFrequency
                0x00000000        0x0 ./output/obj/DrvCif.o
 .rela.text.DrvCifReset
                0x00000000        0x0 ./output/obj/DrvCif.o
 .rela.text.DrvCifInit
                0x00000000        0x0 ./output/obj/DrvCif.o
 .rela.text.calculateSystemClockKhz
                0x00000000        0x0 ./output/obj/DrvCif.o
 .rela.text.DrvCprGetClockFreqKhz
                0x00000000        0x0 ./output/obj/DrvCif.o
 .rela.text.notifySystemClockChange
                0x00000000        0x0 ./output/obj/DrvCif.o
 .rela.text.DrvCprSysDeviceAction
                0x00000000        0x0 ./output/obj/DrvCif.o
 .rela.text.DrvCprInit
                0x00000000        0x0 ./output/obj/DrvCif.o
 .rela.text.setupSystemClk
                0x00000000        0x0 ./output/obj/DrvCif.o
 .rela.text.DrvCprSetupClocks
                0x00000000        0x0 ./output/obj/DrvCif.o
 .rela.text.DrvDdrInitialise
                0x00000000        0x0 ./output/obj/DrvCif.o
 .rela.text.GpioPadSetArrayVal
                0x00000000        0x0 ./output/obj/DrvCif.o
 .rela.text.GpioPadSetArrayArray
                0x00000000        0x0 ./output/obj/DrvCif.o
 .rela.text.DrvGpioInitialiseRange
                0x00000000        0x0 ./output/obj/DrvCif.o
 .rela.text.DrvGpioIrqConfig
                0x00000000        0x0 ./output/obj/DrvCif.o
 .rela.text.SleepTicks
                0x00000000        0x0 ./output/obj/DrvCif.o
 .rela.text.txAbrtIsr
                0x00000000        0x0 ./output/obj/DrvCif.o
 .rela.text.rdReqIsr
                0x00000000        0x0 ./output/obj/DrvCif.o
 .rela.text.drvIicBulkRead
                0x00000000        0x0 ./output/obj/DrvCif.o
 .rela.text.drvIicBulkWrite
                0x00000000        0x0 ./output/obj/DrvCif.o
 .rela.text.i2cmWaitForStatus
                0x00000000        0x0 ./output/obj/DrvCif.o
 .rela.text.DrvI2cMInit
                0x00000000        0x0 ./output/obj/DrvCif.o
 .rela.text.DrvIcbSetIrqHandler
                0x00000000        0x0 ./output/obj/DrvCif.o
 .rela.text.DrvIcbConfigureIrq
                0x00000000        0x0 ./output/obj/DrvCif.o
 .rela.text.DrvIcbSetupIrq
                0x00000000        0x0 ./output/obj/DrvCif.o
 .rela.text.DrvL2CacheSetWinPartId
                0x00000000        0x0 ./output/obj/DrvCif.o
 .rela.text.DrvLcdDummyInit
                0x00000000        0x0 ./output/obj/DrvCif.o
 .rela.text.DrvPwmEnable
                0x00000000        0x0 ./output/obj/DrvCif.o
 .rela.text.DrvPwmConfigure
                0x00000000        0x0 ./output/obj/DrvCif.o
 .rela.text.DrvRegWaitForBitsClearAll
                0x00000000        0x0 ./output/obj/DrvCif.o
 .rela.text.DrvRegWaitForBitsSetAll
                0x00000000        0x0 ./output/obj/DrvCif.o
 .rela.text.DrvRegWaitForBitsSetAny
                0x00000000        0x0 ./output/obj/DrvCif.o
 .rela.text.DrvSpiSlave
                0x00000000        0x0 ./output/obj/DrvCif.o
 .rela.text.dcuDumpInstructionHistory
                0x00000000        0x0 ./output/obj/DrvCif.o
 .rela.text.dcuDumpIDCFifoContents
                0x00000000        0x0 ./output/obj/DrvCif.o
 .rela.text.getFreeTimer
                0x00000000        0x0 ./output/obj/DrvCif.o
 .rela.text.timerCallAfterMicro
                0x00000000        0x0 ./output/obj/DrvCif.o
 .rela.text.DrvTimerCallAfterMicro
                0x00000000        0x0 ./output/obj/DrvCif.o
 .rela.text.DrvTimerIncrementAfterMicro
                0x00000000        0x0 ./output/obj/DrvCif.o
 .rela.text.DrvTimerGetSysTicks64
                0x00000000        0x0 ./output/obj/DrvCif.o
 .rela.text.DrvTimerUptimeMs
                0x00000000        0x0 ./output/obj/DrvCif.o
 .rela.text.DrvTimerInit
                0x00000000        0x0 ./output/obj/DrvCif.o
 .rela.text.brd153GetPcbRevison
                0x00000000        0x0 ./output/obj/DrvCif.o
 .rela.text.commonI2CErrorHandler
                0x00000000        0x0 ./output/obj/DrvCif.o
 .rela.text.brd153GetHdmiCecGpioNum
                0x00000000        0x0 ./output/obj/DrvCif.o
 .rela.text.brd153CfgDaughterCardVoltages
                0x00000000        0x0 ./output/obj/DrvCif.o
 .rela.text.brd153ExternalPllConfigure
                0x00000000        0x0 ./output/obj/DrvCif.o
 .rela.text.brd153InitialiseLeds
                0x00000000        0x0 ./output/obj/DrvCif.o
 .rela.text.brd155ReasignMipiBridgesI2cModule
                0x00000000        0x0 ./output/obj/DrvCif.o
 .rela.text.brd155InitialiseMipiBridges
                0x00000000        0x0 ./output/obj/DrvCif.o
 .rela.text.brdMv0155DcStartupVoltages
                0x00000000        0x0 ./output/obj/DrvCif.o
 .rela.text.brdMv0160DcStartupVoltages
                0x00000000        0x0 ./output/obj/DrvCif.o
 .rela.text.brdMv0161DcStartupVoltages
                0x00000000        0x0 ./output/obj/DrvCif.o
 .rela.text.brd162InitialiseMipiBridges
                0x00000000        0x0 ./output/obj/DrvCif.o
 .rela.text.brd163ReasignMipiBridgesI2cModule
                0x00000000        0x0 ./output/obj/DrvCif.o
 .rela.text.brd163InitialiseMipiBridges
                0x00000000        0x0 ./output/obj/DrvCif.o
 .rela.text.brdMv0163DcStartupVoltages
                0x00000000        0x0 ./output/obj/DrvCif.o
 .rela.text.brd171ReasignMipiBridgesI2cModule
                0x00000000        0x0 ./output/obj/DrvCif.o
 .rela.text.brd171InitialiseMipiBridges
                0x00000000        0x0 ./output/obj/DrvCif.o
 .rela.text.brdMv0171DcStartupVoltages
                0x00000000        0x0 ./output/obj/DrvCif.o
 .rela.text.brdMv0172DcStartupVoltages
                0x00000000        0x0 ./output/obj/DrvCif.o
 .rela.text.brdMv0177DcStartupVoltages
                0x00000000        0x0 ./output/obj/DrvCif.o
 .rela.text.brdMv0153ForMv0177Initialise
                0x00000000        0x0 ./output/obj/DrvCif.o
 .rela.text.setReg
                0x00000000        0x0 ./output/obj/DrvCif.o
 .rela.text.icTC358746AssignI2c
                0x00000000        0x0 ./output/obj/DrvCif.o
 .rela.text.icTC358746UpdateSingleRegFields
                0x00000000        0x0 ./output/obj/DrvCif.o
 .rela.text.icTC358746CheckMultipleRegFields
                0x00000000        0x0 ./output/obj/DrvCif.o
 .rela.text.icTC358746CheckRegs
                0x00000000        0x0 ./output/obj/DrvCif.o
 .rela.text.icTC358746GetRegs
                0x00000000        0x0 ./output/obj/DrvCif.o
 .rela.text.icTC358746SetRegs
                0x00000000        0x0 ./output/obj/DrvCif.o
 .rela.text.icPllCDCE913Configure
                0x00000000        0x0 ./output/obj/DrvCif.o
 .rela.text.swcCalcCrc32
                0x00000000        0x0 ./output/obj/DrvCif.o
 .rela.text.swcU32memsetU32
                0x00000000        0x0 ./output/obj/DrvCif.o
 .rela.text.swcU32memcpy
                0x00000000        0x0 ./output/obj/DrvCif.o
 .rela.text.swcRandBufferOp
                0x00000000        0x0 ./output/obj/DrvCif.o
 .rela.text.swcSetShaveWindow
                0x00000000        0x0 ./output/obj/DrvCif.o
 .rela.text.swcGetWinRegsShave
                0x00000000        0x0 ./output/obj/DrvCif.o
 .rela.text.swcSetRegsCC
                0x00000000        0x0 ./output/obj/DrvCif.o
 .rela.text.swcStartShaveAsync
                0x00000000        0x0 ./output/obj/DrvCif.o
 .rela.winregs.S0
                0x00000000        0x0 ./output/obj/DrvCif.o
 .rela.winregs.S1
                0x00000000        0x0 ./output/obj/DrvCif.o
 .rela.winregs.S2
                0x00000000        0x0 ./output/obj/DrvCif.o
 .rela.winregs.S3
                0x00000000        0x0 ./output/obj/DrvCif.o
 .rela.winregs.S4
                0x00000000        0x0 ./output/obj/DrvCif.o
 .rela.winregs.S5
                0x00000000        0x0 ./output/obj/DrvCif.o
 .rela.winregs.S6
                0x00000000        0x0 ./output/obj/DrvCif.o
 .rela.winregs.S7
                0x00000000        0x0 ./output/obj/DrvCif.o
 .rela.text.swcShaveProfPrint
                0x00000000        0x0 ./output/obj/DrvCif.o
 .rela.sys.text.start
                0x00000000        0x0 ./output/obj/DrvCif.o
 .rela.text     0x00000000        0x0 ./output/obj/DrvCif.o
 .rela.text.main
                0x00000000        0x0 ./output/obj/DrvCif.o
 .rela.eh_frame
                0x00000000        0x0 ./output/obj/DrvCif.o
 .rela.text._ZNK4Anki8Embedded5ArrayINS0_14FiducialMarkerEE5PrintEPKciiii
                0x00000000        0x0 ./output/obj/DrvCif.o
 .rela.text._ZNK4Anki8Embedded5ArrayINS0_25ConnectedComponentSegmentEE5PrintEPKciiii
                0x00000000        0x0 ./output/obj/DrvCif.o
 .rela.ddr_direct.text
                0x00000000        0x0 ./output/obj/DrvCif.o
 .rela.text._ZN4Anki8Embedded5ArrayIhE10InitializeEiiPvib
                0x00000000        0x0 ./output/obj/DrvCif.o
 .rela.text.T.76
                0x00000000        0x0 ./output/obj/DrvCif.o
 .rela.text.runTests
                0x00000000        0x0 ./output/obj/DrvCif.o
 .rela.text._ZN4Anki8Embedded5ArrayIdE10InitializeEiiPvib
                0x00000000        0x0 ./output/obj/DrvCif.o
 .rela.text.T.147
                0x00000000        0x0 ./output/obj/DrvCif.o
 .rela.text._ZN4Anki8Embedded5RoundEd
                0x00000000        0x0 ./output/obj/DrvCif.o
 .rela.text._ZN4Anki8Embedded5RoundEf
                0x00000000        0x0 ./output/obj/DrvCif.o
                0x00000001                ASSERT ((. == 0x0), .stuff section caught data! This means your application has sections placed nowhere which may be fatal!)
LOAD ./output/obj/DrvCif.o
LOAD ./output/obj/DrvCpr.o
LOAD ./output/obj/DrvDdr.o
LOAD ./output/obj/DrvGpio.o
LOAD ./output/obj/DrvHsdio.o
LOAD ./output/obj/DrvI2c.o
LOAD ./output/obj/DrvI2cMaster.o
LOAD ./output/obj/DrvI2s.o
LOAD ./output/obj/DrvIcb.o
LOAD ./output/obj/DrvL2Cache.o
LOAD ./output/obj/DrvLcd.o
LOAD ./output/obj/DrvPwm.o
LOAD ./output/obj/DrvRegUtils.o
LOAD ./output/obj/DrvSpi.o
LOAD ./output/obj/DrvSvu.o
LOAD ./output/obj/DrvSvuDebug.o
LOAD ./output/obj/DrvTimer.o
LOAD ./output/obj/DrvUart.o
LOAD ./output/obj/DrvVcs.o
LOAD ./output/obj/brdMv0153.o
LOAD ./output/obj/brdMv0155.o
LOAD ./output/obj/brdMv0155DCard.o
LOAD ./output/obj/brdMv0160DCard.o
LOAD ./output/obj/brdMv0161DCard.o
LOAD ./output/obj/brdMv0162.o
LOAD ./output/obj/brdMv0163.o
LOAD ./output/obj/brdMv0163DCard.o
LOAD ./output/obj/brdMv0167DCard.o
LOAD ./output/obj/brdMv0171.o
LOAD ./output/obj/brdMv0171DCard.o
LOAD ./output/obj/brdMv0172DCard.o
LOAD ./output/obj/brdMv0174DCard.o
LOAD ./output/obj/brdMv0177DCard.o
LOAD ./output/obj/icEeprom.o
LOAD ./output/obj/icMipiTC358746.o
LOAD ./output/obj/icPllCDCE913.o
LOAD ./output/obj/icRegulatorLT3906.o
LOAD ./output/obj/math_consts.o
LOAD ./output/obj/memcpy_fast.o
LOAD ./output/obj/memset_fast.o
LOAD ./output/obj/puts.o
LOAD ./output/obj/strtol.o
LOAD ./output/obj/swcCrc.o
LOAD ./output/obj/swcL2Cache.o
LOAD ./output/obj/swcLedControl.o
LOAD ./output/obj/swcLeonMath.o
LOAD ./output/obj/swcLeonUtils.o
LOAD ./output/obj/swcMemoryTransfer.o
LOAD ./output/obj/swcRandom.o
LOAD ./output/obj/swcShaveLoader.o
LOAD ./output/obj/swcSliceUtils.o
LOAD ./output/obj/swcTestUtils.o
LOAD ./output/obj/asinf_acosf.o
LOAD ./output/obj/crt0.o
LOAD ./output/obj/expf_exp2f_exp10f.o
LOAD ./output/obj/frexpf.o
LOAD ./output/obj/ldexpf.o
LOAD ./output/obj/logf_log2f_log10f.o
LOAD ./output/obj/memmap.o
LOAD ./output/obj/misc.o
LOAD ./output/obj/modff_ceilf_floorf.o
LOAD ./output/obj/mp_rom.o
LOAD ./output/obj/sinf_cosf.o
LOAD ./output/obj/stdio.xprintf.o
LOAD ./output/obj/string.memchr_strchr.o
LOAD ./output/obj/string.memcmp_strncmp_strcmp.o
LOAD ./output/obj/string.memmove_memcpy.o
LOAD ./output/obj/string.memset.o
LOAD ./output/obj/string.strcat_strncat.o
LOAD ./output/obj/string.strcpy_strncpy.o
LOAD ./output/obj/string.strcspn_strlen.o
LOAD ./output/obj/string.strrchr.o
LOAD ./output/obj/string.strspn.o
LOAD ./output/obj/string.strstr.o
LOAD ./output/obj/sysbss.o
LOAD ./output/obj/tanf.o
LOAD ./output/obj/traps.o
LOAD ./output/obj/app_config.o
LOAD ./output/obj/main.o
LOAD ./output/obj/array2d.o
LOAD ./output/obj/array2d_vision.o
LOAD ./output/obj/binomialFilter.o
LOAD ./output/obj/computeCharacteristicScale.o
LOAD ./output/obj/connectedComponents.o
LOAD ./output/obj/cppInterface.o
LOAD ./output/obj/dataStructures_vision.o
LOAD ./output/obj/detectFiducialMarkers.o
LOAD ./output/obj/downsampleByFactor.o
LOAD ./output/obj/errorHandling.o
LOAD ./output/obj/fixedLengthList.o
LOAD ./output/obj/fixedLengthList_vision.o
LOAD ./output/obj/matlabInterface.o
LOAD ./output/obj/memory.o
LOAD ./output/obj/opencvLight.o
LOAD ./output/obj/point.o
LOAD ./output/obj/thresholdScaleImage.o
LOAD ./output/obj/traceBoundary.o
LOAD ./output/obj/utilities.o
LOAD ./output/obj/visionTests.o
LOAD ./output/obj/shave_common.sym.o
OUTPUT(output/coretech-vision-unit-tests_leon.elf elf32-sparc)